Archive member included because of file (symbol)

/home/pcl2483/pedro/jadesoft/util/mcgen/Plib/libmc105j.a(jtconv.o)
                              mcjt63_105j.o (jtconv_)
/home/pcl2483/pedro/jadesoft/util/mcgen/Plib/libmc105j.a(mcgetf.o)
                              mcjt63_105j.o (mcgetf_)
/home/pcl2483/pedro/jadesoft/util/mcgen/Plib/libmc105j.a(mcgeth.o)
                              mcjt63_105j.o (mcgeth_)
/home/pcl2483/pedro/jadesoft/util/mcgen/Plib/libmc105j.a(mcgetp.o)
                              mcjt63_105j.o (mcgetp_)
/home/pcl2483/pedro/jadesoft/util/mcgen/Plib/libmc105j.a(mcinit.o)
                              mcjt63_105j.o (mcinit_)
/home/pcl2483/pedro/jadesoft/util/mcgen/Plib/libmc105j.a(mcst63.o)
                              mcjt63_105j.o (mcst63_)
/home/pcl2483/pedro/jadesoft/util/mcgen/Plib/libmc105j.a(mcwrit.o)
                              mcjt63_105j.o (mcwrit_)
/home/pcl2483/pedro/jadesoft/util/mcgen/Plib/libmc105j.a(pxeecb.o)
                              mcjt63_105j.o (pxeecb_)
/home/pcl2483/pedro/jadesoft/util/mcgen/Plib/libmc105j.a(pxjpd2.o)
                              /home/pcl2483/pedro/jadesoft/util/mcgen/Plib/libmc105j.a(mcst63.o) (pxjpd2_)
/home/pcl2483/pedro/jadesoft/util/mcgen/Plib/libmc105j.a(evwrtj.o)
                              /home/pcl2483/pedro/jadesoft/util/mcgen/Plib/libmc105j.a(mcwrit.o) (evwrtj_)
/home/pcl2483/pedro/jadesoft/util/mcgen/Plib/libmc105j.a(incprd.o)
                              /home/pcl2483/pedro/jadesoft/util/mcgen/Plib/libmc105j.a(evwrtj.o) (incprd_)
/home/pcl2483/pedro/jadesoft/util/mcgen/Plib/libmc105j.a(jadeco.o)
                              /home/pcl2483/pedro/jadesoft/util/mcgen/Plib/libmc105j.a(evwrtj.o) (jadeco_)
/home/pcl2483/pedro/jadesoft/util/mcgen/Plib/libmc105j.a(mcrnst.o)
                              /home/pcl2483/pedro/jadesoft/util/mcgen/Plib/libmc105j.a(mcwrit.o) (mcrnst_)
/home/pcl2483/pedro/jadesoft/util/mcgen/Plib/libmc105j.a(ntcprd.o)
                              /home/pcl2483/pedro/jadesoft/util/mcgen/Plib/libmc105j.a(evwrtj.o) (ntcprd_)
/home/pcl2483/pedro/jadesoft/util/mcgen/Plib/libmc105j.a(prcprd.o)
                              /home/pcl2483/pedro/jadesoft/util/mcgen/Plib/libmc105j.a(evwrtj.o) (prcprd_)
/home/pcl2483/pedro/jadesoft/util/mcgen/Plib/libmc105j.a(wrcprd.o)
                              /home/pcl2483/pedro/jadesoft/util/mcgen/Plib/libmc105j.a(evwrtj.o) (wrcprd_)
/home/pcl2483/pedro/jadesoft/util/mcgen/Plib/libjt63jade.a(jt63ja.o)
                              mcjt63_105j.o (jt63ja_)
/home/pcl2483/pedro/jadesoft/util/mcgen/Plib/libjt63jade.a(luchge.o)
                              /home/pcl2483/pedro/jadesoft/util/mcgen/Plib/libmc105j.a(mcgeth.o) (luchge_)
/home/pcl2483/pedro/jadesoft/util/mcgen/Plib/libjt63jade.a(lucomp.o)
                              /home/pcl2483/pedro/jadesoft/util/mcgen/Plib/libmc105j.a(mcgeth.o) (lucomp_)
/home/pcl2483/pedro/jadesoft/util/mcgen/Plib/libjt63jade.a(luda63.o)
                              mcjt63_105j.o (gudatr_)
/home/pcl2483/pedro/jadesoft/util/mcgen/Plib/libjt63jade.a(luedat.o)
                              mcjt63_105j.o (ludate_)
/home/pcl2483/pedro/jadesoft/util/mcgen/Plib/libjt63jade.a(luedit.o)
                              mcjt63_105j.o (luedit_)
/home/pcl2483/pedro/jadesoft/util/mcgen/Plib/libjt63jade.a(lueevt.o)
                              mcjt63_105j.o (lueevt_)
/home/pcl2483/pedro/jadesoft/util/mcgen/Plib/libjt63jade.a(luesta.o)
                              /home/pcl2483/pedro/jadesoft/util/mcgen/Plib/libjt63jade.a(lueevt.o) (luesta_)
/home/pcl2483/pedro/jadesoft/util/mcgen/Plib/libjt63jade.a(luexec.o)
                              /home/pcl2483/pedro/jadesoft/util/mcgen/Plib/libjt63jade.a(lueevt.o) (luexec_)
/home/pcl2483/pedro/jadesoft/util/mcgen/Plib/libjt63jade.a(luhdat.o)
                              (luhdat_)
/home/pcl2483/pedro/jadesoft/util/mcgen/Plib/libjt63jade.a(luiflv.o)
                              /home/pcl2483/pedro/jadesoft/util/mcgen/Plib/libjt63jade.a(luchge.o) (luiflv_)
/home/pcl2483/pedro/jadesoft/util/mcgen/Plib/libjt63jade.a(lulist.o)
                              mcjt63_105j.o (lulist_)
/home/pcl2483/pedro/jadesoft/util/mcgen/Plib/libjt63jade.a(luname.o)
                              /home/pcl2483/pedro/jadesoft/util/mcgen/Plib/libmc105j.a(jtconv.o) (luname_)
/home/pcl2483/pedro/jadesoft/util/mcgen/Plib/libjt63jade.a(luonej.o)
                              /home/pcl2483/pedro/jadesoft/util/mcgen/Plib/libjt63jade.a(luexec.o) (luonej_)
/home/pcl2483/pedro/jadesoft/util/mcgen/Plib/libjt63jade.a(lupart.o)
                              /home/pcl2483/pedro/jadesoft/util/mcgen/Plib/libjt63jade.a(lueevt.o) (lupart_)
/home/pcl2483/pedro/jadesoft/util/mcgen/Plib/libjt63jade.a(luprep.o)
                              /home/pcl2483/pedro/jadesoft/util/mcgen/Plib/libjt63jade.a(lueevt.o) (luprep_)
/home/pcl2483/pedro/jadesoft/util/mcgen/Plib/libjt63jade.a(luptdi.o)
[...]
Memory Configuration

Name             Origin             Length             Attributes
*default*        0x00000000         0xffffffff

Linker script and memory map

LOAD /usr/lib/crt1.o
LOAD /usr/lib/crti.o
LOAD /usr/lib/gcc-lib/i686-pc-linux-gnu/2.95.3/crtbegin.o
LOAD mcjt63_105j.o
LOAD /home/pcl2483/pedro/jadesoft/util/mcgen/Plib/libmc105j.a
LOAD /home/pcl2483/pedro/jadesoft/util/mcgen/Plib/libjt63jade.a
LOAD /home/pcl2483/pedro/jadesoft/util/mcgen/Plib/libckern105.a
LOAD /home/pcl2483/pedro/jadesoft/util/mcgen/Plib/libpx114.a
LOAD /cern/99/lib/libgraflib.a
LOAD /cern/99/lib/libgrafX11.a
LOAD /cern/99/lib/libpacklib.a
LOAD /cern/99/lib/libmathlib.a
LOAD /cern/99/lib/libkernlib.a
LOAD /lib/libnsl.so.1
LOAD /usr/lib/libc.so
START GROUP
LOAD /lib/libc.so.6
LOAD /usr/lib/libc_nonshared.a
END GROUP
LOAD /usr/lib/gcc-lib/i686-pc-linux-gnu/2.95.3/libg2c.a
LOAD /usr/lib/libm.so
LOAD /usr/lib/gcc-lib/i686-pc-linux-gnu/2.95.3/libgcc.a
LOAD /usr/lib/libc.so
START GROUP
LOAD /lib/libc.so.6
LOAD /usr/lib/libc_nonshared.a
END GROUP
LOAD /usr/lib/gcc-lib/i686-pc-linux-gnu/2.95.3/libgcc.a
LOAD /usr/lib/gcc-lib/i686-pc-linux-gnu/2.95.3/crtend.o
LOAD /usr/lib/crtn.o
                0x080480f4                . = (0x8048000 + SIZEOF_HEADERS)

.interp         0x080480f4       0x13
 *(.interp)
 .interp        0x080480f4       0x13 /usr/lib/crt1.o

.note.ABI-tag   0x08048108       0x20
 .note.ABI-tag  0x08048108       0x20 /usr/lib/crt1.o

.hash           0x08048128      0x390
 *(.hash)
 .hash          0x08048128      0x390 /usr/lib/crt1.o

.dynsym         0x080484b8      0x810
 *(.dynsym)
 .dynsym        0x080484b8      0x810 /usr/lib/crt1.o

.dynstr         0x08048cc8      0x40f
 *(.dynstr)
 .dynstr        0x08048cc8      0x40f /usr/lib/crt1.o

.gnu.version    0x080490d8      0x102
 *(.gnu.version)
 .gnu.version   0x080490d8      0x102 /usr/lib/crt1.o

.gnu.version_d
 *(.gnu.version_d)

.gnu.version_r  0x080491dc       0x60
 *(.gnu.version_r)
 .gnu.version_r
                0x080491dc       0x60 /usr/lib/crt1.o

.rel.dyn        0x0804923c       0x58
 *(.rel.init)
 *(.rel.text .rel.text.* .rel.gnu.linkonce.t.*)
 *(.rel.fini)
 *(.rel.rodata .rel.rodata.* .rel.gnu.linkonce.r.*)
 *(.rel.data .rel.data.* .rel.gnu.linkonce.d.*)
 *(.rel.tdata .rel.tdata.* .rel.gnu.linkonce.td.*)
 *(.rel.tbss .rel.tbss.* .rel.gnu.linkonce.tb.*)
 *(.rel.ctors)
 *(.rel.dtors)
 *(.rel.got)
 .rel.got       0x0804923c       0x10 /usr/lib/crt1.o
 *(.rel.bss .rel.bss.* .rel.gnu.linkonce.b.*)
 .rel.bss       0x0804924c       0x48 /usr/lib/crt1.o

.rela.dyn
 *(.rela.init)
 *(.rela.text .rela.text.* .rela.gnu.linkonce.t.*)
 *(.rela.fini)
 *(.rela.rodata .rela.rodata.* .rela.gnu.linkonce.r.*)
 *(.rela.data .rela.data.* .rela.gnu.linkonce.d.*)
 *(.rela.tdata .rela.tdata.* .rela.gnu.linkonce.td.*)
 *(.rela.tbss .rela.tbss.* .rela.gnu.linkonce.tb.*)
 *(.rela.ctors)
 *(.rela.dtors)
 *(.rela.got)
 *(.rela.bss .rela.bss.* .rela.gnu.linkonce.b.*)

.rel.plt        0x08049294      0x398
 *(.rel.plt)
 .rel.plt       0x08049294      0x398 /usr/lib/crt1.o

.rela.plt
 *(.rela.plt)

.init           0x0804962c       0x25
 *(.init)
 .init          0x0804962c       0x18 /usr/lib/crti.o
                0x0804962c                _init
 .init          0x08049644        0x5 /usr/lib/gcc-lib/i686-pc-linux-gnu/2.95.3/crtbegin.o
 .init          0x08049649        0x5 /usr/lib/gcc-lib/i686-pc-linux-gnu/2.95.3/crtend.o
 .init          0x0804964e        0x3 /usr/lib/crtn.o

.plt            0x08049654      0x740
 *(.plt)
 .plt           0x08049654      0x740 /usr/lib/crt1.o
                0x08049664                __umoddi3@@GLIBC_2.0
                0x08049674                readlink@@GLIBC_2.0
                0x08049684                cos@@GLIBC_2.0
                0x08049694                ntohl@@GLIBC_2.0
                0x080496a4                inet_netof@@GLIBC_2.0
                0x080496b4                __strtod_internal@@GLIBC_2.0
                0x080496c4                ferror@@GLIBC_2.0
                0x080496d4                vsprintf@@GLIBC_2.0
                0x080496e4                strchr@@GLIBC_2.0
                0x080496f4                feof@@GLIBC_2.0
                0x08049704                atan@@GLIBC_2.0
                0x08049714                ungetc@@GLIBC_2.0
                0x08049724                getpid@@GLIBC_2.0
                0x08049734                __register_frame_info@@GLIBC_2.0
                0x08049744                write@@GLIBC_2.0
                0x08049754                localtime@@GLIBC_2.0
                0x08049764                fileno@@GLIBC_2.0
                0x08049774                strcmp@@GLIBC_2.0
                0x08049784                close@@GLIBC_2.0
                0x08049794                asin@@GLIBC_2.0
                0x080497a4                perror@@GLIBC_2.0
                0x080497b4                fprintf@@GLIBC_2.0
                0x080497c4                tmpfile@@GLIBC_2.1
                0x080497d4                tempnam@@GLIBC_2.0
                0x080497e4                getenv@@GLIBC_2.0
                0x080497f4                umask@@GLIBC_2.0
                0x08049804                signal@@GLIBC_2.0
                0x08049814                fflush@@GLIBC_2.0
                0x08049824                getservbyname@@GLIBC_2.0
                0x08049834                unlink@@GLIBC_2.0
                0x08049844                freopen@@GLIBC_2.0
                0x08049854                select@@GLIBC_2.0
                0x08049864                htonl@@GLIBC_2.0
                0x08049874                __cxa_atexit@@GLIBC_2.1.3
                0x08049884                getpwuid@@GLIBC_2.0
                0x08049894                __errno_location@@GLIBC_2.0
                0x080498a4                pow@@GLIBC_2.0
                0x080498b4                rewind@@GLIBC_2.0
                0x080498c4                ftell@@GLIBC_2.0
                0x080498d4                gethostbyaddr@@GLIBC_2.0
                0x080498e4                chmod@@GLIBC_2.0
                0x080498f4                access@@GLIBC_2.0
                0x08049904                inet_ntoa@@GLIBC_2.0
                0x08049914                malloc@@GLIBC_2.0
                0x08049924                fread@@GLIBC_2.0
                0x08049934                memmove@@GLIBC_2.0
                0x08049944                clearerr@@GLIBC_2.0
                0x08049954                __deregister_frame_info@@GLIBC_2.0
                0x08049964                syslog@@GLIBC_2.0
                0x08049974                getsockopt@@GLIBC_2.0
                0x08049984                abort@@GLIBC_2.0
                0x08049994                __sigsetjmp@@GLIBC_2.0
                0x080499a4                __xstat@@GLIBC_2.0
                0x080499b4                setsockopt@@GLIBC_2.0
                0x080499c4                getpeername@@GLIBC_2.0
                0x080499d4                vfprintf@@GLIBC_2.0
                0x080499e4                fseek@@GLIBC_2.0
                0x080499f4                time@@GLIBC_2.0
                0x08049a04                fgets@@GLIBC_2.0
                0x08049a14                ntohs@@GLIBC_2.0
                0x08049a24                __fxstat@@GLIBC_2.0
                0x08049a34                fputs@@GLIBC_2.0
                0x08049a44                strstr@@GLIBC_2.0
                0x08049a54                longjmp@@GLIBC_2.0
                0x08049a64                sleep@@GLIBC_2.0
                0x08049a74                __strtol_internal@@GLIBC_2.0
                0x08049a84                __udivdi3@@GLIBC_2.0
                0x08049a94                strncmp@@GLIBC_2.0
                0x08049aa4                inet_addr@@GLIBC_2.0
                0x08049ab4                floor@@GLIBC_2.0
                0x08049ac4                __libc_start_main@@GLIBC_2.0
                0x08049ad4                exp@@GLIBC_2.0
                0x08049ae4                realloc@@GLIBC_2.0
                0x08049af4                tan@@GLIBC_2.0
                0x08049b04                printf@@GLIBC_2.0
                0x08049b14                getuid@@GLIBC_2.0
                0x08049b24                lseek@@GLIBC_2.0
                0x08049b34                memcpy@@GLIBC_2.0
                0x08049b44                sqrt@@GLIBC_2.0
                0x08049b54                fclose@@GLIBC_2.1
                0x08049b64                getsockname@@GLIBC_2.0
                0x08049b74                strrchr@@GLIBC_2.0
                0x08049b84                ctime@@GLIBC_2.0
                0x08049b94                isdigit@@GLIBC_2.0
                0x08049ba4                gethostname@@GLIBC_2.0
                0x08049bb4                open@@GLIBC_2.0
                0x08049bc4                gethostbyname@@GLIBC_2.0
                0x08049bd4                exit@@GLIBC_2.0
                0x08049be4                atoi@@GLIBC_2.0
                0x08049bf4                getegid@@GLIBC_2.0
                0x08049c04                calloc@@GLIBC_2.0
                0x08049c14                sscanf@@GLIBC_2.0
                0x08049c24                _IO_putc@@GLIBC_2.0
                0x08049c34                free@@GLIBC_2.0
                0x08049c44                send@@GLIBC_2.0
                0x08049c54                ioctl@@GLIBC_2.0
                0x08049c64                htons@@GLIBC_2.0
                0x08049c74                isatty@@GLIBC_2.0
                0x08049c84                acos@@GLIBC_2.0
                0x08049c94                memset@@GLIBC_2.0
                0x08049ca4                connect@@GLIBC_2.0
                0x08049cb4                strncpy@@GLIBC_2.0
                0x08049cc4                drem@@GLIBC_2.0
                0x08049cd4                fopen@@GLIBC_2.1
                0x08049ce4                strtok@@GLIBC_2.0
                0x08049cf4                recv@@GLIBC_2.0
                0x08049d04                sprintf@@GLIBC_2.0
                0x08049d14                fwrite@@GLIBC_2.0
                0x08049d24                sin@@GLIBC_2.0
                0x08049d34                socket@@GLIBC_2.0
                0x08049d44                _IO_getc@@GLIBC_2.0
                0x08049d54                log@@GLIBC_2.0
                0x08049d64                read@@GLIBC_2.0
                0x08049d74                geteuid@@GLIBC_2.0
                0x08049d84                strcpy@@GLIBC_2.0

.text           0x08049da0    0xb12a0
 *(.text .stub .text.* .gnu.linkonce.t.*)
 .text          0x08049da0       0x24 /usr/lib/crt1.o
                0x08049da0                _start
 .text          0x08049dc4       0x24 /usr/lib/crti.o
 *fill*         0x08049de8        0x8 90909090
 .text          0x08049df0       0xa0 /usr/lib/gcc-lib/i686-pc-linux-gnu/2.95.3/crtbegin.o
 .text          0x08049e90     0xc93c mcjt63_105j.o
                0x0804f468                mcusev_
                0x080557d8                meanjet_
                0x0804a830                mcevbl_
                0x0805115c                fin3out_
                0x08050cac                pripar_
                0x0804a838                mcpobl_
                0x0804aa48                mcusin_
                0x08053da8                jtfill_
                0x08053730                mcanal_
                0x0805306c                qqctrk_
                0x08049e90                MAIN__
                0x08052f70                qqboos_
                0x08053294                mcfima_
                0x08055328                ytest_
                0x080512a8                mcfill_
                0x0805021c                mcusfi_
                0x0804a840                mcusff_
 *fill*         0x080567cc        0x4 90909090
 .text          0x080567d0      0xcd0 /home/pcl2483/pedro/jadesoft/util/mcgen/Plib/libmc105j.a(jtconv.o)
                0x080567d0                jtconv_
 .text          0x080574a0      0x1e9 /home/pcl2483/pedro/jadesoft/util/mcgen/Plib/libmc105j.a(mcgetf.o)
                0x080574a0                mcgetf_
 *fill*         0x08057689        0x7 90909090
 .text          0x08057690      0x6ac /home/pcl2483/pedro/jadesoft/util/mcgen/Plib/libmc105j.a(mcgeth.o)
                0x08057690                mcgeth_
 *fill*         0x08057d3c        0x4 90909090
 .text          0x08057d40      0x69f /home/pcl2483/pedro/jadesoft/util/mcgen/Plib/libmc105j.a(mcgetp.o)
                0x08057d40                mcgetp_
 *fill*         0x080583df        0x1 90909090
 .text          0x080583e0      0x504 /home/pcl2483/pedro/jadesoft/util/mcgen/Plib/libmc105j.a(mcinit.o)
                0x080583e0                mcinit_
 *fill*         0x080588e4        0xc 90909090
 .text          0x080588f0      0x479 /home/pcl2483/pedro/jadesoft/util/mcgen/Plib/libmc105j.a(mcst63.o)
                0x080588f0                mcst63_
 *fill*         0x08058d69        0x7 90909090
 .text          0x08058d70      0x8db /home/pcl2483/pedro/jadesoft/util/mcgen/Plib/libmc105j.a(mcwrit.o)
                0x08058d70                mcwrit_
 *fill*         0x0805964b        0x5 90909090
 .text          0x08059650      0xd64 /home/pcl2483/pedro/jadesoft/util/mcgen/Plib/libmc105j.a(pxeecb.o)
                0x08059650                pxeecb_
 *fill*         0x0805a3b4        0xc 90909090
 .text          0x0805a3c0      0x2f7 /home/pcl2483/pedro/jadesoft/util/mcgen/Plib/libmc105j.a(pxjpd2.o)
                0x0805a3c0                pxjpd2_
 *fill*         0x0805a6b7        0x9 90909090
 .text          0x0805a6c0      0xe91 /home/pcl2483/pedro/jadesoft/util/mcgen/Plib/libmc105j.a(evwrtj.o)
                0x0805a6c0                evwrtj_
 *fill*         0x0805b551        0xf 90909090
 .text          0x0805b560      0x166 /home/pcl2483/pedro/jadesoft/util/mcgen/Plib/libmc105j.a(incprd.o)
                0x0805b560                incprd_
 *fill*         0x0805b6c6        0xa 90909090
 .text          0x0805b6d0      0x16b /home/pcl2483/pedro/jadesoft/util/mcgen/Plib/libmc105j.a(jadeco.o)
                0x0805b6d0                jadeco_
 *fill*         0x0805b83b        0x5 90909090
 .text          0x0805b840      0x539 /home/pcl2483/pedro/jadesoft/util/mcgen/Plib/libmc105j.a(mcrnst.o)
                0x0805b840                mcrnst_
 *fill*         0x0805bd79        0x7 90909090
 .text          0x0805bd80        0x9 /home/pcl2483/pedro/jadesoft/util/mcgen/Plib/libmc105j.a(ntcprd.o)
                0x0805bd80                ntcprd_
 *fill*         0x0805bd89        0x7 90909090
 .text          0x0805bd90      0x81b /home/pcl2483/pedro/jadesoft/util/mcgen/Plib/libmc105j.a(prcprd.o)
                0x0805bd90                prcprd_
 *fill*         0x0805c5ab        0x5 90909090
 .text          0x0805c5b0      0x6c4 /home/pcl2483/pedro/jadesoft/util/mcgen/Plib/libmc105j.a(wrcprd.o)
                0x0805c5b0                wrcprd_
 *fill*         0x0805cc74        0xc 90909090
 .text          0x0805cc80      0x24a /home/pcl2483/pedro/jadesoft/util/mcgen/Plib/libjt63jade.a(jt63ja.o)
                0x0805cc80                jt63ja_
 *fill*         0x0805ceca        0x6 90909090
 .text          0x0805ced0      0x41f /home/pcl2483/pedro/jadesoft/util/mcgen/Plib/libjt63jade.a(luchge.o)
                0x0805ced0                luchge_
 *fill*         0x0805d2ef        0x1 90909090
 .text          0x0805d2f0      0x957 /home/pcl2483/pedro/jadesoft/util/mcgen/Plib/libjt63jade.a(lucomp.o)
                0x0805d2f0                lucomp_
 *fill*         0x0805dc47        0x1 90909090
 .text          0x0805dc48        0x7 /home/pcl2483/pedro/jadesoft/util/mcgen/Plib/libjt63jade.a(luda63.o)
                0x0805dc48                luda63_
 *fill*         0x0805dc4f        0x1 90909090
 .text          0x0805dc50        0x7 /home/pcl2483/pedro/jadesoft/util/mcgen/Plib/libjt63jade.a(luedat.o)
                0x0805dc50                luedat_
 *fill*         0x0805dc57        0x9 90909090
 .text          0x0805dc60      0x706 /home/pcl2483/pedro/jadesoft/util/mcgen/Plib/libjt63jade.a(luedit.o)
                0x0805dc60                luedit_
 *fill*         0x0805e366        0xa 90909090
 .text          0x0805e370      0xd22 /home/pcl2483/pedro/jadesoft/util/mcgen/Plib/libjt63jade.a(lueevt.o)
                0x0805e370                lueevt_
 *fill*         0x0805f092        0xe 90909090
 .text          0x0805f0a0      0xd6a /home/pcl2483/pedro/jadesoft/util/mcgen/Plib/libjt63jade.a(luesta.o)
                0x0805f0a0                luesta_
 *fill*         0x0805fe0a        0x6 90909090
 .text          0x0805fe10      0xdc1 /home/pcl2483/pedro/jadesoft/util/mcgen/Plib/libjt63jade.a(luexec.o)
                0x0805fe10                luexec_
 *fill*         0x08060bd1        0x3 90909090
 .text          0x08060bd4        0x7 /home/pcl2483/pedro/jadesoft/util/mcgen/Plib/libjt63jade.a(luhdat.o)
                0x08060bd4                luhdat_
 *fill*         0x08060bdb        0x5 90909090
 .text          0x08060be0      0x65b /home/pcl2483/pedro/jadesoft/util/mcgen/Plib/libjt63jade.a(luiflv.o)
                0x08060be0                luiflv_
 *fill*         0x0806123b        0x5 90909090
 .text          0x08061240     0x179f /home/pcl2483/pedro/jadesoft/util/mcgen/Plib/libjt63jade.a(lulist.o)
                0x08061240                lulist_
 *fill*         0x080629df        0x1 90909090
 .text          0x080629e0      0x7fe /home/pcl2483/pedro/jadesoft/util/mcgen/Plib/libjt63jade.a(luname.o)
                0x080629e0                luname_
 *fill*         0x080631de        0x2 90909090
 .text          0x080631e0     0x1bf7 /home/pcl2483/pedro/jadesoft/util/mcgen/Plib/libjt63jade.a(luonej.o)
                0x080631e0                luonej_
 *fill*         0x08064dd7        0x1 90909090
 .text          0x08064dd8      0x266 /home/pcl2483/pedro/jadesoft/util/mcgen/Plib/libjt63jade.a(lupart.o)
                0x08064dd8                lupart_
 *fill*         0x0806503e        0x2 90909090
 .text          0x08065040     0x38ff /home/pcl2483/pedro/jadesoft/util/mcgen/Plib/libjt63jade.a(luprep.o)
                0x08065040                luprep_
 *fill*         0x0806893f        0x1 90909090
 .text          0x08068940      0x1df /home/pcl2483/pedro/jadesoft/util/mcgen/Plib/libjt63jade.a(luptdi.o)
                0x08068940                luptdi_
 *fill*         0x08068b1f        0x1 90909090
 .text          0x08068b20      0x77b /home/pcl2483/pedro/jadesoft/util/mcgen/Plib/libjt63jade.a(luradk.o)
                0x08068c74                luradk_
 *fill*         0x0806929b        0x5 90909090
 .text          0x080692a0      0x681 /home/pcl2483/pedro/jadesoft/util/mcgen/Plib/libjt63jade.a(lurobo.o)
                0x080692a0                lurobo_
 *fill*         0x08069921        0xf 90909090
 .text          0x08069930     0x5146 /home/pcl2483/pedro/jadesoft/util/mcgen/Plib/libjt63jade.a(lushow.o)
                0x08069930                lushow_
 *fill*         0x0806ea76        0xa 90909090
 .text          0x0806ea80     0x8589 /home/pcl2483/pedro/jadesoft/util/mcgen/Plib/libjt63jade.a(lusysj.o)
                0x0806ebe8                lusysj_
 *fill*         0x08077009        0x7 90909090
 .text          0x08077010      0xc97 /home/pcl2483/pedro/jadesoft/util/mcgen/Plib/libjt63jade.a(lux3jt.o)
                0x080770ac                lux3jt_
 *fill*         0x08077ca7        0x9 90909090
 .text          0x08077cb0     0x29bc /home/pcl2483/pedro/jadesoft/util/mcgen/Plib/libjt63jade.a(lux4jt.o)
                0x08077cb0                lux4jt_
 *fill*         0x0807a66c        0x4 90909090
 .text          0x0807a670     0x1354 /home/pcl2483/pedro/jadesoft/util/mcgen/Plib/libjt63jade.a(luxdif.o)
                0x0807a670                luxdif_
 *fill*         0x0807b9c4        0xc 90909090
 .text          0x0807b9d0      0x6a9 /home/pcl2483/pedro/jadesoft/util/mcgen/Plib/libjt63jade.a(luxifl.o)
                0x0807b9d0                luxifl_
 *fill*         0x0807c079        0x7 90909090
 .text          0x0807c080      0x779 /home/pcl2483/pedro/jadesoft/util/mcgen/Plib/libjt63jade.a(luxjet.o)
                0x0807c080                luxjet_
 *fill*         0x0807c7f9        0x7 90909090
 .text          0x0807c800     0x1290 /home/pcl2483/pedro/jadesoft/util/mcgen/Plib/libjt63jade.a(luxtot.o)
                0x0807c800                luxtot_
 .text          0x0807da90      0x9fe /home/pcl2483/pedro/jadesoft/util/mcgen/Plib/libjt63jade.a(luzdis.o)
                0x0807da90                luzdis_
 *fill*         0x0807e48e        0x2 90909090
 .text          0x0807e490      0xaac /home/pcl2483/pedro/jadesoft/util/mcgen/Plib/libjt63jade.a(plu.o)
                0x0807e490                plu_
 *fill*         0x0807ef3c        0x4 90909090
 .text          0x0807ef40       0x24 /home/pcl2483/pedro/jadesoft/util/mcgen/Plib/libjt63jade.a(rlu.o)
                0x0807ef40                rlu_
 *fill*         0x0807ef64        0xc 90909090
 .text          0x0807ef70      0x597 /home/pcl2483/pedro/jadesoft/util/mcgen/Plib/libjt63jade.a(rlu74.o)
                0x0807ef70                rlu74_
 *fill*         0x0807f507        0x9 90909090
 .text          0x0807f510      0x1f8 /home/pcl2483/pedro/jadesoft/util/mcgen/Plib/libjt63jade.a(ulalps.o)
                0x0807f510                ulalps_
 *fill*         0x0807f708        0x8 90909090
 .text          0x0807f710      0x139 /home/pcl2483/pedro/jadesoft/util/mcgen/Plib/libjt63jade.a(ulangl.o)
                0x0807f710                ulangl_
 *fill*         0x0807f849        0x7 90909090
 .text          0x0807f850      0x652 /home/pcl2483/pedro/jadesoft/util/mcgen/Plib/libjt63jade.a(ulmass.o)
                0x0807f850                ulmass_
 *fill*         0x0807fea2        0xe 90909090
 .text          0x0807feb0      0x569 /home/pcl2483/pedro/jadesoft/util/mcgen/Plib/libjt63jade.a(lu2jet.o)
                0x0807feb0                lu2jet_
 *fill*         0x08080419        0x7 90909090
 .text          0x08080420      0xb60 /home/pcl2483/pedro/jadesoft/util/mcgen/Plib/libjt63jade.a(lu3jet.o)
                0x08080420                lu3jet_
 .text          0x08080f80     0x14ae /home/pcl2483/pedro/jadesoft/util/mcgen/Plib/libjt63jade.a(lu4jet.o)
                0x08080f80                lu4jet_
 *fill*         0x0808242e        0x2 90909090
 .text          0x08082430     0x56ea /home/pcl2483/pedro/jadesoft/util/mcgen/Plib/libjt63jade.a(lucons.o)
                0x08082430                lucons_
 *fill*         0x08087b1a        0x6 90909090
 .text          0x08087b20     0x4d15 /home/pcl2483/pedro/jadesoft/util/mcgen/Plib/libjt63jade.a(ludecy.o)
                0x08087c34                ludecy_
 *fill*         0x0808c835        0xb 90909090
 .text          0x0808c840     0x1933 /home/pcl2483/pedro/jadesoft/util/mcgen/Plib/libjt63jade.a(luifld.o)
                0x0808c840                luifld_
 *fill*         0x0808e173        0xd 90909090
 .text          0x0808e180     0x1786 /home/pcl2483/pedro/jadesoft/util/mcgen/Plib/libckern105.a(ckern.o)
                0x0808e180                ckern_
 *fill*         0x0808f906        0xa 90909090
 .text          0x0808f910      0x42f /home/pcl2483/pedro/jadesoft/util/mcgen/Plib/libckern105.a(cksord.o)
                0x0808f910                cksord_
 *fill*         0x0808fd3f        0x1 90909090
 .text          0x0808fd40      0x1b5 /home/pcl2483/pedro/jadesoft/util/mcgen/Plib/libckern105.a(cnjet.o)
                0x0808fd40                cnjet_
 *fill*         0x0808fef5        0xb 90909090
 .text          0x0808ff00      0x217 /home/pcl2483/pedro/jadesoft/util/mcgen/Plib/libpx114.a(pxang3.o)
                0x0808ff00                pxang3_
 *fill*         0x08090117        0x9 90909090
 .text          0x08090120      0x17f /home/pcl2483/pedro/jadesoft/util/mcgen/Plib/libpx114.a(pxanxy.o)
                0x08090120                pxanxy_
 *fill*         0x0809029f        0x1 90909090
 .text          0x080902a0      0xa8f /home/pcl2483/pedro/jadesoft/util/mcgen/Plib/libpx114.a(pxcone.o)
                0x080902a0                pxcone_
 *fill*         0x08090d2f        0x1 90909090
 .text          0x08090d30       0x6b /home/pcl2483/pedro/jadesoft/util/mcgen/Plib/libpx114.a(pxcopv.o)
                0x08090d30                pxcopv_
 *fill*         0x08090d9b        0x5 90909090
 .text          0x08090da0      0x322 /home/pcl2483/pedro/jadesoft/util/mcgen/Plib/libpx114.a(pxjpdg.o)
                0x08090da0                pxjpdg_
 *fill*         0x080910c2        0xe 90909090
 .text          0x080910d0      0x70f /home/pcl2483/pedro/jadesoft/util/mcgen/Plib/libpx114.a(pxjsp3.o)
                0x080910d0                pxjsp3_
 *fill*         0x080917df        0x1 90909090
 .text          0x080917e0      0x835 /home/pcl2483/pedro/jadesoft/util/mcgen/Plib/libpx114.a(pxlsp3.o)
                0x080917e0                pxlsp3_
 *fill*         0x08092015        0xb 90909090
 .text          0x08092020      0x3f2 /home/pcl2483/pedro/jadesoft/util/mcgen/Plib/libpx114.a(pxlth4.o)
                0x08092020                pxlth4_
 *fill*         0x08092412        0xe 90909090
 .text          0x08092420     0x2507 /home/pcl2483/pedro/jadesoft/util/mcgen/Plib/libpx114.a(pxlut3.o)
                0x08092420                pxlut3_
 *fill*         0x08094927        0x9 90909090
 .text          0x08094930      0x11a /home/pcl2483/pedro/jadesoft/util/mcgen/Plib/libpx114.a(pxlzf5.o)
                0x08094930                pxlzf5_
 *fill*         0x08094a4a        0x6 90909090
 .text          0x08094a50      0x4b2 /home/pcl2483/pedro/jadesoft/util/mcgen/Plib/libpx114.a(pxmmbb.o)
                0x08094a50                pxmmbb_
 *fill*         0x08094f02        0xe 90909090
 .text          0x08094f10      0x131 /home/pcl2483/pedro/jadesoft/util/mcgen/Plib/libpx114.a(pxnorv.o)
                0x08094f10                pxnorv_
 *fill*         0x08095041        0xf 90909090
 .text          0x08095050      0x63c /home/pcl2483/pedro/jadesoft/util/mcgen/Plib/libpx114.a(pxolap.o)
                0x08095050                pxolap_
 *fill*         0x0809568c        0x4 90909090
 .text          0x08095690      0x361 /home/pcl2483/pedro/jadesoft/util/mcgen/Plib/libpx114.a(pxord.o)
                0x08095690                pxord_
 *fill*         0x080959f1        0xf 90909090
 .text          0x08095a00      0x1dd /home/pcl2483/pedro/jadesoft/util/mcgen/Plib/libpx114.a(pxplt3.o)
                0x08095a00                pxplt3_
 *fill*         0x08095bdd        0x3 90909090
 .text          0x08095be0      0x12c /home/pcl2483/pedro/jadesoft/util/mcgen/Plib/libpx114.a(pxplu3.o)
                0x08095be0                pxplu3_
 *fill*         0x08095d0c        0x4 90909090
 .text          0x08095d10      0x301 /home/pcl2483/pedro/jadesoft/util/mcgen/Plib/libpx114.a(pxprcv.o)
                0x08095d10                pxprcv_
 *fill*         0x08096011        0xf 90909090
 .text          0x08096020      0x2ed /home/pcl2483/pedro/jadesoft/util/mcgen/Plib/libpx114.a(pxprrv.o)
                0x08096020                pxprrv_
 *fill*         0x0809630d        0x3 90909090
 .text          0x08096310      0x1e9 /home/pcl2483/pedro/jadesoft/util/mcgen/Plib/libpx114.a(pxrap4.o)
                0x08096310                pxrap4_
 *fill*         0x080964f9        0x7 90909090
 .text          0x08096500      0x22d /home/pcl2483/pedro/jadesoft/util/mcgen/Plib/libpx114.a(pxrmx3.o)
                0x08096500                pxrmx3_
 *fill*         0x0809672d        0x3 90909090
 .text          0x08096730       0xb5 /home/pcl2483/pedro/jadesoft/util/mcgen/Plib/libpx114.a(pxrob3.o)
                0x08096730                pxrob3_
 *fill*         0x080967e5        0xb 90909090
 .text          0x080967f0       0xb5 /home/pcl2483/pedro/jadesoft/util/mcgen/Plib/libpx114.a(pxrof3.o)
                0x080967f0                pxrof3_
 *fill*         0x080968a5        0xb 90909090
 .text          0x080968b0      0x329 /home/pcl2483/pedro/jadesoft/util/mcgen/Plib/libpx114.a(pxsear.o)
                0x080968b0                pxsear_
 *fill*         0x08096bd9        0x7 90909090
 .text          0x08096be0      0x37f /home/pcl2483/pedro/jadesoft/util/mcgen/Plib/libpx114.a(pxsorv.o)
                0x08096be0                pxsorv_
 *fill*         0x08096f5f        0x1 90909090
 .text          0x08096f60      0x2d2 /home/pcl2483/pedro/jadesoft/util/mcgen/Plib/libpx114.a(pxtry.o)
                0x08096f60                pxtry_
 *fill*         0x08097232        0xe 90909090
 .text          0x08097240      0x1ac /home/pcl2483/pedro/jadesoft/util/mcgen/Plib/libpx114.a(pxuvec.o)
                0x08097240                pxuvec_
 *fill*         0x080973ec        0x4 90909090
 .text          0x080973f0       0x49 /home/pcl2483/pedro/jadesoft/util/mcgen/Plib/libpx114.a(pxzerv.o)
                0x080973f0                pxzerv_
 *fill*         0x08097439        0x7 90909090
 .text          0x08097440     0x1dee /home/pcl2483/pedro/jadesoft/util/mcgen/Plib/libpx114.a(ykern.o)
                0x08097a48                ykern_
 *fill*         0x0809922e        0x2 90909090
 .text          0x08099230      0x134 /home/pcl2483/pedro/jadesoft/util/mcgen/Plib/libpx114.a(ynjet.o)
                0x08099230                ynjet_
 *fill*         0x08099364        0xc 90909090
 .text          0x08099370      0x175 /home/pcl2483/pedro/jadesoft/util/mcgen/Plib/libpx114.a(yyjet.o)
                0x08099370                yyjet_
 *fill*         0x080994e5        0xb 90909090
 .text          0x080994f0       0x8b /home/pcl2483/pedro/jadesoft/util/mcgen/Plib/libpx114.a(pxaddv.o)
                0x080994f0                pxaddv_
 *fill*         0x0809957b        0x5 90909090
 .text          0x08099580      0xcdc /home/pcl2483/pedro/jadesoft/util/mcgen/Plib/libpx114.a(pxdiam.o)
                0x08099580                pxdiam_
 *fill*         0x0809a25c        0x4 90909090
 .text          0x0809a260      0x3cf /home/pcl2483/pedro/jadesoft/util/mcgen/Plib/libpx114.a(pxmulm.o)
                0x0809a260                pxmulm_
 *fill*         0x0809a62f        0x1 90909090
 .text          0x0809a630       0xea /home/pcl2483/pedro/jadesoft/util/mcgen/Plib/libpx114.a(pxnew.o)
                0x0809a630                pxnew_
 *fill*         0x0809a71a        0x6 90909090
 .text          0x0809a720       0x81 /home/pcl2483/pedro/jadesoft/util/mcgen/Plib/libpx114.a(pxsame.o)
                0x0809a720                pxsame_
 *fill*         0x0809a7a1        0xf 90909090
 .text          0x0809a7b0      0x1ff /home/pcl2483/pedro/jadesoft/util/mcgen/Plib/libpx114.a(pxunim.o)
                0x0809a7b0                pxunim_
 *fill*         0x0809a9af        0x1 90909090
 .text          0x0809a9b0     0x175a /cern/99/lib/libpacklib.a(ffgo.o)
                0x0809a9b0                ffgo_
 *fill*         0x0809c10a        0x2 90909090
 .text          0x0809c10c      0x267 /cern/99/lib/libpacklib.a(ffinit.o)
                0x0809c10c                ffinit_
 *fill*         0x0809c373        0x1 90909090
 .text          0x0809c374      0x270 /cern/99/lib/libpacklib.a(ffkey.o)
                0x0809c374                ffkey_
 .text          0x0809c5e4      0x21c /cern/99/lib/libpacklib.a(ffset.o)
                0x0809c5e4                ffset_
 .text          0x0809c800       0x54 /cern/99/lib/libpacklib.a(ffskip.o)
                0x0809c800                ffskip_
 .text          0x0809c854       0x6f /cern/99/lib/libpacklib.a(ffupca.o)
                0x0809c854                ffupca_
 *fill*         0x0809c8c3        0x1 90909090
 .text          0x0809c8c4        0x7 /cern/99/lib/libpacklib.a(ffuser.o)
                0x0809c8c4                ffuser_
 *fill*         0x0809c8cb        0x1 90909090
 .text          0x0809c8cc       0x15 /cern/99/lib/libpacklib.a(ffuset.o)
                0x0809c8cc                ffuset_
 *fill*         0x0809c8e1        0x3 90909090
 .text          0x0809c8e4      0x19b /cern/99/lib/libpacklib.a(hrput.o)
                0x0809c8e4                hrput_
 *fill*         0x0809ca7f        0x1 90909090
 .text          0x0809ca80      0x5eb /cern/99/lib/libpacklib.a(hbook1.o)
                0x0809ca80                hbook1_
 *fill*         0x0809d06b        0x1 90909090
 .text          0x0809d06c      0x680 /cern/99/lib/libpacklib.a(hbook2.o)
                0x0809d06c                hbook2_
 .text          0x0809d6ec      0x5bb /cern/99/lib/libpacklib.a(hbookb.o)
                0x0809d6ec                hbookb_
 *fill*         0x0809dca7        0x1 90909090
 .text          0x0809dca8       0x5d /cern/99/lib/libpacklib.a(hbtit.o)
                0x0809dca8                hbtit_
 *fill*         0x0809dd05        0x3 90909090
 .text          0x0809dd08      0x1cb /cern/99/lib/libpacklib.a(hbug.o)
                0x0809dd08                hbug_
 *fill*         0x0809ded3        0x1 90909090
 .text          0x0809ded4      0x634 /cern/99/lib/libpacklib.a(hcdir.o)
                0x0809ded4                hcdir_
 .text          0x0809e508      0x158 /cern/99/lib/libpacklib.a(hchnam.o)
                0x0809e508                hchnam_
 .text          0x0809e660      0x30a /cern/99/lib/libpacklib.a(hdelet.o)
                0x0809e660                hdelet_
 *fill*         0x0809e96a        0x2 90909090
 .text          0x0809e96c      0x1a8 /cern/99/lib/libpacklib.a(hfill.o)
                0x0809e96c                hfill_
 .text          0x0809eb14      0x369 /cern/99/lib/libpacklib.a(hfilpf.o)
                0x0809eb14                hfilpf_
 *fill*         0x0809ee7d        0x3 90909090
 .text          0x0809ee80      0x244 /cern/99/lib/libpacklib.a(hgive.o)
                0x0809ee80                hgive_
 .text          0x0809f0c4      0xa55 /cern/99/lib/libpacklib.a(hidopt.o)
                0x0809f0c4                hidopt_
 *fill*         0x0809fb19        0x3 90909090
 .text          0x0809fb1c      0x2e4 /cern/99/lib/libpacklib.a(hlimit.o)
                0x0809fb1c                hlimit_
 .text          0x0809fe00       0xff /cern/99/lib/libpacklib.a(hloop.o)
                0x0809fe00                hloop_
 *fill*         0x0809feff        0x1 90909090
 .text          0x0809ff00      0x543 /cern/99/lib/libpacklib.a(hmachi.o)
                0x0809ff00                hmachi_
 *fill*         0x080a0443        0x1 90909090
 .text          0x080a0444       0x5e /cern/99/lib/libpacklib.a(hnoent.o)
                0x080a0444                hnoent_
 *fill*         0x080a04a2        0x2 90909090
 .text          0x080a04a4      0xfc5 /cern/99/lib/libpacklib.a(hopera.o)
                0x080a04a4                hopera_
 *fill*         0x080a1469        0x3 90909090
 .text          0x080a146c      0x1b3 /cern/99/lib/libpacklib.a(hpaff.o)
                0x080a146c                hpaff_
 *fill*         0x080a161f        0x1 90909090
 .text          0x080a1620      0x283 /cern/99/lib/libpacklib.a(hpak.o)
                0x080a1620                hpak_
 *fill*         0x080a18a3        0x1 90909090
 .text          0x080a18a4      0x175 /cern/99/lib/libpacklib.a(hpake.o)
                0x080a18a4                hpake_
 *fill*         0x080a1a19        0x3 90909090
 .text          0x080a1a1c      0x61e /cern/99/lib/libpacklib.a(hpath.o)
                0x080a1a1c                hpath_
 *fill*         0x080a203a        0x2 90909090
 .text          0x080a203c      0x4ce /cern/99/lib/libpacklib.a(hrebin.o)
                0x080a203c                hrebin_
 *fill*         0x080a250a        0x2 90909090
 .text          0x080a250c      0x64a /cern/99/lib/libpacklib.a(hreset.o)
                0x080a250c                hreset_
 *fill*         0x080a2b56        0x2 90909090
 .text          0x080a2b58       0xca /cern/99/lib/libpacklib.a(hrez0.o)
                0x080a2b58                hrez0_
 *fill*         0x080a2c22        0x2 90909090
 .text          0x080a2c24       0x90 /cern/99/lib/libpacklib.a(hsifla.o)
                0x080a2c24                hsifla_
 .text          0x080a2cb4       0x8a /cern/99/lib/libpacklib.a(hspace.o)
                0x080a2cb4                hspace_
 *fill*         0x080a2d3e        0x2 90909090
 .text          0x080a2d40       0x5f /cern/99/lib/libpacklib.a(hstaf.o)
                0x080a2d40                hstaf_
 *fill*         0x080a2d9f        0x1 90909090
 .text          0x080a2da0      0xbf4 /cern/99/lib/libpacklib.a(hsupis.o)
                0x080a2da0                hsupis_
 .text          0x080a3994       0x48 /cern/99/lib/libpacklib.a(huoptc.o)
                0x080a3994                huoptc_
 .text          0x080a39dc      0x1d6 /cern/99/lib/libpacklib.a(hlogpf.o)
                0x080a39dc                hlogpf_
 *fill*         0x080a3bb2        0x2 90909090
 .text          0x080a3bb4       0x7f /cern/99/lib/libpacklib.a(hoptpf.o)
                0x080a3bb4                hoptpf_
 *fill*         0x080a3c33        0x1 90909090
 .text          0x080a3c34      0x130 /cern/99/lib/libpacklib.a(hitoc.o)
                0x080a3c34                hitoc_
 .text          0x080a3d64       0xdf /cern/99/lib/libpacklib.a(hnbufd.o)
                0x080a3d64                hnbufd_
 *fill*         0x080a3e43        0x1 90909090
 .text          0x080a3e44       0xd1 /cern/99/lib/libpacklib.a(hntmpd.o)
                0x080a3e44                hntmpd_
 *fill*         0x080a3f15        0x3 90909090
 .text          0x080a3f18      0x2ef /cern/99/lib/libpacklib.a(hntrset.o)
                0x080a3f18                hntrset_
 *fill*         0x080a4207        0x1 90909090
 .text          0x080a4208      0xa4e /cern/99/lib/libpacklib.a(fzin.o)
                0x080a4208                fzin_
 *fill*         0x080a4c56        0x2 90909090
 .text          0x080a4c58      0x2e2 /cern/99/lib/libpacklib.a(fzirel.o)
                0x080a4c58                fzirel_
 *fill*         0x080a4f3a        0x2 90909090
 .text          0x080a4f3c      0x5e6 /cern/99/lib/libpacklib.a(fzloc.o)
                0x080a4f3c                fzloc_
 *fill*         0x080a5522        0x2 90909090
 .text          0x080a5524      0x132 /cern/99/lib/libpacklib.a(mzbook.o)
                0x080a5524                mzbook_
 *fill*         0x080a5656        0x2 90909090
 .text          0x080a5658      0x2ea /cern/99/lib/libpacklib.a(mzdrop.o)
                0x080a5658                mzdrop_
 *fill*         0x080a5942        0x2 90909090
 .text          0x080a5944      0x11a /cern/99/lib/libpacklib.a(mzebra.o)
                0x080a5944                mzebra_
 *fill*         0x080a5a5e        0x2 90909090
 .text          0x080a5a60      0x532 /cern/99/lib/libpacklib.a(mzflag.o)
                0x080a5a60                mzflag_
 *fill*         0x080a5f92        0x2 90909090
 .text          0x080a5f94      0x42c /cern/99/lib/libpacklib.a(mzinco.o)
                0x080a5f94                mzinco_
 .text          0x080a63c0      0xd0e /cern/99/lib/libpacklib.a(mzlift.o)
                0x080a63c0                mzlift_
 *fill*         0x080a70ce        0x2 90909090
 .text          0x080a70d0      0x5ef /cern/99/lib/libpacklib.a(mzlink.o)
                0x080a70d0                mzlink_
 *fill*         0x080a76bf        0x1 90909090
 .text          0x080a76c0      0x1ea /cern/99/lib/libpacklib.a(mzneed.o)
                0x080a76c0                mzneed_
 *fill*         0x080a78aa        0x2 90909090
 .text          0x080a78ac       0xb0 /cern/99/lib/libpacklib.a(mzpaw.o)
                0x080a78ac                mzpaw_
 .text          0x080a795c      0xf06 /cern/99/lib/libpacklib.a(mzpush.o)
                0x080a795c                mzpush_
 *fill*         0x080a8862        0x2 90909090
 .text          0x080a8864      0x9fe /cern/99/lib/libpacklib.a(mzstor.o)
                0x080a8864                mzstor_
 *fill*         0x080a9262        0x2 90909090
 .text          0x080a9264      0x100 /cern/99/lib/libpacklib.a(mzvers.o)
                0x080a9264                mzvers_
 .text          0x080a9364      0x503 /cern/99/lib/libpacklib.a(mzgar1.o)
                0x080a9364                mzgar1_
 *fill*         0x080a9867        0x1 90909090
 .text          0x080a9868       0x71 /cern/99/lib/libpacklib.a(mzgsta.o)
                0x080a9868                mzgsta_
 *fill*         0x080a98d9        0x3 90909090
 .text          0x080a98dc      0x33b /cern/99/lib/libpacklib.a(mzmove.o)
                0x080a98dc                mzmove_
 *fill*         0x080a9c17        0x1 90909090
 .text          0x080a9c18      0x673 /cern/99/lib/libpacklib.a(mzrelb.o)
                0x080a9c18                mzrelb_
 *fill*         0x080aa28b        0x1 90909090
 .text          0x080aa28c      0x4f9 /cern/99/lib/libpacklib.a(mzrell.o)
                0x080aa28c                mzrell_
 *fill*         0x080aa785        0x3 90909090
 .text          0x080aa788       0x8c /cern/99/lib/libpacklib.a(mzrelx.o)
                0x080aa788                mzrelx_
 .text          0x080aa814      0x3ac /cern/99/lib/libpacklib.a(mztabf.o)
                0x080aa814                mztabf_
 .text          0x080aabc0      0x2d0 /cern/99/lib/libpacklib.a(mztabm.o)
                0x080aabc0                mztabm_
 .text          0x080aae90      0x3e5 /cern/99/lib/libpacklib.a(mztabr.o)
                0x080aae90                mztabr_
 *fill*         0x080ab275        0x3 90909090
 .text          0x080ab278       0x79 /cern/99/lib/libpacklib.a(mztabs.o)
                0x080ab278                mztabs_
 *fill*         0x080ab2f1        0x3 90909090
 .text          0x080ab2f4      0x13d /cern/99/lib/libpacklib.a(mztabx.o)
                0x080ab2f4                mztabx_
 *fill*         0x080ab431        0x3 90909090
 .text          0x080ab434      0x29c /cern/99/lib/libpacklib.a(mzchln.o)
                0x080ab434                mzchln_
 .text          0x080ab6d0      0x1f0 /cern/99/lib/libpacklib.a(mzchls.o)
                0x080ab6d0                mzchls_
 .text          0x080ab8c0       0xa4 /cern/99/lib/libpacklib.a(mzchnb.o)
                0x080ab8c0                mzchnb_
 .text          0x080ab964      0x12c /cern/99/lib/libpacklib.a(mzfdiv.o)
                0x080ab964                mzfdiv_
 .text          0x080aba90      0x35a /cern/99/lib/libpacklib.a(mzform.o)
                0x080aba90                mzform_
 *fill*         0x080abdea        0x2 90909090
 .text          0x080abdec     0x1613 /cern/99/lib/libpacklib.a(mzioch.o)
                0x080abdec                mzioch_
 *fill*         0x080ad3ff        0x1 90909090
 .text          0x080ad400      0x388 /cern/99/lib/libpacklib.a(mzresv.o)
                0x080ad400                mzresv_
 .text          0x080ad788      0x295 /cern/99/lib/libpacklib.a(mzsdiv.o)
                0x080ad788                mzsdiv_
 *fill*         0x080ada1d        0x3 90909090
 .text          0x080ada20        0x7 /cern/99/lib/libpacklib.a(zvautx.o)
                0x080ada20                zvautx_
 *fill*         0x080ada27        0x1 90909090
 .text          0x080ada28      0x402 /cern/99/lib/libpacklib.a(zfatal.o)
                0x080ada28                zfatal_
 *fill*         0x080ade2a        0x2 90909090
 .text          0x080ade2c       0x9c /cern/99/lib/libpacklib.a(zfatam.o)
                0x080ade2c                zfatam_
 .text          0x080adec8      0x1c0 /cern/99/lib/libpacklib.a(ztell.o)
                0x080adec8                ztell_
 .text          0x080ae088        0x7 /cern/99/lib/libpacklib.a(ztelus.o)
                0x080ae088                ztelus_
 *fill*         0x080ae08f        0x1 90909090
 .text          0x080ae090       0xbd /cern/99/lib/libpacklib.a(izbcdt.o)
                0x080ae090                izbcdt_
 *fill*         0x080ae14d        0x3 90909090
 .text          0x080ae150       0x48 /cern/99/lib/libpacklib.a(izhnum.o)
                0x080ae150                izhnum_
 .text          0x080ae198      0x5b5 /cern/99/lib/libpacklib.a(zshunt.o)
                0x080ae198                zshunt_
 *fill*         0x080ae74d        0x3 90909090
 .text          0x080ae750      0x597 /cern/99/lib/libpacklib.a(rzcdir.o)
                0x080ae750                rzcdir_
 *fill*         0x080aece7        0x1 90909090
 .text          0x080aece8      0x340 /cern/99/lib/libpacklib.a(rzdate.o)
                0x080aece8                rzdate_
 .text          0x080af028      0x77d /cern/99/lib/libpacklib.a(rzfdir.o)
                0x080af028                rzfdir_
 *fill*         0x080af7a5        0x3 90909090
 .text          0x080af7a8      0x412 /cern/99/lib/libpacklib.a(rziodo.o)
                0x080af7a8                rziodo_
 *fill*         0x080afbba        0x2 90909090
 .text          0x080afbbc      0x1df /cern/99/lib/libpacklib.a(rzpaff.o)
                0x080afbbc                rzpaff_
 *fill*         0x080afd9b        0x1 90909090
 .text          0x080afd9c      0x660 /cern/99/lib/libpacklib.a(rzpath.o)
                0x080afd9c                rzpath_
 .text          0x080b03fc      0x24b /cern/99/lib/libpacklib.a(rzrtop.o)
                0x080b03fc                rzrtop_
 *fill*         0x080b0647        0x1 90909090
 .text          0x080b0648       0x57 /cern/99/lib/libpacklib.a(rzsame.o)
                0x080b0648                rzsame_
 *fill*         0x080b069f        0x1 90909090
 .text          0x080b06a0      0x593 /cern/99/lib/libpacklib.a(rzsave.o)
                0x080b06a0                rzsave_
 *fill*         0x080b0c33        0x1 90909090
 .text          0x080b0c34      0x189 /cern/99/lib/libpacklib.a(rzstrir.o)
                0x080b0c34                rzstrir_
 *fill*         0x080b0dbd        0x3 90909090
 .text          0x080b0dc0       0xf0 /cern/99/lib/libpacklib.a(rzvcyc.o)
                0x080b0dc0                rzvcyc_
 .text          0x080b0eb0        0x7 /cern/99/lib/libpacklib.a(abend.o)
                0x080b0eb0                abend_
 *fill*         0x080b0eb7        0x9 90909090
 .text          0x080b0ec0       0xfe /cern/99/lib/libpacklib.a(datime.o)
                0x080b0ec0                datime_
 *fill*         0x080b0fbe        0x2 90909090
 .text          0x080b0fc0      0x2f7 /cern/99/lib/libpacklib.a(datimh.o)
                0x080b0fc0                datimh_
 *fill*         0x080b12b7        0x9 90909090
 .text          0x080b12c0      0x1d0 /cern/99/lib/libpacklib.a(jumpxn.o)
                0x080b13d0                jumpx7_
                0x080b12f0                jumpx1_
                0x080b12c0                jumpad_
                0x080b1410                jumpx8_
                0x080b13a0                jumpx6_
                0x080b1450                jumpx9_
                0x080b12d0                jumpst_
                0x080b12e0                jumpx0_
                0x080b1370                jumpx5_
                0x080b1320                jumpx3_
                0x080b1300                jumpx2_
                0x080b1340                jumpx4_
 .text          0x080b1490        0x8 /cern/99/lib/libpacklib.a(locf.o)
                0x080b1490                locf_
 *fill*         0x080b1498        0x8 90909090
 .text          0x080b14a0       0x3f /cern/99/lib/libpacklib.a(qnexte.o)
                0x080b14a0                qnexte_
 *fill*         0x080b14df        0x1 90909090
 .text          0x080b14e0       0x7d /cern/99/lib/libpacklib.a(lenocc.o)
                0x080b14e0                lenocc_
 *fill*         0x080b155d        0x3 90909090
 .text          0x080b1560       0x45 /cern/99/lib/libpacklib.a(vxinvb.o)
                0x080b1560                vxinvb_
 *fill*         0x080b15a5        0xb 90909090
 .text          0x080b15b0       0x10 /cern/99/lib/libpacklib.a(cfclos.o)
                0x080b15b0                cfclos_
 .text          0x080b15c0       0x8b /cern/99/lib/libpacklib.a(cfget.o)
                0x080b15c0                cfget_
 *fill*         0x080b164b        0x5 90909090
 .text          0x080b1650       0x5f /cern/99/lib/libpacklib.a(cfput.o)
                0x080b1650                cfput_
 *fill*         0x080b16af        0x1 90909090
 .text          0x080b16b0       0x55 /cern/99/lib/libpacklib.a(cfseek.o)
                0x080b16b0                cfseek_
 *fill*         0x080b1705        0x3 90909090
 .text          0x080b1708      0x150 /cern/99/lib/libpacklib.a(cfopen.o)
                0x080b1708                cfopen_
 .text          0x080b1858       0xfe /cern/99/lib/libpacklib.a(cleft.o)
                0x080b1858                cleft_
 *fill*         0x080b1956        0x2 90909090
 .text          0x080b1958       0x75 /cern/99/lib/libpacklib.a(cltou.o)
                0x080b1958                cltou_
 *fill*         0x080b19cd        0x3 90909090
 .text          0x080b19d0       0x75 /cern/99/lib/libpacklib.a(cutol.o)
                0x080b19d0                cutol_
 *fill*         0x080b1a45        0x3 90909090
 .text          0x080b1a48       0x52 /cern/99/lib/libpacklib.a(floarg.o)
                0x080b1a48                floarg_
 *fill*         0x080b1a9a        0x2 90909090
 .text          0x080b1a9c       0x69 /cern/99/lib/libpacklib.a(intarg.o)
                0x080b1a9c                intarg_
 *fill*         0x080b1b05        0x3 90909090
 .text          0x080b1b08       0x2a /cern/99/lib/libpacklib.a(kerngt.o)
                0x080b1b08                kerngt_
 *fill*         0x080b1b32        0x2 90909090
 .text          0x080b1b34       0x6e /cern/99/lib/libpacklib.a(uoptc.o)
                0x080b1b34                uoptc_
 *fill*         0x080b1ba2        0x2 90909090
 .text          0x080b1ba4      0x2b1 /cern/99/lib/libpacklib.a(utrans.o)
                0x080b1ba4                utrans_
 *fill*         0x080b1e55        0xb 90909090
 .text          0x080b1e60        0xf /cern/99/lib/libpacklib.a(ishftr.o)
                0x080b1e60                ishftr_
 *fill*         0x080b1e6f        0x1 90909090
 .text          0x080b1e70        0x7 /cern/99/lib/libpacklib.a(qnext.o)
                0x080b1e70                qnext_
 *fill*         0x080b1e77        0x9 90909090
 .text          0x080b1e80       0x3a /cern/99/lib/libpacklib.a(ucopy2c.o)
                0x080b1e80                ucopy2_
 *fill*         0x080b1eba        0x2 90909090
 .text          0x080b1ebc       0x50 /cern/99/lib/libpacklib.a(iucomp.o)
                0x080b1ebc                iucomp_
 .text          0x080b1f0c        0x7 /cern/99/lib/libpacklib.a(noarg.o)
                0x080b1f0c                noarg_
 *fill*         0x080b1f13        0x1 90909090
 .text          0x080b1f14       0x19 /cern/99/lib/libpacklib.a(sbit0.o)
                0x080b1f14                sbit0_
 *fill*         0x080b1f2d        0x3 90909090
 .text          0x080b1f30       0x1d /cern/99/lib/libpacklib.a(sbit1.o)
                0x080b1f30                sbit1_
 *fill*         0x080b1f4d        0x3 90909090
 .text          0x080b1f50      0x1b3 /cern/99/lib/libpacklib.a(ublow.o)
                0x080b1f50                ublow_
 *fill*         0x080b2103        0x1 90909090
 .text          0x080b2104      0x14b /cern/99/lib/libpacklib.a(ubunch.o)
                0x080b2104                ubunch_
 *fill*         0x080b224f        0x1 90909090
 .text          0x080b2250       0x4b /cern/99/lib/libpacklib.a(ucopy.o)
                0x080b2250                ucopy_
 *fill*         0x080b229b        0x1 90909090
 .text          0x080b229c      0x22b /cern/99/lib/libpacklib.a(uctoh.o)
                0x080b229c                uctoh_
 *fill*         0x080b24c7        0x1 90909090
 .text          0x080b24c8       0x6f /cern/99/lib/libpacklib.a(uctoh1.o)
                0x080b24c8                uctoh1_
 *fill*         0x080b2537        0x1 90909090
 .text          0x080b2538      0x20f /cern/99/lib/libpacklib.a(uhtoc.o)
                0x080b2538                uhtoc_
 *fill*         0x080b2747        0x1 90909090
 .text          0x080b2748       0x3d /cern/99/lib/libpacklib.a(vblank.o)
                0x080b2748                vblank_
 *fill*         0x080b2785        0x3 90909090
 .text          0x080b2788       0x3d /cern/99/lib/libpacklib.a(vfill.o)
                0x080b2788                vfill_
 *fill*         0x080b27c5        0x3 90909090
 .text          0x080b27c8       0x3a /cern/99/lib/libpacklib.a(vzero.o)
                0x080b27c8                vzero_
 *fill*         0x080b2802        0x2 90909090
 .text          0x080b2804       0x23 /cern/99/lib/libpacklib.a(jbit.o)
                0x080b2804                jbit_
 *fill*         0x080b2827        0x1 90909090
 .text          0x080b2828       0x45 /cern/99/lib/libpacklib.a(jbyt.o)
                0x080b2828                jbyt_
 *fill*         0x080b286d        0x3 90909090
 .text          0x080b2870       0x57 /cern/99/lib/libpacklib.a(sbyt.o)
                0x080b2870                sbyt_
 *fill*         0x080b28c7        0x1 90909090
 .text          0x080b28c8       0x8d /cern/99/lib/libpacklib.a(locati.o)
                0x080b28c8                locati_
 *fill*         0x080b2955        0x3 90909090
 .text          0x080b2958       0x86 /cern/99/lib/libpacklib.a(czgeta.o)
                0x080b2958                czgeta_
 *fill*         0x080b29de        0x2 90909090
 .text          0x080b29e0       0x86 /cern/99/lib/libpacklib.a(czputa.o)
                0x080b29e0                czputa_
 *fill*         0x080b2a66        0x2 90909090
 .text          0x080b2a68      0x7cb /cern/99/lib/libpacklib.a(ffcard.o)
                0x080b2a68                ffcard_
 *fill*         0x080b3233        0x1 90909090
 .text          0x080b3234       0xc6 /cern/99/lib/libpacklib.a(fffind.o)
                0x080b3234                fffind_
 *fill*         0x080b32fa        0x2 90909090
 .text          0x080b32fc      0x395 /cern/99/lib/libpacklib.a(hqputf.o)
                0x080b32fc                hqputf_
 *fill*         0x080b3691        0xf 90909090
 .text          0x080b36a0      0x52c /cern/99/lib/libpacklib.a(hbpqry.o)
                0x080b3930                GetPiafVersion
                0x080b3910                SetVers
                0x080b39f0                greppqry_
                0x080b3920                setpiafver_
                0x080b3940                igetpiafver_
                0x080b3950                GrepPqryStr
 .text          0x080b3bcc      0x1ba /cern/99/lib/libpacklib.a(hrendc.o)
                0x080b3d70                hrend_
                0x080b3d58                hrendc_
 *fill*         0x080b3d86        0x2 90909090
 .text          0x080b3d88      0x23a /cern/99/lib/libpacklib.a(hropen.o)
                0x080b3d88                hropen_
 *fill*         0x080b3fc2        0x2 90909090
 .text          0x080b3fc4      0x7d4 /cern/99/lib/libpacklib.a(hrout.o)
                0x080b3fc4                hrout_
 .text          0x080b4798       0x94 /cern/99/lib/libpacklib.a(hrzcd.o)
                0x080b4798                hrzcd_
 .text          0x080b482c      0x180 /cern/99/lib/libpacklib.a(hrzout.o)
                0x080b482c                hrzout_
 .text          0x080b49ac      0x1ea /cern/99/lib/libpacklib.a(hbar2.o)
                0x080b49ac                hbar2_
 *fill*         0x080b4b96        0x2 90909090
 .text          0x080b4b98      0x512 /cern/99/lib/libpacklib.a(hbarx.o)
                0x080b4b98                hbarx_
 *fill*         0x080b50aa        0x2 90909090
 .text          0x080b50ac      0x416 /cern/99/lib/libpacklib.a(hbary.o)
                0x080b50ac                hbary_
 *fill*         0x080b54c2        0x2 90909090
 .text          0x080b54c4      0x3b1 /cern/99/lib/libpacklib.a(hbin.o)
                0x080b54c4                hbin_
 *fill*         0x080b5875        0x3 90909090
 .text          0x080b5878      0x3c6 /cern/99/lib/libpacklib.a(hcopy.o)
                0x080b5878                hcopy_
 *fill*         0x080b5c3e        0x2 90909090
 .text          0x080b5c40      0x435 /cern/99/lib/libpacklib.a(hcx.o)
                0x080b5c40                hcx_
 *fill*         0x080b6075        0x3 90909090
 .text          0x080b6078      0x153 /cern/99/lib/libpacklib.a(hcxy.o)
                0x080b6078                hcxy_
 *fill*         0x080b61cb        0x1 90909090
 .text          0x080b61cc       0x95 /cern/99/lib/libpacklib.a(hdcofl.o)
                0x080b61cc                hdcofl_
 *fill*         0x080b6261        0x3 90909090
 .text          0x080b6264      0x46c /cern/99/lib/libpacklib.a(hf1.o)
                0x080b6264                hf1_
 .text          0x080b66d0      0x710 /cern/99/lib/libpacklib.a(hf1aut.o)
                0x080b66d0                hf1aut_
 .text          0x080b6de0      0x39b /cern/99/lib/libpacklib.a(hf2.o)
                0x080b6de0                hf2_
 *fill*         0x080b717b        0x1 90909090
 .text          0x080b717c      0x2bd /cern/99/lib/libpacklib.a(hfcx.o)
                0x080b717c                hfcx_
 *fill*         0x080b7439        0x3 90909090
 .text          0x080b743c      0x191 /cern/99/lib/libpacklib.a(hfcxy.o)
                0x080b743c                hfcxy_
 *fill*         0x080b75cd        0x3 90909090
 .text          0x080b75d0      0x2ab /cern/99/lib/libpacklib.a(hfidp.o)
                0x080b75d0                hfidp_
 *fill*         0x080b787b        0x1 90909090
 .text          0x080b787c       0xff /cern/99/lib/libpacklib.a(hfind.o)
                0x080b787c                hfind_
 *fill*         0x080b797b        0x1 90909090
 .text          0x080b797c       0x32 /cern/99/lib/libpacklib.a(hi.o)
                0x080b797c                hi_
 *fill*         0x080b79ae        0x2 90909090
 .text          0x080b79b0       0x8f /cern/99/lib/libpacklib.a(hie.o)
                0x080b79b0                hie_
 *fill*         0x080b7a3f        0x1 90909090
 .text          0x080b7a40       0x88 /cern/99/lib/libpacklib.a(hix.o)
                0x080b7a40                hix_
 .text          0x080b7ac8      0x1a9 /cern/99/lib/libpacklib.a(hlabeq.o)
                0x080b7ac8                hlabeq_
 *fill*         0x080b7c71        0x3 90909090
 .text          0x080b7c74      0x3e6 /cern/99/lib/libpacklib.a(hmdir.o)
                0x080b7c74                hmdir_
 *fill*         0x080b805a        0x2 90909090
 .text          0x080b805c      0x9a3 /cern/99/lib/libpacklib.a(hoper1.o)
                0x080b805c                hoper1_
 *fill*         0x080b89ff        0x1 90909090
 .text          0x080b8a00       0xc4 /cern/99/lib/libpacklib.a(hoper1a.o)
                0x080b8a00                hoper1a_
 .text          0x080b8ac4      0x313 /cern/99/lib/libpacklib.a(hnbfwr.o)
                0x080b8ac4                hnbfwr_
 *fill*         0x080b8dd7        0x1 90909090
 .text          0x080b8dd8       0xbc /cern/99/lib/libpacklib.a(hnbuff.o)
                0x080b8dd8                hnbuff_
 .text          0x080b8e94      0x13d /cern/99/lib/libpacklib.a(hnmset.o)
                0x080b8e94                hnmset_
 *fill*         0x080b8fd1        0x3 90909090
 .text          0x080b8fd4      0x165 /cern/99/lib/libpacklib.a(hntdel.o)
                0x080b8fd4                hntdel_
 *fill*         0x080b9139        0x3 90909090
 .text          0x080b913c       0xc6 /cern/99/lib/libpacklib.a(hntmpf.o)
                0x080b913c                hntmpf_
 *fill*         0x080b9202        0x2 90909090
 .text          0x080b9204      0x5ea /cern/99/lib/libpacklib.a(fzidia.o)
                0x080b9204                fzidia_
 *fill*         0x080b97ee        0x2 90909090
 .text          0x080b97f0      0xf4c /cern/99/lib/libpacklib.a(fziffn.o)
                0x080b97f0                fziffn_
 .text          0x080ba73c     0x1315 /cern/99/lib/libpacklib.a(fziffx.o)
                0x080ba73c                fziffx_
 *fill*         0x080bba51        0x3 90909090
 .text          0x080bba54      0x16b /cern/99/lib/libpacklib.a(fzilin.o)
                0x080bba54                fzilin_
 *fill*         0x080bbbbf        0x1 90909090
 .text          0x080bbbc0      0xb22 /cern/99/lib/libpacklib.a(fzimtb.o)
                0x080bbbc0                fzimtb_
 *fill*         0x080bc6e2        0x2 90909090
 .text          0x080bc6e4      0xa42 /cern/99/lib/libpacklib.a(fzirec.o)
                0x080bc6e4                fzirec_
 *fill*         0x080bd126        0x2 90909090
 .text          0x080bd128      0x13e /cern/99/lib/libpacklib.a(fzitrn.o)
                0x080bd128                fzitrn_
 *fill*         0x080bd266        0x2 90909090
 .text          0x080bd268      0xd51 /cern/99/lib/libpacklib.a(fzout.o)
                0x080bd268                fzout_
 *fill*         0x080bdfb9        0x3 90909090
 .text          0x080bdfbc      0x16e /cern/99/lib/libpacklib.a(fzitrx.o)
                0x080bdfbc                fzitrx_
 *fill*         0x080be12a        0x2 90909090
 .text          0x080be12c      0xa62 /cern/99/lib/libpacklib.a(mzcopy.o)
                0x080be12c                mzcopy_
 *fill*         0x080beb8e        0x2 90909090
 .text          0x080beb90      0x136 /cern/99/lib/libpacklib.a(mzpudx.o)
                0x080beb90                mzpudx_
 *fill*         0x080becc6        0x2 90909090
 .text          0x080becc8      0x4cc /cern/99/lib/libpacklib.a(mzfgap.o)
                0x080becc8                mzfgap_
 .text          0x080bf194      0x229 /cern/99/lib/libpacklib.a(mzgarb.o)
                0x080bf194                mzgarb_
 *fill*         0x080bf3bd        0x3 90909090
 .text          0x080bf3c0      0x279 /cern/99/lib/libpacklib.a(mztabc.o)
                0x080bf3c0                mztabc_
 *fill*         0x080bf639        0x3 90909090
 .text          0x080bf63c      0x2d5 /cern/99/lib/libpacklib.a(mztabh.o)
                0x080bf63c                mztabh_
 *fill*         0x080bf911        0x3 90909090
 .text          0x080bf914      0x1fa /cern/99/lib/libpacklib.a(mzdvac.o)
                0x080bf914                mzdvac_
 *fill*         0x080bfb0e        0x2 90909090
 .text          0x080bfb10       0x9b /cern/99/lib/libpacklib.a(mziocf.o)
                0x080bfb10                mziocf_
 *fill*         0x080bfbab        0x1 90909090
 .text          0x080bfbac      0x6d2 /cern/99/lib/libpacklib.a(mziocr.o)
                0x080bfbac                mziocr_
 *fill*         0x080c027e        0x2 90909090
 .text          0x080c0280      0x2c0 /cern/99/lib/libpacklib.a(mzixco.o)
                0x080c0280                mzixco_
 .text          0x080c0540       0x33 /cern/99/lib/libpacklib.a(zabend.o)
                0x080c0540                zabend_
 *fill*         0x080c0573        0x1 90909090
 .text          0x080c0574       0x2f /cern/99/lib/libpacklib.a(zend.o)
                0x080c0574                zend_
 *fill*         0x080c05a3        0x1 90909090
 .text          0x080c05a4      0x21d /cern/99/lib/libpacklib.a(zphase.o)
                0x080c05a4                zphase_
 *fill*         0x080c07c1        0x3 90909090
 .text          0x080c07c4      0x1e8 /cern/99/lib/libpacklib.a(zpostm.o)
                0x080c07c4                zpostm_
 .text          0x080c09ac       0xc5 /cern/99/lib/libpacklib.a(zhtoi.o)
                0x080c09ac                zhtoi_
 *fill*         0x080c0a71        0x3 90909090
 .text          0x080c0a74      0x2ee /cern/99/lib/libpacklib.a(rzclos.o)
                0x080c0a74                rzclos_
 *fill*         0x080c0d62        0x2 90909090
 .text          0x080c0d64      0x1e7 /cern/99/lib/libpacklib.a(rzend.o)
                0x080c0d64                rzend_
 *fill*         0x080c0f4b        0x1 90909090
 .text          0x080c0f4c      0x446 /cern/99/lib/libpacklib.a(rzfree.o)
                0x080c0f4c                rzfree_
 *fill*         0x080c1392        0x2 90909090
 .text          0x080c1394      0x8df /cern/99/lib/libpacklib.a(rzmdir.o)
                0x080c1394                rzmdir_
 *fill*         0x080c1c73        0x1 90909090
 .text          0x080c1c74      0x1bc /cern/99/lib/libpacklib.a(rzmods.o)
                0x080c1c74                rzmods_
 .text          0x080c1e30      0xc44 /cern/99/lib/libpacklib.a(rzopen.o)
                0x080c1e30                rzopen_
 .text          0x080c2a74     0x12ab /cern/99/lib/libpacklib.a(rzout.o)
                0x080c2a74                rzout_
 *fill*         0x080c3d1f        0x1 90909090
 .text          0x080c3d20      0x238 /cern/99/lib/libpacklib.a(rzstrip.o)
                0x080c3d20                rzstrip_
 .text          0x080c3f58      0x419 /cern/99/lib/libpacklib.a(rzused.o)
                0x080c3f58                rzused_
 *fill*         0x080c4371        0x3 90909090
 .text          0x080c4374      0x39f /cern/99/lib/libpacklib.a(close.o)
                0x080c43b4                rfio_close_v2
                0x080c4374                rfio_close
 *fill*         0x080c4713        0x1 90909090
 .text          0x080c4714      0x2cd /cern/99/lib/libpacklib.a(error.o)
                0x080c4714                rfio_errmsg
                0x080c49a8                rfio_perror
                0x080c48a4                rfio_serror
 *fill*         0x080c49e1        0x3 90909090
 .text          0x080c49e4      0xa11 /cern/99/lib/libpacklib.a(lseek.o)
                0x080c49e4                rfio_lseek
 *fill*         0x080c53f5        0x3 90909090
 .text          0x080c53f8      0xc87 /cern/99/lib/libpacklib.a(open.o)
                0x080c57ec                rfio_open_ext
                0x080c57c4                rfio_open_v2
                0x080c56f0                rfio_open
                0x080c606c                rfio_setup
                0x080c55f0                rfio_cleanup
 *fill*         0x080c607f        0x1 90909090
 .text          0x080c6080      0x381 /cern/99/lib/libpacklib.a(parse.o)
                0x080c6080                rfio_parseln
                0x080c63ec                rfio_parse
 *fill*         0x080c6401        0x3 90909090
 .text          0x080c6404      0xcb8 /cern/99/lib/libpacklib.a(read.o)
                0x080c6450                rfio_read_v2
                0x080c6cb0                rfio_filbuf
                0x080c6404                rfio_read
 .text          0x080c70bc       0xc7 /cern/99/lib/libpacklib.a(serror.o)
                0x080c70bc                sstrerror
                0x080c7110                sperror
 *fill*         0x080c7183        0x1 90909090
 .text          0x080c7184       0xba /cern/99/lib/libpacklib.a(setopt.o)
                0x080c71ec                rfioreadopt
                0x080c7184                rfiosetopt
 *fill*         0x080c723e        0x2 90909090
 .text          0x080c7240      0x207 /cern/99/lib/libpacklib.a(socket.o)
                0x080c7344                s_send
                0x080c73d4                s_ioctl
                0x080c7420                getiostat
                0x080c73c0                s_errmsg
                0x080c7400                setrtimo
                0x080c73e8                s_nrecv
                0x080c72d4                s_recv
                0x080c73b0                s_close
 *fill*         0x080c7447        0x1 90909090
 .text          0x080c7448     0x23a1 /cern/99/lib/libpacklib.a(stream.o)
                0x080c7768                rfio_open_ext_v3
                0x080c7740                rfio_open_v3
                0x080c7640                rfio_cleanup_v3
                0x080c87b0                rfio_write_v3
                0x080c8090                rfio_setup_v3
                0x080c8b70                rfio_close_v3
                0x080c9794                set_snd_sockparam
                0x080c80a4                rfio_read_v3
                0x080c973c                set_rcv_sockparam
 *fill*         0x080c97e9        0x3 90909090
 .text          0x080c97ec       0xfc /cern/99/lib/libpacklib.a(trace.o)
                0x080c9878                init_trace
                0x080c97ec                print_trace
                0x080c98d4                end_trace
 .text          0x080c98e8      0x58d /cern/99/lib/libpacklib.a(write.o)
                0x080c98e8                rfio_write
                0x080c9934                rfio_write_v2
 *fill*         0x080c9e75        0xb 90909090
 .text          0x080c9e80      0x147 /cern/99/lib/libpacklib.a(cfopei.o)
                0x080c9e80                cfopei_
 *fill*         0x080c9fc7        0x1 90909090
 .text          0x080c9fc8       0x32 /cern/99/lib/libpacklib.a(cfstat.o)
                0x080c9fc8                cfstat_
 *fill*         0x080c9ffa        0x6 90909090
 .text          0x080ca000       0x3c /cern/99/lib/libpacklib.a(fchtak.o)
                0x080ca000                fchtak
 .text          0x080ca03c       0x5f /cern/99/lib/libpacklib.a(gshowf.o)
                0x080ca03c                gshowf_
 *fill*         0x080ca09b        0x1 90909090
 .text          0x080ca09c       0x52 /cern/99/lib/libpacklib.a(icluns.o)
                0x080ca09c                icluns_
 *fill*         0x080ca0ee        0x2 90909090
 .text          0x080ca0f0       0x38 /cern/99/lib/libpacklib.a(traceq.o)
                0x080ca0f0                traceq_
 .text          0x080ca128       0x83 /cern/99/lib/libpacklib.a(xinbf.o)
                0x080ca128                xinbf_
 *fill*         0x080ca1ab        0x1 90909090
 .text          0x080ca1ac      0x114 /cern/99/lib/libpacklib.a(xinbs.o)
                0x080ca1ac                xinbs_
 .text          0x080ca2c0      0xa5c /cern/99/lib/libpacklib.a(halloc.o)
                0x080ca7d0                hbprnt_
                0x080ca750                hbfreec_
                0x080ca790                hbsmax_
                0x080ca780                hbvm_
                0x080cac10                hballo1_
                0x080ca920                hbinit1_
                0x080ca6d0                hbfree_
                0x080ca7c0                hbgmax_
 .text          0x080cad1c      0x4d0 /cern/99/lib/libpacklib.a(hrfile.o)
                0x080cad1c                hrfile_
 .text          0x080cb1ec      0x8b5 /cern/99/lib/libpacklib.a(hfc1.o)
                0x080cb1ec                hfc1_
 *fill*         0x080cbaa1        0x3 90909090
 .text          0x080cbaa4       0x38 /cern/99/lib/libpacklib.a(hlccmp.o)
                0x080cbaa4                hlccmp_
 .text          0x080cbadc      0x151 /cern/99/lib/libpacklib.a(hlgnxt.o)
                0x080cbadc                hlgnxt_
 *fill*         0x080cbc2d        0x3 90909090
 .text          0x080cbc30       0x7e /cern/99/lib/libpacklib.a(hlhcmp.o)
                0x080cbc30                hlhcmp_
 *fill*         0x080cbcae        0x2 90909090
 .text          0x080cbcb0      0x364 /cern/99/lib/libpacklib.a(hlpos.o)
                0x080cbcb0                hlpos_
 .text          0x080cc014      0xd10 /cern/99/lib/libpacklib.a(dzsnap.o)
                0x080cc014                dzsnap_
 .text          0x080ccd24      0x28b /cern/99/lib/libpacklib.a(dztext.o)
                0x080ccd24                dztext_
 *fill*         0x080ccfaf        0x1 90909090
 .text          0x080ccfb0       0xe9 /cern/99/lib/libpacklib.a(zpage.o)
                0x080ccfb0                zpage_
 *fill*         0x080cd099        0x3 90909090
 .text          0x080cd09c      0x551 /cern/99/lib/libpacklib.a(fzipha.o)
                0x080cd09c                fzipha_
 *fill*         0x080cd5ed        0x3 90909090
 .text          0x080cd5f0      0x93f /cern/99/lib/libpacklib.a(fziphd.o)
                0x080cd5f0                fziphd_
 *fill*         0x080cdf2f        0x1 90909090
 .text          0x080cdf30      0x425 /cern/99/lib/libpacklib.a(fziphm.o)
                0x080cdf30                fziphm_
 *fill*         0x080ce355        0x3 90909090
 .text          0x080ce358      0x8fa /cern/99/lib/libpacklib.a(fziphr.o)
                0x080ce358                fziphr_
 *fill*         0x080cec52        0x2 90909090
 .text          0x080cec54      0x111 /cern/99/lib/libpacklib.a(fziprl.o)
                0x080cec54                fziprl_
 *fill*         0x080ced65        0x3 90909090
 .text          0x080ced68      0xb9d /cern/99/lib/libpacklib.a(fzoffn.o)
                0x080ced68                fzoffn_
 *fill*         0x080cf905        0x3 90909090
 .text          0x080cf908      0x602 /cern/99/lib/libpacklib.a(fzoffx.o)
                0x080cf908                fzoffx_
 *fill*         0x080cff0a        0x2 90909090
 .text          0x080cff0c       0x84 /cern/99/lib/libpacklib.a(fzon1.o)
                0x080cff0c                fzon1_
 .text          0x080cff90       0xa8 /cern/99/lib/libpacklib.a(fzon2.o)
                0x080cff90                fzon2_
 .text          0x080d0038       0xd1 /cern/99/lib/libpacklib.a(fzon3.o)
                0x080d0038                fzon3_
 *fill*         0x080d0109        0x3 90909090
 .text          0x080d010c       0xf5 /cern/99/lib/libpacklib.a(fzon4.o)
                0x080d010c                fzon4_
 *fill*         0x080d0201        0x3 90909090
 .text          0x080d0204      0x122 /cern/99/lib/libpacklib.a(fzon5.o)
                0x080d0204                fzon5_
 *fill*         0x080d0326        0x2 90909090
 .text          0x080d0328      0x148 /cern/99/lib/libpacklib.a(fzon6.o)
                0x080d0328                fzon6_
 .text          0x080d0470      0x75c /cern/99/lib/libpacklib.a(fzorec.o)
                0x080d0470                fzorec_
 .text          0x080d0bcc      0xa3e /cern/99/lib/libpacklib.a(fzotab.o)
                0x080d0bcc                fzotab_
 *fill*         0x080d160a        0x2 90909090
 .text          0x080d160c       0xf6 /cern/99/lib/libpacklib.a(fzotrn.o)
                0x080d160c                fzotrn_
 *fill*         0x080d1702        0x2 90909090
 .text          0x080d1704       0x98 /cern/99/lib/libpacklib.a(fzotxt.o)
                0x080d1704                fzotxt_
 .text          0x080d179c      0x402 /cern/99/lib/libpacklib.a(fzicv.o)
                0x080d179c                fzicv_
 *fill*         0x080d1b9e        0x2 90909090
 .text          0x080d1ba0      0x13a /cern/99/lib/libpacklib.a(fzotrx.o)
                0x080d1ba0                fzotrx_
 *fill*         0x080d1cda        0x2 90909090
 .text          0x080d1cdc       0x8e /cern/99/lib/libpacklib.a(mzend.o)
                0x080d1cdc                mzend_
 *fill*         0x080d1d6a        0x2 90909090
 .text          0x080d1d6c      0x379 /cern/99/lib/libpacklib.a(mzmaps.o)
                0x080d1d6c                mzmaps_
 *fill*         0x080d20e5        0x3 90909090
 .text          0x080d20e8      0x5fe /cern/99/lib/libpacklib.a(mzmark.o)
                0x080d20e8                mzmark_
 *fill*         0x080d26e6        0x2 90909090
 .text          0x080d26e8      0x436 /cern/99/lib/libpacklib.a(mzwork.o)
                0x080d26e8                mzwork_
 *fill*         0x080d2b1e        0x2 90909090
 .text          0x080d2b20       0xb2 /cern/99/lib/libpacklib.a(zitoh.o)
                0x080d2b20                zitoh_
 *fill*         0x080d2bd2        0x2 90909090
 .text          0x080d2bd4      0x221 /cern/99/lib/libpacklib.a(rzallo.o)
                0x080d2bd4                rzallo_
 *fill*         0x080d2df5        0x3 90909090
 .text          0x080d2df8     0x19c1 /cern/99/lib/libpacklib.a(rzdelk.o)
                0x080d2df8                rzdelk_
 *fill*         0x080d47b9        0x3 90909090
 .text          0x080d47bc      0x455 /cern/99/lib/libpacklib.a(rzexpd.o)
                0x080d47bc                rzexpd_
 *fill*         0x080d4c11        0x3 90909090
 .text          0x080d4c14      0xb3a /cern/99/lib/libpacklib.a(rzfile.o)
                0x080d4c14                rzfile_
 *fill*         0x080d574e        0x2 90909090
 .text          0x080d5750      0x3fd /cern/99/lib/libpacklib.a(rzllok.o)
                0x080d5750                rzllok_
 *fill*         0x080d5b4d        0x3 90909090
 .text          0x080d5b50      0x9ae /cern/99/lib/libpacklib.a(rzlock.o)
                0x080d5b50                rzlock_
 *fill*         0x080d64fe        0x2 90909090
 .text          0x080d6500      0xd0b /cern/99/lib/libpacklib.a(rzmake.o)
                0x080d6500                rzmake_
 *fill*         0x080d720b        0x1 90909090
 .text          0x080d720c      0x318 /cern/99/lib/libpacklib.a(rzobkn.o)
                0x080d720c                rzobkn_
 .text          0x080d7524      0x499 /cern/99/lib/libpacklib.a(rzpurf.o)
                0x080d7524                rzpurf_
 *fill*         0x080d79bd        0x3 90909090
 .text          0x080d79c0      0x5dd /cern/99/lib/libpacklib.a(rzveri.o)
                0x080d79c0                rzveri_
 *fill*         0x080d7f9d        0x3 90909090
 .text          0x080d7fa0      0x4eb /cern/99/lib/libpacklib.a(rzwrt.o)
                0x080d7fa0                rzwrt_
 *fill*         0x080d848b        0x1 90909090
 .text          0x080d848c      0x6da /cern/99/lib/libpacklib.a(connect.o)
                0x080d8b5c                rfio_lasthost
                0x080d848c                rfio_connect
 *fill*         0x080d8b66        0x2 90909090
 .text          0x080d8b68       0xa9 /cern/99/lib/libpacklib.a(getacct.o)
                0x080d8b68                getacct
 *fill*         0x080d8c11        0x3 90909090
 .text          0x080d8c14      0x19b /cern/99/lib/libpacklib.a(getacctent.o)
                0x080d8c14                getacctent
 *fill*         0x080d8daf        0x1 90909090
 .text          0x080d8db0      0x129 /cern/99/lib/libpacklib.a(getconfent.o)
                0x080d8db0                getconfent
 *fill*         0x080d8ed9        0x3 90909090
 .text          0x080d8edc      0x22b /cern/99/lib/libpacklib.a(getifnam.o)
                0x080d8edc                getifnam
 *fill*         0x080d9107        0x1 90909090
 .text          0x080d9108      0x256 /cern/99/lib/libpacklib.a(log.o)
                0x080d91b8                logit
                0x080d9108                initlog
                0x080d9354                getloglv
 *fill*         0x080d935e        0x2 90909090
 .text          0x080d9360      0x5ad /cern/99/lib/libpacklib.a(remote.o)
                0x080d9360                isremote
 *fill*         0x080d990d        0x3 90909090
 .text          0x080d9910       0x20 /cern/99/lib/libpacklib.a(setnetio.o)
                0x080d9910                setnetio
 .text          0x080d9930       0x4b /cern/99/lib/libpacklib.a(vxinvc.o)
                0x080d9930                vxinvc_
 *fill*         0x080d997b        0x5 90909090
 .text          0x080d9980       0xa9 /cern/99/lib/libpacklib.a(cfstati.o)
                0x080d9980                cfstati_
 *fill*         0x080d9a29        0x3 90909090
 .text          0x080d9a2c      0xb4f /cern/99/lib/libpacklib.a(dzare1.o)
                0x080d9a2c                dzare1_
 *fill*         0x080da57b        0x1 90909090
 .text          0x080da57c      0x5a5 /cern/99/lib/libpacklib.a(dzbkup.o)
                0x080da57c                dzbkup_
 *fill*         0x080dab21        0x3 90909090
 .text          0x080dab24      0x6e0 /cern/99/lib/libpacklib.a(dzbkxr.o)
                0x080dab24                dzbkxr_
 .text          0x080db204      0x9e3 /cern/99/lib/libpacklib.a(dzdata.o)
                0x080db204                dzdata_
 *fill*         0x080dbbe7        0x1 90909090
 .text          0x080dbbe8      0x5c9 /cern/99/lib/libpacklib.a(dzmap.o)
                0x080dbbe8                dzmap_
 *fill*         0x080dc1b1        0x3 90909090
 .text          0x080dc1b4       0xac /cern/99/lib/libpacklib.a(dzopt.o)
                0x080dc1b4                dzopt_
 .text          0x080dc260      0x546 /cern/99/lib/libpacklib.a(dzshpr.o)
                0x080dc260                dzshpr_
 *fill*         0x080dc7a6        0x2 90909090
 .text          0x080dc7a8      0x33f /cern/99/lib/libpacklib.a(dztyp.o)
                0x080dc7a8                dztyp_
 *fill*         0x080dcae7        0x1 90909090
 .text          0x080dcae8      0x7a6 /cern/99/lib/libpacklib.a(fziasc.o)
                0x080dcae8                fziasc_
 *fill*         0x080dd28e        0x2 90909090
 .text          0x080dd290      0x262 /cern/99/lib/libpacklib.a(fzichh.o)
                0x080dd290                fzichh_
 *fill*         0x080dd4f2        0x2 90909090
 .text          0x080dd4f4      0x101 /cern/99/lib/libpacklib.a(fzidum.o)
                0x080dd4f4                fzidum_
 *fill*         0x080dd5f5        0x3 90909090
 .text          0x080dd5f8      0x615 /cern/99/lib/libpacklib.a(fzophr.o)
                0x080dd5f8                fzophr_
 *fill*         0x080ddc0d        0x3 90909090
 .text          0x080ddc10      0x3e6 /cern/99/lib/libpacklib.a(fzocv.o)
                0x080ddc10                fzocv_
 *fill*         0x080ddff6        0x2 90909090
 .text          0x080ddff8       0x19 /cern/99/lib/libpacklib.a(izbcd.o)
                0x080ddff8                izbcd_
 *fill*         0x080de011        0x3 90909090
 .text          0x080de014      0x180 /cern/99/lib/libpacklib.a(rzdlok.o)
                0x080de014                rzdlok_
 .text          0x080de194      0xea5 /cern/99/lib/libpacklib.a(rzver1.o)
                0x080de194                rzver1_
 *fill*         0x080df039        0x3 90909090
 .text          0x080df03c      0x267 /cern/99/lib/libpacklib.a(rzver2.o)
                0x080df03c                rzver2_
 *fill*         0x080df2a3        0x1 90909090
 .text          0x080df2a4       0xf8 /cern/99/lib/libpacklib.a(stat.o)
                0x080df2a4                rfio_stat
 .text          0x080df39c       0x10 /cern/99/lib/libpacklib.a(cfweof.o)
                0x080df39c                cfweof_
 .text          0x080df3ac       0x41 /cern/99/lib/libpacklib.a(iumode.o)
                0x080df3ac                iumode_
 *fill*         0x080df3ed        0x3 90909090
 .text          0x080df3f0       0x50 /cern/99/lib/libpacklib.a(iufind.o)
                0x080df3f0                iufind_
 .text          0x080df440       0x98 /cern/99/lib/libpacklib.a(iusame.o)
                0x080df440                iusame_
 .text          0x080df4d8       0x5d /cern/99/lib/libpacklib.a(jrsbyt.o)
                0x080df4d8                jrsbyt_
 *fill*         0x080df535        0x3 90909090
 .text          0x080df538       0x58 /cern/99/lib/libpacklib.a(ucopiv.o)
                0x080df538                ucopiv_
 .text          0x080df590      0x149 /cern/99/lib/libpacklib.a(dzbkdv.o)
                0x080df590                dzbkdv_
 *fill*         0x080df6d9        0x3 90909090
 .text          0x080df6dc      0x3de /cern/99/lib/libpacklib.a(dzbkhd.o)
                0x080df6dc                dzbkhd_
 *fill*         0x080dfaba        0x2 90909090
 .text          0x080dfabc      0x166 /cern/99/lib/libpacklib.a(dziopr.o)
                0x080dfabc                dziopr_
 *fill*         0x080dfc22        0x2 90909090
 .text          0x080dfc24      0x247 /cern/99/lib/libpacklib.a(fzialn.o)
                0x080dfc24                fzialn_
 *fill*         0x080dfe6b        0x1 90909090
 .text          0x080dfe6c      0x5a0 /cern/99/lib/libpacklib.a(fzoasc.o)
                0x080dfe6c                fzoasc_
 .text          0x080e040c       0x5f /cern/99/lib/libpacklib.a(izchav.o)
                0x080e040c                izchav_
 *fill*         0x080e046b        0x1 90909090
 .text          0x080e046c      0x429 /cern/99/lib/libpacklib.a(rzprnk.o)
                0x080e046c                rzprnk_
 *fill*         0x080e0895        0x3 90909090
 .text          0x080e0898      0x74b /cern/99/lib/libpacklib.a(mstat.o)
                0x080e0ef8                rfio_end
                0x080e0898                rfio_mstat
                0x080e0a54                rfio_smstat
 *fill*         0x080e0fe3        0x1 90909090
 .text          0x080e0fe4      0x983 /cern/99/lib/libpacklib.a(dziopd.o)
                0x080e0fe4                dziopd_
 *fill*         0x080e1967        0x1 90909090
 .text          0x080e1968      0x6b8 /cern/99/lib/libpacklib.a(dzioph.o)
                0x080e1968                dzioph_
 .text          0x080e2020      0x1ca /cern/99/lib/libpacklib.a(fzoaln.o)
                0x080e2020                fzoaln_
 *fill*         0x080e21ea        0x2 90909090
 .text          0x080e21ec      0x3e2 /cern/99/lib/libpacklib.a(fzoapk.o)
                0x080e21ec                fzoapk_
 *fill*         0x080e25ce        0x2 90909090
 .text          0x080e25d0       0x6b /cern/99/lib/libpacklib.a(uh1toc.o)
                0x080e25d0                uh1toc_
 *fill*         0x080e263b        0x1 90909090
 .text          0x080e263c      0x450 /cern/99/lib/libmathlib.a(dsyev.o)
                0x080e263c                dsyev_
 .text          0x080e2a8c      0x5e9 /cern/99/lib/libmathlib.a(dsytrd.o)
                0x080e2a8c                dsytrd_
 *fill*         0x080e3075        0x3 90909090
 .text          0x080e3078      0xb97 /cern/99/lib/libmathlib.a(ilaenv.o)
                0x080e3078                ilaenv_
 *fill*         0x080e3c0f        0x1 90909090
 .text          0x080e3c10       0x78 /cern/99/lib/libmathlib.a(lsame.o)
                0x080e3c10                lsame_
 .text          0x080e3c88       0x40 /cern/99/lib/libmathlib.a(xerbla.o)
                0x080e3c88                xerbla_
 .text          0x080e3cc8      0x195 /cern/99/lib/libmathlib.a(dscal.o)
                0x080e3cc8                dscal_
 *fill*         0x080e3e5d        0x3 90909090
 .text          0x080e3e60      0xb9f /cern/99/lib/libmathlib.a(dsyr2k.o)
                0x080e3e60                dsyr2k_
 *fill*         0x080e49ff        0x1 90909090
 .text          0x080e4a00     0x17fd /cern/99/lib/libmathlib.a(dlamch.o)
                0x080e5c28                dlamc3_
                0x080e5370                dlamc2_
                0x080e4ed0                dlamc1_
                0x080e5efc                dlamc5_
                0x080e4a00                dlamch_
                0x080e5c44                dlamc4_
 *fill*         0x080e61fd        0x3 90909090
 .text          0x080e6200      0x5c8 /cern/99/lib/libmathlib.a(dlansy.o)
                0x080e6200                dlansy_
 .text          0x080e67c8      0x7ff /cern/99/lib/libmathlib.a(dlascl.o)
                0x080e67c8                dlascl_
 *fill*         0x080e6fc7        0x1 90909090
 .text          0x080e6fc8       0xb4 /cern/99/lib/libmathlib.a(dlassq.o)
                0x080e6fc8                dlassq_
 .text          0x080e707c      0x8eb /cern/99/lib/libmathlib.a(dlatrd.o)
                0x080e707c                dlatrd_
 *fill*         0x080e7967        0x1 90909090
 .text          0x080e7968      0x377 /cern/99/lib/libmathlib.a(dorgtr.o)
                0x080e7968                dorgtr_
 *fill*         0x080e7cdf        0x1 90909090
 .text          0x080e7ce0     0x123e /cern/99/lib/libmathlib.a(dsteqr.o)
                0x080e7ce0                dsteqr_
 *fill*         0x080e8f1e        0x2 90909090
 .text          0x080e8f20      0xd63 /cern/99/lib/libmathlib.a(dsterf.o)
                0x080e8f20                dsterf_
 *fill*         0x080e9c83        0x1 90909090
 .text          0x080e9c84      0x561 /cern/99/lib/libmathlib.a(dsytd2.o)
                0x080e9c84                dsytd2_
 *fill*         0x080ea1e5        0x3 90909090
 .text          0x080ea1e8      0x1ec /cern/99/lib/libmathlib.a(daxpy.o)
                0x080ea1e8                daxpy_
 .text          0x080ea3d4      0x1eb /cern/99/lib/libmathlib.a(ddot.o)
                0x080ea3d4                ddot_
 *fill*         0x080ea5bf        0x1 90909090
 .text          0x080ea5c0      0x6ec /cern/99/lib/libmathlib.a(dgemv.o)
                0x080ea5c0                dgemv_
 .text          0x080eacac      0x201 /cern/99/lib/libmathlib.a(dswap.o)
                0x080eacac                dswap_
 *fill*         0x080eaead        0x3 90909090
 .text          0x080eaeb0      0x848 /cern/99/lib/libmathlib.a(dsymv.o)
                0x080eaeb0                dsymv_
 .text          0x080eb6f8      0x658 /cern/99/lib/libmathlib.a(dsyr2.o)
                0x080eb6f8                dsyr2_
 .text          0x080ebd50      0x1a0 /cern/99/lib/libmathlib.a(dlae2.o)
                0x080ebd50                dlae2_
 .text          0x080ebef0      0x331 /cern/99/lib/libmathlib.a(dlaev2.o)
                0x080ebef0                dlaev2_
 *fill*         0x080ec221        0x3 90909090
 .text          0x080ec224      0x2b4 /cern/99/lib/libmathlib.a(dlanst.o)
                0x080ec224                dlanst_
 .text          0x080ec4d8       0xb3 /cern/99/lib/libmathlib.a(dlapy2.o)
                0x080ec4d8                dlapy2_
 *fill*         0x080ec58b        0x1 90909090
 .text          0x080ec58c      0x237 /cern/99/lib/libmathlib.a(dlarfg.o)
                0x080ec58c                dlarfg_
 *fill*         0x080ec7c3        0x1 90909090
 .text          0x080ec7c4      0x3fc /cern/99/lib/libmathlib.a(dlartg.o)
                0x080ec7c4                dlartg_
 .text          0x080ecbc0      0x1d8 /cern/99/lib/libmathlib.a(dlaset.o)
                0x080ecbc0                dlaset_
 .text          0x080ecd98      0xf86 /cern/99/lib/libmathlib.a(dlasr.o)
                0x080ecd98                dlasr_
 *fill*         0x080edd1e        0x2 90909090
 .text          0x080edd20      0x583 /cern/99/lib/libmathlib.a(dlasrt.o)
                0x080edd20                dlasrt_
 *fill*         0x080ee2a3        0x1 90909090
 .text          0x080ee2a4      0x5eb /cern/99/lib/libmathlib.a(dorgql.o)
                0x080ee2a4                dorgql_
 *fill*         0x080ee88f        0x1 90909090
 .text          0x080ee890      0x59e /cern/99/lib/libmathlib.a(dorgqr.o)
                0x080ee890                dorgqr_
 *fill*         0x080eee2e        0x2 90909090
 .text          0x080eee30      0x14f /cern/99/lib/libmathlib.a(dnrm2.o)
                0x080eee30                dnrm2_
 *fill*         0x080eef7f        0x1 90909090
 .text          0x080eef80     0x1586 /cern/99/lib/libmathlib.a(dlarfb.o)
                0x080eef80                dlarfb_
 *fill*         0x080f0506        0x2 90909090
 .text          0x080f0508      0x5c3 /cern/99/lib/libmathlib.a(dlarft.o)
                0x080f0508                dlarft_
 *fill*         0x080f0acb        0x1 90909090
 .text          0x080f0acc      0x317 /cern/99/lib/libmathlib.a(dorg2l.o)
                0x080f0acc                dorg2l_
 *fill*         0x080f0de3        0x1 90909090
 .text          0x080f0de4      0x2cb /cern/99/lib/libmathlib.a(dorg2r.o)
                0x080f0de4                dorg2r_
 *fill*         0x080f10af        0x1 90909090
 .text          0x080f10b0      0x1eb /cern/99/lib/libmathlib.a(dcopy.o)
                0x080f10b0                dcopy_
 *fill*         0x080f129b        0x1 90909090
 .text          0x080f129c      0x94b /cern/99/lib/libmathlib.a(dgemm.o)
                0x080f129c                dgemm_
 *fill*         0x080f1be7        0x1 90909090
 .text          0x080f1be8      0xd56 /cern/99/lib/libmathlib.a(dtrmm.o)
                0x080f1be8                dtrmm_
 *fill*         0x080f293e        0x2 90909090
 .text          0x080f2940      0x9e2 /cern/99/lib/libmathlib.a(dtrmv.o)
                0x080f2940                dtrmv_
 *fill*         0x080f3322        0x2 90909090
 .text          0x080f3324      0x101 /cern/99/lib/libmathlib.a(dlarf.o)
                0x080f3324                dlarf_
 *fill*         0x080f3425        0x3 90909090
 .text          0x080f3428      0x2d4 /cern/99/lib/libmathlib.a(dger.o)
                0x080f3428                dger_
 *fill*         0x080f36fc        0x4 90909090
 .text          0x080f3700       0x40 /usr/lib/libc_nonshared.a(atexit.oS)
                0x080f3700                atexit
 .text          0x080f3740      0x1a0 /usr/lib/gcc-lib/i686-pc-linux-gnu/2.95.3/libg2c.a(close.o)
                0x080f3830                f_exit
                0x080f388c                G77_flush_0
                0x080f3740                f_clos
 .text          0x080f38e0       0x28 /usr/lib/gcc-lib/i686-pc-linux-gnu/2.95.3/libg2c.a(dolio.o)
                0x080f38e0                do_lio
 *fill*         0x080f3908        0x8 90909090
 .text          0x080f3910      0x3f0 /usr/lib/gcc-lib/i686-pc-linux-gnu/2.95.3/libg2c.a(due.o)
                0x080f3bac                s_wdue
                0x080f3b2c                s_rdue
                0x080f3cd8                e_wdue
                0x080f3910                c_due
                0x080f3c2c                e_rdue
 .text          0x080f3d00      0x340 /usr/lib/gcc-lib/i686-pc-linux-gnu/2.95.3/libg2c.a(endfile.o)
                0x080f3e48                t_runc
                0x080f3d00                f_end
 .text          0x080f4040      0x4c0 /usr/lib/gcc-lib/i686-pc-linux-gnu/2.95.3/libg2c.a(err.o)
                0x080f43ec                f__nowwriting
                0x080f4040                f__canseek
                0x080f427c                f_init
                0x080f40cc                f__fatal
                0x080f4330                f__nowreading
                0x080f44b8                err(float, long)
 .text          0x080f4500      0xc50 /usr/lib/gcc-lib/i686-pc-linux-gnu/2.95.3/libg2c.a(fmt.o)
                0x080f50f4                fmt_bg
                0x080f4ddc                do_fio
                0x080f50d0                en_fio
                0x080f4d00                pars_f
 .text          0x080f5150      0x4d0 /usr/lib/gcc-lib/i686-pc-linux-gnu/2.95.3/libg2c.a(iio.o)
                0x080f5384                iw_rev
                0x080f542c                z_wnew
                0x080f51cc                z_putc
                0x080f550c                e_rsfi
                0x080f5264                c_si
                0x080f5204                z_rnew
                0x080f5150                z_getc
                0x080f53c8                s_rsfi
                0x080f552c                e_wsfi
                0x080f54a8                s_wsfi
 .text          0x080f5620      0x3d0 /usr/lib/gcc-lib/i686-pc-linux-gnu/2.95.3/libg2c.a(inquire.o)
                0x080f5620                f_inqu
 .text          0x080f59f0     0x1340 /usr/lib/gcc-lib/i686-pc-linux-gnu/2.95.3/libg2c.a(lread.o)