Archive member included because of file (symbol)

/home/pcl2483/pedro/jadesoft/util/mcgen/Plib/libmc105j.a(mcgetf.o)
                              mcjt74_105j.o (mcgetf_)
/home/pcl2483/pedro/jadesoft/util/mcgen/Plib/libmc105j.a(mcgeth.o)
                              mcjt74_105j.o (mcgeth_)
/home/pcl2483/pedro/jadesoft/util/mcgen/Plib/libmc105j.a(mcgetp.o)
                              mcjt74_105j.o (mcgetp_)
/home/pcl2483/pedro/jadesoft/util/mcgen/Plib/libmc105j.a(mcinit.o)
                              mcjt74_105j.o (mcinit_)
/home/pcl2483/pedro/jadesoft/util/mcgen/Plib/libmc105j.a(mcstbl.o)
                              mcjt74_105j.o (mcstbl_)
/home/pcl2483/pedro/jadesoft/util/mcgen/Plib/libmc105j.a(mcwrit.o)
                              mcjt74_105j.o (mcwrit_)
/home/pcl2483/pedro/jadesoft/util/mcgen/Plib/libmc105j.a(pxeecb.o)
                              mcjt74_105j.o (pxeecb_)
/home/pcl2483/pedro/jadesoft/util/mcgen/Plib/libmc105j.a(evwrtj.o)
                              /home/pcl2483/pedro/jadesoft/util/mcgen/Plib/libmc105j.a(mcwrit.o) (evwrtj_)
/home/pcl2483/pedro/jadesoft/util/mcgen/Plib/libmc105j.a(incprd.o)
                              /home/pcl2483/pedro/jadesoft/util/mcgen/Plib/libmc105j.a(evwrtj.o) (incprd_)
/home/pcl2483/pedro/jadesoft/util/mcgen/Plib/libmc105j.a(jadeco.o)
                              /home/pcl2483/pedro/jadesoft/util/mcgen/Plib/libmc105j.a(evwrtj.o) (jadeco_)
/home/pcl2483/pedro/jadesoft/util/mcgen/Plib/libmc105j.a(jtconv.o)
                              /home/pcl2483/pedro/jadesoft/util/mcgen/Plib/libmc105j.a(mcgeth.o) (jtconv_)
/home/pcl2483/pedro/jadesoft/util/mcgen/Plib/libmc105j.a(mcrnst.o)
                              /home/pcl2483/pedro/jadesoft/util/mcgen/Plib/libmc105j.a(mcwrit.o) (mcrnst_)
/home/pcl2483/pedro/jadesoft/util/mcgen/Plib/libmc105j.a(ntcprd.o)
                              /home/pcl2483/pedro/jadesoft/util/mcgen/Plib/libmc105j.a(evwrtj.o) (ntcprd_)
/home/pcl2483/pedro/jadesoft/util/mcgen/Plib/libmc105j.a(prcprd.o)
                              /home/pcl2483/pedro/jadesoft/util/mcgen/Plib/libmc105j.a(evwrtj.o) (prcprd_)
/home/pcl2483/pedro/jadesoft/util/mcgen/Plib/libmc105j.a(wrcprd.o)
                              /home/pcl2483/pedro/jadesoft/util/mcgen/Plib/libmc105j.a(evwrtj.o) (wrcprd_)
/home/pcl2483/pedro/jadesoft/util/mcgen/Plib/libjt74opal.a(jt74op.o)
                              mcjt74_105j.o (jt74op_)
/home/pcl2483/pedro/jadesoft/util/mcgen/Plib/libjt74opal.a(luchge.o)
                              /home/pcl2483/pedro/jadesoft/util/mcgen/Plib/libmc105j.a(mcgeth.o) (luchge_)
/home/pcl2483/pedro/jadesoft/util/mcgen/Plib/libjt74opal.a(lucomp.o)
                              /home/pcl2483/pedro/jadesoft/util/mcgen/Plib/libmc105j.a(mcgeth.o) (lucomp_)
/home/pcl2483/pedro/jadesoft/util/mcgen/Plib/libjt74opal.a(ludata.o)
                              mcjt74_105j.o (gudatr_)
/home/pcl2483/pedro/jadesoft/util/mcgen/Plib/libjt74opal.a(luedit.o)
                              mcjt74_105j.o (luedit_)
/home/pcl2483/pedro/jadesoft/util/mcgen/Plib/libjt74opal.a(lueevt.o)
                              mcjt74_105j.o (lueevt_)
/home/pcl2483/pedro/jadesoft/util/mcgen/Plib/libjt74opal.a(luerrm.o)
                              /home/pcl2483/pedro/jadesoft/util/mcgen/Plib/libjt74opal.a(luedit.o) (luerrm_)
/home/pcl2483/pedro/jadesoft/util/mcgen/Plib/libjt74opal.a(luexec.o)
                              /home/pcl2483/pedro/jadesoft/util/mcgen/Plib/libjt74opal.a(lueevt.o) (luexec_)
/home/pcl2483/pedro/jadesoft/util/mcgen/Plib/libjt74opal.a(lugive.o)
                              mcjt74_105j.o (lugive_)
/home/pcl2483/pedro/jadesoft/util/mcgen/Plib/libjt74opal.a(luindf.o)
                              /home/pcl2483/pedro/jadesoft/util/mcgen/Plib/libjt74opal.a(luexec.o) (luindf_)
/home/pcl2483/pedro/jadesoft/util/mcgen/Plib/libjt74opal.a(lukfdi.o)
                              /home/pcl2483/pedro/jadesoft/util/mcgen/Plib/libjt74opal.a(luindf.o) (lukfdi_)
/home/pcl2483/pedro/jadesoft/util/mcgen/Plib/libjt74opal.a(lulist.o)
                              mcjt74_105j.o (lulist_)
/home/pcl2483/pedro/jadesoft/util/mcgen/Plib/libjt74opal.a(lulogo.o)
                              /home/pcl2483/pedro/jadesoft/util/mcgen/Plib/libjt74opal.a(lulist.o) (lulogo_)
/home/pcl2483/pedro/jadesoft/util/mcgen/Plib/libjt74opal.a(luname.o)
                              /home/pcl2483/pedro/jadesoft/util/mcgen/Plib/libmc105j.a(mcstbl.o) (luname_)
/home/pcl2483/pedro/jadesoft/util/mcgen/Plib/libjt74opal.a(luprep.o)
                              /home/pcl2483/pedro/jadesoft/util/mcgen/Plib/libjt74opal.a(lueevt.o) (luprep_)
/home/pcl2483/pedro/jadesoft/util/mcgen/Plib/libjt74opal.a(luptdi.o)
                              /home/pcl2483/pedro/jadesoft/util/mcgen/Plib/libjt74opal.a(luindf.o) (luptdi_)
/home/pcl2483/pedro/jadesoft/util/mcgen/Plib/libjt74opal.a(luradk.o)
                              /home/pcl2483/pedro/jadesoft/util/mcgen/Plib/libjt74opal.a(lueevt.o) (luradk_)
[...]
Memory Configuration

Name             Origin             Length             Attributes
*default*        0x00000000         0xffffffff

Linker script and memory map

LOAD /usr/lib/crt1.o
LOAD /usr/lib/crti.o
LOAD /usr/lib/gcc-lib/i686-pc-linux-gnu/2.95.3/crtbegin.o
LOAD mcjt74_105j.o
LOAD /home/pcl2483/pedro/jadesoft/util/mcgen/Plib/libmc105j.a
LOAD /home/pcl2483/pedro/jadesoft/util/mcgen/Plib/libjt74opal.a
LOAD /home/pcl2483/pedro/jadesoft/util/mcgen/Plib/libckern105.a
LOAD /home/pcl2483/pedro/jadesoft/util/mcgen/Plib/libpx114.a
LOAD /cern/99/lib/libgraflib.a
LOAD /cern/99/lib/libgrafX11.a
LOAD /cern/99/lib/libpacklib.a
LOAD /cern/99/lib/libmathlib.a
LOAD /cern/99/lib/libkernlib.a
LOAD /lib/libnsl.so.1
LOAD /usr/lib/libc.so
START GROUP
LOAD /lib/libc.so.6
LOAD /usr/lib/libc_nonshared.a
END GROUP
LOAD /usr/lib/gcc-lib/i686-pc-linux-gnu/2.95.3/libg2c.a
LOAD /usr/lib/libm.so
LOAD /usr/lib/gcc-lib/i686-pc-linux-gnu/2.95.3/libgcc.a
LOAD /usr/lib/libc.so
START GROUP
LOAD /lib/libc.so.6
LOAD /usr/lib/libc_nonshared.a
END GROUP
LOAD /usr/lib/gcc-lib/i686-pc-linux-gnu/2.95.3/libgcc.a
LOAD /usr/lib/gcc-lib/i686-pc-linux-gnu/2.95.3/crtend.o
LOAD /usr/lib/crtn.o
                0x080480f4                . = (0x8048000 + SIZEOF_HEADERS)

.interp         0x080480f4       0x13
 *(.interp)
 .interp        0x080480f4       0x13 /usr/lib/crt1.o

.note.ABI-tag   0x08048108       0x20
 .note.ABI-tag  0x08048108       0x20 /usr/lib/crt1.o

.hash           0x08048128      0x390
 *(.hash)
 .hash          0x08048128      0x390 /usr/lib/crt1.o

.dynsym         0x080484b8      0x810
 *(.dynsym)
 .dynsym        0x080484b8      0x810 /usr/lib/crt1.o

.dynstr         0x08048cc8      0x40f
 *(.dynstr)
 .dynstr        0x08048cc8      0x40f /usr/lib/crt1.o

.gnu.version    0x080490d8      0x102
 *(.gnu.version)
 .gnu.version   0x080490d8      0x102 /usr/lib/crt1.o

.gnu.version_d
 *(.gnu.version_d)

.gnu.version_r  0x080491dc       0x60
 *(.gnu.version_r)
 .gnu.version_r
                0x080491dc       0x60 /usr/lib/crt1.o

.rel.dyn        0x0804923c       0x58
 *(.rel.init)
 *(.rel.text .rel.text.* .rel.gnu.linkonce.t.*)
 *(.rel.fini)
 *(.rel.rodata .rel.rodata.* .rel.gnu.linkonce.r.*)
 *(.rel.data .rel.data.* .rel.gnu.linkonce.d.*)
 *(.rel.tdata .rel.tdata.* .rel.gnu.linkonce.td.*)
 *(.rel.tbss .rel.tbss.* .rel.gnu.linkonce.tb.*)
 *(.rel.ctors)
 *(.rel.dtors)
 *(.rel.got)
 .rel.got       0x0804923c       0x10 /usr/lib/crt1.o
 *(.rel.bss .rel.bss.* .rel.gnu.linkonce.b.*)
 .rel.bss       0x0804924c       0x48 /usr/lib/crt1.o

.rela.dyn
 *(.rela.init)
 *(.rela.text .rela.text.* .rela.gnu.linkonce.t.*)
 *(.rela.fini)
 *(.rela.rodata .rela.rodata.* .rela.gnu.linkonce.r.*)
 *(.rela.data .rela.data.* .rela.gnu.linkonce.d.*)
 *(.rela.tdata .rela.tdata.* .rela.gnu.linkonce.td.*)
 *(.rela.tbss .rela.tbss.* .rela.gnu.linkonce.tb.*)
 *(.rela.ctors)
 *(.rela.dtors)
 *(.rela.got)
 *(.rela.bss .rela.bss.* .rela.gnu.linkonce.b.*)

.rel.plt        0x08049294      0x398
 *(.rel.plt)
 .rel.plt       0x08049294      0x398 /usr/lib/crt1.o

.rela.plt
 *(.rela.plt)

.init           0x0804962c       0x25
 *(.init)
 .init          0x0804962c       0x18 /usr/lib/crti.o
                0x0804962c                _init
 .init          0x08049644        0x5 /usr/lib/gcc-lib/i686-pc-linux-gnu/2.95.3/crtbegin.o
 .init          0x08049649        0x5 /usr/lib/gcc-lib/i686-pc-linux-gnu/2.95.3/crtend.o
 .init          0x0804964e        0x3 /usr/lib/crtn.o

.plt            0x08049654      0x740
 *(.plt)
 .plt           0x08049654      0x740 /usr/lib/crt1.o
                0x08049664                __umoddi3@@GLIBC_2.0
                0x08049674                readlink@@GLIBC_2.0
                0x08049684                cos@@GLIBC_2.0
                0x08049694                ntohl@@GLIBC_2.0
                0x080496a4                inet_netof@@GLIBC_2.0
                0x080496b4                __strtod_internal@@GLIBC_2.0
                0x080496c4                ferror@@GLIBC_2.0
                0x080496d4                vsprintf@@GLIBC_2.0
                0x080496e4                strchr@@GLIBC_2.0
                0x080496f4                feof@@GLIBC_2.0
                0x08049704                atan@@GLIBC_2.0
                0x08049714                ungetc@@GLIBC_2.0
                0x08049724                getpid@@GLIBC_2.0
                0x08049734                __register_frame_info@@GLIBC_2.0
                0x08049744                write@@GLIBC_2.0
                0x08049754                localtime@@GLIBC_2.0
                0x08049764                fileno@@GLIBC_2.0
                0x08049774                strcmp@@GLIBC_2.0
                0x08049784                close@@GLIBC_2.0
                0x08049794                asin@@GLIBC_2.0
                0x080497a4                perror@@GLIBC_2.0
                0x080497b4                fprintf@@GLIBC_2.0
                0x080497c4                tmpfile@@GLIBC_2.1
                0x080497d4                tempnam@@GLIBC_2.0
                0x080497e4                getenv@@GLIBC_2.0
                0x080497f4                umask@@GLIBC_2.0
                0x08049804                signal@@GLIBC_2.0
                0x08049814                fflush@@GLIBC_2.0
                0x08049824                getservbyname@@GLIBC_2.0
                0x08049834                unlink@@GLIBC_2.0
                0x08049844                freopen@@GLIBC_2.0
                0x08049854                select@@GLIBC_2.0
                0x08049864                htonl@@GLIBC_2.0
                0x08049874                __cxa_atexit@@GLIBC_2.1.3
                0x08049884                getpwuid@@GLIBC_2.0
                0x08049894                __errno_location@@GLIBC_2.0
                0x080498a4                pow@@GLIBC_2.0
                0x080498b4                rewind@@GLIBC_2.0
                0x080498c4                ftell@@GLIBC_2.0
                0x080498d4                gethostbyaddr@@GLIBC_2.0
                0x080498e4                chmod@@GLIBC_2.0
                0x080498f4                access@@GLIBC_2.0
                0x08049904                inet_ntoa@@GLIBC_2.0
                0x08049914                malloc@@GLIBC_2.0
                0x08049924                fread@@GLIBC_2.0
                0x08049934                memmove@@GLIBC_2.0
                0x08049944                clearerr@@GLIBC_2.0
                0x08049954                __deregister_frame_info@@GLIBC_2.0
                0x08049964                syslog@@GLIBC_2.0
                0x08049974                getsockopt@@GLIBC_2.0
                0x08049984                abort@@GLIBC_2.0
                0x08049994                __sigsetjmp@@GLIBC_2.0
                0x080499a4                __xstat@@GLIBC_2.0
                0x080499b4                setsockopt@@GLIBC_2.0
                0x080499c4                getpeername@@GLIBC_2.0
                0x080499d4                vfprintf@@GLIBC_2.0
                0x080499e4                fseek@@GLIBC_2.0
                0x080499f4                time@@GLIBC_2.0
                0x08049a04                fgets@@GLIBC_2.0
                0x08049a14                ntohs@@GLIBC_2.0
                0x08049a24                __fxstat@@GLIBC_2.0
                0x08049a34                fputs@@GLIBC_2.0
                0x08049a44                strstr@@GLIBC_2.0
                0x08049a54                longjmp@@GLIBC_2.0
                0x08049a64                sleep@@GLIBC_2.0
                0x08049a74                __strtol_internal@@GLIBC_2.0
                0x08049a84                __udivdi3@@GLIBC_2.0
                0x08049a94                strncmp@@GLIBC_2.0
                0x08049aa4                inet_addr@@GLIBC_2.0
                0x08049ab4                floor@@GLIBC_2.0
                0x08049ac4                __libc_start_main@@GLIBC_2.0
                0x08049ad4                exp@@GLIBC_2.0
                0x08049ae4                realloc@@GLIBC_2.0
                0x08049af4                tan@@GLIBC_2.0
                0x08049b04                printf@@GLIBC_2.0
                0x08049b14                getuid@@GLIBC_2.0
                0x08049b24                lseek@@GLIBC_2.0
                0x08049b34                memcpy@@GLIBC_2.0
                0x08049b44                sqrt@@GLIBC_2.0
                0x08049b54                fclose@@GLIBC_2.1
                0x08049b64                getsockname@@GLIBC_2.0
                0x08049b74                strrchr@@GLIBC_2.0
                0x08049b84                ctime@@GLIBC_2.0
                0x08049b94                isdigit@@GLIBC_2.0
                0x08049ba4                gethostname@@GLIBC_2.0
                0x08049bb4                open@@GLIBC_2.0
                0x08049bc4                gethostbyname@@GLIBC_2.0
                0x08049bd4                exit@@GLIBC_2.0
                0x08049be4                atoi@@GLIBC_2.0
                0x08049bf4                getegid@@GLIBC_2.0
                0x08049c04                calloc@@GLIBC_2.0
                0x08049c14                sscanf@@GLIBC_2.0
                0x08049c24                _IO_putc@@GLIBC_2.0
                0x08049c34                free@@GLIBC_2.0
                0x08049c44                send@@GLIBC_2.0
                0x08049c54                ioctl@@GLIBC_2.0
                0x08049c64                htons@@GLIBC_2.0
                0x08049c74                isatty@@GLIBC_2.0
                0x08049c84                acos@@GLIBC_2.0
                0x08049c94                memset@@GLIBC_2.0
                0x08049ca4                connect@@GLIBC_2.0
                0x08049cb4                strncpy@@GLIBC_2.0
                0x08049cc4                drem@@GLIBC_2.0
                0x08049cd4                fopen@@GLIBC_2.1
                0x08049ce4                strtok@@GLIBC_2.0
                0x08049cf4                recv@@GLIBC_2.0
                0x08049d04                sprintf@@GLIBC_2.0
                0x08049d14                fwrite@@GLIBC_2.0
                0x08049d24                sin@@GLIBC_2.0
                0x08049d34                socket@@GLIBC_2.0
                0x08049d44                _IO_getc@@GLIBC_2.0
                0x08049d54                log@@GLIBC_2.0
                0x08049d64                read@@GLIBC_2.0
                0x08049d74                geteuid@@GLIBC_2.0
                0x08049d84                strcpy@@GLIBC_2.0

.text           0x08049da0    0xe9c10
 *(.text .stub .text.* .gnu.linkonce.t.*)
 .text          0x08049da0       0x24 /usr/lib/crt1.o
                0x08049da0                _start
 .text          0x08049dc4       0x24 /usr/lib/crti.o
 *fill*         0x08049de8        0x8 90909090
 .text          0x08049df0       0xa0 /usr/lib/gcc-lib/i686-pc-linux-gnu/2.95.3/crtbegin.o
 .text          0x08049e90     0xc79c mcjt74_105j.o
                0x0804f328                mcusev_
                0x08055638                meanjet_
                0x0804a6fc                mcevbl_
                0x08050fb8                fin3out_
                0x08050b04                pripar_
                0x0804a704                mcpobl_
                0x0804a914                mcusin_
                0x08053c08                jtfill_
                0x08053590                mcanal_
                0x08052ecc                qqctrk_
                0x08049e90                MAIN__
                0x08052dd0                qqboos_
                0x080530f4                mcfima_
                0x08055188                ytest_
                0x08051108                mcfill_
                0x0805007c                mcusfi_
                0x0804a70c                mcusff_
 *fill*         0x0805662c        0x4 90909090
 .text          0x08056630      0x1e9 /home/pcl2483/pedro/jadesoft/util/mcgen/Plib/libmc105j.a(mcgetf.o)
                0x08056630                mcgetf_
 *fill*         0x08056819        0x7 90909090
 .text          0x08056820      0x6ac /home/pcl2483/pedro/jadesoft/util/mcgen/Plib/libmc105j.a(mcgeth.o)
                0x08056820                mcgeth_
 *fill*         0x08056ecc        0x4 90909090
 .text          0x08056ed0      0x69f /home/pcl2483/pedro/jadesoft/util/mcgen/Plib/libmc105j.a(mcgetp.o)
                0x08056ed0                mcgetp_
 *fill*         0x0805756f        0x1 90909090
 .text          0x08057570      0x504 /home/pcl2483/pedro/jadesoft/util/mcgen/Plib/libmc105j.a(mcinit.o)
                0x08057570                mcinit_
 *fill*         0x08057a74        0xc 90909090
 .text          0x08057a80      0x243 /home/pcl2483/pedro/jadesoft/util/mcgen/Plib/libmc105j.a(mcstbl.o)
                0x08057a80                mcstbl_
 *fill*         0x08057cc3        0xd 90909090
 .text          0x08057cd0      0x8db /home/pcl2483/pedro/jadesoft/util/mcgen/Plib/libmc105j.a(mcwrit.o)
                0x08057cd0                mcwrit_
 *fill*         0x080585ab        0x5 90909090
 .text          0x080585b0      0xd64 /home/pcl2483/pedro/jadesoft/util/mcgen/Plib/libmc105j.a(pxeecb.o)
                0x080585b0                pxeecb_
 *fill*         0x08059314        0xc 90909090
 .text          0x08059320      0xe91 /home/pcl2483/pedro/jadesoft/util/mcgen/Plib/libmc105j.a(evwrtj.o)
                0x08059320                evwrtj_
 *fill*         0x0805a1b1        0xf 90909090
 .text          0x0805a1c0      0x166 /home/pcl2483/pedro/jadesoft/util/mcgen/Plib/libmc105j.a(incprd.o)
                0x0805a1c0                incprd_
 *fill*         0x0805a326        0xa 90909090
 .text          0x0805a330      0x16b /home/pcl2483/pedro/jadesoft/util/mcgen/Plib/libmc105j.a(jadeco.o)
                0x0805a330                jadeco_
 *fill*         0x0805a49b        0x5 90909090
 .text          0x0805a4a0      0xcd0 /home/pcl2483/pedro/jadesoft/util/mcgen/Plib/libmc105j.a(jtconv.o)
                0x0805a4a0                jtconv_
 .text          0x0805b170      0x539 /home/pcl2483/pedro/jadesoft/util/mcgen/Plib/libmc105j.a(mcrnst.o)
                0x0805b170                mcrnst_
 *fill*         0x0805b6a9        0x7 90909090
 .text          0x0805b6b0        0x9 /home/pcl2483/pedro/jadesoft/util/mcgen/Plib/libmc105j.a(ntcprd.o)
                0x0805b6b0                ntcprd_
 *fill*         0x0805b6b9        0x7 90909090
 .text          0x0805b6c0      0x81b /home/pcl2483/pedro/jadesoft/util/mcgen/Plib/libmc105j.a(prcprd.o)
                0x0805b6c0                prcprd_
 *fill*         0x0805bedb        0x5 90909090
 .text          0x0805bee0      0x6c4 /home/pcl2483/pedro/jadesoft/util/mcgen/Plib/libmc105j.a(wrcprd.o)
                0x0805bee0                wrcprd_
 *fill*         0x0805c5a4        0xc 90909090
 .text          0x0805c5b0      0x39b /home/pcl2483/pedro/jadesoft/util/mcgen/Plib/libjt74opal.a(jt74op.o)
                0x0805c5b0                jt74op_
 *fill*         0x0805c94b        0x5 90909090
 .text          0x0805c950      0x552 /home/pcl2483/pedro/jadesoft/util/mcgen/Plib/libjt74opal.a(luchge.o)
                0x0805c950                luchge_
 *fill*         0x0805cea2        0xe 90909090
 .text          0x0805ceb0      0x957 /home/pcl2483/pedro/jadesoft/util/mcgen/Plib/libjt74opal.a(lucomp.o)
                0x0805ceb0                lucomp_
 *fill*         0x0805d807        0x1 90909090
 .text          0x0805d808        0x7 /home/pcl2483/pedro/jadesoft/util/mcgen/Plib/libjt74opal.a(ludata.o)
                0x0805d808                ludata_
 *fill*         0x0805d80f        0x1 90909090
 .text          0x0805d810     0x2a61 /home/pcl2483/pedro/jadesoft/util/mcgen/Plib/libjt74opal.a(luedit.o)
                0x0805d810                luedit_
 *fill*         0x08060271        0xf 90909090
 .text          0x08060280      0xb90 /home/pcl2483/pedro/jadesoft/util/mcgen/Plib/libjt74opal.a(lueevt.o)
                0x08060280                lueevt_
 .text          0x08060e10      0x2c2 /home/pcl2483/pedro/jadesoft/util/mcgen/Plib/libjt74opal.a(luerrm.o)
                0x08060e10                luerrm_
 *fill*         0x080610d2        0xe 90909090
 .text          0x080610e0      0xa45 /home/pcl2483/pedro/jadesoft/util/mcgen/Plib/libjt74opal.a(luexec.o)
                0x080610e0                luexec_
 *fill*         0x08061b25        0xb 90909090
 .text          0x08061b30     0x292f /home/pcl2483/pedro/jadesoft/util/mcgen/Plib/libjt74opal.a(lugive.o)
                0x08061b30                lugive_
 *fill*         0x0806445f        0x1 90909090
 .text          0x08064460     0x4bef /home/pcl2483/pedro/jadesoft/util/mcgen/Plib/libjt74opal.a(luindf.o)
                0x08064460                luindf_
 *fill*         0x0806904f        0x1 90909090
 .text          0x08069050     0x31f6 /home/pcl2483/pedro/jadesoft/util/mcgen/Plib/libjt74opal.a(lukfdi.o)
                0x08069050                lukfdi_
 *fill*         0x0806c246        0xa 90909090
 .text          0x0806c250     0x2766 /home/pcl2483/pedro/jadesoft/util/mcgen/Plib/libjt74opal.a(lulist.o)
                0x0806c250                lulist_
 *fill*         0x0806e9b6        0xa 90909090
 .text          0x0806e9c0      0x69a /home/pcl2483/pedro/jadesoft/util/mcgen/Plib/libjt74opal.a(lulogo.o)
                0x0806e9c0                lulogo_
 *fill*         0x0806f05a        0x6 90909090
 .text          0x0806f060      0xdd4 /home/pcl2483/pedro/jadesoft/util/mcgen/Plib/libjt74opal.a(luname.o)
                0x0806f060                luname_
 *fill*         0x0806fe34        0xc 90909090
 .text          0x0806fe40     0x39ef /home/pcl2483/pedro/jadesoft/util/mcgen/Plib/libjt74opal.a(luprep.o)
                0x0806fe40                luprep_
 *fill*         0x0807382f        0x1 90909090
 .text          0x08073830      0x177 /home/pcl2483/pedro/jadesoft/util/mcgen/Plib/libjt74opal.a(luptdi.o)
                0x08073830                luptdi_
 *fill*         0x080739a7        0x9 90909090
 .text          0x080739b0      0x73f /home/pcl2483/pedro/jadesoft/util/mcgen/Plib/libjt74opal.a(luradk.o)
                0x08073a94                luradk_
 *fill*         0x080740ef        0x1 90909090
 .text          0x080740f0      0xc9b /home/pcl2483/pedro/jadesoft/util/mcgen/Plib/libjt74opal.a(lurobo.o)
                0x08074d10                lurobo_
                0x08074d4c                ludbrb_
 *fill*         0x08074d8b        0x5 90909090
 .text          0x08074d90     0x9eb1 /home/pcl2483/pedro/jadesoft/util/mcgen/Plib/libjt74opal.a(lushow.o)
                0x08074d90                lushow_
 *fill*         0x0807ec41        0xf 90909090
 .text          0x0807ec50     0xb76f /home/pcl2483/pedro/jadesoft/util/mcgen/Plib/libjt74opal.a(lustrf.o)
                0x0807edb8                lustrf_
 *fill*         0x0808a3bf        0x1 90909090
 .text          0x0808a3c0     0x60f3 /home/pcl2483/pedro/jadesoft/util/mcgen/Plib/libjt74opal.a(lutabu.o)
                0x0808a3c0                lutabu_
 *fill*         0x080904b3        0xd 90909090
 .text          0x080904c0     0x229f /home/pcl2483/pedro/jadesoft/util/mcgen/Plib/libjt74opal.a(luupda.o)
                0x080904c0                luupda_
 *fill*         0x0809275f        0x1 90909090
 .text          0x08092760     0x1920 /home/pcl2483/pedro/jadesoft/util/mcgen/Plib/libjt74opal.a(lux3jt.o)
                0x080927fc                lux3jt_
 .text          0x08094080     0x2b42 /home/pcl2483/pedro/jadesoft/util/mcgen/Plib/libjt74opal.a(lux4jt.o)
                0x08094080                lux4jt_
 *fill*         0x08096bc2        0xe 90909090
 .text          0x08096bd0     0x16a3 /home/pcl2483/pedro/jadesoft/util/mcgen/Plib/libjt74opal.a(luxdif.o)
                0x08096bd0                luxdif_
 *fill*         0x08098273        0xd 90909090
 .text          0x08098280     0x12e2 /home/pcl2483/pedro/jadesoft/util/mcgen/Plib/libjt74opal.a(luxjet.o)
                0x08098280                luxjet_
 *fill*         0x08099562        0xe 90909090
 .text          0x08099570      0x72c /home/pcl2483/pedro/jadesoft/util/mcgen/Plib/libjt74opal.a(luxkfl.o)
                0x08099570                luxkfl_
 *fill*         0x08099c9c        0x4 90909090
 .text          0x08099ca0     0x1510 /home/pcl2483/pedro/jadesoft/util/mcgen/Plib/libjt74opal.a(luxtot.o)
                0x08099ca0                luxtot_
 .text          0x0809b1b0      0xc5b /home/pcl2483/pedro/jadesoft/util/mcgen/Plib/libjt74opal.a(luzdis.o)
                0x0809b1b0                luzdis_
 *fill*         0x0809be0b        0x5 90909090
 .text          0x0809be10      0xa80 /home/pcl2483/pedro/jadesoft/util/mcgen/Plib/libjt74opal.a(plu.o)
                0x0809be10                plu_
 .text          0x0809c890      0x597 /home/pcl2483/pedro/jadesoft/util/mcgen/Plib/libjt74opal.a(rlu.o)
                0x0809c890                rlu_
 *fill*         0x0809ce27        0x9 90909090
 .text          0x0809ce30      0x3a3 /home/pcl2483/pedro/jadesoft/util/mcgen/Plib/libjt74opal.a(ulalps.o)
                0x0809ce30                ulalps_
 *fill*         0x0809d1d3        0xd 90909090
 .text          0x0809d1e0      0x139 /home/pcl2483/pedro/jadesoft/util/mcgen/Plib/libjt74opal.a(ulangl.o)
                0x0809d1e0                ulangl_
 *fill*         0x0809d319        0x7 90909090
 .text          0x0809d320      0x92a /home/pcl2483/pedro/jadesoft/util/mcgen/Plib/libjt74opal.a(ulmass.o)
                0x0809d320                ulmass_
 *fill*         0x0809dc4a        0x6 90909090
 .text          0x0809dc50      0x3a3 /home/pcl2483/pedro/jadesoft/util/mcgen/Plib/libjt74opal.a(lu1ent.o)
                0x0809dc50                lu1ent_
 *fill*         0x0809dff3        0xd 90909090
 .text          0x0809e000      0x6f9 /home/pcl2483/pedro/jadesoft/util/mcgen/Plib/libjt74opal.a(lu2ent.o)
                0x0809e000                lu2ent_
 *fill*         0x0809e6f9        0x7 90909090
 .text          0x0809e700      0xdfe /home/pcl2483/pedro/jadesoft/util/mcgen/Plib/libjt74opal.a(lu3ent.o)
                0x0809e700                lu3ent_
 *fill*         0x0809f4fe        0x2 90909090
 .text          0x0809f500     0x18b1 /home/pcl2483/pedro/jadesoft/util/mcgen/Plib/libjt74opal.a(lu4ent.o)
                0x0809f500                lu4ent_
 *fill*         0x080a0db1        0xf 90909090
 .text          0x080a0dc0     0x1e4f /home/pcl2483/pedro/jadesoft/util/mcgen/Plib/libjt74opal.a(luboei.o)
                0x080a0dc0                luboei_
 *fill*         0x080a2c0f        0x1 90909090
 .text          0x080a2c10       0x96 /home/pcl2483/pedro/jadesoft/util/mcgen/Plib/libjt74opal.a(lubs.o)
                0x080a2c10                lubs_
 *fill*         0x080a2ca6        0xa 90909090
 .text          0x080a2cb0     0x7150 /home/pcl2483/pedro/jadesoft/util/mcgen/Plib/libjt74opal.a(ludecy.o)
                0x080a2e68                ludecy_
 .text          0x080a9e00     0x123c /home/pcl2483/pedro/jadesoft/util/mcgen/Plib/libjt74opal.a(lutaud.o)
                0x080a9e00                lutaud_
 *fill*         0x080ab03c        0x4 90909090
 .text          0x080ab040      0x205 /home/pcl2483/pedro/jadesoft/util/mcgen/Plib/libjt74opal.a(taupol.o)
                0x080ab040                taupol_
 *fill*         0x080ab245        0xb 90909090
 .text          0x080ab250      0x776 /home/pcl2483/pedro/jadesoft/util/mcgen/Plib/libjt74opal.a(dexay.o)
                0x080ab250                dexay_
 *fill*         0x080ab9c6        0xa 90909090
 .text          0x080ab9d0      0x42c /home/pcl2483/pedro/jadesoft/util/mcgen/Plib/libjt74opal.a(dexay1.o)
                0x080ab9d0                dexay1_
 *fill*         0x080abdfc        0x4 90909090
 .text          0x080abe00      0x154 /home/pcl2483/pedro/jadesoft/util/mcgen/Plib/libjt74opal.a(dexel.o)
                0x080abe00                dexel_
 *fill*         0x080abf54        0xc 90909090
 .text          0x080abf60      0x104 /home/pcl2483/pedro/jadesoft/util/mcgen/Plib/libjt74opal.a(dexkk.o)
                0x080abf60                dexkk_
 *fill*         0x080ac064        0xc 90909090
 .text          0x080ac070      0x164 /home/pcl2483/pedro/jadesoft/util/mcgen/Plib/libjt74opal.a(dexks.o)
                0x080ac070                dexks_
 *fill*         0x080ac1d4        0xc 90909090
 .text          0x080ac1e0      0x164 /home/pcl2483/pedro/jadesoft/util/mcgen/Plib/libjt74opal.a(dexmu.o)
                0x080ac1e0                dexmu_
 *fill*         0x080ac344        0xc 90909090
 .text          0x080ac350      0x15c /home/pcl2483/pedro/jadesoft/util/mcgen/Plib/libjt74opal.a(dexnew.o)
                0x080ac350                dexnew_
 *fill*         0x080ac4ac        0x4 90909090
 .text          0x080ac4b0      0x104 /home/pcl2483/pedro/jadesoft/util/mcgen/Plib/libjt74opal.a(dexpi.o)
                0x080ac4b0                dexpi_
 *fill*         0x080ac5b4        0xc 90909090
 .text          0x080ac5c0      0x15a /home/pcl2483/pedro/jadesoft/util/mcgen/Plib/libjt74opal.a(dexro.o)
                0x080ac5c0                dexro_
 *fill*         0x080ac71a        0x6 90909090
 .text          0x080ac720      0x1bc /home/pcl2483/pedro/jadesoft/util/mcgen/Plib/libjt74opal.a(dwlnew.o)
                0x080ac720                dwlnew_
 *fill*         0x080ac8dc        0x4 90909090
 .text          0x080ac8e0      0x268 /home/pcl2483/pedro/jadesoft/util/mcgen/Plib/libjt74opal.a(dwluaa.o)
                0x080ac8e0                dwluaa_
 *fill*         0x080acb48        0x8 90909090
 .text          0x080acb50      0x104 /home/pcl2483/pedro/jadesoft/util/mcgen/Plib/libjt74opal.a(dwluel.o)
                0x080acb50                dwluel_
 *fill*         0x080acc54        0xc 90909090
 .text          0x080acc60       0xb5 /home/pcl2483/pedro/jadesoft/util/mcgen/Plib/libjt74opal.a(dwlukk.o)
                0x080acc60                dwlukk_
 *fill*         0x080acd15        0xb 90909090
 .text          0x080acd20      0x244 /home/pcl2483/pedro/jadesoft/util/mcgen/Plib/libjt74opal.a(dwluks.o)
                0x080acd20                dwluks_
 *fill*         0x080acf64        0xc 90909090
 .text          0x080acf70      0x104 /home/pcl2483/pedro/jadesoft/util/mcgen/Plib/libjt74opal.a(dwlumu.o)
                0x080acf70                dwlumu_
 *fill*         0x080ad074        0xc 90909090
 .text          0x080ad080       0xab /home/pcl2483/pedro/jadesoft/util/mcgen/Plib/libjt74opal.a(dwlupi.o)
                0x080ad080                dwlupi_
 *fill*         0x080ad12b        0x5 90909090
 .text          0x080ad130      0x134 /home/pcl2483/pedro/jadesoft/util/mcgen/Plib/libjt74opal.a(dwluro.o)
                0x080ad130                dwluro_
 *fill*         0x080ad264        0xc 90909090
 .text          0x080ad270       0xda /home/pcl2483/pedro/jadesoft/util/mcgen/Plib/libjt74opal.a(dwrph.o)
                0x080ad270                dwrph_
 *fill*         0x080ad34a        0x6 90909090
 .text          0x080ad350      0x391 /home/pcl2483/pedro/jadesoft/util/mcgen/Plib/libjt74opal.a(filhep.o)
                0x080ad350                filhep_
 *fill*         0x080ad6e1        0xf 90909090
 .text          0x080ad6f0      0xd35 /home/pcl2483/pedro/jadesoft/util/mcgen/Plib/libjt74opal.a(initdk.o)
                0x080ad6f0                initdk_
 *fill*         0x080ae425        0xb 90909090
 .text          0x080ae430      0x170 /home/pcl2483/pedro/jadesoft/util/mcgen/Plib/libjt74opal.a(jaker.o)
                0x080ae430                jaker_
 .text          0x080ae5a0      0x214 /home/pcl2483/pedro/jadesoft/util/mcgen/Plib/libjt74opal.a(lunpik.o)
                0x080ae5a0                lunpik_
 *fill*         0x080ae7b4        0xc 90909090
 .text          0x080ae7c0      0x5a8 /home/pcl2483/pedro/jadesoft/util/mcgen/Plib/libjt74opal.a(dadmel.o)
                0x080ae7c0                dadmel_
 *fill*         0x080aed68        0x8 90909090
 .text          0x080aed70      0x577 /home/pcl2483/pedro/jadesoft/util/mcgen/Plib/libjt74opal.a(dadmkk.o)
                0x080aed70                dadmkk_
 *fill*         0x080af2e7        0x9 90909090
 .text          0x080af2f0      0x5b8 /home/pcl2483/pedro/jadesoft/util/mcgen/Plib/libjt74opal.a(dadmks.o)
                0x080af2f0                dadmks_
 *fill*         0x080af8a8        0x8 90909090
 .text          0x080af8b0      0x598 /home/pcl2483/pedro/jadesoft/util/mcgen/Plib/libjt74opal.a(dadmmu.o)
                0x080af8b0                dadmmu_
 *fill*         0x080afe48        0x8 90909090
 .text          0x080afe50      0x56d /home/pcl2483/pedro/jadesoft/util/mcgen/Plib/libjt74opal.a(dadmpi.o)
                0x080afe50                dadmpi_
 *fill*         0x080b03bd        0x3 90909090
 .text          0x080b03c0      0x558 /home/pcl2483/pedro/jadesoft/util/mcgen/Plib/libjt74opal.a(dadmro.o)
                0x080b03c0                dadmro_
 *fill*         0x080b0918        0x8 90909090
 .text          0x080b0920      0xace /home/pcl2483/pedro/jadesoft/util/mcgen/Plib/libjt74opal.a(dadnew.o)
                0x080b0920                dadnew_
 *fill*         0x080b13ee        0x2 90909090
 .text          0x080b13f0      0x185 /home/pcl2483/pedro/jadesoft/util/mcgen/Plib/libjt74opal.a(dexaa.o)
                0x080b13f0                dexaa_
 *fill*         0x080b1575        0xb 90909090
 .text          0x080b1580     0x1f8c /home/pcl2483/pedro/jadesoft/util/mcgen/Plib/libjt74opal.a(dph4pi.o)
                0x080b15d4                dph4pi_
 *fill*         0x080b350c        0x4 90909090
 .text          0x080b3510     0x17fc /home/pcl2483/pedro/jadesoft/util/mcgen/Plib/libjt74opal.a(dph5pi.o)
                0x080b3644                dph5pi_
 *fill*         0x080b4d0c        0x4 90909090
 .text          0x080b4d10     0x192f /home/pcl2483/pedro/jadesoft/util/mcgen/Plib/libjt74opal.a(dphnpi.o)
                0x080b4dd0                dphnpi_
 *fill*         0x080b663f        0x1 90909090
 .text          0x080b6640      0x17b /home/pcl2483/pedro/jadesoft/util/mcgen/Plib/libjt74opal.a(dphsel.o)
                0x080b6640                dphsel_
 *fill*         0x080b67bb        0x5 90909090
 .text          0x080b67c0     0x138f /home/pcl2483/pedro/jadesoft/util/mcgen/Plib/libjt74opal.a(dphsks.o)
                0x080b67c0                dphsks_
 *fill*         0x080b7b4f        0x1 90909090
 .text          0x080b7b50      0x17b /home/pcl2483/pedro/jadesoft/util/mcgen/Plib/libjt74opal.a(dphsmu.o)
                0x080b7b50                dphsmu_
 *fill*         0x080b7ccb        0x5 90909090
 .text          0x080b7cd0      0x1b9 /home/pcl2483/pedro/jadesoft/util/mcgen/Plib/libjt74opal.a(dphspk.o)
                0x080b7cd0                dphspk_
 *fill*         0x080b7e89        0x7 90909090
 .text          0x080b7e90      0x870 /home/pcl2483/pedro/jadesoft/util/mcgen/Plib/libjt74opal.a(dphsrk.o)
                0x080b7e90                dphsrk_
 .text          0x080b8700      0x85f /home/pcl2483/pedro/jadesoft/util/mcgen/Plib/libjt74opal.a(dphsro.o)
                0x080b8700                dphsro_
 *fill*         0x080b8f5f        0x1 90909090
 .text          0x080b8f60     0x13cd /home/pcl2483/pedro/jadesoft/util/mcgen/Plib/libjt74opal.a(dphtre.o)
                0x080b8fb4                dphtre_
 *fill*         0x080ba32d        0x3 90909090
 .text          0x080ba330      0xcee /home/pcl2483/pedro/jadesoft/util/mcgen/Plib/libjt74opal.a(drcmu.o)
                0x080ba330                drcmu_
 *fill*         0x080bb01e        0x2 90909090
 .text          0x080bb020       0x87 /home/pcl2483/pedro/jadesoft/util/mcgen/Plib/libjt74opal.a(dwluph.o)
                0x080bb020                dwluph_
 *fill*         0x080bb0a7        0x1 90909090
 .text          0x080bb0a8       0x3d /home/pcl2483/pedro/jadesoft/util/mcgen/Plib/libjt74opal.a(fpirho.o)
                0x080bb0a8                fpirho_
 *fill*         0x080bb0e5        0x3 90909090
 .text          0x080bb0e8       0x44 /home/pcl2483/pedro/jadesoft/util/mcgen/Plib/libjt74opal.a(fpirk.o)
                0x080bb0e8                fpirk_
 *fill*         0x080bb12c        0x4 90909090
 .text          0x080bb130      0x109 /home/pcl2483/pedro/jadesoft/util/mcgen/Plib/libjt74opal.a(rotor2.o)
                0x080bb130                rotor2_
 *fill*         0x080bb239        0x7 90909090
 .text          0x080bb240       0xf9 /home/pcl2483/pedro/jadesoft/util/mcgen/Plib/libjt74opal.a(rotor3.o)
                0x080bb240                rotor3_
 *fill*         0x080bb339        0x7 90909090
 .text          0x080bb340       0x3a /home/pcl2483/pedro/jadesoft/util/mcgen/Plib/libjt74opal.a(rotpol.o)
                0x080bb340                rotpol_
 *fill*         0x080bb37a        0x6 90909090
 .text          0x080bb380       0x3a /home/pcl2483/pedro/jadesoft/util/mcgen/Plib/libjt74opal.a(rotpox.o)
                0x080bb380                rotpox_
 *fill*         0x080bb3ba        0x6 90909090
 .text          0x080bb3c0      0x67c /home/pcl2483/pedro/jadesoft/util/mcgen/Plib/libjt74opal.a(sigee.o)
                0x080bb3c0                sigee_
 .text          0x080bba3c      0x11d /home/pcl2483/pedro/jadesoft/util/mcgen/Plib/libjt74opal.a(sphera.o)
                0x080bba3c                sphera_
 *fill*         0x080bbb59        0x3 90909090
 .text          0x080bbb5c      0x115 /home/pcl2483/pedro/jadesoft/util/mcgen/Plib/libjt74opal.a(spherd.o)
                0x080bbb5c                spherd_
 *fill*         0x080bbc71        0xf 90909090
 .text          0x080bbc80       0xff /home/pcl2483/pedro/jadesoft/util/mcgen/Plib/libjt74opal.a(bostd3.o)
                0x080bbc80                bostd3_
 *fill*         0x080bbd7f        0x1 90909090
 .text          0x080bbd80       0xff /home/pcl2483/pedro/jadesoft/util/mcgen/Plib/libjt74opal.a(bostr3.o)
                0x080bbd80                bostr3_
 *fill*         0x080bbe7f        0x1 90909090
 .text          0x080bbe80      0x267 /home/pcl2483/pedro/jadesoft/util/mcgen/Plib/libjt74opal.a(bwigs.o)
                0x080bbf24                bwigs_
 *fill*         0x080bc0e7        0x9 90909090
 .text          0x080bc0f0      0x5b8 /home/pcl2483/pedro/jadesoft/util/mcgen/Plib/libjt74opal.a(choice.o)
                0x080bc0f0                choice_
 *fill*         0x080bc6a8        0x8 90909090
 .text          0x080bc6b0      0x508 /home/pcl2483/pedro/jadesoft/util/mcgen/Plib/libjt74opal.a(dadmaa.o)
                0x080bc6b0                dadmaa_
 *fill*         0x080bcbb8        0x8 90909090
 .text          0x080bcbc0      0x27e /home/pcl2483/pedro/jadesoft/util/mcgen/Plib/libjt74opal.a(dam4pi.o)
                0x080bcbc0                dam4pi_
 *fill*         0x080bce3e        0x2 90909090
 .text          0x080bce40      0xb17 /home/pcl2483/pedro/jadesoft/util/mcgen/Plib/libjt74opal.a(dampog.o)
                0x080bce40                dampog_
 *fill*         0x080bd957        0x9 90909090
 .text          0x080bd960     0x1aaf /home/pcl2483/pedro/jadesoft/util/mcgen/Plib/libjt74opal.a(damppk.o)
                0x080bd960                damppk_
 *fill*         0x080bf40f        0x1 90909090
 .text          0x080bf410       0xa8 /home/pcl2483/pedro/jadesoft/util/mcgen/Plib/libjt74opal.a(dampry.o)
                0x080bf410                dampry_
 *fill*         0x080bf4b8        0x8 90909090
 .text          0x080bf4c0      0x1da /home/pcl2483/pedro/jadesoft/util/mcgen/Plib/libjt74opal.a(dcdmas.o)
                0x080bf4c0                dcdmas_
 *fill*         0x080bf69a        0x6 90909090
 .text          0x080bf6a0       0xe5 /home/pcl2483/pedro/jadesoft/util/mcgen/Plib/libjt74opal.a(dphsaa.o)
                0x080bf6a0                dphsaa_
 *fill*         0x080bf785        0xb 90909090
 .text          0x080bf790      0x6d8 /home/pcl2483/pedro/jadesoft/util/mcgen/Plib/libjt74opal.a(form1.o)
                0x080bf868                form1_
 *fill*         0x080bfe68        0x8 90909090
 .text          0x080bfe70      0x7c8 /home/pcl2483/pedro/jadesoft/util/mcgen/Plib/libjt74opal.a(form2.o)
                0x080bff48                form2_
 *fill*         0x080c0638        0x8 90909090
 .text          0x080c0640       0x54 /home/pcl2483/pedro/jadesoft/util/mcgen/Plib/libjt74opal.a(form3.o)
                0x080c0640                form3_
 *fill*         0x080c0694        0xc 90909090
 .text          0x080c06a0      0x966 /home/pcl2483/pedro/jadesoft/util/mcgen/Plib/libjt74opal.a(form4.o)
                0x080c0778                form4_
 *fill*         0x080c1006        0xa 90909090
 .text          0x080c1010      0x69b /home/pcl2483/pedro/jadesoft/util/mcgen/Plib/libjt74opal.a(form5.o)
                0x080c1010                form5_
 *fill*         0x080c16ab        0x5 90909090
 .text          0x080c16b0      0x371 /home/pcl2483/pedro/jadesoft/util/mcgen/Plib/libjt74opal.a(formom.o)
                0x080c1794                formom_
 *fill*         0x080c1a21        0xf 90909090
 .text          0x080c1a30      0x153 /home/pcl2483/pedro/jadesoft/util/mcgen/Plib/libjt74opal.a(fpik.o)
                0x080c1a30                fpik_
 *fill*         0x080c1b83        0xd 90909090
 .text          0x080c1b90      0x16c /home/pcl2483/pedro/jadesoft/util/mcgen/Plib/libjt74opal.a(fpikm.o)
                0x080c1b90                fpikm_
 *fill*         0x080c1cfc        0x4 90909090
 .text          0x080c1d00      0x1ec /home/pcl2483/pedro/jadesoft/util/mcgen/Plib/libjt74opal.a(fpikmd.o)
                0x080c1d00                fpikmd_
 *fill*         0x080c1eec        0x4 90909090
 .text          0x080c1ef0      0x1ba /home/pcl2483/pedro/jadesoft/util/mcgen/Plib/libjt74opal.a(gfun.o)
                0x080c1ef0                gfun_
 *fill*         0x080c20aa        0x6 90909090
 .text          0x080c20b0      0x369 /home/pcl2483/pedro/jadesoft/util/mcgen/Plib/libjt74opal.a(prod5.o)
                0x080c2148                prod5_
 *fill*         0x080c2419        0x7 90909090
 .text          0x080c2420      0x109 /home/pcl2483/pedro/jadesoft/util/mcgen/Plib/libjt74opal.a(rotod2.o)
                0x080c2420                rotod2_
 *fill*         0x080c2529        0x7 90909090
 .text          0x080c2530      0x109 /home/pcl2483/pedro/jadesoft/util/mcgen/Plib/libjt74opal.a(rotod3.o)
                0x080c2530                rotod3_
 *fill*         0x080c2639        0x7 90909090
 .text          0x080c2640      0xe1b /home/pcl2483/pedro/jadesoft/util/mcgen/Plib/libjt74opal.a(sqm2.o)
                0x080c2640                sqm2_
 *fill*         0x080c345b        0x5 90909090
 .text          0x080c3460      0xc54 /home/pcl2483/pedro/jadesoft/util/mcgen/Plib/libjt74opal.a(thb.o)
                0x080c3460                thb_
 *fill*         0x080c40b4        0xc 90909090
 .text          0x080c40c0       0xe4 /home/pcl2483/pedro/jadesoft/util/mcgen/Plib/libjt74opal.a(wigfor.o)
                0x080c40c0                wigfor_
 *fill*         0x080c41a4        0xc 90909090
 .text          0x080c41b0      0x1ff /home/pcl2483/pedro/jadesoft/util/mcgen/Plib/libjt74opal.a(bwig.o)
                0x080c41b0                bwig_
 *fill*         0x080c43af        0x1 90909090
 .text          0x080c43b0      0x250 /home/pcl2483/pedro/jadesoft/util/mcgen/Plib/libjt74opal.a(bwigm.o)
                0x080c43b0                bwigm_
 .text          0x080c4600      0x36b /home/pcl2483/pedro/jadesoft/util/mcgen/Plib/libjt74opal.a(claxi.o)
                0x080c46c4                claxi_
 *fill*         0x080c496b        0x5 90909090
 .text          0x080c4970       0xc4 /home/pcl2483/pedro/jadesoft/util/mcgen/Plib/libjt74opal.a(clnut.o)
                0x080c4970                clnut_
 *fill*         0x080c4a34        0xc 90909090
 .text          0x080c4a40      0x1c0 /home/pcl2483/pedro/jadesoft/util/mcgen/Plib/libjt74opal.a(clvec.o)
                0x080c4a40                clvec_
 .text          0x080c4c00     0x194f /home/pcl2483/pedro/jadesoft/util/mcgen/Plib/libjt74opal.a(curr.o)
                0x080c4cd8                curr_
 *fill*         0x080c654f        0x1 90909090
 .text          0x080c6550      0x50d /home/pcl2483/pedro/jadesoft/util/mcgen/Plib/libjt74opal.a(dilog.o)
                0x080c6550                dilog_
 *fill*         0x080c6a5d        0x3 90909090
 .text          0x080c6a60     0x1786 /home/pcl2483/pedro/jadesoft/util/mcgen/Plib/libckern105.a(ckern.o)
                0x080c6a60                ckern_
 *fill*         0x080c81e6        0xa 90909090
 .text          0x080c81f0      0x42f /home/pcl2483/pedro/jadesoft/util/mcgen/Plib/libckern105.a(cksord.o)
                0x080c81f0                cksord_
 *fill*         0x080c861f        0x1 90909090
 .text          0x080c8620      0x1b5 /home/pcl2483/pedro/jadesoft/util/mcgen/Plib/libckern105.a(cnjet.o)
                0x080c8620                cnjet_
 *fill*         0x080c87d5        0xb 90909090
 .text          0x080c87e0      0x217 /home/pcl2483/pedro/jadesoft/util/mcgen/Plib/libpx114.a(pxang3.o)
                0x080c87e0                pxang3_
 *fill*         0x080c89f7        0x9 90909090
 .text          0x080c8a00      0x17f /home/pcl2483/pedro/jadesoft/util/mcgen/Plib/libpx114.a(pxanxy.o)
                0x080c8a00                pxanxy_
 *fill*         0x080c8b7f        0x1 90909090
 .text          0x080c8b80      0xa8f /home/pcl2483/pedro/jadesoft/util/mcgen/Plib/libpx114.a(pxcone.o)
                0x080c8b80                pxcone_
 *fill*         0x080c960f        0x1 90909090
 .text          0x080c9610       0x6b /home/pcl2483/pedro/jadesoft/util/mcgen/Plib/libpx114.a(pxcopv.o)
                0x080c9610                pxcopv_
 *fill*         0x080c967b        0x5 90909090
 .text          0x080c9680      0x322 /home/pcl2483/pedro/jadesoft/util/mcgen/Plib/libpx114.a(pxjpdg.o)
                0x080c9680                pxjpdg_
 *fill*         0x080c99a2        0xe 90909090
 .text          0x080c99b0      0x70f /home/pcl2483/pedro/jadesoft/util/mcgen/Plib/libpx114.a(pxjsp3.o)
                0x080c99b0                pxjsp3_
 *fill*         0x080ca0bf        0x1 90909090
 .text          0x080ca0c0      0x835 /home/pcl2483/pedro/jadesoft/util/mcgen/Plib/libpx114.a(pxlsp3.o)
                0x080ca0c0                pxlsp3_
 *fill*         0x080ca8f5        0xb 90909090
 .text          0x080ca900      0x3f2 /home/pcl2483/pedro/jadesoft/util/mcgen/Plib/libpx114.a(pxlth4.o)
                0x080ca900                pxlth4_
 *fill*         0x080cacf2        0xe 90909090
 .text          0x080cad00     0x2507 /home/pcl2483/pedro/jadesoft/util/mcgen/Plib/libpx114.a(pxlut3.o)
                0x080cad00                pxlut3_
 *fill*         0x080cd207        0x9 90909090
 .text          0x080cd210      0x11a /home/pcl2483/pedro/jadesoft/util/mcgen/Plib/libpx114.a(pxlzf5.o)
                0x080cd210                pxlzf5_
 *fill*         0x080cd32a        0x6 90909090
 .text          0x080cd330      0x4b2 /home/pcl2483/pedro/jadesoft/util/mcgen/Plib/libpx114.a(pxmmbb.o)
                0x080cd330                pxmmbb_
 *fill*         0x080cd7e2        0xe 90909090
 .text          0x080cd7f0      0x131 /home/pcl2483/pedro/jadesoft/util/mcgen/Plib/libpx114.a(pxnorv.o)
                0x080cd7f0                pxnorv_
 *fill*         0x080cd921        0xf 90909090
 .text          0x080cd930      0x63c /home/pcl2483/pedro/jadesoft/util/mcgen/Plib/libpx114.a(pxolap.o)
                0x080cd930                pxolap_
 *fill*         0x080cdf6c        0x4 90909090
 .text          0x080cdf70      0x361 /home/pcl2483/pedro/jadesoft/util/mcgen/Plib/libpx114.a(pxord.o)
                0x080cdf70                pxord_
 *fill*         0x080ce2d1        0xf 90909090
 .text          0x080ce2e0      0x1dd /home/pcl2483/pedro/jadesoft/util/mcgen/Plib/libpx114.a(pxplt3.o)
                0x080ce2e0                pxplt3_
 *fill*         0x080ce4bd        0x3 90909090
 .text          0x080ce4c0      0x12c /home/pcl2483/pedro/jadesoft/util/mcgen/Plib/libpx114.a(pxplu3.o)
                0x080ce4c0                pxplu3_
 *fill*         0x080ce5ec        0x4 90909090
 .text          0x080ce5f0      0x301 /home/pcl2483/pedro/jadesoft/util/mcgen/Plib/libpx114.a(pxprcv.o)
                0x080ce5f0                pxprcv_
 *fill*         0x080ce8f1        0xf 90909090
 .text          0x080ce900      0x2ed /home/pcl2483/pedro/jadesoft/util/mcgen/Plib/libpx114.a(pxprrv.o)
                0x080ce900                pxprrv_
 *fill*         0x080cebed        0x3 90909090
 .text          0x080cebf0      0x1e9 /home/pcl2483/pedro/jadesoft/util/mcgen/Plib/libpx114.a(pxrap4.o)
                0x080cebf0                pxrap4_
 *fill*         0x080cedd9        0x7 90909090
 .text          0x080cede0      0x22d /home/pcl2483/pedro/jadesoft/util/mcgen/Plib/libpx114.a(pxrmx3.o)
                0x080cede0                pxrmx3_
 *fill*         0x080cf00d        0x3 90909090
 .text          0x080cf010       0xb5 /home/pcl2483/pedro/jadesoft/util/mcgen/Plib/libpx114.a(pxrob3.o)
                0x080cf010                pxrob3_
 *fill*         0x080cf0c5        0xb 90909090
 .text          0x080cf0d0       0xb5 /home/pcl2483/pedro/jadesoft/util/mcgen/Plib/libpx114.a(pxrof3.o)
                0x080cf0d0                pxrof3_
 *fill*         0x080cf185        0xb 90909090
 .text          0x080cf190      0x329 /home/pcl2483/pedro/jadesoft/util/mcgen/Plib/libpx114.a(pxsear.o)
                0x080cf190                pxsear_
 *fill*         0x080cf4b9        0x7 90909090
 .text          0x080cf4c0      0x37f /home/pcl2483/pedro/jadesoft/util/mcgen/Plib/libpx114.a(pxsorv.o)
                0x080cf4c0                pxsorv_
 *fill*         0x080cf83f        0x1 90909090
 .text          0x080cf840      0x2d2 /home/pcl2483/pedro/jadesoft/util/mcgen/Plib/libpx114.a(pxtry.o)
                0x080cf840                pxtry_
 *fill*         0x080cfb12        0xe 90909090
 .text          0x080cfb20      0x1ac /home/pcl2483/pedro/jadesoft/util/mcgen/Plib/libpx114.a(pxuvec.o)
                0x080cfb20                pxuvec_
 *fill*         0x080cfccc        0x4 90909090
 .text          0x080cfcd0       0x49 /home/pcl2483/pedro/jadesoft/util/mcgen/Plib/libpx114.a(pxzerv.o)
                0x080cfcd0                pxzerv_
 *fill*         0x080cfd19        0x7 90909090
 .text          0x080cfd20     0x1dee /home/pcl2483/pedro/jadesoft/util/mcgen/Plib/libpx114.a(ykern.o)
                0x080d0328                ykern_
 *fill*         0x080d1b0e        0x2 90909090
 .text          0x080d1b10      0x134 /home/pcl2483/pedro/jadesoft/util/mcgen/Plib/libpx114.a(ynjet.o)
                0x080d1b10                ynjet_
 *fill*         0x080d1c44        0xc 90909090
 .text          0x080d1c50      0x175 /home/pcl2483/pedro/jadesoft/util/mcgen/Plib/libpx114.a(yyjet.o)
                0x080d1c50                yyjet_
 *fill*         0x080d1dc5        0xb 90909090
 .text          0x080d1dd0       0x8b /home/pcl2483/pedro/jadesoft/util/mcgen/Plib/libpx114.a(pxaddv.o)
                0x080d1dd0                pxaddv_
 *fill*         0x080d1e5b        0x5 90909090
 .text          0x080d1e60      0xcdc /home/pcl2483/pedro/jadesoft/util/mcgen/Plib/libpx114.a(pxdiam.o)
                0x080d1e60                pxdiam_
 *fill*         0x080d2b3c        0x4 90909090
 .text          0x080d2b40      0x3cf /home/pcl2483/pedro/jadesoft/util/mcgen/Plib/libpx114.a(pxmulm.o)
                0x080d2b40                pxmulm_
 *fill*         0x080d2f0f        0x1 90909090
 .text          0x080d2f10       0xea /home/pcl2483/pedro/jadesoft/util/mcgen/Plib/libpx114.a(pxnew.o)
                0x080d2f10                pxnew_
 *fill*         0x080d2ffa        0x6 90909090
 .text          0x080d3000       0x81 /home/pcl2483/pedro/jadesoft/util/mcgen/Plib/libpx114.a(pxsame.o)
                0x080d3000                pxsame_
 *fill*         0x080d3081        0xf 90909090
 .text          0x080d3090      0x1ff /home/pcl2483/pedro/jadesoft/util/mcgen/Plib/libpx114.a(pxunim.o)
                0x080d3090                pxunim_
 *fill*         0x080d328f        0x1 90909090
 .text          0x080d3290     0x175a /cern/99/lib/libpacklib.a(ffgo.o)
                0x080d3290                ffgo_
 *fill*         0x080d49ea        0x2 90909090
 .text          0x080d49ec      0x267 /cern/99/lib/libpacklib.a(ffinit.o)
                0x080d49ec                ffinit_
 *fill*         0x080d4c53        0x1 90909090
 .text          0x080d4c54      0x270 /cern/99/lib/libpacklib.a(ffkey.o)
                0x080d4c54                ffkey_
 .text          0x080d4ec4      0x21c /cern/99/lib/libpacklib.a(ffset.o)
                0x080d4ec4                ffset_
 .text          0x080d50e0       0x54 /cern/99/lib/libpacklib.a(ffskip.o)
                0x080d50e0                ffskip_
 .text          0x080d5134       0x6f /cern/99/lib/libpacklib.a(ffupca.o)
                0x080d5134                ffupca_
 *fill*         0x080d51a3        0x1 90909090
 .text          0x080d51a4        0x7 /cern/99/lib/libpacklib.a(ffuser.o)
                0x080d51a4                ffuser_
 *fill*         0x080d51ab        0x1 90909090
 .text          0x080d51ac       0x15 /cern/99/lib/libpacklib.a(ffuset.o)
                0x080d51ac                ffuset_
 *fill*         0x080d51c1        0x3 90909090
 .text          0x080d51c4      0x19b /cern/99/lib/libpacklib.a(hrput.o)
                0x080d51c4                hrput_
 *fill*         0x080d535f        0x1 90909090
 .text          0x080d5360      0x5eb /cern/99/lib/libpacklib.a(hbook1.o)
                0x080d5360                hbook1_
 *fill*         0x080d594b        0x1 90909090
 .text          0x080d594c      0x680 /cern/99/lib/libpacklib.a(hbook2.o)
                0x080d594c                hbook2_
 .text          0x080d5fcc      0x5bb /cern/99/lib/libpacklib.a(hbookb.o)
                0x080d5fcc                hbookb_
 *fill*         0x080d6587        0x1 90909090
 .text          0x080d6588       0x5d /cern/99/lib/libpacklib.a(hbtit.o)
                0x080d6588                hbtit_
 *fill*         0x080d65e5        0x3 90909090
 .text          0x080d65e8      0x1cb /cern/99/lib/libpacklib.a(hbug.o)
                0x080d65e8                hbug_
 *fill*         0x080d67b3        0x1 90909090
 .text          0x080d67b4      0x634 /cern/99/lib/libpacklib.a(hcdir.o)
                0x080d67b4                hcdir_
 .text          0x080d6de8      0x158 /cern/99/lib/libpacklib.a(hchnam.o)
                0x080d6de8                hchnam_
 .text          0x080d6f40      0x30a /cern/99/lib/libpacklib.a(hdelet.o)
                0x080d6f40                hdelet_
 *fill*         0x080d724a        0x2 90909090
 .text          0x080d724c      0x1a8 /cern/99/lib/libpacklib.a(hfill.o)
                0x080d724c                hfill_
 .text          0x080d73f4      0x369 /cern/99/lib/libpacklib.a(hfilpf.o)
                0x080d73f4                hfilpf_
 *fill*         0x080d775d        0x3 90909090
 .text          0x080d7760      0x244 /cern/99/lib/libpacklib.a(hgive.o)
                0x080d7760                hgive_
 .text          0x080d79a4      0xa55 /cern/99/lib/libpacklib.a(hidopt.o)
                0x080d79a4                hidopt_
 *fill*         0x080d83f9        0x3 90909090
 .text          0x080d83fc      0x2e4 /cern/99/lib/libpacklib.a(hlimit.o)
                0x080d83fc                hlimit_
 .text          0x080d86e0       0xff /cern/99/lib/libpacklib.a(hloop.o)
                0x080d86e0                hloop_
 *fill*         0x080d87df        0x1 90909090
 .text          0x080d87e0      0x543 /cern/99/lib/libpacklib.a(hmachi.o)
                0x080d87e0                hmachi_
 *fill*         0x080d8d23        0x1 90909090
 .text          0x080d8d24       0x5e /cern/99/lib/libpacklib.a(hnoent.o)
                0x080d8d24                hnoent_
 *fill*         0x080d8d82        0x2 90909090
 .text          0x080d8d84      0xfc5 /cern/99/lib/libpacklib.a(hopera.o)
                0x080d8d84                hopera_
 *fill*         0x080d9d49        0x3 90909090
 .text          0x080d9d4c      0x1b3 /cern/99/lib/libpacklib.a(hpaff.o)
                0x080d9d4c                hpaff_
 *fill*         0x080d9eff        0x1 90909090
 .text          0x080d9f00      0x283 /cern/99/lib/libpacklib.a(hpak.o)
                0x080d9f00                hpak_
 *fill*         0x080da183        0x1 90909090
 .text          0x080da184      0x175 /cern/99/lib/libpacklib.a(hpake.o)
                0x080da184                hpake_
 *fill*         0x080da2f9        0x3 90909090
 .text          0x080da2fc      0x61e /cern/99/lib/libpacklib.a(hpath.o)
                0x080da2fc                hpath_
 *fill*         0x080da91a        0x2 90909090
 .text          0x080da91c      0x4ce /cern/99/lib/libpacklib.a(hrebin.o)
                0x080da91c                hrebin_
 *fill*         0x080dadea        0x2 90909090
 .text          0x080dadec      0x64a /cern/99/lib/libpacklib.a(hreset.o)
                0x080dadec                hreset_
 *fill*         0x080db436        0x2 90909090
 .text          0x080db438       0xca /cern/99/lib/libpacklib.a(hrez0.o)
                0x080db438                hrez0_
 *fill*         0x080db502        0x2 90909090
 .text          0x080db504       0x90 /cern/99/lib/libpacklib.a(hsifla.o)
                0x080db504                hsifla_
 .text          0x080db594       0x8a /cern/99/lib/libpacklib.a(hspace.o)
                0x080db594                hspace_
 *fill*         0x080db61e        0x2 90909090
 .text          0x080db620       0x5f /cern/99/lib/libpacklib.a(hstaf.o)
                0x080db620                hstaf_
 *fill*         0x080db67f        0x1 90909090
 .text          0x080db680      0xbf4 /cern/99/lib/libpacklib.a(hsupis.o)
                0x080db680                hsupis_
 .text          0x080dc274       0x48 /cern/99/lib/libpacklib.a(huoptc.o)
                0x080dc274                huoptc_
 .text          0x080dc2bc      0x1d6 /cern/99/lib/libpacklib.a(hlogpf.o)
                0x080dc2bc                hlogpf_
 *fill*         0x080dc492        0x2 90909090
 .text          0x080dc494       0x7f /cern/99/lib/libpacklib.a(hoptpf.o)
                0x080dc494                hoptpf_
 *fill*         0x080dc513        0x1 90909090
 .text          0x080dc514      0x130 /cern/99/lib/libpacklib.a(hitoc.o)
                0x080dc514                hitoc_
 .text          0x080dc644       0xdf /cern/99/lib/libpacklib.a(hnbufd.o)
                0x080dc644                hnbufd_
 *fill*         0x080dc723        0x1 90909090
 .text          0x080dc724       0xd1 /cern/99/lib/libpacklib.a(hntmpd.o)
                0x080dc724                hntmpd_
 *fill*         0x080dc7f5        0x3 90909090
 .text          0x080dc7f8      0x2ef /cern/99/lib/libpacklib.a(hntrset.o)
                0x080dc7f8                hntrset_
 *fill*         0x080dcae7        0x1 90909090
 .text          0x080dcae8      0xa4e /cern/99/lib/libpacklib.a(fzin.o)
                0x080dcae8                fzin_
 *fill*         0x080dd536        0x2 90909090
 .text          0x080dd538      0x2e2 /cern/99/lib/libpacklib.a(fzirel.o)
                0x080dd538                fzirel_
 *fill*         0x080dd81a        0x2 90909090
 .text          0x080dd81c      0x5e6 /cern/99/lib/libpacklib.a(fzloc.o)
                0x080dd81c                fzloc_
 *fill*         0x080dde02        0x2 90909090
 .text          0x080dde04      0x132 /cern/99/lib/libpacklib.a(mzbook.o)
                0x080dde04                mzbook_
 *fill*         0x080ddf36        0x2 90909090
 .text          0x080ddf38      0x2ea /cern/99/lib/libpacklib.a(mzdrop.o)
                0x080ddf38                mzdrop_
 *fill*         0x080de222        0x2 90909090
 .text          0x080de224      0x11a /cern/99/lib/libpacklib.a(mzebra.o)
                0x080de224                mzebra_
 *fill*         0x080de33e        0x2 90909090
 .text          0x080de340      0x532 /cern/99/lib/libpacklib.a(mzflag.o)
                0x080de340                mzflag_
 *fill*         0x080de872        0x2 90909090
 .text          0x080de874      0x42c /cern/99/lib/libpacklib.a(mzinco.o)
                0x080de874                mzinco_
 .text          0x080deca0      0xd0e /cern/99/lib/libpacklib.a(mzlift.o)
                0x080deca0                mzlift_
 *fill*         0x080df9ae        0x2 90909090
 .text          0x080df9b0      0x5ef /cern/99/lib/libpacklib.a(mzlink.o)
                0x080df9b0                mzlink_
 *fill*         0x080dff9f        0x1 90909090
 .text          0x080dffa0      0x1ea /cern/99/lib/libpacklib.a(mzneed.o)
                0x080dffa0                mzneed_
 *fill*         0x080e018a        0x2 90909090
 .text          0x080e018c       0xb0 /cern/99/lib/libpacklib.a(mzpaw.o)
                0x080e018c                mzpaw_
 .text          0x080e023c      0xf06 /cern/99/lib/libpacklib.a(mzpush.o)
                0x080e023c                mzpush_
 *fill*         0x080e1142        0x2 90909090
 .text          0x080e1144      0x9fe /cern/99/lib/libpacklib.a(mzstor.o)
                0x080e1144                mzstor_
 *fill*         0x080e1b42        0x2 90909090
 .text          0x080e1b44      0x100 /cern/99/lib/libpacklib.a(mzvers.o)
                0x080e1b44                mzvers_
 .text          0x080e1c44      0x503 /cern/99/lib/libpacklib.a(mzgar1.o)
                0x080e1c44                mzgar1_
 *fill*         0x080e2147        0x1 90909090
 .text          0x080e2148       0x71 /cern/99/lib/libpacklib.a(mzgsta.o)
                0x080e2148                mzgsta_
 *fill*         0x080e21b9        0x3 90909090
 .text          0x080e21bc      0x33b /cern/99/lib/libpacklib.a(mzmove.o)
                0x080e21bc                mzmove_
 *fill*         0x080e24f7        0x1 90909090
 .text          0x080e24f8      0x673 /cern/99/lib/libpacklib.a(mzrelb.o)
                0x080e24f8                mzrelb_
 *fill*         0x080e2b6b        0x1 90909090
 .text          0x080e2b6c      0x4f9 /cern/99/lib/libpacklib.a(mzrell.o)
                0x080e2b6c                mzrell_
 *fill*         0x080e3065        0x3 90909090
 .text          0x080e3068       0x8c /cern/99/lib/libpacklib.a(mzrelx.o)
                0x080e3068                mzrelx_
 .text          0x080e30f4      0x3ac /cern/99/lib/libpacklib.a(mztabf.o)
                0x080e30f4                mztabf_
 .text          0x080e34a0      0x2d0 /cern/99/lib/libpacklib.a(mztabm.o)
                0x080e34a0                mztabm_
 .text          0x080e3770      0x3e5 /cern/99/lib/libpacklib.a(mztabr.o)
                0x080e3770                mztabr_
 *fill*         0x080e3b55        0x3 90909090
 .text          0x080e3b58       0x79 /cern/99/lib/libpacklib.a(mztabs.o)
                0x080e3b58                mztabs_
 *fill*         0x080e3bd1        0x3 90909090
 .text          0x080e3bd4      0x13d /cern/99/lib/libpacklib.a(mztabx.o)
                0x080e3bd4                mztabx_
 *fill*         0x080e3d11        0x3 90909090
 .text          0x080e3d14      0x29c /cern/99/lib/libpacklib.a(mzchln.o)
                0x080e3d14                mzchln_
 .text          0x080e3fb0      0x1f0 /cern/99/lib/libpacklib.a(mzchls.o)
                0x080e3fb0                mzchls_
 .text          0x080e41a0       0xa4 /cern/99/lib/libpacklib.a(mzchnb.o)
                0x080e41a0                mzchnb_
 .text          0x080e4244      0x12c /cern/99/lib/libpacklib.a(mzfdiv.o)
                0x080e4244                mzfdiv_
 .text          0x080e4370      0x35a /cern/99/lib/libpacklib.a(mzform.o)
                0x080e4370                mzform_
 *fill*         0x080e46ca        0x2 90909090
 .text          0x080e46cc     0x1613 /cern/99/lib/libpacklib.a(mzioch.o)
                0x080e46cc                mzioch_
 *fill*         0x080e5cdf        0x1 90909090
 .text          0x080e5ce0      0x388 /cern/99/lib/libpacklib.a(mzresv.o)
                0x080e5ce0                mzresv_
 .text          0x080e6068      0x295 /cern/99/lib/libpacklib.a(mzsdiv.o)
                0x080e6068                mzsdiv_
 *fill*         0x080e62fd        0x3 90909090
 .text          0x080e6300        0x7 /cern/99/lib/libpacklib.a(zvautx.o)
                0x080e6300                zvautx_
 *fill*         0x080e6307        0x1 90909090
 .text          0x080e6308      0x402 /cern/99/lib/libpacklib.a(zfatal.o)
                0x080e6308                zfatal_
 *fill*         0x080e670a        0x2 90909090
 .text          0x080e670c       0x9c /cern/99/lib/libpacklib.a(zfatam.o)
                0x080e670c                zfatam_
 .text          0x080e67a8      0x1c0 /cern/99/lib/libpacklib.a(ztell.o)
                0x080e67a8                ztell_
 .text          0x080e6968        0x7 /cern/99/lib/libpacklib.a(ztelus.o)
                0x080e6968                ztelus_
 *fill*         0x080e696f        0x1 90909090
 .text          0x080e6970       0xbd /cern/99/lib/libpacklib.a(izbcdt.o)
                0x080e6970                izbcdt_
 *fill*         0x080e6a2d        0x3 90909090
 .text          0x080e6a30       0x48 /cern/99/lib/libpacklib.a(izhnum.o)
                0x080e6a30                izhnum_
 .text          0x080e6a78      0x5b5 /cern/99/lib/libpacklib.a(zshunt.o)
                0x080e6a78                zshunt_
 *fill*         0x080e702d        0x3 90909090
 .text          0x080e7030      0x597 /cern/99/lib/libpacklib.a(rzcdir.o)
                0x080e7030                rzcdir_
 *fill*         0x080e75c7        0x1 90909090
 .text          0x080e75c8      0x340 /cern/99/lib/libpacklib.a(rzdate.o)
                0x080e75c8                rzdate_
 .text          0x080e7908      0x77d /cern/99/lib/libpacklib.a(rzfdir.o)
                0x080e7908                rzfdir_
 *fill*         0x080e8085        0x3 90909090
 .text          0x080e8088      0x412 /cern/99/lib/libpacklib.a(rziodo.o)
                0x080e8088                rziodo_
 *fill*         0x080e849a        0x2 90909090
 .text          0x080e849c      0x1df /cern/99/lib/libpacklib.a(rzpaff.o)
                0x080e849c                rzpaff_
 *fill*         0x080e867b        0x1 90909090
 .text          0x080e867c      0x660 /cern/99/lib/libpacklib.a(rzpath.o)
                0x080e867c                rzpath_
 .text          0x080e8cdc      0x24b /cern/99/lib/libpacklib.a(rzrtop.o)
                0x080e8cdc                rzrtop_
 *fill*         0x080e8f27        0x1 90909090
 .text          0x080e8f28       0x57 /cern/99/lib/libpacklib.a(rzsame.o)
                0x080e8f28                rzsame_
 *fill*         0x080e8f7f        0x1 90909090
 .text          0x080e8f80      0x593 /cern/99/lib/libpacklib.a(rzsave.o)
                0x080e8f80                rzsave_
 *fill*         0x080e9513        0x1 90909090
 .text          0x080e9514      0x189 /cern/99/lib/libpacklib.a(rzstrir.o)
                0x080e9514                rzstrir_
 *fill*         0x080e969d        0x3 90909090
 .text          0x080e96a0       0xf0 /cern/99/lib/libpacklib.a(rzvcyc.o)
                0x080e96a0                rzvcyc_
 .text          0x080e9790        0x7 /cern/99/lib/libpacklib.a(abend.o)
                0x080e9790                abend_
 *fill*         0x080e9797        0x9 90909090
 .text          0x080e97a0       0xfe /cern/99/lib/libpacklib.a(datime.o)
                0x080e97a0                datime_
 *fill*         0x080e989e        0x2 90909090
 .text          0x080e98a0      0x2f7 /cern/99/lib/libpacklib.a(datimh.o)
                0x080e98a0                datimh_
 *fill*         0x080e9b97        0x9 90909090
 .text          0x080e9ba0      0x1d0 /cern/99/lib/libpacklib.a(jumpxn.o)
                0x080e9cb0                jumpx7_
                0x080e9bd0                jumpx1_
                0x080e9ba0                jumpad_
                0x080e9cf0                jumpx8_
                0x080e9c80                jumpx6_
                0x080e9d30                jumpx9_
                0x080e9bb0                jumpst_
                0x080e9bc0                jumpx0_
                0x080e9c50                jumpx5_
                0x080e9c00                jumpx3_
                0x080e9be0                jumpx2_
                0x080e9c20                jumpx4_
 .text          0x080e9d70        0x8 /cern/99/lib/libpacklib.a(locf.o)
                0x080e9d70                locf_
 *fill*         0x080e9d78        0x8 90909090
 .text          0x080e9d80       0x3f /cern/99/lib/libpacklib.a(qnexte.o)
                0x080e9d80                qnexte_
 *fill*         0x080e9dbf        0x1 90909090
 .text          0x080e9dc0       0x7d /cern/99/lib/libpacklib.a(lenocc.o)
                0x080e9dc0                lenocc_
 *fill*         0x080e9e3d        0x3 90909090
 .text          0x080e9e40       0x45 /cern/99/lib/libpacklib.a(vxinvb.o)
                0x080e9e40                vxinvb_
 *fill*         0x080e9e85        0xb 90909090
 .text          0x080e9e90       0x10 /cern/99/lib/libpacklib.a(cfclos.o)
                0x080e9e90                cfclos_
 .text          0x080e9ea0       0x8b /cern/99/lib/libpacklib.a(cfget.o)
                0x080e9ea0                cfget_
 *fill*         0x080e9f2b        0x5 90909090
 .text          0x080e9f30       0x5f /cern/99/lib/libpacklib.a(cfput.o)
                0x080e9f30                cfput_
 *fill*         0x080e9f8f        0x1 90909090
 .text          0x080e9f90       0x55 /cern/99/lib/libpacklib.a(cfseek.o)
                0x080e9f90                cfseek_
 *fill*         0x080e9fe5        0x3 90909090
 .text          0x080e9fe8      0x150 /cern/99/lib/libpacklib.a(cfopen.o)
                0x080e9fe8                cfopen_
 .text          0x080ea138       0xfe /cern/99/lib/libpacklib.a(cleft.o)
                0x080ea138                cleft_
 *fill*         0x080ea236        0x2 90909090
 .text          0x080ea238       0x75 /cern/99/lib/libpacklib.a(cltou.o)
                0x080ea238                cltou_
 *fill*         0x080ea2ad        0x3 90909090
 .text          0x080ea2b0       0x75 /cern/99/lib/libpacklib.a(cutol.o)
                0x080ea2b0                cutol_
 *fill*         0x080ea325        0x3 90909090
 .text          0x080ea328       0x52 /cern/99/lib/libpacklib.a(floarg.o)
                0x080ea328                floarg_
 *fill*         0x080ea37a        0x2 90909090
 .text          0x080ea37c       0x69 /cern/99/lib/libpacklib.a(intarg.o)
                0x080ea37c                intarg_
 *fill*         0x080ea3e5        0x3 90909090
 .text          0x080ea3e8       0x2a /cern/99/lib/libpacklib.a(kerngt.o)
                0x080ea3e8                kerngt_
 *fill*         0x080ea412        0x2 90909090
 .text          0x080ea414       0x6e /cern/99/lib/libpacklib.a(uoptc.o)
                0x080ea414                uoptc_
 *fill*         0x080ea482        0x2 90909090
 .text          0x080ea484      0x2b1 /cern/99/lib/libpacklib.a(utrans.o)
                0x080ea484                utrans_
 *fill*         0x080ea735        0xb 90909090
 .text          0x080ea740        0xf /cern/99/lib/libpacklib.a(ishftr.o)
                0x080ea740                ishftr_
 *fill*         0x080ea74f        0x1 90909090
 .text          0x080ea750        0x7 /cern/99/lib/libpacklib.a(qnext.o)
                0x080ea750                qnext_
 *fill*         0x080ea757        0x9 90909090
 .text          0x080ea760       0x3a /cern/99/lib/libpacklib.a(ucopy2c.o)
                0x080ea760                ucopy2_
 *fill*         0x080ea79a        0x2 90909090
 .text          0x080ea79c       0x50 /cern/99/lib/libpacklib.a(iucomp.o)
                0x080ea79c                iucomp_
 .text          0x080ea7ec        0x7 /cern/99/lib/libpacklib.a(noarg.o)
                0x080ea7ec                noarg_
 *fill*         0x080ea7f3        0x1 90909090
 .text          0x080ea7f4       0x19 /cern/99/lib/libpacklib.a(sbit0.o)
                0x080ea7f4                sbit0_
 *fill*         0x080ea80d        0x3 90909090
 .text          0x080ea810       0x1d /cern/99/lib/libpacklib.a(sbit1.o)
                0x080ea810                sbit1_
 *fill*         0x080ea82d        0x3 90909090
 .text          0x080ea830      0x1b3 /cern/99/lib/libpacklib.a(ublow.o)
                0x080ea830                ublow_
 *fill*         0x080ea9e3        0x1 90909090
 .text          0x080ea9e4      0x14b /cern/99/lib/libpacklib.a(ubunch.o)
                0x080ea9e4                ubunch_
 *fill*         0x080eab2f        0x1 90909090
 .text          0x080eab30       0x4b /cern/99/lib/libpacklib.a(ucopy.o)
                0x080eab30                ucopy_
 *fill*         0x080eab7b        0x1 90909090
 .text          0x080eab7c      0x22b /cern/99/lib/libpacklib.a(uctoh.o)
                0x080eab7c                uctoh_
 *fill*         0x080eada7        0x1 90909090
 .text          0x080eada8       0x6f /cern/99/lib/libpacklib.a(uctoh1.o)
                0x080eada8                uctoh1_
 *fill*         0x080eae17        0x1 90909090
 .text          0x080eae18      0x20f /cern/99/lib/libpacklib.a(uhtoc.o)
                0x080eae18                uhtoc_
 *fill*         0x080eb027        0x1 90909090
 .text          0x080eb028       0x3d /cern/99/lib/libpacklib.a(vblank.o)
                0x080eb028                vblank_
 *fill*         0x080eb065        0x3 90909090
 .text          0x080eb068       0x3d /cern/99/lib/libpacklib.a(vfill.o)
                0x080eb068                vfill_
 *fill*         0x080eb0a5        0x3 90909090
 .text          0x080eb0a8       0x3a /cern/99/lib/libpacklib.a(vzero.o)
                0x080eb0a8                vzero_
 *fill*         0x080eb0e2        0x2 90909090
 .text          0x080eb0e4       0x23 /cern/99/lib/libpacklib.a(jbit.o)
                0x080eb0e4                jbit_
 *fill*         0x080eb107        0x1 90909090
 .text          0x080eb108       0x45 /cern/99/lib/libpacklib.a(jbyt.o)
                0x080eb108                jbyt_
 *fill*         0x080eb14d        0x3 90909090
 .text          0x080eb150       0x57 /cern/99/lib/libpacklib.a(sbyt.o)
                0x080eb150                sbyt_
 *fill*         0x080eb1a7        0x1 90909090
 .text          0x080eb1a8       0x8d /cern/99/lib/libpacklib.a(locati.o)
                0x080eb1a8                locati_
 *fill*         0x080eb235        0x3 90909090
 .text          0x080eb238       0x86 /cern/99/lib/libpacklib.a(czgeta.o)
                0x080eb238                czgeta_
 *fill*         0x080eb2be        0x2 90909090
 .text          0x080eb2c0       0x86 /cern/99/lib/libpacklib.a(czputa.o)
                0x080eb2c0                czputa_
 *fill*         0x080eb346        0x2 90909090
 .text          0x080eb348      0x7cb /cern/99/lib/libpacklib.a(ffcard.o)
                0x080eb348                ffcard_
 *fill*         0x080ebb13        0x1 90909090
 .text          0x080ebb14       0xc6 /cern/99/lib/libpacklib.a(fffind.o)
                0x080ebb14                fffind_
 *fill*         0x080ebbda        0x2 90909090
 .text          0x080ebbdc      0x395 /cern/99/lib/libpacklib.a(hqputf.o)
                0x080ebbdc                hqputf_
 *fill*         0x080ebf71        0xf 90909090
 .text          0x080ebf80      0x52c /cern/99/lib/libpacklib.a(hbpqry.o)
                0x080ec210                GetPiafVersion
                0x080ec1f0                SetVers
                0x080ec2d0                greppqry_
                0x080ec200                setpiafver_
                0x080ec220                igetpiafver_
                0x080ec230                GrepPqryStr
 .text          0x080ec4ac      0x1ba /cern/99/lib/libpacklib.a(hrendc.o)
                0x080ec650                hrend_
                0x080ec638                hrendc_
 *fill*         0x080ec666        0x2 90909090
 .text          0x080ec668      0x23a /cern/99/lib/libpacklib.a(hropen.o)
                0x080ec668                hropen_
 *fill*         0x080ec8a2        0x2 90909090
 .text          0x080ec8a4      0x7d4 /cern/99/lib/libpacklib.a(hrout.o)
                0x080ec8a4                hrout_
 .text          0x080ed078       0x94 /cern/99/lib/libpacklib.a(hrzcd.o)
                0x080ed078                hrzcd_
 .text          0x080ed10c      0x180 /cern/99/lib/libpacklib.a(hrzout.o)
                0x080ed10c                hrzout_
 .text          0x080ed28c      0x1ea /cern/99/lib/libpacklib.a(hbar2.o)
                0x080ed28c                hbar2_
 *fill*         0x080ed476        0x2 90909090
 .text          0x080ed478      0x512 /cern/99/lib/libpacklib.a(hbarx.o)
                0x080ed478                hbarx_
 *fill*         0x080ed98a        0x2 90909090
 .text          0x080ed98c      0x416 /cern/99/lib/libpacklib.a(hbary.o)
                0x080ed98c                hbary_
 *fill*         0x080edda2        0x2 90909090
 .text          0x080edda4      0x3b1 /cern/99/lib/libpacklib.a(hbin.o)
                0x080edda4                hbin_
 *fill*         0x080ee155        0x3 90909090
 .text          0x080ee158      0x3c6 /cern/99/lib/libpacklib.a(hcopy.o)
                0x080ee158                hcopy_
 *fill*         0x080ee51e        0x2 90909090
 .text          0x080ee520      0x435 /cern/99/lib/libpacklib.a(hcx.o)
                0x080ee520                hcx_
 *fill*         0x080ee955        0x3 90909090
 .text          0x080ee958      0x153 /cern/99/lib/libpacklib.a(hcxy.o)
                0x080ee958                hcxy_
 *fill*         0x080eeaab        0x1 90909090
 .text          0x080eeaac       0x95 /cern/99/lib/libpacklib.a(hdcofl.o)
                0x080eeaac                hdcofl_
 *fill*         0x080eeb41        0x3 90909090
 .text          0x080eeb44      0x46c /cern/99/lib/libpacklib.a(hf1.o)
                0x080eeb44                hf1_
 .text          0x080eefb0      0x710 /cern/99/lib/libpacklib.a(hf1aut.o)
                0x080eefb0                hf1aut_
 .text          0x080ef6c0      0x39b /cern/99/lib/libpacklib.a(hf2.o)
                0x080ef6c0                hf2_
 *fill*         0x080efa5b        0x1 90909090
 .text          0x080efa5c      0x2bd /cern/99/lib/libpacklib.a(hfcx.o)
                0x080efa5c                hfcx_
 *fill*         0x080efd19        0x3 90909090
 .text          0x080efd1c      0x191 /cern/99/lib/libpacklib.a(hfcxy.o)
                0x080efd1c                hfcxy_
 *fill*         0x080efead        0x3 90909090
 .text          0x080efeb0      0x2ab /cern/99/lib/libpacklib.a(hfidp.o)
                0x080efeb0                hfidp_
 *fill*         0x080f015b        0x1 90909090
 .text          0x080f015c       0xff /cern/99/lib/libpacklib.a(hfind.o)
                0x080f015c                hfind_
 *fill*         0x080f025b        0x1 90909090
 .text          0x080f025c       0x32 /cern/99/lib/libpacklib.a(hi.o)
                0x080f025c                hi_
 *fill*         0x080f028e        0x2 90909090
 .text          0x080f0290       0x8f /cern/99/lib/libpacklib.a(hie.o)
                0x080f0290                hie_
 *fill*         0x080f031f        0x1 90909090
 .text          0x080f0320       0x88 /cern/99/lib/libpacklib.a(hix.o)
                0x080f0320                hix_
 .text          0x080f03a8      0x1a9 /cern/99/lib/libpacklib.a(hlabeq.o)
                0x080f03a8                hlabeq_
 *fill*         0x080f0551        0x3 90909090
 .text          0x080f0554      0x3e6 /cern/99/lib/libpacklib.a(hmdir.o)
                0x080f0554                hmdir_
 *fill*         0x080f093a        0x2 90909090
 .text          0x080f093c      0x9a3 /cern/99/lib/libpacklib.a(hoper1.o)
                0x080f093c                hoper1_
 *fill*         0x080f12df        0x1 90909090
 .text          0x080f12e0       0xc4 /cern/99/lib/libpacklib.a(hoper1a.o)
                0x080f12e0                hoper1a_
 .text          0x080f13a4      0x313 /cern/99/lib/libpacklib.a(hnbfwr.o)
                0x080f13a4                hnbfwr_
 *fill*         0x080f16b7        0x1 90909090
 .text          0x080f16b8       0xbc /cern/99/lib/libpacklib.a(hnbuff.o)
                0x080f16b8                hnbuff_
 .text          0x080f1774      0x13d /cern/99/lib/libpacklib.a(hnmset.o)
                0x080f1774                hnmset_
 *fill*         0x080f18b1        0x3 90909090
 .text          0x080f18b4      0x165 /cern/99/lib/libpacklib.a(hntdel.o)
                0x080f18b4                hntdel_
 *fill*         0x080f1a19        0x3 90909090
 .text          0x080f1a1c       0xc6 /cern/99/lib/libpacklib.a(hntmpf.o)
                0x080f1a1c                hntmpf_
 *fill*         0x080f1ae2        0x2 90909090
 .text          0x080f1ae4      0x5ea /cern/99/lib/libpacklib.a(fzidia.o)
                0x080f1ae4                fzidia_
 *fill*         0x080f20ce        0x2 90909090
 .text          0x080f20d0      0xf4c /cern/99/lib/libpacklib.a(fziffn.o)
                0x080f20d0                fziffn_
 .text          0x080f301c     0x1315 /cern/99/lib/libpacklib.a(fziffx.o)
                0x080f301c                fziffx_
 *fill*         0x080f4331        0x3 90909090
 .text          0x080f4334      0x16b /cern/99/lib/libpacklib.a(fzilin.o)
                0x080f4334                fzilin_
 *fill*         0x080f449f        0x1 90909090
 .text          0x080f44a0      0xb22 /cern/99/lib/libpacklib.a(fzimtb.o)
                0x080f44a0                fzimtb_
 *fill*         0x080f4fc2        0x2 90909090
 .text          0x080f4fc4      0xa42 /cern/99/lib/libpacklib.a(fzirec.o)
                0x080f4fc4                fzirec_
 *fill*         0x080f5a06        0x2 90909090
 .text          0x080f5a08      0x13e /cern/99/lib/libpacklib.a(fzitrn.o)
                0x080f5a08                fzitrn_
 *fill*         0x080f5b46        0x2 90909090
 .text          0x080f5b48      0xd51 /cern/99/lib/libpacklib.a(fzout.o)
                0x080f5b48                fzout_
 *fill*         0x080f6899        0x3 90909090
 .text          0x080f689c      0x16e /cern/99/lib/libpacklib.a(fzitrx.o)
                0x080f689c                fzitrx_
 *fill*         0x080f6a0a        0x2 90909090
 .text          0x080f6a0c      0xa62 /cern/99/lib/libpacklib.a(mzcopy.o)
                0x080f6a0c                mzcopy_
 *fill*         0x080f746e        0x2 90909090
 .text          0x080f7470      0x136 /cern/99/lib/libpacklib.a(mzpudx.o)
                0x080f7470                mzpudx_
 *fill*         0x080f75a6        0x2 90909090
 .text          0x080f75a8      0x4cc /cern/99/lib/libpacklib.a(mzfgap.o)
                0x080f75a8                mzfgap_
 .text          0x080f7a74      0x229 /cern/99/lib/libpacklib.a(mzgarb.o)
                0x080f7a74                mzgarb_
 *fill*         0x080f7c9d        0x3 90909090
 .text          0x080f7ca0      0x279 /cern/99/lib/libpacklib.a(mztabc.o)
                0x080f7ca0                mztabc_
 *fill*         0x080f7f19        0x3 90909090
 .text          0x080f7f1c      0x2d5 /cern/99/lib/libpacklib.a(mztabh.o)
                0x080f7f1c                mztabh_
 *fill*         0x080f81f1        0x3 90909090
 .text          0x080f81f4      0x1fa /cern/99/lib/libpacklib.a(mzdvac.o)
                0x080f81f4                mzdvac_
 *fill*         0x080f83ee        0x2 90909090
 .text          0x080f83f0       0x9b /cern/99/lib/libpacklib.a(mziocf.o)
                0x080f83f0                mziocf_
 *fill*         0x080f848b        0x1 90909090
 .text          0x080f848c      0x6d2 /cern/99/lib/libpacklib.a(mziocr.o)
                0x080f848c                mziocr_
 *fill*         0x080f8b5e        0x2 90909090
 .text          0x080f8b60      0x2c0 /cern/99/lib/libpacklib.a(mzixco.o)
                0x080f8b60                mzixco_
 .text          0x080f8e20       0x33 /cern/99/lib/libpacklib.a(zabend.o)
                0x080f8e20                zabend_
 *fill*         0x080f8e53        0x1 90909090
 .text          0x080f8e54       0x2f /cern/99/lib/libpacklib.a(zend.o)
                0x080f8e54                zend_
 *fill*         0x080f8e83        0x1 90909090
 .text          0x080f8e84      0x21d /cern/99/lib/libpacklib.a(zphase.o)
                0x080f8e84                zphase_
 *fill*         0x080f90a1        0x3 90909090
 .text          0x080f90a4      0x1e8 /cern/99/lib/libpacklib.a(zpostm.o)
                0x080f90a4                zpostm_
 .text          0x080f928c       0xc5 /cern/99/lib/libpacklib.a(zhtoi.o)
                0x080f928c                zhtoi_
 *fill*         0x080f9351        0x3 90909090
 .text          0x080f9354      0x2ee /cern/99/lib/libpacklib.a(rzclos.o)
                0x080f9354                rzclos_
 *fill*         0x080f9642        0x2 90909090
 .text          0x080f9644      0x1e7 /cern/99/lib/libpacklib.a(rzend.o)
                0x080f9644                rzend_
 *fill*         0x080f982b        0x1 90909090
 .text          0x080f982c      0x446 /cern/99/lib/libpacklib.a(rzfree.o)
                0x080f982c                rzfree_
 *fill*         0x080f9c72        0x2 90909090
 .text          0x080f9c74      0x8df /cern/99/lib/libpacklib.a(rzmdir.o)
                0x080f9c74                rzmdir_
 *fill*         0x080fa553        0x1 90909090
 .text          0x080fa554      0x1bc /cern/99/lib/libpacklib.a(rzmods.o)
                0x080fa554                rzmods_
 .text          0x080fa710      0xc44 /cern/99/lib/libpacklib.a(rzopen.o)
                0x080fa710                rzopen_
 .text          0x080fb354     0x12ab /cern/99/lib/libpacklib.a(rzout.o)
                0x080fb354                rzout_
 *fill*         0x080fc5ff        0x1 90909090
 .text          0x080fc600      0x238 /cern/99/lib/libpacklib.a(rzstrip.o)
                0x080fc600                rzstrip_
 .text          0x080fc838      0x419 /cern/99/lib/libpacklib.a(rzused.o)
                0x080fc838                rzused_
 *fill*         0x080fcc51        0x3 90909090
 .text          0x080fcc54      0x39f /cern/99/lib/libpacklib.a(close.o)
                0x080fcc94                rfio_close_v2
                0x080fcc54                rfio_close
 *fill*         0x080fcff3        0x1 90909090
 .text          0x080fcff4      0x2cd /cern/99/lib/libpacklib.a(error.o)
                0x080fcff4                rfio_errmsg
                0x080fd288                rfio_perror
                0x080fd184                rfio_serror
 *fill*         0x080fd2c1        0x3 90909090
 .text          0x080fd2c4      0xa11 /cern/99/lib/libpacklib.a(lseek.o)
                0x080fd2c4                rfio_lseek
 *fill*         0x080fdcd5        0x3 90909090
 .text          0x080fdcd8      0xc87 /cern/99/lib/libpacklib.a(open.o)
                0x080fe0cc                rfio_open_ext
                0x080fe0a4                rfio_open_v2
                0x080fdfd0                rfio_open
                0x080fe94c                rfio_setup
                0x080fded0                rfio_cleanup
 *fill*         0x080fe95f        0x1 90909090
 .text          0x080fe960      0x381 /cern/99/lib/libpacklib.a(parse.o)
                0x080fe960                rfio_parseln
                0x080feccc                rfio_parse
 *fill*         0x080fece1        0x3 90909090
 .text          0x080fece4      0xcb8 /cern/99/lib/libpacklib.a(read.o)
                0x080fed30                rfio_read_v2
                0x080ff590                rfio_filbuf
                0x080fece4                rfio_read
 .text          0x080ff99c       0xc7 /cern/99/lib/libpacklib.a(serror.o)
                0x080ff99c                sstrerror
                0x080ff9f0                sperror
 *fill*         0x080ffa63        0x1 90909090
 .text          0x080ffa64       0xba /cern/99/lib/libpacklib.a(setopt.o)
                0x080ffacc                rfioreadopt
                0x080ffa64                rfiosetopt
 *fill*         0x080ffb1e        0x2 90909090
 .text          0x080ffb20      0x207 /cern/99/lib/libpacklib.a(socket.o)
                0x080ffc24                s_send
                0x080ffcb4                s_ioctl
                0x080ffd00                getiostat
                0x080ffca0                s_errmsg
                0x080ffce0                setrtimo
                0x080ffcc8                s_nrecv
                0x080ffbb4                s_recv
                0x080ffc90                s_close
 *fill*         0x080ffd27        0x1 90909090
 .text          0x080ffd28     0x23a1 /cern/99/lib/libpacklib.a(stream.o)
                0x08100048                rfio_open_ext_v3
                0x08100020                rfio_open_v3
                0x080fff20                rfio_cleanup_v3
                0x08101090                rfio_write_v3
                0x08100970                rfio_setup_v3
                0x08101450                rfio_close_v3
                0x08102074                set_snd_sockparam
                0x08100984                rfio_read_v3
                0x0810201c                set_rcv_sockparam
 *fill*         0x081020c9        0x3 90909090
 .text          0x081020cc       0xfc /cern/99/lib/libpacklib.a(trace.o)
                0x08102158                init_trace
                0x081020cc                print_trace
                0x081021b4                end_trace
 .text          0x081021c8      0x58d /cern/99/lib/libpacklib.a(write.o)
                0x081021c8                rfio_write
                0x08102214                rfio_write_v2
 *fill*         0x08102755        0xb 90909090
 .text          0x08102760      0x147 /cern/99/lib/libpacklib.a(cfopei.o)
                0x08102760                cfopei_
 *fill*         0x081028a7        0x1 90909090
 .text          0x081028a8       0x32 /cern/99/lib/libpacklib.a(cfstat.o)
                0x081028a8                cfstat_
 *fill*         0x081028da        0x6 90909090
 .text          0x081028e0       0x3c /cern/99/lib/libpacklib.a(fchtak.o)
                0x081028e0                fchtak
 .text          0x0810291c       0x5f /cern/99/lib/libpacklib.a(gshowf.o)
                0x0810291c                gshowf_
 *fill*         0x0810297b        0x1 90909090
 .text          0x0810297c       0x52 /cern/99/lib/libpacklib.a(icluns.o)
                0x0810297c                icluns_
 *fill*         0x081029ce        0x2 90909090
 .text          0x081029d0       0x38 /cern/99/lib/libpacklib.a(traceq.o)
                0x081029d0                traceq_
 .text          0x08102a08       0x83 /cern/99/lib/libpacklib.a(xinbf.o)
                0x08102a08                xinbf_
 *fill*         0x08102a8b        0x1 90909090
 .text          0x08102a8c      0x114 /cern/99/lib/libpacklib.a(xinbs.o)
                0x08102a8c                xinbs_
 .text          0x08102ba0      0xa5c /cern/99/lib/libpacklib.a(halloc.o)
                0x081030b0                hbprnt_
                0x08103030                hbfreec_
                0x08103070                hbsmax_
                0x08103060                hbvm_
                0x081034f0                hballo1_
                0x08103200                hbinit1_
                0x08102fb0                hbfree_
                0x081030a0                hbgmax_
 .text          0x081035fc      0x4d0 /cern/99/lib/libpacklib.a(hrfile.o)
                0x081035fc                hrfile_
 .text          0x08103acc      0x8b5 /cern/99/lib/libpacklib.a(hfc1.o)
                0x08103acc                hfc1_
 *fill*         0x08104381        0x3 90909090
 .text          0x08104384       0x38 /cern/99/lib/libpacklib.a(hlccmp.o)
                0x08104384                hlccmp_
 .text          0x081043bc      0x151 /cern/99/lib/libpacklib.a(hlgnxt.o)
                0x081043bc                hlgnxt_
 *fill*         0x0810450d        0x3 90909090
 .text          0x08104510       0x7e /cern/99/lib/libpacklib.a(hlhcmp.o)
                0x08104510                hlhcmp_
 *fill*         0x0810458e        0x2 90909090
 .text          0x08104590      0x364 /cern/99/lib/libpacklib.a(hlpos.o)
                0x08104590                hlpos_
 .text          0x081048f4      0xd10 /cern/99/lib/libpacklib.a(dzsnap.o)
                0x081048f4                dzsnap_
 .text          0x08105604      0x28b /cern/99/lib/libpacklib.a(dztext.o)
                0x08105604                dztext_
 *fill*         0x0810588f        0x1 90909090
 .text          0x08105890       0xe9 /cern/99/lib/libpacklib.a(zpage.o)
                0x08105890                zpage_
 *fill*         0x08105979        0x3 90909090
 .text          0x0810597c      0x551 /cern/99/lib/libpacklib.a(fzipha.o)
                0x0810597c                fzipha_
 *fill*         0x08105ecd        0x3 90909090
 .text          0x08105ed0      0x93f /cern/99/lib/libpacklib.a(fziphd.o)
                0x08105ed0                fziphd_
 *fill*         0x0810680f        0x1 90909090
 .text          0x08106810      0x425 /cern/99/lib/libpacklib.a(fziphm.o)
                0x08106810                fziphm_
 *fill*         0x08106c35        0x3 90909090
 .text          0x08106c38      0x8fa /cern/99/lib/libpacklib.a(fziphr.o)
                0x08106c38                fziphr_
 *fill*         0x08107532        0x2 90909090
 .text          0x08107534      0x111 /cern/99/lib/libpacklib.a(fziprl.o)
                0x08107534                fziprl_
 *fill*         0x08107645        0x3 90909090
 .text          0x08107648      0xb9d /cern/99/lib/libpacklib.a(fzoffn.o)
                0x08107648                fzoffn_
 *fill*         0x081081e5        0x3 90909090
 .text          0x081081e8      0x602 /cern/99/lib/libpacklib.a(fzoffx.o)
                0x081081e8                fzoffx_
 *fill*         0x081087ea        0x2 90909090
 .text          0x081087ec       0x84 /cern/99/lib/libpacklib.a(fzon1.o)
                0x081087ec                fzon1_
 .text          0x08108870       0xa8 /cern/99/lib/libpacklib.a(fzon2.o)
                0x08108870                fzon2_
 .text          0x08108918       0xd1 /cern/99/lib/libpacklib.a(fzon3.o)
                0x08108918                fzon3_
 *fill*         0x081089e9        0x3 90909090
 .text          0x081089ec       0xf5 /cern/99/lib/libpacklib.a(fzon4.o)
                0x081089ec                fzon4_
 *fill*         0x08108ae1        0x3 90909090
 .text          0x08108ae4      0x122 /cern/99/lib/libpacklib.a(fzon5.o)
                0x08108ae4                fzon5_
 *fill*         0x08108c06        0x2 90909090
 .text          0x08108c08      0x148 /cern/99/lib/libpacklib.a(fzon6.o)
                0x08108c08                fzon6_
 .text          0x08108d50      0x75c /cern/99/lib/libpacklib.a(fzorec.o)
                0x08108d50                fzorec_
 .text          0x081094ac      0xa3e /cern/99/lib/libpacklib.a(fzotab.o)
                0x081094ac                fzotab_
 *fill*         0x08109eea        0x2 90909090
 .text          0x08109eec       0xf6 /cern/99/lib/libpacklib.a(fzotrn.o)
                0x08109eec                fzotrn_
 *fill*         0x08109fe2        0x2 90909090
 .text          0x08109fe4       0x98 /cern/99/lib/libpacklib.a(fzotxt.o)
                0x08109fe4                fzotxt_
 .text          0x0810a07c      0x402 /cern/99/lib/libpacklib.a(fzicv.o)
                0x0810a07c                fzicv_
 *fill*         0x0810a47e        0x2 90909090
 .text          0x0810a480      0x13a /cern/99/lib/libpacklib.a(fzotrx.o)
                0x0810a480                fzotrx_
 *fill*         0x0810a5ba        0x2 90909090
 .text          0x0810a5bc       0x8e /cern/99/lib/libpacklib.a(mzend.o)
                0x0810a5bc                mzend_
 *fill*         0x0810a64a        0x2 90909090
 .text          0x0810a64c      0x379 /cern/99/lib/libpacklib.a(mzmaps.o)
                0x0810a64c                mzmaps_
 *fill*         0x0810a9c5        0x3 90909090
 .text          0x0810a9c8      0x5fe /cern/99/lib/libpacklib.a(mzmark.o)
                0x0810a9c8                mzmark_
 *fill*         0x0810afc6        0x2 90909090
 .text          0x0810afc8      0x436 /cern/99/lib/libpacklib.a(mzwork.o)
                0x0810afc8                mzwork_
 *fill*         0x0810b3fe        0x2 90909090
 .text          0x0810b400       0xb2 /cern/99/lib/libpacklib.a(zitoh.o)
                0x0810b400                zitoh_
 *fill*         0x0810b4b2        0x2 90909090
 .text          0x0810b4b4      0x221 /cern/99/lib/libpacklib.a(rzallo.o)
                0x0810b4b4                rzallo_
 *fill*         0x0810b6d5        0x3 90909090
 .text          0x0810b6d8     0x19c1 /cern/99/lib/libpacklib.a(rzdelk.o)
                0x0810b6d8                rzdelk_
 *fill*         0x0810d099        0x3 90909090
 .text          0x0810d09c      0x455 /cern/99/lib/libpacklib.a(rzexpd.o)
                0x0810d09c                rzexpd_
 *fill*         0x0810d4f1        0x3 90909090
 .text          0x0810d4f4      0xb3a /cern/99/lib/libpacklib.a(rzfile.o)
                0x0810d4f4                rzfile_
 *fill*         0x0810e02e        0x2 90909090
 .text          0x0810e030      0x3fd /cern/99/lib/libpacklib.a(rzllok.o)
                0x0810e030                rzllok_
 *fill*         0x0810e42d        0x3 90909090
 .text          0x0810e430      0x9ae /cern/99/lib/libpacklib.a(rzlock.o)
                0x0810e430                rzlock_
 *fill*         0x0810edde        0x2 90909090
 .text          0x0810ede0      0xd0b /cern/99/lib/libpacklib.a(rzmake.o)
                0x0810ede0                rzmake_
 *fill*         0x0810faeb        0x1 90909090
 .text          0x0810faec      0x318 /cern/99/lib/libpacklib.a(rzobkn.o)
                0x0810faec                rzobkn_
 .text          0x0810fe04      0x499 /cern/99/lib/libpacklib.a(rzpurf.o)
                0x0810fe04                rzpurf_
 *fill*         0x0811029d        0x3 90909090
 .text          0x081102a0      0x5dd /cern/99/lib/libpacklib.a(rzveri.o)
                0x081102a0                rzveri_
 *fill*         0x0811087d        0x3 90909090
 .text          0x08110880      0x4eb /cern/99/lib/libpacklib.a(rzwrt.o)
                0x08110880                rzwrt_
 *fill*         0x08110d6b        0x1 90909090
 .text          0x08110d6c      0x6da /cern/99/lib/libpacklib.a(connect.o)
                0x0811143c                rfio_lasthost
                0x08110d6c                rfio_connect
 *fill*         0x08111446        0x2 90909090