Archive member included because of file (symbol)

/cern/99/lib/libpacklib.a(ffgo.o)
                              lepton.o (ffgo_)
/cern/99/lib/libpacklib.a(ffinit.o)
                              lepton.o (ffinit_)
/cern/99/lib/libpacklib.a(ffkey.o)
                              lepton.o (ffkey_)
/cern/99/lib/libpacklib.a(ffset.o)
                              lepton.o (ffset_)
/cern/99/lib/libpacklib.a(ffskip.o)
                              /cern/99/lib/libpacklib.a(ffgo.o) (ffskip_)
/cern/99/lib/libpacklib.a(ffupca.o)
                              /cern/99/lib/libpacklib.a(ffgo.o) (ffupca_)
/cern/99/lib/libpacklib.a(ffuser.o)
                              /cern/99/lib/libpacklib.a(ffinit.o) (ffuser_)
/cern/99/lib/libpacklib.a(ffuset.o)
                              /cern/99/lib/libpacklib.a(ffinit.o) (ffuset_)
/cern/99/lib/libpacklib.a(jumpxn.o)
                              /cern/99/lib/libpacklib.a(ffuset.o) (jumpad_)
/cern/99/lib/libpacklib.a(locf.o)
                              /cern/99/lib/libpacklib.a(ffkey.o) (locf_)
/cern/99/lib/libpacklib.a(lenocc.o)
                              lepton.o (lenocc_)
/cern/99/lib/libpacklib.a(ranmar.o)
                              lepton.o (ranmar_)
/cern/99/lib/libpacklib.a(ucopy2c.o)
                              /cern/99/lib/libpacklib.a(ffgo.o) (ucopy2_)
/cern/99/lib/libpacklib.a(iucomp.o)
                              /cern/99/lib/libpacklib.a(ffkey.o) (iucomp_)
/cern/99/lib/libpacklib.a(ucopy.o)
                              lepton.o (ucopy_)
/cern/99/lib/libpacklib.a(uctoh.o)
                              /cern/99/lib/libpacklib.a(ffgo.o) (uctoh_)
/cern/99/lib/libpacklib.a(uhtoc.o)
                              lepton.o (uhtoc_)
/cern/99/lib/libpacklib.a(vblank.o)
                              lepton.o (vblank_)
/cern/99/lib/libpacklib.a(vfill.o)
                              /cern/99/lib/libpacklib.a(ffinit.o) (vfill_)
/cern/99/lib/libpacklib.a(vzero.o)
                              lepton.o (vzero_)
/cern/99/lib/libpacklib.a(ffcard.o)
                              /cern/99/lib/libpacklib.a(ffgo.o) (ffcard_)
/cern/99/lib/libpacklib.a(fffind.o)
                              /cern/99/lib/libpacklib.a(ffgo.o) (fffind_)
/cern/99/lib/libpacklib.a(abend.o)
                              /cern/99/lib/libpacklib.a(uctoh.o) (abend_)
/usr/lib/libc_nonshared.a(atexit.oS)
                              /lib/libnsl.so.1 (atexit)
/usr/lib/gcc-lib/i686-pc-linux-gnu/2.95.3/libg2c.a(close.o)
                              lepton.o (f_clos)
/usr/lib/gcc-lib/i686-pc-linux-gnu/2.95.3/libg2c.a(endfile.o)
                              /usr/lib/gcc-lib/i686-pc-linux-gnu/2.95.3/libg2c.a(close.o) (t_runc)
/usr/lib/gcc-lib/i686-pc-linux-gnu/2.95.3/libg2c.a(err.o)
                              /usr/lib/gcc-lib/i686-pc-linux-gnu/2.95.3/libg2c.a(close.o) (f__fatal)
/usr/lib/gcc-lib/i686-pc-linux-gnu/2.95.3/libg2c.a(fmt.o)
                              lepton.o (do_fio)
/usr/lib/gcc-lib/i686-pc-linux-gnu/2.95.3/libg2c.a(open.o)
                              /usr/lib/gcc-lib/i686-pc-linux-gnu/2.95.3/libg2c.a(endfile.o) (f__r_mode)
/usr/lib/gcc-lib/i686-pc-linux-gnu/2.95.3/libg2c.a(rsfe.o)
                              /cern/99/lib/libpacklib.a(ffgo.o) (s_rsfe)
/usr/lib/gcc-lib/i686-pc-linux-gnu/2.95.3/libg2c.a(sfe.o)
                              /cern/99/lib/libpacklib.a(ffgo.o) (e_rsfe)
/usr/lib/gcc-lib/i686-pc-linux-gnu/2.95.3/libg2c.a(sue.o)
                              lepton.o (s_wsue)
/usr/lib/gcc-lib/i686-pc-linux-gnu/2.95.3/libg2c.a(uio.o)
                              /usr/lib/gcc-lib/i686-pc-linux-gnu/2.95.3/libg2c.a(sue.o) (f__reclen)
/usr/lib/gcc-lib/i686-pc-linux-gnu/2.95.3/libg2c.a(util.o)
                              /usr/lib/gcc-lib/i686-pc-linux-gnu/2.95.3/libg2c.a(open.o) (g_char)
/usr/lib/gcc-lib/i686-pc-linux-gnu/2.95.3/libg2c.a(wsfe.o)
                              lepton.o (s_wsfe)
/usr/lib/gcc-lib/i686-pc-linux-gnu/2.95.3/libg2c.a(main.o)
                              /usr/lib/crt1.o (main)
/usr/lib/gcc-lib/i686-pc-linux-gnu/2.95.3/libg2c.a(s_stop.o)
                              lepton.o (s_stop)
/usr/lib/gcc-lib/i686-pc-linux-gnu/2.95.3/libg2c.a(sig_die.o)
                              /usr/lib/gcc-lib/i686-pc-linux-gnu/2.95.3/libg2c.a(err.o) (sig_die)
/usr/lib/gcc-lib/i686-pc-linux-gnu/2.95.3/libg2c.a(setarg.o)
                              /usr/lib/gcc-lib/i686-pc-linux-gnu/2.95.3/libg2c.a(main.o) (f_setarg)
/usr/lib/gcc-lib/i686-pc-linux-gnu/2.95.3/libg2c.a(setsig.o)
                              /usr/lib/gcc-lib/i686-pc-linux-gnu/2.95.3/libg2c.a(main.o) (f_setsig)
/usr/lib/gcc-lib/i686-pc-linux-gnu/2.95.3/libg2c.a(i_indx.o)
                              lepton.o (i_indx)
/usr/lib/gcc-lib/i686-pc-linux-gnu/2.95.3/libg2c.a(l_gt.o)
                              /cern/99/lib/libpacklib.a(fffind.o) (l_gt)
/usr/lib/gcc-lib/i686-pc-linux-gnu/2.95.3/libg2c.a(l_lt.o)
                              /cern/99/lib/libpacklib.a(fffind.o) (l_lt)
/usr/lib/gcc-lib/i686-pc-linux-gnu/2.95.3/libg2c.a(s_cat.o)
                              lepton.o (s_cat)
/usr/lib/gcc-lib/i686-pc-linux-gnu/2.95.3/libg2c.a(s_cmp.o)
                              /cern/99/lib/libpacklib.a(ffgo.o) (s_cmp)
/usr/lib/gcc-lib/i686-pc-linux-gnu/2.95.3/libg2c.a(s_copy.o)
                              lepton.o (s_copy)
/usr/lib/gcc-lib/i686-pc-linux-gnu/2.95.3/libg2c.a(rdfmt.o)
                              /usr/lib/gcc-lib/i686-pc-linux-gnu/2.95.3/libg2c.a(rsfe.o) (rd_ed)
/usr/lib/gcc-lib/i686-pc-linux-gnu/2.95.3/libg2c.a(wrtfmt.o)
                              /usr/lib/gcc-lib/i686-pc-linux-gnu/2.95.3/libg2c.a(wsfe.o) (w_ed)
/usr/lib/gcc-lib/i686-pc-linux-gnu/2.95.3/libg2c.a(F77_aloc.o)
                              /usr/lib/gcc-lib/i686-pc-linux-gnu/2.95.3/libg2c.a(s_cat.o) (F77_aloc)
/usr/lib/gcc-lib/i686-pc-linux-gnu/2.95.3/libg2c.a(exit_.o)
                              /usr/lib/gcc-lib/i686-pc-linux-gnu/2.95.3/libg2c.a(F77_aloc.o) (G77_exit_0)
/usr/lib/gcc-lib/i686-pc-linux-gnu/2.95.3/libg2c.a(fmtlib.o)
                              /usr/lib/gcc-lib/i686-pc-linux-gnu/2.95.3/libg2c.a(wrtfmt.o) (f__icvt)
/usr/lib/gcc-lib/i686-pc-linux-gnu/2.95.3/libg2c.a(wref.o)
                              /usr/lib/gcc-lib/i686-pc-linux-gnu/2.95.3/libg2c.a(wrtfmt.o) (wrt_E)

Allocating common symbols
Common symbol       size              file

ffchar_             0x84              /cern/99/lib/libpacklib.a(ffgo.o)
f__recloc           0x4               /usr/lib/gcc-lib/i686-pc-linux-gnu/2.95.3/libg2c.a(sue.o)
f(short, void, int, char)
                    0x4               /usr/lib/gcc-lib/i686-pc-linux-gnu/2.95.3/libg2c.a(err.o)
f__hiwater          0x4               /usr/lib/gcc-lib/i686-pc-linux-gnu/2.95.3/libg2c.a(err.o)
cfread_             0x87c             /cern/99/lib/libpacklib.a(ffgo.o)
f(long double,  *)  0x4               /usr/lib/gcc-lib/i686-pc-linux-gnu/2.95.3/libg2c.a(fmt.o)
f__nonl             0x4               /usr/lib/gcc-lib/i686-pc-linux-gnu/2.95.3/libg2c.a(fmt.o)
f__putn             0x4               /usr/lib/gcc-lib/i686-pc-linux-gnu/2.95.3/libg2c.a(err.o)
f__fmtlen           0x4               /usr/lib/gcc-lib/i686-pc-linux-gnu/2.95.3/libg2c.a(err.o)
f__elist            0x4               /usr/lib/gcc-lib/i686-pc-linux-gnu/2.95.3/libg2c.a(err.o)
f__sequential       0x4               /usr/lib/gcc-lib/i686-pc-linux-gnu/2.95.3/libg2c.a(err.o)
chcprd_             0x3200            lepton.o
f__fmtbuf           0x4               /usr/lib/gcc-lib/i686-pc-linux-gnu/2.95.3/libg2c.a(err.o)
f__parenlvl         0x4               /usr/lib/gcc-lib/i686-pc-linux-gnu/2.95.3/libg2c.a(fmt.o)
f__getn             0x4               /usr/lib/gcc-lib/i686-pc-linux-gnu/2.95.3/libg2c.a(err.o)
f__curunit          0x4               /usr/lib/gcc-lib/i686-pc-linux-gnu/2.95.3/libg2c.a(err.o)
f__doned            0x4               /usr/lib/gcc-lib/i686-pc-linux-gnu/2.95.3/libg2c.a(err.o)
cprod_              0x7560            lepton.o
f(char, float)      0x4               /usr/lib/gcc-lib/i686-pc-linux-gnu/2.95.3/libg2c.a(err.o)
f__external         0x4               /usr/lib/gcc-lib/i686-pc-linux-gnu/2.95.3/libg2c.a(err.o)
f__workdone         0x4               /usr/lib/gcc-lib/i686-pc-linux-gnu/2.95.3/libg2c.a(fmt.o)
f__reading          0x4               /usr/lib/gcc-lib/i686-pc-linux-gnu/2.95.3/libg2c.a(err.o)
f__icptr            0x4               /usr/lib/gcc-lib/i686-pc-linux-gnu/2.95.3/libg2c.a(err.o)
f__donewrec         0x4               /usr/lib/gcc-lib/i686-pc-linux-gnu/2.95.3/libg2c.a(err.o)
f__init             0x4               /usr/lib/gcc-lib/i686-pc-linux-gnu/2.95.3/libg2c.a(err.o)
f__doed             0x4               /usr/lib/gcc-lib/i686-pc-linux-gnu/2.95.3/libg2c.a(err.o)
f__revloc           0x4               /usr/lib/gcc-lib/i686-pc-linux-gnu/2.95.3/libg2c.a(fmt.o)
f__ret              0x28              /usr/lib/gcc-lib/i686-pc-linux-gnu/2.95.3/libg2c.a(fmt.o)
f(char, long *, short __restrict)
                    0x4               /usr/lib/gcc-lib/i686-pc-linux-gnu/2.95.3/libg2c.a(err.o)
f__doend            0x4               /usr/lib/gcc-lib/i686-pc-linux-gnu/2.95.3/libg2c.a(err.o)
ffcomm_             0x194             /cern/99/lib/libpacklib.a(ffgo.o)
f__cblank           0x4               /usr/lib/gcc-lib/i686-pc-linux-gnu/2.95.3/libg2c.a(err.o)
f__cnt              0x28              /usr/lib/gcc-lib/i686-pc-linux-gnu/2.95.3/libg2c.a(fmt.o)
f__scale            0x4               /usr/lib/gcc-lib/i686-pc-linux-gnu/2.95.3/libg2c.a(err.o)
f(char *)           0x4               /usr/lib/gcc-lib/i686-pc-linux-gnu/2.95.3/libg2c.a(fmt.o)
f__recpos           0x4               /usr/lib/gcc-lib/i686-pc-linux-gnu/2.95.3/libg2c.a(err.o)
f__dorevert         0x4               /usr/lib/gcc-lib/i686-pc-linux-gnu/2.95.3/libg2c.a(err.o)
f__formatted        0x4               /usr/lib/gcc-lib/i686-pc-linux-gnu/2.95.3/libg2c.a(err.o)
f__xargv            0x4               /usr/lib/gcc-lib/i686-pc-linux-gnu/2.95.3/libg2c.a(setarg.o)
f(char,  *)         0x4               /usr/lib/gcc-lib/i686-pc-linux-gnu/2.95.3/libg2c.a(fmt.o)
ranma1_             0x19c             /cern/99/lib/libpacklib.a(ranmar.o)
f__xargc            0x4               /usr/lib/gcc-lib/i686-pc-linux-gnu/2.95.3/libg2c.a(setarg.o)
f__units            0x12c0            /usr/lib/gcc-lib/i686-pc-linux-gnu/2.95.3/libg2c.a(err.o)
f__cursor           0x4               /usr/lib/gcc-lib/i686-pc-linux-gnu/2.95.3/libg2c.a(err.o)
f__reclen           0x4               /usr/lib/gcc-lib/i686-pc-linux-gnu/2.95.3/libg2c.a(uio.o)

Memory Configuration

Name             Origin             Length             Attributes
*default*        0x00000000         0xffffffff

Linker script and memory map

LOAD /usr/lib/crt1.o
LOAD /usr/lib/crti.o
LOAD /usr/lib/gcc-lib/i686-pc-linux-gnu/2.95.3/crtbegin.o
LOAD lepton.o
LOAD /cern/99/lib/libgraflib.a
LOAD /cern/99/lib/libgrafX11.a
LOAD /cern/99/lib/libpacklib.a
LOAD /cern/99/lib/libmathlib.a
LOAD /cern/99/lib/libkernlib.a
LOAD /lib/libnsl.so.1
LOAD /usr/lib/libc.so
START GROUP
LOAD /lib/libc.so.6
LOAD /usr/lib/libc_nonshared.a
END GROUP
LOAD /usr/lib/gcc-lib/i686-pc-linux-gnu/2.95.3/libg2c.a
LOAD /usr/lib/libm.so
LOAD /usr/lib/gcc-lib/i686-pc-linux-gnu/2.95.3/libgcc.a
LOAD /usr/lib/libc.so
START GROUP
LOAD /lib/libc.so.6
LOAD /usr/lib/libc_nonshared.a
END GROUP
LOAD /usr/lib/gcc-lib/i686-pc-linux-gnu/2.95.3/libgcc.a
LOAD /usr/lib/gcc-lib/i686-pc-linux-gnu/2.95.3/crtend.o
LOAD /usr/lib/crtn.o
                0x080480f4                . = (0x8048000 + SIZEOF_HEADERS)

.interp         0x080480f4       0x13
 *(.interp)
 .interp        0x080480f4       0x13 /usr/lib/crt1.o

.note.ABI-tag   0x08048108       0x20
 .note.ABI-tag  0x08048108       0x20 /usr/lib/crt1.o

.hash           0x08048128      0x174
 *(.hash)
 .hash          0x08048128      0x174 /usr/lib/crt1.o

.dynsym         0x0804829c      0x360
 *(.dynsym)
 .dynsym        0x0804829c      0x360 /usr/lib/crt1.o

.dynstr         0x080485fc      0x21b
 *(.dynstr)
 .dynstr        0x080485fc      0x21b /usr/lib/crt1.o

.gnu.version    0x08048818       0x6c
 *(.gnu.version)
 .gnu.version   0x08048818       0x6c /usr/lib/crt1.o

.gnu.version_d
 *(.gnu.version_d)

.gnu.version_r  0x08048884       0x60
 *(.gnu.version_r)
 .gnu.version_r
                0x08048884       0x60 /usr/lib/crt1.o

.rel.dyn        0x080488e4       0x30
 *(.rel.init)
 *(.rel.text .rel.text.* .rel.gnu.linkonce.t.*)
 *(.rel.fini)
 *(.rel.rodata .rel.rodata.* .rel.gnu.linkonce.r.*)
 *(.rel.data .rel.data.* .rel.gnu.linkonce.d.*)
 *(.rel.tdata .rel.tdata.* .rel.gnu.linkonce.td.*)
 *(.rel.tbss .rel.tbss.* .rel.gnu.linkonce.tb.*)
 *(.rel.ctors)
 *(.rel.dtors)
 *(.rel.got)
 .rel.got       0x080488e4       0x10 /usr/lib/crt1.o
 *(.rel.bss .rel.bss.* .rel.gnu.linkonce.b.*)
 .rel.bss       0x080488f4       0x20 /usr/lib/crt1.o

.rela.dyn
 *(.rela.init)
 *(.rela.text .rela.text.* .rela.gnu.linkonce.t.*)
 *(.rela.fini)
 *(.rela.rodata .rela.rodata.* .rela.gnu.linkonce.r.*)
 *(.rela.data .rela.data.* .rela.gnu.linkonce.d.*)
 *(.rela.tdata .rela.tdata.* .rela.gnu.linkonce.td.*)
 *(.rela.tbss .rela.tbss.* .rela.gnu.linkonce.tb.*)
 *(.rela.ctors)
 *(.rela.dtors)
 *(.rela.got)
 *(.rela.bss .rela.bss.* .rela.gnu.linkonce.b.*)

.rel.plt        0x08048914      0x170
 *(.rel.plt)
 .rel.plt       0x08048914      0x170 /usr/lib/crt1.o

.rela.plt
 *(.rela.plt)

.init           0x08048a84       0x25
 *(.init)
 .init          0x08048a84       0x18 /usr/lib/crti.o
                0x08048a84                _init
 .init          0x08048a9c        0x5 /usr/lib/gcc-lib/i686-pc-linux-gnu/2.95.3/crtbegin.o
 .init          0x08048aa1        0x5 /usr/lib/gcc-lib/i686-pc-linux-gnu/2.95.3/crtend.o
 .init          0x08048aa6        0x3 /usr/lib/crtn.o

.plt            0x08048aac      0x2f0
 *(.plt)
 .plt           0x08048aac      0x2f0 /usr/lib/crt1.o
                0x08048abc                __umoddi3@@GLIBC_2.0
                0x08048acc                cos@@GLIBC_2.0
                0x08048adc                __strtod_internal@@GLIBC_2.0
                0x08048aec                feof@@GLIBC_2.0
                0x08048afc                ungetc@@GLIBC_2.0
                0x08048b0c                __register_frame_info@@GLIBC_2.0
                0x08048b1c                fileno@@GLIBC_2.0
                0x08048b2c                perror@@GLIBC_2.0
                0x08048b3c                fprintf@@GLIBC_2.0
                0x08048b4c                tmpfile@@GLIBC_2.1
                0x08048b5c                tempnam@@GLIBC_2.0
                0x08048b6c                signal@@GLIBC_2.0
                0x08048b7c                fflush@@GLIBC_2.0
                0x08048b8c                unlink@@GLIBC_2.0
                0x08048b9c                freopen@@GLIBC_2.0
                0x08048bac                __cxa_atexit@@GLIBC_2.1.3
                0x08048bbc                __errno_location@@GLIBC_2.0
                0x08048bcc                rewind@@GLIBC_2.0
                0x08048bdc                ftell@@GLIBC_2.0
                0x08048bec                access@@GLIBC_2.0
                0x08048bfc                malloc@@GLIBC_2.0
                0x08048c0c                fread@@GLIBC_2.0
                0x08048c1c                memmove@@GLIBC_2.0
                0x08048c2c                clearerr@@GLIBC_2.0
                0x08048c3c                __deregister_frame_info@@GLIBC_2.0
                0x08048c4c                abort@@GLIBC_2.0
                0x08048c5c                __xstat@@GLIBC_2.0
                0x08048c6c                fseek@@GLIBC_2.0
                0x08048c7c                __fxstat@@GLIBC_2.0
                0x08048c8c                fputs@@GLIBC_2.0
                0x08048c9c                __strtol_internal@@GLIBC_2.0
                0x08048cac                __udivdi3@@GLIBC_2.0
                0x08048cbc                __libc_start_main@@GLIBC_2.0
                0x08048ccc                memcpy@@GLIBC_2.0
                0x08048cdc                fclose@@GLIBC_2.1
                0x08048cec                exit@@GLIBC_2.0
                0x08048cfc                _IO_putc@@GLIBC_2.0
                0x08048d0c                free@@GLIBC_2.0
                0x08048d1c                isatty@@GLIBC_2.0
                0x08048d2c                memset@@GLIBC_2.0
                0x08048d3c                fopen@@GLIBC_2.1
                0x08048d4c                sprintf@@GLIBC_2.0
                0x08048d5c                fwrite@@GLIBC_2.0
                0x08048d6c                sin@@GLIBC_2.0
                0x08048d7c                _IO_getc@@GLIBC_2.0
                0x08048d8c                strcpy@@GLIBC_2.0

.text           0x08048da0     0xa540
 *(.text .stub .text.* .gnu.linkonce.t.*)
 .text          0x08048da0       0x24 /usr/lib/crt1.o
                0x08048da0                _start
 .text          0x08048dc4       0x24 /usr/lib/crti.o
 *fill*         0x08048de8        0x8 90909090
 .text          0x08048df0       0xa0 /usr/lib/gcc-lib/i686-pc-linux-gnu/2.95.3/crtbegin.o
 .text          0x08048e90     0x1ca4 lepton.o
                0x0804a9cc                incprd_
                0x0804a1b4                prcprd_
                0x08049af0                wrcprd_
                0x08048e90                MAIN__
 .text          0x0804ab34     0x175a /cern/99/lib/libpacklib.a(ffgo.o)
                0x0804ab34                ffgo_
 *fill*         0x0804c28e        0x2 90909090
 .text          0x0804c290      0x267 /cern/99/lib/libpacklib.a(ffinit.o)
                0x0804c290                ffinit_
 *fill*         0x0804c4f7        0x1 90909090
 .text          0x0804c4f8      0x270 /cern/99/lib/libpacklib.a(ffkey.o)
                0x0804c4f8                ffkey_
 .text          0x0804c768      0x21c /cern/99/lib/libpacklib.a(ffset.o)
                0x0804c768                ffset_
 .text          0x0804c984       0x54 /cern/99/lib/libpacklib.a(ffskip.o)
                0x0804c984                ffskip_
 .text          0x0804c9d8       0x6f /cern/99/lib/libpacklib.a(ffupca.o)
                0x0804c9d8                ffupca_
 *fill*         0x0804ca47        0x1 90909090
 .text          0x0804ca48        0x7 /cern/99/lib/libpacklib.a(ffuser.o)
                0x0804ca48                ffuser_
 *fill*         0x0804ca4f        0x1 90909090
 .text          0x0804ca50       0x15 /cern/99/lib/libpacklib.a(ffuset.o)
                0x0804ca50                ffuset_
 *fill*         0x0804ca65        0xb 90909090
 .text          0x0804ca70      0x1d0 /cern/99/lib/libpacklib.a(jumpxn.o)
                0x0804cb80                jumpx7_
                0x0804caa0                jumpx1_
                0x0804ca70                jumpad_
                0x0804cbc0                jumpx8_
                0x0804cb50                jumpx6_
                0x0804cc00                jumpx9_
                0x0804ca80                jumpst_
                0x0804ca90                jumpx0_
                0x0804cb20                jumpx5_
                0x0804cad0                jumpx3_
                0x0804cab0                jumpx2_
                0x0804caf0                jumpx4_
 .text          0x0804cc40        0x8 /cern/99/lib/libpacklib.a(locf.o)
                0x0804cc40                locf_
 *fill*         0x0804cc48        0x8 90909090
 .text          0x0804cc50       0x7d /cern/99/lib/libpacklib.a(lenocc.o)
                0x0804cc50                lenocc_
 *fill*         0x0804cccd        0x3 90909090
 .text          0x0804ccd0      0x620 /cern/99/lib/libpacklib.a(ranmar.o)
                0x0804d2cc                rmarut_
                0x0804d2a8                rmarin_
                0x0804d284                ranmar_
 .text          0x0804d2f0       0x3a /cern/99/lib/libpacklib.a(ucopy2c.o)
                0x0804d2f0                ucopy2_
 *fill*         0x0804d32a        0x2 90909090
 .text          0x0804d32c       0x50 /cern/99/lib/libpacklib.a(iucomp.o)
                0x0804d32c                iucomp_
 .text          0x0804d37c       0x4b /cern/99/lib/libpacklib.a(ucopy.o)
                0x0804d37c                ucopy_
 *fill*         0x0804d3c7        0x1 90909090
 .text          0x0804d3c8      0x22b /cern/99/lib/libpacklib.a(uctoh.o)
                0x0804d3c8                uctoh_
 *fill*         0x0804d5f3        0x1 90909090
 .text          0x0804d5f4      0x20f /cern/99/lib/libpacklib.a(uhtoc.o)
                0x0804d5f4                uhtoc_
 *fill*         0x0804d803        0x1 90909090
 .text          0x0804d804       0x3d /cern/99/lib/libpacklib.a(vblank.o)
                0x0804d804                vblank_
 *fill*         0x0804d841        0x3 90909090
 .text          0x0804d844       0x3d /cern/99/lib/libpacklib.a(vfill.o)
                0x0804d844                vfill_
 *fill*         0x0804d881        0x3 90909090
 .text          0x0804d884       0x3a /cern/99/lib/libpacklib.a(vzero.o)
                0x0804d884                vzero_
 *fill*         0x0804d8be        0x2 90909090
 .text          0x0804d8c0      0x7cb /cern/99/lib/libpacklib.a(ffcard.o)
                0x0804d8c0                ffcard_
 *fill*         0x0804e08b        0x1 90909090
 .text          0x0804e08c       0xc6 /cern/99/lib/libpacklib.a(fffind.o)
                0x0804e08c                fffind_
 *fill*         0x0804e152        0xe 90909090
 .text          0x0804e160        0x7 /cern/99/lib/libpacklib.a(abend.o)
                0x0804e160                abend_
 *fill*         0x0804e167        0x9 90909090
 .text          0x0804e170       0x40 /usr/lib/libc_nonshared.a(atexit.oS)
                0x0804e170                atexit
 .text          0x0804e1b0      0x1a0 /usr/lib/gcc-lib/i686-pc-linux-gnu/2.95.3/libg2c.a(close.o)
                0x0804e2a0                f_exit
                0x0804e2fc                G77_flush_0
                0x0804e1b0                f_clos
 .text          0x0804e350      0x340 /usr/lib/gcc-lib/i686-pc-linux-gnu/2.95.3/libg2c.a(endfile.o)
                0x0804e498                t_runc
                0x0804e350                f_end
 .text          0x0804e690      0x4c0 /usr/lib/gcc-lib/i686-pc-linux-gnu/2.95.3/libg2c.a(err.o)
                0x0804ea3c                f__nowwriting
                0x0804e690                f__canseek
                0x0804e8cc                f_init
                0x0804e71c                f__fatal
                0x0804e980                f__nowreading
                0x0804eb08                err(float, long)
 .text          0x0804eb50      0xc50 /usr/lib/gcc-lib/i686-pc-linux-gnu/2.95.3/libg2c.a(fmt.o)
                0x0804f744                fmt_bg
                0x0804f42c                do_fio
                0x0804f720                en_fio
                0x0804f350                pars_f
 .text          0x0804f7a0      0x930 /usr/lib/gcc-lib/i686-pc-linux-gnu/2.95.3/libg2c.a(open.o)
                0x0804f848                f__putbuf
                0x0804f918                x_putc
                0x0804f9b8                f_open
                0x0804fff4                fk_open
 .text          0x080500d0      0x300 /usr/lib/gcc-lib/i686-pc-linux-gnu/2.95.3/libg2c.a(rsfe.o)
                0x08050128                x_getc
                0x080501bc                x_endp
                0x080501f4                s_rsfe
                0x080501e0                x_rev
                0x080500d0                xrd_SL
 .text          0x080503d0      0x140 /usr/lib/gcc-lib/i686-pc-linux-gnu/2.95.3/libg2c.a(sfe.o)
                0x080503f4                c_sfe
                0x080504e4                e_wsfe
                0x080503d0                e_rsfe
 .text          0x08050510      0x400 /usr/lib/gcc-lib/i686-pc-linux-gnu/2.95.3/libg2c.a(sue.o)
                0x08050510                c_sue
                0x080508d4                e_rsue
                0x0805078c                s_wsue
                0x08050854                e_wsue
                0x0805064c                s_rsue
 .text          0x08050910      0x230 /usr/lib/gcc-lib/i686-pc-linux-gnu/2.95.3/libg2c.a(uio.o)
                0x08050b04                do_uio
                0x08050910                do_us
                0x080509f4                do_ud
 .text          0x08050b40       0xc0 /usr/lib/gcc-lib/i686-pc-linux-gnu/2.95.3/libg2c.a(util.o)
                0x08050b40                g_char
                0x08050b84                b_char
                0x08050bc0                f__inode
 .text          0x08050c00      0x2a0 /usr/lib/gcc-lib/i686-pc-linux-gnu/2.95.3/libg2c.a(wsfe.o)
                0x08050c00                x_wSL
                0x08050ce4                s_wsfe
 .text          0x08050ea0       0x40 /usr/lib/gcc-lib/i686-pc-linux-gnu/2.95.3/libg2c.a(main.o)
                0x08050ea0                main
 .text          0x08050ee0       0x70 /usr/lib/gcc-lib/i686-pc-linux-gnu/2.95.3/libg2c.a(s_stop.o)
                0x08050ee0                s_stop
 .text          0x08050f50       0x70 /usr/lib/gcc-lib/i686-pc-linux-gnu/2.95.3/libg2c.a(sig_die.o)
                0x08050f50                sig_die
 .text          0x08050fc0       0x18 /usr/lib/gcc-lib/i686-pc-linux-gnu/2.95.3/libg2c.a(setarg.o)
                0x08050fc0                f_setarg
 .text          0x08050fd8      0x140 /usr/lib/gcc-lib/i686-pc-linux-gnu/2.95.3/libg2c.a(setsig.o)
                0x08051080                f_setsig
 *fill*         0x08051118        0x8 90909090
 .text          0x08051120       0x60 /usr/lib/gcc-lib/i686-pc-linux-gnu/2.95.3/libg2c.a(i_indx.o)
                0x08051120                i_indx
 .text          0x08051180       0x2c /usr/lib/gcc-lib/i686-pc-linux-gnu/2.95.3/libg2c.a(l_gt.o)
                0x08051180                l_gt
 .text          0x080511ac       0x28 /usr/lib/gcc-lib/i686-pc-linux-gnu/2.95.3/libg2c.a(l_lt.o)
                0x080511ac                l_lt
 *fill*         0x080511d4        0xc 90909090
 .text          0x080511e0       0xf0 /usr/lib/gcc-lib/i686-pc-linux-gnu/2.95.3/libg2c.a(s_cat.o)
                0x080511e0                s_cat
 .text          0x080512d0       0x90 /usr/lib/gcc-lib/i686-pc-linux-gnu/2.95.3/libg2c.a(s_cmp.o)
                0x080512d0                s_cmp
 .text          0x08051360       0xa0 /usr/lib/gcc-lib/i686-pc-linux-gnu/2.95.3/libg2c.a(s_copy.o)
                0x08051360                s_copy
 .text          0x08051400      0xc60 /usr/lib/gcc-lib/i686-pc-linux-gnu/2.95.3/libg2c.a(rdfmt.o)
                0x08051db4                rd_ed
                0x08051f8c                rd_ned
 .text          0x08052060      0xab0 /usr/lib/gcc-lib/i686-pc-linux-gnu/2.95.3/libg2c.a(wrtfmt.o)
                0x080528e8                w_ed
                0x08052a40                w_ned
                0x080526d8                wrt_L
 .text          0x08052b10       0x4c /usr/lib/gcc-lib/i686-pc-linux-gnu/2.95.3/libg2c.a(F77_aloc.o)
                0x08052b10                F77_aloc
 .text          0x08052b5c       0x14 /usr/lib/gcc-lib/i686-pc-linux-gnu/2.95.3/libg2c.a(exit_.o)
                0x08052b5c                G77_exit_0
 .text          0x08052b70       0xc0 /usr/lib/gcc-lib/i686-pc-linux-gnu/2.95.3/libg2c.a(fmtlib.o)
                0x08052b70                f__icvt
 .text          0x08052c30      0x670 /usr/lib/gcc-lib/i686-pc-linux-gnu/2.95.3/libg2c.a(wref.o)
                0x08052c30                wrt_E
                0x08053098                wrt_F
 .text          0x080532a0       0x40 /usr/lib/gcc-lib/i686-pc-linux-gnu/2.95.3/crtend.o
 *(.gnu.warning)

.fini           0x080532e0       0x1c
 *(.fini)
 .fini          0x080532e0       0x14 /usr/lib/crti.o
                0x080532e0                _fini
 .fini          0x080532f4        0x5 /usr/lib/gcc-lib/i686-pc-linux-gnu/2.95.3/crtbegin.o
 .fini          0x080532f9        0x3 /usr/lib/crtn.o
                0x080532fc                PROVIDE (__etext, .)
                0x080532fc                PROVIDE (_etext, .)
                0x080532fc                PROVIDE (etext, .)

.rodata         0x08053300     0x16f8
 *(.rodata .rodata.* .gnu.linkonce.r.*)
 .rodata        0x08053300        0x8 /usr/lib/crt1.o
                0x08053300                _fp_hw
                0x08053304                _IO_stdin_used
 *fill*         0x08053308       0x18 00
 .rodata        0x08053320      0x444 lepton.o
 *fill*         0x08053764       0x1c 00
 .rodata        0x08053780      0x2d0 /cern/99/lib/libpacklib.a(ffgo.o)
 .rodata        0x08053a50       0x3c /cern/99/lib/libpacklib.a(ffinit.o)
 .rodata        0x08053a8c        0xc /cern/99/lib/libpacklib.a(ffkey.o)
 .rodata        0x08053a98       0x14 /cern/99/lib/libpacklib.a(ffset.o)
 .rodata        0x08053aac        0x1 /cern/99/lib/libpacklib.a(ffskip.o)
 *fill*         0x08053aad        0x3 00
 .rodata        0x08053ab0       0x10 /cern/99/lib/libpacklib.a(ranmar.o)
 .rodata        0x08053ac0        0x4 /cern/99/lib/libpacklib.a(uctoh.o)
 *fill*         0x08053ac4       0x1c 00
 .rodata        0x08053ae0       0xcc /cern/99/lib/libpacklib.a(ffcard.o)
 .rodata        0x08053bac        0x4 /cern/99/lib/libpacklib.a(fffind.o)
 .rodata        0x08053bb0        0xe /usr/lib/gcc-lib/i686-pc-linux-gnu/2.95.3/libg2c.a(close.o)
 .rodata        0x08053bbe       0x1f /usr/lib/gcc-lib/i686-pc-linux-gnu/2.95.3/libg2c.a(endfile.o)
 *fill*         0x08053bdd        0x3 00
 .rodata        0x08053be0      0x440 /usr/lib/gcc-lib/i686-pc-linux-gnu/2.95.3/libg2c.a(err.o)
 .rodata        0x08054020      0x500 /usr/lib/gcc-lib/i686-pc-linux-gnu/2.95.3/libg2c.a(fmt.o)
 .rodata        0x08054520       0xd0 /usr/lib/gcc-lib/i686-pc-linux-gnu/2.95.3/libg2c.a(open.o)
 .rodata        0x080545f0       0x13 /usr/lib/gcc-lib/i686-pc-linux-gnu/2.95.3/libg2c.a(rsfe.o)
 .rodata        0x08054603        0xc /usr/lib/gcc-lib/i686-pc-linux-gnu/2.95.3/libg2c.a(sfe.o)
 .rodata        0x0805460f       0x29 /usr/lib/gcc-lib/i686-pc-linux-gnu/2.95.3/libg2c.a(sue.o)
 .rodata        0x08054638        0xc /usr/lib/gcc-lib/i686-pc-linux-gnu/2.95.3/libg2c.a(uio.o)
 .rodata        0x08054644       0x14 /usr/lib/gcc-lib/i686-pc-linux-gnu/2.95.3/libg2c.a(wsfe.o)
 .rodata        0x08054658       0x1b /usr/lib/gcc-lib/i686-pc-linux-gnu/2.95.3/libg2c.a(s_stop.o)
 .rodata        0x08054673        0x4 /usr/lib/gcc-lib/i686-pc-linux-gnu/2.95.3/libg2c.a(sig_die.o)
 .rodata        0x08054677       0x44 /usr/lib/gcc-lib/i686-pc-linux-gnu/2.95.3/libg2c.a(setsig.o)
 .rodata        0x080546bb        0x6 /usr/lib/gcc-lib/i686-pc-linux-gnu/2.95.3/libg2c.a(s_cat.o)
 *fill*         0x080546c1        0x3 00
 .rodata        0x080546c4      0x1ec /usr/lib/gcc-lib/i686-pc-linux-gnu/2.95.3/libg2c.a(rdfmt.o)
 .rodata        0x080548b0      0x100 /usr/lib/gcc-lib/i686-pc-linux-gnu/2.95.3/libg2c.a(wrtfmt.o)
 .rodata        0x080549b0       0x1a /usr/lib/gcc-lib/i686-pc-linux-gnu/2.95.3/libg2c.a(F77_aloc.o)
 *fill*         0x080549ca        0x6 00
 .rodata        0x080549d0       0x28 /usr/lib/gcc-lib/i686-pc-linux-gnu/2.95.3/libg2c.a(wref.o)

.rodata1
 *(.rodata1)

.eh_frame_hdr
 *(.eh_frame_hdr)
                0x080559f8                . = (0x1000 DATA_SEGMENT_ALIGN 0x1000)
                0x080559f8                . = ALIGN (0x4)
                0x080559f8                PROVIDE (__preinit_array_start, .)

.preinit_array
 *(.preinit_array)
                0x080559f8                PROVIDE (__preinit_array_end, .)
                0x080559f8                PROVIDE (__init_array_start, .)

.init_array
 *(.init_array)
                0x080559f8                PROVIDE (__init_array_end, .)
                0x080559f8                PROVIDE (__fini_array_start, .)

.fini_array
 *(.fini_array)
                0x080559f8                PROVIDE (__fini_array_end, .)

.data           0x08055a00      0xd20
 *(.data .data.* .gnu.linkonce.d.*)
 .data          0x08055a00        0x4 /usr/lib/crt1.o
                0x08055a00                data_start
                0x08055a00                __data_start
 .data          0x08055a04        0x8 /usr/lib/gcc-lib/i686-pc-linux-gnu/2.95.3/crtbegin.o
 *fill*         0x08055a0c       0x14 00
 .data          0x08055a20      0x24c lepton.o
 *fill*         0x08055c6c       0x14 00
 .data          0x08055c80      0x661 /cern/99/lib/libpacklib.a(ffgo.o)
 *fill*         0x080562e1       0x1f 00
 .data          0x08056300       0x5f /cern/99/lib/libpacklib.a(ffinit.o)
 *fill*         0x0805635f        0x1 00
 .data          0x08056360       0xf9 /cern/99/lib/libpacklib.a(ffkey.o)
 *fill*         0x08056459        0x7 00
 .data          0x08056460      0x1d8 /cern/99/lib/libpacklib.a(ffset.o)
 .data          0x08056638        0x4 /cern/99/lib/libpacklib.a(lenocc.o)
 .data          0x0805663c        0x4 /cern/99/lib/libpacklib.a(ranmar.o)
 .data          0x08056640        0x4 /cern/99/lib/libpacklib.a(vblank.o)
 .data          0x08056644       0x14 /cern/99/lib/libpacklib.a(ffcard.o)
 .data          0x08056658       0x88 /usr/lib/gcc-lib/i686-pc-linux-gnu/2.95.3/libg2c.a(err.o)
                0x08056658                F_err
 .data          0x080566e0       0x20 /usr/lib/gcc-lib/i686-pc-linux-gnu/2.95.3/libg2c.a(open.o)
                0x080566fc                f__buflen
                0x080566e8                f__w_mode
                0x080566e0                f__r_mode
 .data          0x08056700        0x4 /usr/lib/gcc-lib/i686-pc-linux-gnu/2.95.3/libg2c.a(rdfmt.o)
 .data          0x08056704       0x18 /usr/lib/gcc-lib/i686-pc-linux-gnu/2.95.3/libg2c.a(wrtfmt.o)
 .data          0x0805671c        0x4 /usr/lib/gcc-lib/i686-pc-linux-gnu/2.95.3/libg2c.a(F77_aloc.o)

.data1
 *(.data1)

.tdata
 *(.tdata .tdata.* .gnu.linkonce.td.*)

.tbss
 *(.tbss .tbss.* .gnu.linkonce.tb.*)
 *(.tcommon)

.eh_frame       0x08056720        0x4
 *(.eh_frame)
 .eh_frame      0x08056720        0x4 /usr/lib/gcc-lib/i686-pc-linux-gnu/2.95.3/crtend.o

.gcc_except_table
 *(.gcc_except_table)

.dynamic        0x08056724       0xd8
 *(.dynamic)
 .dynamic       0x08056724       0xd8 /usr/lib/crt1.o
                0x08056724                _DYNAMIC

.ctors          0x080567fc        0x8
 *crtbegin.o(.ctors)
 *(EXCLUDE_FILE(*crtend.o) .ctors)
 .ctors         0x080567fc        0x4 /usr/lib/gcc-lib/i686-pc-linux-gnu/2.95.3/crtbegin.o
 *(SORT(.ctors.*))
 *(.ctors)
 .ctors         0x08056800        0x4 /usr/lib/gcc-lib/i686-pc-linux-gnu/2.95.3/crtend.o

.dtors          0x08056804        0x8
 *crtbegin.o(.dtors)
 *(EXCLUDE_FILE(*crtend.o) .dtors)
 .dtors         0x08056804        0x4 /usr/lib/gcc-lib/i686-pc-linux-gnu/2.95.3/crtbegin.o
 *(SORT(.dtors.*))
 *(.dtors)
 .dtors         0x08056808        0x4 /usr/lib/gcc-lib/i686-pc-linux-gnu/2.95.3/crtend.o

.jcr
 *(.jcr)

.got            0x0805680c       0xcc
 *(.got.plt)
 .got.plt       0x0805680c       0xc4 /usr/lib/crt1.o
                0x0805680c                _GLOBAL_OFFSET_TABLE_
 *(.got)
 .got           0x080568d0        0x8 /usr/lib/crt1.o
                0x080568d8                _edata = .
                0x080568d8                PROVIDE (edata, .)
                0x080568d8                __bss_start = .

.bss            0x080568e0     0xe3a0
 *(.dynbss)
 .dynbss        0x080568e0       0x10 /usr/lib/crt1.o
                0x080568e0                stdout@@GLIBC_2.0
                0x080568e4                stderr@@GLIBC_2.0
                0x080568e8                __ctype_b@@GLIBC_2.0
                0x080568ec                stdin@@GLIBC_2.0
 *(.bss .bss.* .gnu.linkonce.b.*)
 .bss           0x080568f0       0x18 /usr/lib/gcc-lib/i686-pc-linux-gnu/2.95.3/crtbegin.o
 *fill*         0x08056908       0x18 00
 .bss           0x08056920      0x4b0 /cern/99/lib/libpacklib.a(ffgo.o)
 *fill*         0x08056dd0       0x10 00
 .bss           0x08056de0       0x30 /cern/99/lib/libpacklib.a(ffkey.o)
 .bss           0x08056e10        0x8 /cern/99/lib/libpacklib.a(ffset.o)
 .bss           0x08056e18        0x4 /cern/99/lib/libpacklib.a(ffskip.o)
 .bss           0x08056e1c        0x8 /cern/99/lib/libpacklib.a(ffupca.o)
 .bss           0x08056e24        0x4 /cern/99/lib/libpacklib.a(jumpxn.o)
 .bss           0x08056e28       0x40 /cern/99/lib/libpacklib.a(ranmar.o)
 .bss           0x08056e68        0x4 /cern/99/lib/libpacklib.a(iucomp.o)
 .bss           0x08056e6c        0x4 /cern/99/lib/libpacklib.a(ucopy.o)
 .bss           0x08056e70       0x14 /cern/99/lib/libpacklib.a(uctoh.o)
 .bss           0x08056e84       0x14 /cern/99/lib/libpacklib.a(uhtoc.o)
 .bss           0x08056e98        0x4 /cern/99/lib/libpacklib.a(vblank.o)
 .bss           0x08056e9c        0x4 /cern/99/lib/libpacklib.a(vfill.o)
 .bss           0x08056ea0        0x4 /cern/99/lib/libpacklib.a(vzero.o)
 .bss           0x08056ea4       0x44 /cern/99/lib/libpacklib.a(ffcard.o)
 *fill*         0x08056ee8       0x18 00
 .bss           0x08056f00       0x44 /cern/99/lib/libpacklib.a(fffind.o)
 .bss           0x08056f44        0xc /usr/lib/gcc-lib/i686-pc-linux-gnu/2.95.3/libg2c.a(close.o)
 *fill*         0x08056f50       0x10 00
 .bss           0x08056f60     0x12c0 /usr/lib/gcc-lib/i686-pc-linux-gnu/2.95.3/libg2c.a(fmt.o)
 .bss           0x08058220      0x1a0 /usr/lib/gcc-lib/i686-pc-linux-gnu/2.95.3/libg2c.a(open.o)
 .bss           0x080583c0      0x100 /usr/lib/gcc-lib/i686-pc-linux-gnu/2.95.3/libg2c.a(rdfmt.o)
 .bss           0x080584c0       0x18 /usr/lib/gcc-lib/i686-pc-linux-gnu/2.95.3/libg2c.a(fmtlib.o)
 *(COMMON)
 *fill*         0x080584d8        0x8 00
 COMMON         0x080584e0     0xa760 lepton.o
                                  0x0 (size before relaxing)
                0x080584e0                chcprd_
                0x0805b6e0                cprod_
 COMMON         0x08062c40      0xab4 /cern/99/lib/libpacklib.a(ffgo.o)
                                  0x0 (size before relaxing)
                0x08062c40                ffchar_
                0x08062ce0                cfread_
                0x08063560                ffcomm_
 *fill*         0x080636f4        0xc 00
 COMMON         0x08063700      0x19c /cern/99/lib/libpacklib.a(ranmar.o)
                                  0x0 (size before relaxing)
                0x08063700                ranma1_
 *fill*         0x0806389c        0x4 00
 COMMON         0x080638a0     0x1324 /usr/lib/gcc-lib/i686-pc-linux-gnu/2.95.3/libg2c.a(err.o)
                                  0x0 (size before relaxing)
                0x080638a0                f(short, void, int, char)
                0x080638a4                f__hiwater
                0x080638a8                f__putn
                0x080638ac                f__fmtlen
                0x080638b0                f__elist
                0x080638b4                f__sequential
                0x080638b8                f__fmtbuf
                0x080638bc                f__getn
                0x080638c0                f__curunit
                0x080638c4                f__doned
                0x080638c8                f(char, float)
                0x080638cc                f__external
                0x080638d0                f__reading
                0x080638d4                f__icptr
                0x080638d8                f__donewrec
                0x080638dc                f__init
                0x080638e0                f__doed
                0x080638e4                f(char, long *, short __restrict)
                0x080638e8                f__doend
                0x080638ec                f__cblank
                0x080638f0                f__scale
                0x080638f4                f__recpos
                0x080638f8                f__dorevert
                0x080638fc                f__formatted
                0x08063900                f__units
                0x08064bc0                f__cursor
 *fill*         0x08064bc4       0x1c 00
 COMMON         0x08064be0       0x90 /usr/lib/gcc-lib/i686-pc-linux-gnu/2.95.3/libg2c.a(fmt.o)
                                  0x0 (size before relaxing)
                0x08064be0                f(long double,  *)
                0x08064be4                f__nonl
                0x08064be8                f__parenlvl
                0x08064bec                f__workdone
                0x08064bf0                f__revloc
                0x08064c00                f__ret
                0x08064c40                f__cnt
                0x08064c68                f(char *)
                0x08064c6c                f(char,  *)
 COMMON         0x08064c70        0x4 /usr/lib/gcc-lib/i686-pc-linux-gnu/2.95.3/libg2c.a(sue.o)
                                  0x0 (size before relaxing)
                0x08064c70                f__recloc
 COMMON         0x08064c74        0x4 /usr/lib/gcc-lib/i686-pc-linux-gnu/2.95.3/libg2c.a(uio.o)
                                  0x0 (size before relaxing)
                0x08064c74                f__reclen
 COMMON         0x08064c78        0x8 /usr/lib/gcc-lib/i686-pc-linux-gnu/2.95.3/libg2c.a(setarg.o)
                                  0x0 (size before relaxing)
                0x08064c78                f__xargv
                0x08064c7c                f__xargc
                0x08064c80                . = ALIGN (0x4)
                0x08064c80                . = ALIGN (0x4)
                0x08064c80                _end = .
                0x08064c80                PROVIDE (end, .)
                0x08064c80                . = DATA_SEGMENT_END (.)

.stab           0x00000000     0xf360
 *(.stab)
 .stab          0x00000000     0x1158 lepton.o
 .stab          0x00001158      0xd80 /usr/lib/gcc-lib/i686-pc-linux-gnu/2.95.3/libg2c.a(close.o)
                                0xdc8 (size before relaxing)
 .stab          0x00001ed8      0x6c0 /usr/lib/gcc-lib/i686-pc-linux-gnu/2.95.3/libg2c.a(endfile.o)
                                0xf18 (size before relaxing)
 .stab          0x00002598     0x13a4 /usr/lib/gcc-lib/i686-pc-linux-gnu/2.95.3/libg2c.a(err.o)
                               0x1554 (size before relaxing)
 .stab          0x0000393c     0x15a8 /usr/lib/gcc-lib/i686-pc-linux-gnu/2.95.3/libg2c.a(fmt.o)
                               0x1dc4 (size before relaxing)
 .stab          0x00004ee4      0xe94 /usr/lib/gcc-lib/i686-pc-linux-gnu/2.95.3/libg2c.a(open.o)
                               0x16d4 (size before relaxing)
 .stab          0x00005d78      0x66c /usr/lib/gcc-lib/i686-pc-linux-gnu/2.95.3/libg2c.a(rsfe.o)
                                0xeb8 (size before relaxing)
 .stab          0x000063e4      0x444 /usr/lib/gcc-lib/i686-pc-linux-gnu/2.95.3/libg2c.a(sfe.o)
                                0xc60 (size before relaxing)
 .stab          0x00006828      0x678 /usr/lib/gcc-lib/i686-pc-linux-gnu/2.95.3/libg2c.a(sue.o)
                                0xe94 (size before relaxing)
 .stab          0x00006ea0      0x744 /usr/lib/gcc-lib/i686-pc-linux-gnu/2.95.3/libg2c.a(uio.o)
                                0xf6c (size before relaxing)
 .stab          0x000075e4      0x5a0 /usr/lib/gcc-lib/i686-pc-linux-gnu/2.95.3/libg2c.a(util.o)
                                0xf30 (size before relaxing)
 .stab          0x00007b84      0x63c /usr/lib/gcc-lib/i686-pc-linux-gnu/2.95.3/libg2c.a(wsfe.o)
                                0xe88 (size before relaxing)
 .stab          0x000081c0      0xb40 /usr/lib/gcc-lib/i686-pc-linux-gnu/2.95.3/libg2c.a(main.o)
                                0xf48 (size before relaxing)
 .stab          0x00008d00      0x450 /usr/lib/gcc-lib/i686-pc-linux-gnu/2.95.3/libg2c.a(s_stop.o)
                                0xf18 (size before relaxing)
 .stab          0x00009150      0x408 /usr/lib/gcc-lib/i686-pc-linux-gnu/2.95.3/libg2c.a(sig_die.o)
                                0xf00 (size before relaxing)
 .stab          0x00009558      0x2c4 /usr/lib/gcc-lib/i686-pc-linux-gnu/2.95.3/libg2c.a(setarg.o)
                                0x948 (size before relaxing)
 .stab          0x0000981c      0x504 /usr/lib/gcc-lib/i686-pc-linux-gnu/2.95.3/libg2c.a(setsig.o)
                               0x1020 (size before relaxing)
 .stab          0x00009d20      0x294 /usr/lib/gcc-lib/i686-pc-linux-gnu/2.95.3/libg2c.a(i_indx.o)
                                0x4d4 (size before relaxing)
 .stab          0x00009fb4      0x1bc /usr/lib/gcc-lib/i686-pc-linux-gnu/2.95.3/libg2c.a(l_gt.o)
                                0x3fc (size before relaxing)
 .stab          0x0000a170      0x1bc /usr/lib/gcc-lib/i686-pc-linux-gnu/2.95.3/libg2c.a(l_lt.o)
                                0x3fc (size before relaxing)
 .stab          0x0000a32c      0x93c /usr/lib/gcc-lib/i686-pc-linux-gnu/2.95.3/libg2c.a(s_cat.o)
                               0x114c (size before relaxing)
 .stab          0x0000ac68      0x2f4 /usr/lib/gcc-lib/i686-pc-linux-gnu/2.95.3/libg2c.a(s_cmp.o)
                                0x534 (size before relaxing)
 .stab          0x0000af5c      0x2d0 /usr/lib/gcc-lib/i686-pc-linux-gnu/2.95.3/libg2c.a(s_copy.o)
                                0x510 (size before relaxing)
 .stab          0x0000b22c     0x1818 /usr/lib/gcc-lib/i686-pc-linux-gnu/2.95.3/libg2c.a(rdfmt.o)
                               0x20a0 (size before relaxing)
 .stab          0x0000ca44     0x1308 /usr/lib/gcc-lib/i686-pc-linux-gnu/2.95.3/libg2c.a(wrtfmt.o)
                               0x1b54 (size before relaxing)
 .stab          0x0000dd4c      0x3a8 /usr/lib/gcc-lib/i686-pc-linux-gnu/2.95.3/libg2c.a(F77_aloc.o)
                                0xef4 (size before relaxing)
 .stab          0x0000e0f4      0x27c /usr/lib/gcc-lib/i686-pc-linux-gnu/2.95.3/libg2c.a(exit_.o)
                                0xb58 (size before relaxing)
 .stab          0x0000e370      0x2dc /usr/lib/gcc-lib/i686-pc-linux-gnu/2.95.3/libg2c.a(fmtlib.o)
                                0x51c (size before relaxing)
 .stab          0x0000e64c      0xd14 /usr/lib/gcc-lib/i686-pc-linux-gnu/2.95.3/libg2c.a(wref.o)
                               0x15c0 (size before relaxing)

.stabstr        0x00000000     0xb91c
 *(.stabstr)
 .stabstr       0x00000000     0xb91c lepton.o
                                  0x0 (size before relaxing)

.stab.excl
 *(.stab.excl)

.stab.exclstr
 *(.stab.exclstr)

.stab.index
 *(.stab.index)

.stab.indexstr
 *(.stab.indexstr)

.comment        0x00000000      0xa23
 *(.comment)
 .comment       0x00000000       0x26 /usr/lib/crt1.o
 .comment       0x00000026       0x26 /usr/lib/crti.o
 .comment       0x0000004c       0x26 /usr/lib/gcc-lib/i686-pc-linux-gnu/2.95.3/crtbegin.o
 .comment       0x00000072       0x26 lepton.o
 .comment       0x00000098       0x37 /cern/99/lib/libpacklib.a(ffgo.o)
 .comment       0x000000cf       0x37 /cern/99/lib/libpacklib.a(ffinit.o)
 .comment       0x00000106       0x37 /cern/99/lib/libpacklib.a(ffkey.o)
 .comment       0x0000013d       0x37 /cern/99/lib/libpacklib.a(ffset.o)
 .comment       0x00000174       0x37 /cern/99/lib/libpacklib.a(ffskip.o)
 .comment       0x000001ab       0x37 /cern/99/lib/libpacklib.a(ffupca.o)
 .comment       0x000001e2       0x37 /cern/99/lib/libpacklib.a(ffuser.o)
 .comment       0x00000219       0x37 /cern/99/lib/libpacklib.a(ffuset.o)
 .comment       0x00000250       0x37 /cern/99/lib/libpacklib.a(jumpxn.o)
 .comment       0x00000287       0x37 /cern/99/lib/libpacklib.a(locf.o)
 .comment       0x000002be       0x37 /cern/99/lib/libpacklib.a(lenocc.o)
 .comment       0x000002f5       0x37 /cern/99/lib/libpacklib.a(ranmar.o)
 .comment       0x0000032c       0x37 /cern/99/lib/libpacklib.a(ucopy2c.o)
 .comment       0x00000363       0x37 /cern/99/lib/libpacklib.a(iucomp.o)
 .comment       0x0000039a       0x37 /cern/99/lib/libpacklib.a(ucopy.o)
 .comment       0x000003d1       0x37 /cern/99/lib/libpacklib.a(uctoh.o)
 .comment       0x00000408       0x37 /cern/99/lib/libpacklib.a(uhtoc.o)
 .comment       0x0000043f       0x37 /cern/99/lib/libpacklib.a(vblank.o)
 .comment       0x00000476       0x37 /cern/99/lib/libpacklib.a(vfill.o)
 .comment       0x000004ad       0x37 /cern/99/lib/libpacklib.a(vzero.o)
 .comment       0x000004e4       0x37 /cern/99/lib/libpacklib.a(ffcard.o)
 .comment       0x0000051b       0x37 /cern/99/lib/libpacklib.a(fffind.o)
 .comment       0x00000552       0x37 /cern/99/lib/libpacklib.a(abend.o)
 .comment       0x00000589       0x26 /usr/lib/libc_nonshared.a(atexit.oS)
 .comment       0x000005af       0x26 /usr/lib/gcc-lib/i686-pc-linux-gnu/2.95.3/libg2c.a(close.o)
 .comment       0x000005d5       0x26 /usr/lib/gcc-lib/i686-pc-linux-gnu/2.95.3/libg2c.a(endfile.o)
 .comment       0x000005fb       0x26 /usr/lib/gcc-lib/i686-pc-linux-gnu/2.95.3/libg2c.a(err.o)
 .comment       0x00000621       0x26 /usr/lib/gcc-lib/i686-pc-linux-gnu/2.95.3/libg2c.a(fmt.o)
 .comment       0x00000647       0x26 /usr/lib/gcc-lib/i686-pc-linux-gnu/2.95.3/libg2c.a(open.o)
 .comment       0x0000066d       0x26 /usr/lib/gcc-lib/i686-pc-linux-gnu/2.95.3/libg2c.a(rsfe.o)
 .comment       0x00000693       0x26 /usr/lib/gcc-lib/i686-pc-linux-gnu/2.95.3/libg2c.a(sfe.o)
 .comment       0x000006b9       0x26 /usr/lib/gcc-lib/i686-pc-linux-gnu/2.95.3/libg2c.a(sue.o)
 .comment       0x000006df       0x26 /usr/lib/gcc-lib/i686-pc-linux-gnu/2.95.3/libg2c.a(uio.o)
 .comment       0x00000705       0x26 /usr/lib/gcc-lib/i686-pc-linux-gnu/2.95.3/libg2c.a(util.o)
 .comment       0x0000072b       0x26 /usr/lib/gcc-lib/i686-pc-linux-gnu/2.95.3/libg2c.a(wsfe.o)
 .comment       0x00000751       0x26 /usr/lib/gcc-lib/i686-pc-linux-gnu/2.95.3/libg2c.a(main.o)
 .comment       0x00000777       0x26 /usr/lib/gcc-lib/i686-pc-linux-gnu/2.95.3/libg2c.a(s_stop.o)
 .comment       0x0000079d       0x26 /usr/lib/gcc-lib/i686-pc-linux-gnu/2.95.3/libg2c.a(sig_die.o)
 .comment       0x000007c3       0x26 /usr/lib/gcc-lib/i686-pc-linux-gnu/2.95.3/libg2c.a(setarg.o)
 .comment       0x000007e9       0x26 /usr/lib/gcc-lib/i686-pc-linux-gnu/2.95.3/libg2c.a(setsig.o)
 .comment       0x0000080f       0x26 /usr/lib/gcc-lib/i686-pc-linux-gnu/2.95.3/libg2c.a(i_indx.o)
 .comment       0x00000835       0x26 /usr/lib/gcc-lib/i686-pc-linux-gnu/2.95.3/libg2c.a(l_gt.o)
 .comment       0x0000085b       0x26 /usr/lib/gcc-lib/i686-pc-linux-gnu/2.95.3/libg2c.a(l_lt.o)
 .comment       0x00000881       0x26 /usr/lib/gcc-lib/i686-pc-linux-gnu/2.95.3/libg2c.a(s_cat.o)
 .comment       0x000008a7       0x26 /usr/lib/gcc-lib/i686-pc-linux-gnu/2.95.3/libg2c.a(s_cmp.o)
 .comment       0x000008cd       0x26 /usr/lib/gcc-lib/i686-pc-linux-gnu/2.95.3/libg2c.a(s_copy.o)
 .comment       0x000008f3       0x26 /usr/lib/gcc-lib/i686-pc-linux-gnu/2.95.3/libg2c.a(rdfmt.o)
 .comment       0x00000919       0x26 /usr/lib/gcc-lib/i686-pc-linux-gnu/2.95.3/libg2c.a(wrtfmt.o)
 .comment       0x0000093f       0x26 /usr/lib/gcc-lib/i686-pc-linux-gnu/2.95.3/libg2c.a(F77_aloc.o)
 .comment       0x00000965       0x26 /usr/lib/gcc-lib/i686-pc-linux-gnu/2.95.3/libg2c.a(exit_.o)
 .comment       0x0000098b       0x26 /usr/lib/gcc-lib/i686-pc-linux-gnu/2.95.3/libg2c.a(fmtlib.o)
 .comment       0x000009b1       0x26 /usr/lib/gcc-lib/i686-pc-linux-gnu/2.95.3/libg2c.a(wref.o)
 .comment       0x000009d7       0x26 /usr/lib/gcc-lib/i686-pc-linux-gnu/2.95.3/crtend.o
 .comment       0x000009fd       0x26 /usr/lib/crtn.o

.debug
 *(.debug)

.line
 *(.line)

.debug_srcinfo
 *(.debug_srcinfo)

.debug_sfnames
 *(.debug_sfnames)

.debug_aranges
 *(.debug_aranges)

.debug_pubnames
 *(.debug_pubnames)

.debug_info
 *(.debug_info .gnu.linkonce.wi.*)

.debug_abbrev
 *(.debug_abbrev)

.debug_line
 *(.debug_line)

.debug_frame
 *(.debug_frame)

.debug_str
 *(.debug_str)

.debug_loc
 *(.debug_loc)

.debug_macinfo
 *(.debug_macinfo)

.debug_weaknames
 *(.debug_weaknames)

.debug_funcnames
 *(.debug_funcnames)

.debug_typenames
 *(.debug_typenames)

.debug_varnames
 *(.debug_varnames)
OUTPUT(lepton.run elf32-i386)

.note           0x00000000      0x488
 .note          0x00000000       0x14 /usr/lib/crt1.o
 .note          0x00000014       0x14 /usr/lib/crti.o
 .note          0x00000028       0x14 /usr/lib/gcc-lib/i686-pc-linux-gnu/2.95.3/crtbegin.o
 .note          0x0000003c       0x14 lepton.o
 .note          0x00000050       0x14 /cern/99/lib/libpacklib.a(ffgo.o)
 .note          0x00000064       0x14 /cern/99/lib/libpacklib.a(ffinit.o)
 .note          0x00000078       0x14 /cern/99/lib/libpacklib.a(ffkey.o)
 .note          0x0000008c       0x14 /cern/99/lib/libpacklib.a(ffset.o)
 .note          0x000000a0       0x14 /cern/99/lib/libpacklib.a(ffskip.o)
 .note          0x000000b4       0x14 /cern/99/lib/libpacklib.a(ffupca.o)
 .note          0x000000c8       0x14 /cern/99/lib/libpacklib.a(ffuser.o)
 .note          0x000000dc       0x14 /cern/99/lib/libpacklib.a(ffuset.o)
 .note          0x000000f0       0x14 /cern/99/lib/libpacklib.a(jumpxn.o)
 .note          0x00000104       0x14 /cern/99/lib/libpacklib.a(locf.o)
 .note          0x00000118       0x14 /cern/99/lib/libpacklib.a(lenocc.o)
 .note          0x0000012c       0x14 /cern/99/lib/libpacklib.a(ranmar.o)
 .note          0x00000140       0x14 /cern/99/lib/libpacklib.a(ucopy2c.o)
 .note          0x00000154       0x14 /cern/99/lib/libpacklib.a(iucomp.o)
 .note          0x00000168       0x14 /cern/99/lib/libpacklib.a(ucopy.o)
 .note          0x0000017c       0x14 /cern/99/lib/libpacklib.a(uctoh.o)
 .note          0x00000190       0x14 /cern/99/lib/libpacklib.a(uhtoc.o)
 .note          0x000001a4       0x14 /cern/99/lib/libpacklib.a(vblank.o)
 .note          0x000001b8       0x14 /cern/99/lib/libpacklib.a(vfill.o)
 .note          0x000001cc       0x14 /cern/99/lib/libpacklib.a(vzero.o)
 .note          0x000001e0       0x14 /cern/99/lib/libpacklib.a(ffcard.o)
 .note          0x000001f4       0x14 /cern/99/lib/libpacklib.a(fffind.o)
 .note          0x00000208       0x14 /cern/99/lib/libpacklib.a(abend.o)
 .note          0x0000021c       0x14 /usr/lib/libc_nonshared.a(atexit.oS)
 .note          0x00000230       0x14 /usr/lib/gcc-lib/i686-pc-linux-gnu/2.95.3/libg2c.a(close.o)
 .note          0x00000244       0x14 /usr/lib/gcc-lib/i686-pc-linux-gnu/2.95.3/libg2c.a(endfile.o)
 .note          0x00000258       0x14 /usr/lib/gcc-lib/i686-pc-linux-gnu/2.95.3/libg2c.a(err.o)
 .note          0x0000026c       0x14 /usr/lib/gcc-lib/i686-pc-linux-gnu/2.95.3/libg2c.a(fmt.o)
 .note          0x00000280       0x14 /usr/lib/gcc-lib/i686-pc-linux-gnu/2.95.3/libg2c.a(open.o)
 .note          0x00000294       0x14 /usr/lib/gcc-lib/i686-pc-linux-gnu/2.95.3/libg2c.a(rsfe.o)
 .note          0x000002a8       0x14 /usr/lib/gcc-lib/i686-pc-linux-gnu/2.95.3/libg2c.a(sfe.o)
 .note          0x000002bc       0x14 /usr/lib/gcc-lib/i686-pc-linux-gnu/2.95.3/libg2c.a(sue.o)
 .note          0x000002d0       0x14 /usr/lib/gcc-lib/i686-pc-linux-gnu/2.95.3/libg2c.a(uio.o)
 .note          0x000002e4       0x14 /usr/lib/gcc-lib/i686-pc-linux-gnu/2.95.3/libg2c.a(util.o)
 .note          0x000002f8       0x14 /usr/lib/gcc-lib/i686-pc-linux-gnu/2.95.3/libg2c.a(wsfe.o)
 .note          0x0000030c       0x14 /usr/lib/gcc-lib/i686-pc-linux-gnu/2.95.3/libg2c.a(main.o)
 .note          0x00000320       0x14 /usr/lib/gcc-lib/i686-pc-linux-gnu/2.95.3/libg2c.a(s_stop.o)
 .note          0x00000334       0x14 /usr/lib/gcc-lib/i686-pc-linux-gnu/2.95.3/libg2c.a(sig_die.o)
 .note          0x00000348       0x14 /usr/lib/gcc-lib/i686-pc-linux-gnu/2.95.3/libg2c.a(setarg.o)
 .note          0x0000035c       0x14 /usr/lib/gcc-lib/i686-pc-linux-gnu/2.95.3/libg2c.a(setsig.o)
 .note          0x00000370       0x14 /usr/lib/gcc-lib/i686-pc-linux-gnu/2.95.3/libg2c.a(i_indx.o)
 .note          0x00000384       0x14 /usr/lib/gcc-lib/i686-pc-linux-gnu/2.95.3/libg2c.a(l_gt.o)
 .note          0x00000398       0x14 /usr/lib/gcc-lib/i686-pc-linux-gnu/2.95.3/libg2c.a(l_lt.o)
 .note          0x000003ac       0x14 /usr/lib/gcc-lib/i686-pc-linux-gnu/2.95.3/libg2c.a(s_cat.o)
 .note          0x000003c0       0x14 /usr/lib/gcc-lib/i686-pc-linux-gnu/2.95.3/libg2c.a(s_cmp.o)
 .note          0x000003d4       0x14 /usr/lib/gcc-lib/i686-pc-linux-gnu/2.95.3/libg2c.a(s_copy.o)
 .note          0x000003e8       0x14 /usr/lib/gcc-lib/i686-pc-linux-gnu/2.95.3/libg2c.a(rdfmt.o)
 .note          0x000003fc       0x14 /usr/lib/gcc-lib/i686-pc-linux-gnu/2.95.3/libg2c.a(wrtfmt.o)
 .note          0x00000410       0x14 /usr/lib/gcc-lib/i686-pc-linux-gnu/2.95.3/libg2c.a(F77_aloc.o)
 .note          0x00000424       0x14 /usr/lib/gcc-lib/i686-pc-linux-gnu/2.95.3/libg2c.a(exit_.o)
 .note          0x00000438       0x14 /usr/lib/gcc-lib/i686-pc-linux-gnu/2.95.3/libg2c.a(fmtlib.o)
 .note          0x0000044c       0x14 /usr/lib/gcc-lib/i686-pc-linux-gnu/2.95.3/libg2c.a(wref.o)
 .note          0x00000460       0x14 /usr/lib/gcc-lib/i686-pc-linux-gnu/2.95.3/crtend.o
 .note          0x00000474       0x14 /usr/lib/crtn.o
