Archive member included because of file (symbol)

/home/pcl2483/pedro/jadesoft/util/mcgen/Plib/libmc105j.a(mcgetf.o)
                              mcar48p_105j.o (mcgetf_)
/home/pcl2483/pedro/jadesoft/util/mcgen/Plib/libmc105j.a(mcgeth.o)
                              mcar48p_105j.o (mcgeth_)
/home/pcl2483/pedro/jadesoft/util/mcgen/Plib/libmc105j.a(mcgetp.o)
                              mcar48p_105j.o (mcgetp_)
/home/pcl2483/pedro/jadesoft/util/mcgen/Plib/libmc105j.a(mcinit.o)
                              mcar48p_105j.o (mcinit_)
/home/pcl2483/pedro/jadesoft/util/mcgen/Plib/libmc105j.a(mcstbl.o)
                              mcar48p_105j.o (mcstbl_)
/home/pcl2483/pedro/jadesoft/util/mcgen/Plib/libmc105j.a(mcwrit.o)
                              mcar48p_105j.o (mcwrit_)
/home/pcl2483/pedro/jadesoft/util/mcgen/Plib/libmc105j.a(mytype.o)
                              mcar48p_105j.o (mytype_)
/home/pcl2483/pedro/jadesoft/util/mcgen/Plib/libmc105j.a(pxeecb.o)
                              mcar48p_105j.o (pxeecb_)
/home/pcl2483/pedro/jadesoft/util/mcgen/Plib/libmc105j.a(evwrtj.o)
                              /home/pcl2483/pedro/jadesoft/util/mcgen/Plib/libmc105j.a(mcwrit.o) (evwrtj_)
/home/pcl2483/pedro/jadesoft/util/mcgen/Plib/libmc105j.a(incprd.o)
                              /home/pcl2483/pedro/jadesoft/util/mcgen/Plib/libmc105j.a(evwrtj.o) (incprd_)
/home/pcl2483/pedro/jadesoft/util/mcgen/Plib/libmc105j.a(jadeco.o)
                              /home/pcl2483/pedro/jadesoft/util/mcgen/Plib/libmc105j.a(evwrtj.o) (jadeco_)
/home/pcl2483/pedro/jadesoft/util/mcgen/Plib/libmc105j.a(jtconv.o)
                              /home/pcl2483/pedro/jadesoft/util/mcgen/Plib/libmc105j.a(mcgeth.o) (jtconv_)
/home/pcl2483/pedro/jadesoft/util/mcgen/Plib/libmc105j.a(mcrnst.o)
                              /home/pcl2483/pedro/jadesoft/util/mcgen/Plib/libmc105j.a(mcwrit.o) (mcrnst_)
/home/pcl2483/pedro/jadesoft/util/mcgen/Plib/libmc105j.a(ntcprd.o)
                              /home/pcl2483/pedro/jadesoft/util/mcgen/Plib/libmc105j.a(evwrtj.o) (ntcprd_)
/home/pcl2483/pedro/jadesoft/util/mcgen/Plib/libmc105j.a(prcprd.o)
                              /home/pcl2483/pedro/jadesoft/util/mcgen/Plib/libmc105j.a(evwrtj.o) (prcprd_)
/home/pcl2483/pedro/jadesoft/util/mcgen/Plib/libmc105j.a(wrcprd.o)
                              /home/pcl2483/pedro/jadesoft/util/mcgen/Plib/libmc105j.a(evwrtj.o) (wrcprd_)
/home/pcl2483/pedro/jadesoft/util/mcgen/Plib/libpythia5722.a(pydata.o)
                              mcar48p_105j.o (pypars_)
/home/pcl2483/pedro/jadesoft/util/mcgen/Plib/libpythia5722.a(pyevnt.o)
                              mcar48p_105j.o (pyevnt_)
/home/pcl2483/pedro/jadesoft/util/mcgen/Plib/libpythia5722.a(pyfram.o)
                              /home/pcl2483/pedro/jadesoft/util/mcgen/Plib/libpythia5722.a(pyevnt.o) (pyfram_)
/home/pcl2483/pedro/jadesoft/util/mcgen/Plib/libpythia5722.a(pyinit.o)
                              mcar48p_105j.o (pyinit_)
/home/pcl2483/pedro/jadesoft/util/mcgen/Plib/libpythia5722.a(pyinki.o)
                              /home/pcl2483/pedro/jadesoft/util/mcgen/Plib/libpythia5722.a(pyevnt.o) (pyinki_)
/home/pcl2483/pedro/jadesoft/util/mcgen/Plib/libpythia5722.a(pyinpr.o)
                              /home/pcl2483/pedro/jadesoft/util/mcgen/Plib/libpythia5722.a(pyinit.o) (pyinpr_)
/home/pcl2483/pedro/jadesoft/util/mcgen/Plib/libpythia5722.a(pyinre.o)
                              /home/pcl2483/pedro/jadesoft/util/mcgen/Plib/libpythia5722.a(pyinit.o) (pyinre_)
/home/pcl2483/pedro/jadesoft/util/mcgen/Plib/libpythia5722.a(pymaxi.o)
                              /home/pcl2483/pedro/jadesoft/util/mcgen/Plib/libpythia5722.a(pyinit.o) (pymaxi_)
/home/pcl2483/pedro/jadesoft/util/mcgen/Plib/libpythia5722.a(pymult.o)
                              /home/pcl2483/pedro/jadesoft/util/mcgen/Plib/libpythia5722.a(pyevnt.o) (pymult_)
/home/pcl2483/pedro/jadesoft/util/mcgen/Plib/libpythia5722.a(pyofsh.o)
                              /home/pcl2483/pedro/jadesoft/util/mcgen/Plib/libpythia5722.a(pymaxi.o) (pyofsh_)
/home/pcl2483/pedro/jadesoft/util/mcgen/Plib/libpythia5722.a(pypile.o)
                              /home/pcl2483/pedro/jadesoft/util/mcgen/Plib/libpythia5722.a(pyevnt.o) (pypile_)
/home/pcl2483/pedro/jadesoft/util/mcgen/Plib/libpythia5722.a(pyrand.o)
                              /home/pcl2483/pedro/jadesoft/util/mcgen/Plib/libpythia5722.a(pyevnt.o) (pyrand_)
/home/pcl2483/pedro/jadesoft/util/mcgen/Plib/libpythia5722.a(pyremn.o)
                              /home/pcl2483/pedro/jadesoft/util/mcgen/Plib/libpythia5722.a(pyevnt.o) (pyremn_)
/home/pcl2483/pedro/jadesoft/util/mcgen/Plib/libpythia5722.a(pyresd.o)
                              /home/pcl2483/pedro/jadesoft/util/mcgen/Plib/libpythia5722.a(pyevnt.o) (pyresd_)
/home/pcl2483/pedro/jadesoft/util/mcgen/Plib/libpythia5722.a(pysave.o)
                              /home/pcl2483/pedro/jadesoft/util/mcgen/Plib/libpythia5722.a(pyevnt.o) (pysave_)
[...]
Memory Configuration

Name             Origin             Length             Attributes
*default*        0x00000000         0xffffffff

Linker script and memory map

LOAD /usr/lib/crt1.o
LOAD /usr/lib/crti.o
LOAD /usr/lib/gcc-lib/i686-pc-linux-gnu/2.95.3/crtbegin.o
LOAD mcar48p_105j.o
LOAD /home/pcl2483/pedro/jadesoft/util/mcgen/Plib/libmc105j.a
LOAD /home/pcl2483/pedro/jadesoft/util/mcgen/Plib/libpythia5722.a
LOAD /home/pcl2483/pedro/jadesoft/util/mcgen/Plib/libariadne408.a
LOAD /home/pcl2483/pedro/jadesoft/util/mcgen/Plib/libjt74opal.a
LOAD /home/pcl2483/pedro/jadesoft/util/mcgen/Plib/libckern105.a
LOAD /home/pcl2483/pedro/jadesoft/util/mcgen/Plib/libpx114.a
LOAD /cern/99/lib/libgraflib.a
LOAD /cern/99/lib/libgrafX11.a
LOAD /cern/99/lib/libpacklib.a
LOAD /cern/99/lib/libmathlib.a
LOAD /cern/99/lib/libkernlib.a
LOAD /lib/libnsl.so.1
LOAD /usr/lib/libc.so
START GROUP
LOAD /lib/libc.so.6
LOAD /usr/lib/libc_nonshared.a
END GROUP
LOAD /usr/lib/gcc-lib/i686-pc-linux-gnu/2.95.3/libg2c.a
LOAD /usr/lib/libm.so
LOAD /usr/lib/gcc-lib/i686-pc-linux-gnu/2.95.3/libgcc.a
LOAD /usr/lib/libc.so
START GROUP
LOAD /lib/libc.so.6
LOAD /usr/lib/libc_nonshared.a
END GROUP
LOAD /usr/lib/gcc-lib/i686-pc-linux-gnu/2.95.3/libgcc.a
LOAD /usr/lib/gcc-lib/i686-pc-linux-gnu/2.95.3/crtend.o
LOAD /usr/lib/crtn.o
                0x080480f4                . = (0x8048000 + SIZEOF_HEADERS)

.interp         0x080480f4       0x13
 *(.interp)
 .interp        0x080480f4       0x13 /usr/lib/crt1.o

.note.ABI-tag   0x08048108       0x20
 .note.ABI-tag  0x08048108       0x20 /usr/lib/crt1.o

.hash           0x08048128      0x424
 *(.hash)
 .hash          0x08048128      0x424 /usr/lib/crt1.o

.dynsym         0x0804854c      0x840
 *(.dynsym)
 .dynsym        0x0804854c      0x840 /usr/lib/crt1.o

.dynstr         0x08048d8c      0x41e
 *(.dynstr)
 .dynstr        0x08048d8c      0x41e /usr/lib/crt1.o

.gnu.version    0x080491aa      0x108
 *(.gnu.version)
 .gnu.version   0x080491aa      0x108 /usr/lib/crt1.o

.gnu.version_d
 *(.gnu.version_d)

.gnu.version_r  0x080492b4       0x60
 *(.gnu.version_r)
 .gnu.version_r
                0x080492b4       0x60 /usr/lib/crt1.o

.rel.dyn        0x08049314       0x58
 *(.rel.init)
 *(.rel.text .rel.text.* .rel.gnu.linkonce.t.*)
 *(.rel.fini)
 *(.rel.rodata .rel.rodata.* .rel.gnu.linkonce.r.*)
 *(.rel.data .rel.data.* .rel.gnu.linkonce.d.*)
 *(.rel.tdata .rel.tdata.* .rel.gnu.linkonce.td.*)
 *(.rel.tbss .rel.tbss.* .rel.gnu.linkonce.tb.*)
 *(.rel.ctors)
 *(.rel.dtors)
 *(.rel.got)
 .rel.got       0x08049314       0x10 /usr/lib/crt1.o
 *(.rel.bss .rel.bss.* .rel.gnu.linkonce.b.*)
 .rel.bss       0x08049324       0x48 /usr/lib/crt1.o

.rela.dyn
 *(.rela.init)
 *(.rela.text .rela.text.* .rela.gnu.linkonce.t.*)
 *(.rela.fini)
 *(.rela.rodata .rela.rodata.* .rela.gnu.linkonce.r.*)
 *(.rela.data .rela.data.* .rela.gnu.linkonce.d.*)
 *(.rela.tdata .rela.tdata.* .rela.gnu.linkonce.td.*)
 *(.rela.tbss .rela.tbss.* .rela.gnu.linkonce.tb.*)
 *(.rela.ctors)
 *(.rela.dtors)
 *(.rela.got)
 *(.rela.bss .rela.bss.* .rela.gnu.linkonce.b.*)

.rel.plt        0x0804936c      0x3b0
 *(.rel.plt)
 .rel.plt       0x0804936c      0x3b0 /usr/lib/crt1.o

.rela.plt
 *(.rela.plt)

.init           0x0804971c       0x25
 *(.init)
 .init          0x0804971c       0x18 /usr/lib/crti.o
                0x0804971c                _init
 .init          0x08049734        0x5 /usr/lib/gcc-lib/i686-pc-linux-gnu/2.95.3/crtbegin.o
 .init          0x08049739        0x5 /usr/lib/gcc-lib/i686-pc-linux-gnu/2.95.3/crtend.o
 .init          0x0804973e        0x3 /usr/lib/crtn.o

.plt            0x08049744      0x770
 *(.plt)
 .plt           0x08049744      0x770 /usr/lib/crt1.o
                0x08049754                __umoddi3@@GLIBC_2.0
                0x08049764                readlink@@GLIBC_2.0
                0x08049774                cos@@GLIBC_2.0
                0x08049784                ntohl@@GLIBC_2.0
                0x08049794                inet_netof@@GLIBC_2.0
                0x080497a4                __strtod_internal@@GLIBC_2.0
                0x080497b4                ferror@@GLIBC_2.0
                0x080497c4                vsprintf@@GLIBC_2.0
                0x080497d4                strchr@@GLIBC_2.0
                0x080497e4                feof@@GLIBC_2.0
                0x080497f4                atan@@GLIBC_2.0
                0x08049804                ungetc@@GLIBC_2.0
                0x08049814                getpid@@GLIBC_2.0
                0x08049824                __register_frame_info@@GLIBC_2.0
                0x08049834                write@@GLIBC_2.0
                0x08049844                localtime@@GLIBC_2.0
                0x08049854                fileno@@GLIBC_2.0
                0x08049864                strcmp@@GLIBC_2.0
                0x08049874                close@@GLIBC_2.0
                0x08049884                asin@@GLIBC_2.0
                0x08049894                perror@@GLIBC_2.0
                0x080498a4                fprintf@@GLIBC_2.0
                0x080498b4                tmpfile@@GLIBC_2.1
                0x080498c4                tempnam@@GLIBC_2.0
                0x080498d4                getenv@@GLIBC_2.0
                0x080498e4                umask@@GLIBC_2.0
                0x080498f4                signal@@GLIBC_2.0
                0x08049904                fflush@@GLIBC_2.0
                0x08049914                getservbyname@@GLIBC_2.0
                0x08049924                unlink@@GLIBC_2.0
                0x08049934                freopen@@GLIBC_2.0
                0x08049944                select@@GLIBC_2.0
                0x08049954                htonl@@GLIBC_2.0
                0x08049964                __cxa_atexit@@GLIBC_2.1.3
                0x08049974                getpwuid@@GLIBC_2.0
                0x08049984                __errno_location@@GLIBC_2.0
                0x08049994                pow@@GLIBC_2.0
                0x080499a4                rewind@@GLIBC_2.0
                0x080499b4                ftell@@GLIBC_2.0
                0x080499c4                gethostbyaddr@@GLIBC_2.0
                0x080499d4                chmod@@GLIBC_2.0
                0x080499e4                access@@GLIBC_2.0
                0x080499f4                inet_ntoa@@GLIBC_2.0
                0x08049a04                malloc@@GLIBC_2.0
                0x08049a14                fread@@GLIBC_2.0
                0x08049a24                memmove@@GLIBC_2.0
                0x08049a34                clearerr@@GLIBC_2.0
                0x08049a44                __deregister_frame_info@@GLIBC_2.0
                0x08049a54                syslog@@GLIBC_2.0
                0x08049a64                getsockopt@@GLIBC_2.0
                0x08049a74                abort@@GLIBC_2.0
                0x08049a84                __sigsetjmp@@GLIBC_2.0
                0x08049a94                __xstat@@GLIBC_2.0
                0x08049aa4                setsockopt@@GLIBC_2.0
                0x08049ab4                getpeername@@GLIBC_2.0
                0x08049ac4                vfprintf@@GLIBC_2.0
                0x08049ad4                fseek@@GLIBC_2.0
                0x08049ae4                time@@GLIBC_2.0
                0x08049af4                cosh@@GLIBC_2.0
                0x08049b04                fgets@@GLIBC_2.0
                0x08049b14                ntohs@@GLIBC_2.0
                0x08049b24                __fxstat@@GLIBC_2.0
                0x08049b34                fputs@@GLIBC_2.0
                0x08049b44                strstr@@GLIBC_2.0
                0x08049b54                longjmp@@GLIBC_2.0
                0x08049b64                sleep@@GLIBC_2.0
                0x08049b74                __strtol_internal@@GLIBC_2.0
                0x08049b84                __udivdi3@@GLIBC_2.0
                0x08049b94                strncmp@@GLIBC_2.0
                0x08049ba4                inet_addr@@GLIBC_2.0
                0x08049bb4                floor@@GLIBC_2.0
                0x08049bc4                __libc_start_main@@GLIBC_2.0
                0x08049bd4                exp@@GLIBC_2.0
                0x08049be4                tanh@@GLIBC_2.0
                0x08049bf4                realloc@@GLIBC_2.0
                0x08049c04                tan@@GLIBC_2.0
                0x08049c14                printf@@GLIBC_2.0
                0x08049c24                getuid@@GLIBC_2.0
                0x08049c34                lseek@@GLIBC_2.0
                0x08049c44                memcpy@@GLIBC_2.0
                0x08049c54                sqrt@@GLIBC_2.0
                0x08049c64                fclose@@GLIBC_2.1
                0x08049c74                getsockname@@GLIBC_2.0
                0x08049c84                strrchr@@GLIBC_2.0
                0x08049c94                ctime@@GLIBC_2.0
                0x08049ca4                isdigit@@GLIBC_2.0
                0x08049cb4                gethostname@@GLIBC_2.0
                0x08049cc4                open@@GLIBC_2.0
                0x08049cd4                gethostbyname@@GLIBC_2.0
                0x08049ce4                exit@@GLIBC_2.0
                0x08049cf4                atoi@@GLIBC_2.0
                0x08049d04                getegid@@GLIBC_2.0
                0x08049d14                calloc@@GLIBC_2.0
                0x08049d24                sscanf@@GLIBC_2.0
                0x08049d34                _IO_putc@@GLIBC_2.0
                0x08049d44                free@@GLIBC_2.0
                0x08049d54                send@@GLIBC_2.0
                0x08049d64                ioctl@@GLIBC_2.0
                0x08049d74                htons@@GLIBC_2.0
                0x08049d84                isatty@@GLIBC_2.0
                0x08049d94                acos@@GLIBC_2.0
                0x08049da4                memset@@GLIBC_2.0
                0x08049db4                connect@@GLIBC_2.0
                0x08049dc4                strncpy@@GLIBC_2.0
                0x08049dd4                drem@@GLIBC_2.0
                0x08049de4                fopen@@GLIBC_2.1
                0x08049df4                strtok@@GLIBC_2.0
                0x08049e04                recv@@GLIBC_2.0
                0x08049e14                sprintf@@GLIBC_2.0
                0x08049e24                fwrite@@GLIBC_2.0
                0x08049e34                sin@@GLIBC_2.0
                0x08049e44                socket@@GLIBC_2.0
                0x08049e54                _IO_getc@@GLIBC_2.0
                0x08049e64                log@@GLIBC_2.0
                0x08049e74                read@@GLIBC_2.0
                0x08049e84                geteuid@@GLIBC_2.0
                0x08049e94                sinh@@GLIBC_2.0
                0x08049ea4                strcpy@@GLIBC_2.0

.text           0x08049ec0   0x1adf20
 *(.text .stub .text.* .gnu.linkonce.t.*)
 .text          0x08049ec0       0x24 /usr/lib/crt1.o
                0x08049ec0                _start
 .text          0x08049ee4       0x24 /usr/lib/crti.o
 *fill*         0x08049f08        0x8 90909090
 .text          0x08049f10       0xa0 /usr/lib/gcc-lib/i686-pc-linux-gnu/2.95.3/crtbegin.o
 .text          0x08049fb0     0xc3bc mcar48p_105j.o
                0x0804f068                mcusev_
                0x08055378                meanjet_
                0x0804a43c                mcevbl_
                0x08050cf8                fin3out_
                0x08050844                pripar_
                0x0804a444                mcpobl_
                0x0804a654                mcusin_
                0x08053948                jtfill_
                0x080532d0                mcanal_
                0x08052c0c                qqctrk_
                0x08049fb0                MAIN__
                0x08052b10                qqboos_
                0x08052e34                mcfima_
                0x08054ec8                ytest_
                0x08050e48                mcfill_
                0x0804fdbc                mcusfi_
                0x0804a44c                mcusff_
 *fill*         0x0805636c        0x4 90909090
 .text          0x08056370      0x1e9 /home/pcl2483/pedro/jadesoft/util/mcgen/Plib/libmc105j.a(mcgetf.o)
                0x08056370                mcgetf_
 *fill*         0x08056559        0x7 90909090
 .text          0x08056560      0x6ac /home/pcl2483/pedro/jadesoft/util/mcgen/Plib/libmc105j.a(mcgeth.o)
                0x08056560                mcgeth_
 *fill*         0x08056c0c        0x4 90909090
 .text          0x08056c10      0x69f /home/pcl2483/pedro/jadesoft/util/mcgen/Plib/libmc105j.a(mcgetp.o)
                0x08056c10                mcgetp_
 *fill*         0x080572af        0x1 90909090
 .text          0x080572b0      0x504 /home/pcl2483/pedro/jadesoft/util/mcgen/Plib/libmc105j.a(mcinit.o)
                0x080572b0                mcinit_
 *fill*         0x080577b4        0xc 90909090
 .text          0x080577c0      0x243 /home/pcl2483/pedro/jadesoft/util/mcgen/Plib/libmc105j.a(mcstbl.o)
                0x080577c0                mcstbl_
 *fill*         0x08057a03        0xd 90909090
 .text          0x08057a10      0x8db /home/pcl2483/pedro/jadesoft/util/mcgen/Plib/libmc105j.a(mcwrit.o)
                0x08057a10                mcwrit_
 *fill*         0x080582eb        0x5 90909090
 .text          0x080582f0      0x2e4 /home/pcl2483/pedro/jadesoft/util/mcgen/Plib/libmc105j.a(mytype.o)
                0x080582f0                mytype_
 *fill*         0x080585d4        0xc 90909090
 .text          0x080585e0      0xd64 /home/pcl2483/pedro/jadesoft/util/mcgen/Plib/libmc105j.a(pxeecb.o)
                0x080585e0                pxeecb_
 *fill*         0x08059344        0xc 90909090
 .text          0x08059350      0xe91 /home/pcl2483/pedro/jadesoft/util/mcgen/Plib/libmc105j.a(evwrtj.o)
                0x08059350                evwrtj_
 *fill*         0x0805a1e1        0xf 90909090
 .text          0x0805a1f0      0x166 /home/pcl2483/pedro/jadesoft/util/mcgen/Plib/libmc105j.a(incprd.o)
                0x0805a1f0                incprd_
 *fill*         0x0805a356        0xa 90909090
 .text          0x0805a360      0x16b /home/pcl2483/pedro/jadesoft/util/mcgen/Plib/libmc105j.a(jadeco.o)
                0x0805a360                jadeco_
 *fill*         0x0805a4cb        0x5 90909090
 .text          0x0805a4d0      0xcd0 /home/pcl2483/pedro/jadesoft/util/mcgen/Plib/libmc105j.a(jtconv.o)
                0x0805a4d0                jtconv_
 .text          0x0805b1a0      0x539 /home/pcl2483/pedro/jadesoft/util/mcgen/Plib/libmc105j.a(mcrnst.o)
                0x0805b1a0                mcrnst_
 *fill*         0x0805b6d9        0x7 90909090
 .text          0x0805b6e0        0x9 /home/pcl2483/pedro/jadesoft/util/mcgen/Plib/libmc105j.a(ntcprd.o)
                0x0805b6e0                ntcprd_
 *fill*         0x0805b6e9        0x7 90909090
 .text          0x0805b6f0      0x81b /home/pcl2483/pedro/jadesoft/util/mcgen/Plib/libmc105j.a(prcprd.o)
                0x0805b6f0                prcprd_
 *fill*         0x0805bf0b        0x5 90909090
 .text          0x0805bf10      0x6c4 /home/pcl2483/pedro/jadesoft/util/mcgen/Plib/libmc105j.a(wrcprd.o)
                0x0805bf10                wrcprd_
 .text          0x0805c5d4        0x7 /home/pcl2483/pedro/jadesoft/util/mcgen/Plib/libpythia5722.a(pydata.o)
                0x0805c5d4                pydata_
 *fill*         0x0805c5db        0x5 90909090
 .text          0x0805c5e0     0x11bc /home/pcl2483/pedro/jadesoft/util/mcgen/Plib/libpythia5722.a(pyevnt.o)
                0x0805c5e0                pyevnt_
 *fill*         0x0805d79c        0x4 90909090
 .text          0x0805d7a0      0x264 /home/pcl2483/pedro/jadesoft/util/mcgen/Plib/libpythia5722.a(pyfram.o)
                0x0805d7a0                pyfram_
 *fill*         0x0805da04        0xc 90909090
 .text          0x0805da10      0xd4a /home/pcl2483/pedro/jadesoft/util/mcgen/Plib/libpythia5722.a(pyinit.o)
                0x0805da10                pyinit_
 *fill*         0x0805e75a        0x6 90909090
 .text          0x0805e760      0xde8 /home/pcl2483/pedro/jadesoft/util/mcgen/Plib/libpythia5722.a(pyinki.o)
                0x0805e760                pyinki_
 *fill*         0x0805f548        0x8 90909090
 .text          0x0805f550     0x12af /home/pcl2483/pedro/jadesoft/util/mcgen/Plib/libpythia5722.a(pyinpr.o)
                0x0805f550                pyinpr_
 *fill*         0x080607ff        0x1 90909090
 .text          0x08060800     0x2231 /home/pcl2483/pedro/jadesoft/util/mcgen/Plib/libpythia5722.a(pyinre.o)
                0x08060800                pyinre_
 *fill*         0x08062a31        0xf 90909090
 .text          0x08062a40     0x4642 /home/pcl2483/pedro/jadesoft/util/mcgen/Plib/libpythia5722.a(pymaxi.o)
                0x08062a40                pymaxi_
 *fill*         0x08067082        0xe 90909090
 .text          0x08067090     0x3c51 /home/pcl2483/pedro/jadesoft/util/mcgen/Plib/libpythia5722.a(pymult.o)
                0x08067090                pymult_
 *fill*         0x0806ace1        0xf 90909090
 .text          0x0806acf0     0x43db /home/pcl2483/pedro/jadesoft/util/mcgen/Plib/libpythia5722.a(pyofsh.o)
                0x0806acf0                pyofsh_
 *fill*         0x0806f0cb        0x5 90909090
 .text          0x0806f0d0      0x61c /home/pcl2483/pedro/jadesoft/util/mcgen/Plib/libpythia5722.a(pypile.o)
                0x0806f0d0                pypile_
 *fill*         0x0806f6ec        0x4 90909090
 .text          0x0806f6f0     0x49d0 /home/pcl2483/pedro/jadesoft/util/mcgen/Plib/libpythia5722.a(pyrand.o)
                0x0806f6f0                pyrand_
 .text          0x080740c0     0x5f8b /home/pcl2483/pedro/jadesoft/util/mcgen/Plib/libpythia5722.a(pyremn.o)
                0x080740c0                pyremn_
 *fill*         0x0807a04b        0x5 90909090
 .text          0x0807a050     0x989f /home/pcl2483/pedro/jadesoft/util/mcgen/Plib/libpythia5722.a(pyresd.o)
                0x0807a498                pyresd_
 *fill*         0x080838ef        0x1 90909090
 .text          0x080838f0     0x102d /home/pcl2483/pedro/jadesoft/util/mcgen/Plib/libpythia5722.a(pysave.o)
                0x080838f0                pysave_
 *fill*         0x0808491d        0x3 90909090
 .text          0x08084920     0xe11f /home/pcl2483/pedro/jadesoft/util/mcgen/Plib/libpythia5722.a(pyscat.o)
                0x08084920                pyscat_
 *fill*         0x08092a3f        0x1 90909090
 .text          0x08092a40    0x220ef /home/pcl2483/pedro/jadesoft/util/mcgen/Plib/libpythia5722.a(pysigh.o)
                0x08092a40                pysigh_
 *fill*         0x080b4b2f        0x1 90909090
 .text          0x080b4b30      0xcb9 /home/pcl2483/pedro/jadesoft/util/mcgen/Plib/libpythia5722.a(pyspli.o)
                0x080b4b30                pyspli_
 *fill*         0x080b57e9        0x7 90909090
 .text          0x080b57f0     0x53cc /home/pcl2483/pedro/jadesoft/util/mcgen/Plib/libpythia5722.a(pysspa.o)
                0x080b57f0                pysspa_
 *fill*         0x080babbc        0x4 90909090
 .text          0x080babc0     0x1885 /home/pcl2483/pedro/jadesoft/util/mcgen/Plib/libpythia5722.a(pystfl.o)
                0x080babc0                pystfl_
 *fill*         0x080bc445        0xb 90909090
 .text          0x080bc450     0x2427 /home/pcl2483/pedro/jadesoft/util/mcgen/Plib/libpythia5722.a(pystfu.o)
                0x080bc450                pystfu_
 *fill*         0x080be877        0x9 90909090
 .text          0x080be880      0xe84 /home/pcl2483/pedro/jadesoft/util/mcgen/Plib/libpythia5722.a(pystga.o)
                0x080be880                pystga_
 *fill*         0x080bf704        0xc 90909090
 .text          0x080bf710      0xe49 /home/pcl2483/pedro/jadesoft/util/mcgen/Plib/libpythia5722.a(pystpi.o)
                0x080bf784                pystpi_
 *fill*         0x080c0559        0x7 90909090
 .text          0x080c0560     0x23b1 /home/pcl2483/pedro/jadesoft/util/mcgen/Plib/libpythia5722.a(pystpr.o)
                0x080c05d4                pystpr_
 *fill*         0x080c2911        0xf 90909090
 .text          0x080c2920       0x74 /home/pcl2483/pedro/jadesoft/util/mcgen/Plib/libpythia5722.a(pyupev.o)
                0x080c2920                pyupev_
 *fill*         0x080c2994        0xc 90909090
 .text          0x080c29a0      0x3b1 /home/pcl2483/pedro/jadesoft/util/mcgen/Plib/libpythia5722.a(pywaux.o)
                0x080c2a38                pywaux_
 *fill*         0x080c2d51        0xf 90909090
 .text          0x080c2d60     0xb6b5 /home/pcl2483/pedro/jadesoft/util/mcgen/Plib/libpythia5722.a(pywidt.o)
                0x080c2d60                pywidt_
 *fill*         0x080ce415        0xb 90909090
 .text          0x080ce420     0x223f /home/pcl2483/pedro/jadesoft/util/mcgen/Plib/libpythia5722.a(pyxtot.o)
                0x080ce420                pyxtot_
 *fill*         0x080d065f        0x1 90909090
 .text          0x080d0660     0x8a2d /home/pcl2483/pedro/jadesoft/util/mcgen/Plib/libpythia5722.a(rkbbv.o)
                0x080d0660                rkbbv_
 *fill*         0x080d908d        0x3 90909090
 .text          0x080d9090       0x46 /home/pcl2483/pedro/jadesoft/util/mcgen/Plib/libpythia5722.a(rkdot.o)
                0x080d9090                rkdot_
 *fill*         0x080d90d6        0xa 90909090
 .text          0x080d90e0      0x228 /home/pcl2483/pedro/jadesoft/util/mcgen/Plib/libpythia5722.a(rkhlpk.o)
                0x080d90e0                rkhlpk_
 *fill*         0x080d9308        0x8 90909090
 .text          0x080d9310      0x164 /home/pcl2483/pedro/jadesoft/util/mcgen/Plib/libpythia5722.a(rkrand.o)
                0x080d9310                rkrand_
 *fill*         0x080d9474        0xc 90909090
 .text          0x080d9480      0x8b2 /home/pcl2483/pedro/jadesoft/util/mcgen/Plib/libpythia5722.a(rkzf.o)
                0x080d9480                rkzf_
 *fill*         0x080d9d32        0xe 90909090
 .text          0x080d9d40      0x2a4 /home/pcl2483/pedro/jadesoft/util/mcgen/Plib/libpythia5722.a(rkzpr.o)
                0x080d9d40                rkzpr_
 *fill*         0x080d9fe4        0xc 90909090
 .text          0x080d9ff0      0x3a7 /home/pcl2483/pedro/jadesoft/util/mcgen/Plib/libpythia5722.a(rkzsf.o)
                0x080d9ff0                rkzsf_
 *fill*         0x080da397        0x9 90909090
 .text          0x080da3a0      0x13e /home/pcl2483/pedro/jadesoft/util/mcgen/Plib/libpythia5722.a(structm.o)
                0x080da3a0                structm_
 *fill*         0x080da4de        0x2 90909090
 .text          0x080da4e0       0x94 /home/pcl2483/pedro/jadesoft/util/mcgen/Plib/libpythia5722.a(pdfset.o)
                0x080da4e0                pdfset_
 *fill*         0x080da574        0xc 90909090
 .text          0x080da580     0x58d9 /home/pcl2483/pedro/jadesoft/util/mcgen/Plib/libpythia5722.a(pyctq2.o)
                0x080da580                pyctq2_
 *fill*         0x080dfe59        0x7 90909090
 .text          0x080dfe60     0x2866 /home/pcl2483/pedro/jadesoft/util/mcgen/Plib/libpythia5722.a(pydiff.o)
                0x080dfe60                pydiff_
 *fill*         0x080e26c6        0xa 90909090
 .text          0x080e26d0      0xe93 /home/pcl2483/pedro/jadesoft/util/mcgen/Plib/libpythia5722.a(pydocu.o)
                0x080e26d0                pydocu_
 *fill*         0x080e3563        0xd 90909090
 .text          0x080e3570      0x164 /home/pcl2483/pedro/jadesoft/util/mcgen/Plib/libpythia5722.a(pyevwt.o)
                0x080e3570                pyevwt_
 *fill*         0x080e36d4        0xc 90909090
 .text          0x080e36e0      0x119 /home/pcl2483/pedro/jadesoft/util/mcgen/Plib/libpythia5722.a(pygamm.o)
                0x080e36e0                pygamm_
 *fill*         0x080e37f9        0x7 90909090
 .text          0x080e3800     0x1776 /home/pcl2483/pedro/jadesoft/util/mcgen/Plib/libpythia5722.a(pygano.o)
                0x080e3800                pygano_
 *fill*         0x080e4f76        0xa 90909090
 .text          0x080e4f80      0x75c /home/pcl2483/pedro/jadesoft/util/mcgen/Plib/libpythia5722.a(pyggam.o)
                0x080e4f80                pyggam_
 *fill*         0x080e56dc        0x4 90909090
 .text          0x080e56e0     0x2734 /home/pcl2483/pedro/jadesoft/util/mcgen/Plib/libpythia5722.a(pygvmd.o)
                0x080e56e0                pygvmd_
 *fill*         0x080e7e14        0xc 90909090
 .text          0x080e7e20      0x27a /home/pcl2483/pedro/jadesoft/util/mcgen/Plib/libpythia5722.a(pyhfth.o)
                0x080e7e20                pyhfth_
 *fill*         0x080e809a        0x6 90909090
 .text          0x080e80a0     0x19c5 /home/pcl2483/pedro/jadesoft/util/mcgen/Plib/libpythia5722.a(pyi3au.o)
                0x080e80a0                pyi3au_
 *fill*         0x080e9a65        0xb 90909090
 .text          0x080e9a70     0x1c66 /home/pcl2483/pedro/jadesoft/util/mcgen/Plib/libpythia5722.a(pyinbm.o)
                0x080e9a70                pyinbm_
 *fill*         0x080eb6d6        0xa 90909090
 .text          0x080eb6e0      0x4d6 /home/pcl2483/pedro/jadesoft/util/mcgen/Plib/libpythia5722.a(pykcut.o)
                0x080eb6e0                pykcut_
 *fill*         0x080ebbb6        0xa 90909090
 .text          0x080ebbc0     0x35c7 /home/pcl2483/pedro/jadesoft/util/mcgen/Plib/libpythia5722.a(pyklim.o)
                0x080ebbc0                pyklim_
 *fill*         0x080ef187        0x9 90909090
 .text          0x080ef190     0x2582 /home/pcl2483/pedro/jadesoft/util/mcgen/Plib/libpythia5722.a(pykmap.o)
                0x080ef190                pykmap_
 *fill*         0x080f1712        0xe 90909090
 .text          0x080f1720     0xae18 /home/pcl2483/pedro/jadesoft/util/mcgen/Plib/libpythia5722.a(pyqqbh.o)
                0x080f17d4                pyqqbh_
 *fill*         0x080fc538        0x8 90909090
 .text          0x080fc540      0x69d /home/pcl2483/pedro/jadesoft/util/mcgen/Plib/libpythia5722.a(pyspen.o)
                0x080fc540                pyspen_
 *fill*         0x080fcbdd        0x3 90909090
 .text          0x080fcbe0      0xf4f /home/pcl2483/pedro/jadesoft/util/mcgen/Plib/libpythia5722.a(pystel.o)
                0x080fcbe0                pystel_
 *fill*         0x080fdb2f        0x1 90909090
 .text          0x080fdb30      0x4c8 /home/pcl2483/pedro/jadesoft/util/mcgen/Plib/libpythia5722.a(pygbeh.o)
                0x080fdb30                pygbeh_
 *fill*         0x080fdff8        0x8 90909090
 .text          0x080fe000      0x191 /home/pcl2483/pedro/jadesoft/util/mcgen/Plib/libpythia5722.a(pygdir.o)
                0x080fe000                pygdir_
 *fill*         0x080fe191        0x3 90909090
 .text          0x080fe194        0x7 /home/pcl2483/pedro/jadesoft/util/mcgen/Plib/libariadne408.a(ardata.o)
                0x080fe194                ardata_
 *fill*         0x080fe19b        0x5 90909090
 .text          0x080fe1a0      0x386 /home/pcl2483/pedro/jadesoft/util/mcgen/Plib/libariadne408.a(arexec.o)
                0x080fe1a0                arexec_
 *fill*         0x080fe526        0xa 90909090
 .text          0x080fe530      0x427 /home/pcl2483/pedro/jadesoft/util/mcgen/Plib/libariadne408.a(arinit.o)
                0x080fe530                arinit_
 *fill*         0x080fe957        0x9 90909090
 .text          0x080fe960      0x5f1 /home/pcl2483/pedro/jadesoft/util/mcgen/Plib/libariadne408.a(arlept.o)
                0x080fe960                arlept_
 *fill*         0x080fef51        0xf 90909090
 .text          0x080fef60      0x5cc /home/pcl2483/pedro/jadesoft/util/mcgen/Plib/libariadne408.a(arpars.o)
                0x080fef60                arpars_
 *fill*         0x080ff52c        0x4 90909090
 .text          0x080ff530      0x543 /home/pcl2483/pedro/jadesoft/util/mcgen/Plib/libariadne408.a(arphas.o)
                0x080ff530                arphas_
 *fill*         0x080ffa73        0xd 90909090
 .text          0x080ffa80     0x11a5 /home/pcl2483/pedro/jadesoft/util/mcgen/Plib/libariadne408.a(arptqq.o)
                0x080ffa80                arptqq_
 *fill*         0x08100c25        0xb 90909090
 .text          0x08100c30      0xdf8 /home/pcl2483/pedro/jadesoft/util/mcgen/Plib/libariadne408.a(arpyth.o)
                0x08100d78                arpyth_
 *fill*         0x08101a28        0x8 90909090
 .text          0x08101a30      0x18c /home/pcl2483/pedro/jadesoft/util/mcgen/Plib/libariadne408.a(arpyww.o)
                0x08101a30                arpyww_
 *fill*         0x08101bbc        0x4 90909090
 .text          0x08101bc0     0x3586 /home/pcl2483/pedro/jadesoft/util/mcgen/Plib/libariadne408.a(arremn.o)
                0x08101bc0                arremn_
 *fill*         0x08105146        0xa 90909090
 .text          0x08105150      0xa1c /home/pcl2483/pedro/jadesoft/util/mcgen/Plib/libariadne408.a(arscan.o)
                0x08105150                arscan_
 *fill*         0x08105b6c        0x4 90909090
 .text          0x08105b70      0x2c9 /home/pcl2483/pedro/jadesoft/util/mcgen/Plib/libariadne408.a(arstra.o)
                0x08105b70                arstra_
 *fill*         0x08105e39        0x7 90909090
 .text          0x08105e40     0x1103 /home/pcl2483/pedro/jadesoft/util/mcgen/Plib/libariadne408.a(artune.o)
                0x08105e40                artune_
 *fill*         0x08106f43        0xd 90909090
 .text          0x08106f50       0x25 /home/pcl2483/pedro/jadesoft/util/mcgen/Plib/libariadne408.a(arupom.o)
                0x08106f50                arupom_
 *fill*         0x08106f75        0xb 90909090
 .text          0x08106f80       0x95 /home/pcl2483/pedro/jadesoft/util/mcgen/Plib/libariadne408.a(arzcms.o)
                0x08106f80                arzcms_
 *fill*         0x08107015        0xb 90909090
 .text          0x08107020       0x25 /home/pcl2483/pedro/jadesoft/util/mcgen/Plib/libariadne408.a(lnstrf.o)
                0x08107020                lnstrf_
 *fill*         0x08107045        0xb 90909090
 .text          0x08107050      0x2d2 /home/pcl2483/pedro/jadesoft/util/mcgen/Plib/libariadne408.a(arbole.o)
                0x08107050                arbole_
 *fill*         0x08107322        0xe 90909090
 .text          0x08107330      0xa39 /home/pcl2483/pedro/jadesoft/util/mcgen/Plib/libariadne408.a(arbopy.o)
                0x08107330                arbopy_
 *fill*         0x08107d69        0x7 90909090
 .text          0x08107d70       0x94 /home/pcl2483/pedro/jadesoft/util/mcgen/Plib/libariadne408.a(arcasc.o)
                0x08107d70                arcasc_
 *fill*         0x08107e04        0xc 90909090
 .text          0x08107e10      0x5b9 /home/pcl2483/pedro/jadesoft/util/mcgen/Plib/libariadne408.a(archem.o)
                0x08107e10                archem_
 *fill*         0x081083c9        0x7 90909090
 .text          0x081083d0      0x379 /home/pcl2483/pedro/jadesoft/util/mcgen/Plib/libariadne408.a(arcoli.o)
                0x081083d0                arcoli_
 *fill*         0x08108749        0x7 90909090
 .text          0x08108750       0x67 /home/pcl2483/pedro/jadesoft/util/mcgen/Plib/libariadne408.a(arcont.o)
                0x08108750                arcont_
 *fill*         0x081087b7        0x9 90909090
 .text          0x081087c0      0x2e9 /home/pcl2483/pedro/jadesoft/util/mcgen/Plib/libariadne408.a(arcopa.o)
                0x081087c0                arcopa_
 *fill*         0x08108aa9        0x7 90909090
 .text          0x08108ab0       0xdb /home/pcl2483/pedro/jadesoft/util/mcgen/Plib/libariadne408.a(arcrdi.o)
                0x08108ab0                arcrdi_
 *fill*         0x08108b8b        0x5 90909090
 .text          0x08108b90      0x61d /home/pcl2483/pedro/jadesoft/util/mcgen/Plib/libariadne408.a(ardump.o)
                0x08108bcc                ardump_
 *fill*         0x081091ad        0x3 90909090
 .text          0x081091b0      0xbef /home/pcl2483/pedro/jadesoft/util/mcgen/Plib/libariadne408.a(arerrm.o)
                0x081091b0                arerrm_
 *fill*         0x08109d9f        0x1 90909090
 .text          0x08109da0      0x452 /home/pcl2483/pedro/jadesoft/util/mcgen/Plib/libariadne408.a(arevol.o)
                0x08109da0                arevol_
 *fill*         0x0810a1f2        0xe 90909090
 .text          0x0810a200      0x587 /home/pcl2483/pedro/jadesoft/util/mcgen/Plib/libariadne408.a(arexma.o)
                0x0810a200                arexma_
 *fill*         0x0810a787        0x9 90909090
 .text          0x0810a790      0x303 /home/pcl2483/pedro/jadesoft/util/mcgen/Plib/libariadne408.a(arfidy.o)
                0x0810a790                arfidy_
 *fill*         0x0810aa93        0xd 90909090
 .text          0x0810aaa0      0x408 /home/pcl2483/pedro/jadesoft/util/mcgen/Plib/libariadne408.a(argpt2.o)
                0x0810aaa0                argpt2_
 *fill*         0x0810aea8        0x8 90909090
 .text          0x0810aeb0      0x55b /home/pcl2483/pedro/jadesoft/util/mcgen/Plib/libariadne408.a(argqcd.o)
                0x0810aeb0                argqcd_
 *fill*         0x0810b40b        0x5 90909090
 .text          0x0810b410      0x57f /home/pcl2483/pedro/jadesoft/util/mcgen/Plib/libariadne408.a(argqcg.o)
                0x0810b410                argqcg_
 *fill*         0x0810b98f        0x1 90909090
 .text          0x0810b990      0x637 /home/pcl2483/pedro/jadesoft/util/mcgen/Plib/libariadne408.a(argqcq.o)
                0x0810b990                argqcq_
 *fill*         0x0810bfc7        0x9 90909090
 .text          0x0810bfd0      0x42f /home/pcl2483/pedro/jadesoft/util/mcgen/Plib/libariadne408.a(argqed.o)
                0x0810bfd0                argqed_
 *fill*         0x0810c3ff        0x1 90909090
 .text          0x0810c400       0x86 /home/pcl2483/pedro/jadesoft/util/mcgen/Plib/libariadne408.a(argtyp.o)
                0x0810c400                argtyp_
 *fill*         0x0810c486        0xa 90909090
 .text          0x0810c490      0x24e /home/pcl2483/pedro/jadesoft/util/mcgen/Plib/libariadne408.a(arincr.o)
                0x0810c490                arincr_
 *fill*         0x0810c6de        0x2 90909090
 .text          0x0810c6e0     0x1443 /home/pcl2483/pedro/jadesoft/util/mcgen/Plib/libariadne408.a(arinqq.o)
                0x0810c6e0                arinqq_
 *fill*         0x0810db23        0xd 90909090
 .text          0x0810db30      0x2f2 /home/pcl2483/pedro/jadesoft/util/mcgen/Plib/libariadne408.a(armade.o)
                0x0810db30                armade_
 *fill*         0x0810de22        0xe 90909090
 .text          0x0810de30       0x44 /home/pcl2483/pedro/jadesoft/util/mcgen/Plib/libariadne408.a(armas2.o)
                0x0810de30                armas2_
 *fill*         0x0810de74        0xc 90909090
 .text          0x0810de80      0x1b0 /home/pcl2483/pedro/jadesoft/util/mcgen/Plib/libariadne408.a(armass.o)
                0x0810de80                armass_
 .text          0x0810e030      0x197 /home/pcl2483/pedro/jadesoft/util/mcgen/Plib/libariadne408.a(armcdi.o)
                0x0810e030                armcdi_
 *fill*         0x0810e1c7        0x9 90909090
 .text          0x0810e1d0      0x17e /home/pcl2483/pedro/jadesoft/util/mcgen/Plib/libariadne408.a(armipt.o)
                0x0810e248                armipt_
 *fill*         0x0810e34e        0x2 90909090
 .text          0x0810e350      0x8cf /home/pcl2483/pedro/jadesoft/util/mcgen/Plib/libariadne408.a(armtqq.o)
                0x0810e350                armtqq_
 *fill*         0x0810ec1f        0x1 90909090
 .text          0x0810ec20      0x12a /home/pcl2483/pedro/jadesoft/util/mcgen/Plib/libariadne408.a(arndx1.o)
                0x0810ec20                arndx1_
 *fill*         0x0810ed4a        0x6 90909090
 .text          0x0810ed50      0x125 /home/pcl2483/pedro/jadesoft/util/mcgen/Plib/libariadne408.a(arndx2.o)
                0x0810ed50                arndx2_
 *fill*         0x0810ee75        0xb 90909090
 .text          0x0810ee80       0xc4 /home/pcl2483/pedro/jadesoft/util/mcgen/Plib/libariadne408.a(arndx3.o)
                0x0810ee80                arndx3_
 *fill*         0x0810ef44        0xc 90909090
 .text          0x0810ef50      0x126 /home/pcl2483/pedro/jadesoft/util/mcgen/Plib/libariadne408.a(arndy1.o)
                0x0810ef50                arndy1_
 *fill*         0x0810f076        0xa 90909090
 .text          0x0810f080     0x1597 /home/pcl2483/pedro/jadesoft/util/mcgen/Plib/libariadne408.a(arndy2.o)
                0x0810f080                arndy2_
 *fill*         0x08110617        0x9 90909090
 .text          0x08110620      0x164 /home/pcl2483/pedro/jadesoft/util/mcgen/Plib/libariadne408.a(arndy3.o)
                0x08110620                arndy3_
 *fill*         0x08110784        0xc 90909090
 .text          0x08110790      0xb23 /home/pcl2483/pedro/jadesoft/util/mcgen/Plib/libariadne408.a(arndy4.o)
                0x08110790                arndy4_
 *fill*         0x081112b3        0xd 90909090
 .text          0x081112c0      0xfab /home/pcl2483/pedro/jadesoft/util/mcgen/Plib/libariadne408.a(arniqq.o)
                0x081112c0                arniqq_
 *fill*         0x0811226b        0x5 90909090
 .text          0x08112270       0x7a /home/pcl2483/pedro/jadesoft/util/mcgen/Plib/libariadne408.a(arnofl.o)
                0x08112270                arnofl_
 *fill*         0x081122ea        0x6 90909090
 .text          0x081122f0       0x44 /home/pcl2483/pedro/jadesoft/util/mcgen/Plib/libariadne408.a(arobo1.o)
                0x081122f0                arobo1_
 *fill*         0x08112334        0xc 90909090
 .text          0x08112340       0x4b /home/pcl2483/pedro/jadesoft/util/mcgen/Plib/libariadne408.a(arobo2.o)
                0x08112340                arobo2_
 *fill*         0x0811238b        0x5 90909090
 .text          0x08112390       0x56 /home/pcl2483/pedro/jadesoft/util/mcgen/Plib/libariadne408.a(arobo3.o)
                0x08112390                arobo3_
 *fill*         0x081123e6        0xa 90909090
 .text          0x081123f0       0xd9 /home/pcl2483/pedro/jadesoft/util/mcgen/Plib/libariadne408.a(arpcms.o)
                0x081123f0                arpcms_
 *fill*         0x081124c9        0x7 90909090
 .text          0x081124d0     0x108c /home/pcl2483/pedro/jadesoft/util/mcgen/Plib/libariadne408.a(arpoki.o)
                0x081124d0                arpoki_
 *fill*         0x0811355c        0x4 90909090
 .text          0x08113560     0x1007 /home/pcl2483/pedro/jadesoft/util/mcgen/Plib/libariadne408.a(arposf.o)
                0x08113560                arposf_
 *fill*         0x08114567        0x9 90909090
 .text          0x08114570      0x175 /home/pcl2483/pedro/jadesoft/util/mcgen/Plib/libariadne408.a(arprda.o)
                0x08114570                arprda_
 *fill*         0x081146e5        0xb 90909090
 .text          0x081146f0      0xe0a /home/pcl2483/pedro/jadesoft/util/mcgen/Plib/libariadne408.a(arprdy.o)
                0x081146f0                arprdy_
 *fill*         0x081154fa        0x6 90909090
 .text          0x08115500      0x4f7 /home/pcl2483/pedro/jadesoft/util/mcgen/Plib/libariadne408.a(arprgc.o)
                0x08115500                arprgc_
 *fill*         0x081159f7        0x1 90909090
 .text          0x081159f8       0x61 /home/pcl2483/pedro/jadesoft/util/mcgen/Plib/libariadne408.a(arrobo.o)
                0x081159f8                arrobo_
 *fill*         0x08115a59        0x7 90909090
 .text          0x08115a60      0x215 /home/pcl2483/pedro/jadesoft/util/mcgen/Plib/libariadne408.a(arsume.o)
                0x08115a60                arsume_
 *fill*         0x08115c75        0xb 90909090
 .text          0x08115c80      0x1fc /home/pcl2483/pedro/jadesoft/util/mcgen/Plib/libariadne408.a(arvet1.o)
                0x08115c80                arvet1_
 *fill*         0x08115e7c        0x4 90909090
 .text          0x08115e80      0x19c /home/pcl2483/pedro/jadesoft/util/mcgen/Plib/libariadne408.a(arvet3.o)
                0x08115e80                arvet3_
 *fill*         0x0811601c        0x4 90909090
 .text          0x08116020      0x174 /home/pcl2483/pedro/jadesoft/util/mcgen/Plib/libariadne408.a(arvet4.o)
                0x08116020                arvet4_
 .text          0x08116194       0xdb /home/pcl2483/pedro/jadesoft/util/mcgen/Plib/libariadne408.a(arvet5.o)
                0x08116194                arvet5_
 *fill*         0x0811626f        0x1 90909090
 .text          0x08116270       0xd4 /home/pcl2483/pedro/jadesoft/util/mcgen/Plib/libariadne408.a(arveth.o)
                0x08116270                arveth_
 .text          0x08116344      0x27e /home/pcl2483/pedro/jadesoft/util/mcgen/Plib/libariadne408.a(arbocm.o)
                0x08116344                arbocm_
 *fill*         0x081165c2        0xe 90909090
 .text          0x081165d0     0x13c6 /home/pcl2483/pedro/jadesoft/util/mcgen/Plib/libariadne408.a(archki.o)
                0x081165d0                archki_
 *fill*         0x08117996        0xa 90909090
 .text          0x081179a0      0x5f4 /home/pcl2483/pedro/jadesoft/util/mcgen/Plib/libariadne408.a(ardbrb.o)
                0x081179a0                ardbrb_
 *fill*         0x08117f94        0xc 90909090
 .text          0x08117fa0      0x9aa /home/pcl2483/pedro/jadesoft/util/mcgen/Plib/libariadne408.a(arearr.o)
                0x08117fa0                arearr_
 *fill*         0x0811894a        0x6 90909090
 .text          0x08118950      0xb18 /home/pcl2483/pedro/jadesoft/util/mcgen/Plib/libariadne408.a(aremit.o)
                0x0811898c                aremit_
 *fill*         0x08119468        0x8 90909090
 .text          0x08119470      0x2fc /home/pcl2483/pedro/jadesoft/util/mcgen/Plib/libariadne408.a(arevst.o)
                0x08119470                arevst_
 *fill*         0x0811976c        0x4 90909090
 .text          0x08119770      0x408 /home/pcl2483/pedro/jadesoft/util/mcgen/Plib/libariadne408.a(argdis.o)
                0x08119770                argdis_
 *fill*         0x08119b78        0x8 90909090
 .text          0x08119b80     0x21d5 /home/pcl2483/pedro/jadesoft/util/mcgen/Plib/libariadne408.a(arging.o)
                0x08119b80                arging_
 *fill*         0x0811bd55        0xb 90909090
 .text          0x0811bd60      0x239 /home/pcl2483/pedro/jadesoft/util/mcgen/Plib/libariadne408.a(aripsf.o)
                0x0811bd60                aripsf_
 *fill*         0x0811bf99        0x3 90909090
 .text          0x0811bf9c       0xe1 /home/pcl2483/pedro/jadesoft/util/mcgen/Plib/libariadne408.a(aript2.o)
                0x0811bf9c                aript2_
 *fill*         0x0811c07d        0x3 90909090
 .text          0x0811c080      0x637 /home/pcl2483/pedro/jadesoft/util/mcgen/Plib/libariadne408.a(arjoqq.o)
                0x0811c080                arjoqq_
 *fill*         0x0811c6b7        0x9 90909090
 .text          0x0811c6c0      0x34f /home/pcl2483/pedro/jadesoft/util/mcgen/Plib/libariadne408.a(arjost.o)
                0x0811c6c0                arjost_
 *fill*         0x0811ca0f        0x1 90909090
 .text          0x0811ca10       0x48 /home/pcl2483/pedro/jadesoft/util/mcgen/Plib/libariadne408.a(armas3.o)
                0x0811ca10                armas3_
 *fill*         0x0811ca58        0x8 90909090
 .text          0x0811ca60       0xd1 /home/pcl2483/pedro/jadesoft/util/mcgen/Plib/libariadne408.a(arpadd.o)
                0x0811ca60                arpadd_
 *fill*         0x0811cb31        0xf 90909090
 .text          0x0811cb40     0x1cbd /home/pcl2483/pedro/jadesoft/util/mcgen/Plib/libariadne408.a(arradg.o)
                0x0811cb7c                arradg_
 *fill*         0x0811e7fd        0x3 90909090
 .text          0x0811e800      0x2f8 /home/pcl2483/pedro/jadesoft/util/mcgen/Plib/libariadne408.a(arradp.o)
                0x0811e878                arradp_
 *fill*         0x0811eaf8        0x8 90909090
 .text          0x0811eb00      0x590 /home/pcl2483/pedro/jadesoft/util/mcgen/Plib/libariadne408.a(arradq.o)
                0x0811eb78                arradq_
 .text          0x0811f090      0x631 /home/pcl2483/pedro/jadesoft/util/mcgen/Plib/libariadne408.a(arreca.o)
                0x0811f090                arreca_
 *fill*         0x0811f6c1        0xf 90909090
 .text          0x0811f6d0      0x5b5 /home/pcl2483/pedro/jadesoft/util/mcgen/Plib/libariadne408.a(arremd.o)
                0x0811f6d0                arremd_
 *fill*         0x0811fc85        0xb 90909090
 .text          0x0811fc90      0x684 /home/pcl2483/pedro/jadesoft/util/mcgen/Plib/libariadne408.a(arremp.o)
                0x0811fc90                arremp_
 *fill*         0x08120314        0xc 90909090
 .text          0x08120320      0x66c /home/pcl2483/pedro/jadesoft/util/mcgen/Plib/libariadne408.a(arsplg.o)
                0x0812035c                arsplg_
 *fill*         0x0812098c        0x4 90909090
 .text          0x08120990      0x651 /home/pcl2483/pedro/jadesoft/util/mcgen/Plib/libariadne408.a(arstor.o)
                0x08120990                arstor_
 *fill*         0x08120fe1        0xf 90909090
 .text          0x08120ff0      0xa17 /home/pcl2483/pedro/jadesoft/util/mcgen/Plib/libariadne408.a(arswap.o)
                0x08120ff0                arswap_
 *fill*         0x08121a07        0x9 90909090
 .text          0x08121a10      0x363 /home/pcl2483/pedro/jadesoft/util/mcgen/Plib/libariadne408.a(artpt2.o)
                0x08121a10                artpt2_
 *fill*         0x08121d73        0xd 90909090
 .text          0x08121d80      0x51c /home/pcl2483/pedro/jadesoft/util/mcgen/Plib/libariadne408.a(araddg.o)
                0x08121df8                araddg_
 *fill*         0x0812229c        0x4 90909090
 .text          0x081222a0      0x434 /home/pcl2483/pedro/jadesoft/util/mcgen/Plib/libariadne408.a(archfl.o)
                0x081222a0                archfl_
 *fill*         0x081226d4        0xc 90909090
 .text          0x081226e0      0x218 /home/pcl2483/pedro/jadesoft/util/mcgen/Plib/libariadne408.a(arduph.o)
                0x081226e0                arduph_
 *fill*         0x081228f8        0x8 90909090
 .text          0x08122900      0xf30 /home/pcl2483/pedro/jadesoft/util/mcgen/Plib/libariadne408.a(ardyre.o)
                0x08122900                ardyre_
 .text          0x08123830      0xc4a /home/pcl2483/pedro/jadesoft/util/mcgen/Plib/libariadne408.a(aremi2.o)
                0x08123830                aremi2_
 *fill*         0x0812447a        0x6 90909090
 .text          0x08124480      0x647 /home/pcl2483/pedro/jadesoft/util/mcgen/Plib/libariadne408.a(aremi3.o)
                0x08124480                aremi3_
 *fill*         0x08124ac7        0x9 90909090
 .text          0x08124ad0      0x2d2 /home/pcl2483/pedro/jadesoft/util/mcgen/Plib/libariadne408.a(argdig.o)
                0x08124ad0                argdig_
 *fill*         0x08124da2        0xe 90909090
 .text          0x08124db0     0x112f /home/pcl2483/pedro/jadesoft/util/mcgen/Plib/libariadne408.a(argetr.o)
                0x08124db0                argetr_
 *fill*         0x08125edf        0x1 90909090
 .text          0x08125ee0     0x21a5 /home/pcl2483/pedro/jadesoft/util/mcgen/Plib/libariadne408.a(argig2.o)
                0x08125ee0                argig2_
 *fill*         0x08128085        0xb 90909090
 .text          0x08128090       0x64 /home/pcl2483/pedro/jadesoft/util/mcgen/Plib/libariadne408.a(arobo4.o)
                0x08128090                arobo4_
 *fill*         0x081280f4        0xc 90909090
 .text          0x08128100       0x6c /home/pcl2483/pedro/jadesoft/util/mcgen/Plib/libariadne408.a(arobo5.o)
                0x08128100                arobo5_
 *fill*         0x0812816c        0x4 90909090
 .text          0x08128170      0x97f /home/pcl2483/pedro/jadesoft/util/mcgen/Plib/libariadne408.a(arorie.o)
                0x081281e8                arorie_
 *fill*         0x08128aef        0x1 90909090
 .text          0x08128af0       0xfd /home/pcl2483/pedro/jadesoft/util/mcgen/Plib/libariadne408.a(arpado.o)
                0x08128af0                arpado_
 *fill*         0x08128bed        0x3 90909090
 .text          0x08128bf0      0x122 /home/pcl2483/pedro/jadesoft/util/mcgen/Plib/libariadne408.a(arpins.o)
                0x08128bf0                arpins_
 *fill*         0x08128d12        0xe 90909090
 .text          0x08128d20      0xe21 /home/pcl2483/pedro/jadesoft/util/mcgen/Plib/libariadne408.a(arputr.o)
                0x08128d20                arputr_
 *fill*         0x08129b41        0xf 90909090
 .text          0x08129b50      0xa19 /home/pcl2483/pedro/jadesoft/util/mcgen/Plib/libariadne408.a(arremg.o)
                0x08129b50                arremg_
 *fill*         0x0812a569        0x7 90909090
 .text          0x0812a570      0x19c /home/pcl2483/pedro/jadesoft/util/mcgen/Plib/libariadne408.a(arrems.o)
                0x0812a570                arrems_
 *fill*         0x0812a70c        0x4 90909090
 .text          0x0812a710      0x174 /home/pcl2483/pedro/jadesoft/util/mcgen/Plib/libariadne408.a(arthrw.o)
                0x0812a710                arthrw_
 *fill*         0x0812a884        0xc 90909090
 .text          0x0812a890       0x16 /home/pcl2483/pedro/jadesoft/util/mcgen/Plib/libariadne408.a(aruthr.o)
                0x0812a890                aruthr_
 *fill*         0x0812a8a6        0xa 90909090
 .text          0x0812a8b0      0x4a8 /home/pcl2483/pedro/jadesoft/util/mcgen/Plib/libariadne408.a(arvet6.o)
                0x0812a8b0                arvet6_
 *fill*         0x0812ad58        0x8 90909090
 .text          0x0812ad60      0x43e /home/pcl2483/pedro/jadesoft/util/mcgen/Plib/libariadne408.a(arvet7.o)
                0x0812ad60                arvet7_
 *fill*         0x0812b19e        0x2 90909090
 .text          0x0812b1a0     0x17bf /home/pcl2483/pedro/jadesoft/util/mcgen/Plib/libariadne408.a(aradig.o)
                0x0812b1a0                aradig_
 *fill*         0x0812c95f        0x1 90909090
 .text          0x0812c960      0x679 /home/pcl2483/pedro/jadesoft/util/mcgen/Plib/libariadne408.a(arcodi.o)
                0x0812c960                arcodi_
 *fill*         0x0812cfd9        0x7 90909090
 .text          0x0812cfe0      0x3de /home/pcl2483/pedro/jadesoft/util/mcgen/Plib/libariadne408.a(arecoi.o)
                0x0812cfe0                arecoi_
 *fill*         0x0812d3be        0x2 90909090
 .text          0x0812d3c0     0x11b0 /home/pcl2483/pedro/jadesoft/util/mcgen/Plib/libariadne408.a(aradg2.o)
                0x0812d3c0                aradg2_
 .text          0x0812e570      0xf3c /home/pcl2483/pedro/jadesoft/util/mcgen/Plib/libjt74opal.a(klu.o)
                0x0812e570                klu_
 *fill*         0x0812f4ac        0x4 90909090
 .text          0x0812f4b0      0x6f9 /home/pcl2483/pedro/jadesoft/util/mcgen/Plib/libjt74opal.a(lu2ent.o)
                0x0812f4b0                lu2ent_
 *fill*         0x0812fba9        0x7 90909090
 .text          0x0812fbb0      0x552 /home/pcl2483/pedro/jadesoft/util/mcgen/Plib/libjt74opal.a(luchge.o)
                0x0812fbb0                luchge_
 *fill*         0x08130102        0xe 90909090
 .text          0x08130110      0x957 /home/pcl2483/pedro/jadesoft/util/mcgen/Plib/libjt74opal.a(lucomp.o)
                0x08130110                lucomp_
 *fill*         0x08130a67        0x1 90909090
 .text          0x08130a68        0x7 /home/pcl2483/pedro/jadesoft/util/mcgen/Plib/libjt74opal.a(ludata.o)
                0x08130a68                ludata_
 *fill*         0x08130a6f        0x1 90909090
 .text          0x08130a70     0x7150 /home/pcl2483/pedro/jadesoft/util/mcgen/Plib/libjt74opal.a(ludecy.o)
                0x08130c28                ludecy_
 .text          0x08137bc0     0x2a61 /home/pcl2483/pedro/jadesoft/util/mcgen/Plib/libjt74opal.a(luedit.o)
                0x08137bc0                luedit_
 *fill*         0x0813a621        0xf 90909090
 .text          0x0813a630      0x2c2 /home/pcl2483/pedro/jadesoft/util/mcgen/Plib/libjt74opal.a(luerrm.o)
                0x0813a630                luerrm_
 *fill*         0x0813a8f2        0xe 90909090
 .text          0x0813a900      0xa45 /home/pcl2483/pedro/jadesoft/util/mcgen/Plib/libjt74opal.a(luexec.o)
                0x0813a900                luexec_
 *fill*         0x0813b345        0xb 90909090
 .text          0x0813b350     0x292f /home/pcl2483/pedro/jadesoft/util/mcgen/Plib/libjt74opal.a(lugive.o)
                0x0813b350                lugive_
 *fill*         0x0813dc7f        0x1 90909090
 .text          0x0813dc80     0x4bef /home/pcl2483/pedro/jadesoft/util/mcgen/Plib/libjt74opal.a(luindf.o)
                0x0813dc80                luindf_
 *fill*         0x0814286f        0x1 90909090
 .text          0x08142870     0x31f6 /home/pcl2483/pedro/jadesoft/util/mcgen/Plib/libjt74opal.a(lukfdi.o)
                0x08142870                lukfdi_
 *fill*         0x08145a66        0xa 90909090
 .text          0x08145a70     0x2766 /home/pcl2483/pedro/jadesoft/util/mcgen/Plib/libjt74opal.a(lulist.o)
                0x08145a70                lulist_
 *fill*         0x081481d6        0xa 90909090
 .text          0x081481e0      0x69a /home/pcl2483/pedro/jadesoft/util/mcgen/Plib/libjt74opal.a(lulogo.o)
                0x081481e0                lulogo_
 *fill*         0x0814887a        0x6 90909090
 .text          0x08148880      0xdd4 /home/pcl2483/pedro/jadesoft/util/mcgen/Plib/libjt74opal.a(luname.o)
                0x08148880                luname_
 *fill*         0x08149654        0xc 90909090
 .text          0x08149660     0x39ef /home/pcl2483/pedro/jadesoft/util/mcgen/Plib/libjt74opal.a(luprep.o)
                0x08149660                luprep_
 *fill*         0x0814d04f        0x1 90909090
 .text          0x0814d050      0x177 /home/pcl2483/pedro/jadesoft/util/mcgen/Plib/libjt74opal.a(luptdi.o)
                0x0814d050                luptdi_
 *fill*         0x0814d1c7        0x9 90909090
 .text          0x0814d1d0      0xc9b /home/pcl2483/pedro/jadesoft/util/mcgen/Plib/libjt74opal.a(lurobo.o)
                0x0814ddf0                lurobo_
                0x0814de2c                ludbrb_
 *fill*         0x0814de6b        0x5 90909090
 .text          0x0814de70     0x9eb1 /home/pcl2483/pedro/jadesoft/util/mcgen/Plib/libjt74opal.a(lushow.o)
                0x0814de70                lushow_
 *fill*         0x08157d21        0xf 90909090
 .text          0x08157d30     0xb76f /home/pcl2483/pedro/jadesoft/util/mcgen/Plib/libjt74opal.a(lustrf.o)
                0x08157e98                lustrf_
 *fill*         0x0816349f        0x1 90909090
 .text          0x081634a0     0x60f3 /home/pcl2483/pedro/jadesoft/util/mcgen/Plib/libjt74opal.a(lutabu.o)
                0x081634a0                lutabu_
 *fill*         0x08169593        0xd 90909090
 .text          0x081695a0     0x123c /home/pcl2483/pedro/jadesoft/util/mcgen/Plib/libjt74opal.a(lutaud.o)
                0x081695a0                lutaud_
 *fill*         0x0816a7dc        0x4 90909090
 .text          0x0816a7e0      0xc5b /home/pcl2483/pedro/jadesoft/util/mcgen/Plib/libjt74opal.a(luzdis.o)
                0x0816a7e0                luzdis_
 *fill*         0x0816b43b        0x5 90909090
 .text          0x0816b440      0xa80 /home/pcl2483/pedro/jadesoft/util/mcgen/Plib/libjt74opal.a(plu.o)
                0x0816b440                plu_
 .text          0x0816bec0      0x597 /home/pcl2483/pedro/jadesoft/util/mcgen/Plib/libjt74opal.a(rlu.o)
                0x0816bec0                rlu_
 *fill*         0x0816c457        0x9 90909090
 .text          0x0816c460      0x205 /home/pcl2483/pedro/jadesoft/util/mcgen/Plib/libjt74opal.a(taupol.o)
                0x0816c460                taupol_
 *fill*         0x0816c665        0xb 90909090
 .text          0x0816c670      0x2c7 /home/pcl2483/pedro/jadesoft/util/mcgen/Plib/libjt74opal.a(ulalem.o)
                0x0816c670                ulalem_
 *fill*         0x0816c937        0x9 90909090
 .text          0x0816c940      0x3a3 /home/pcl2483/pedro/jadesoft/util/mcgen/Plib/libjt74opal.a(ulalps.o)
                0x0816c940                ulalps_
 *fill*         0x0816cce3        0xd 90909090
 .text          0x0816ccf0      0x139 /home/pcl2483/pedro/jadesoft/util/mcgen/Plib/libjt74opal.a(ulangl.o)
                0x0816ccf0                ulangl_
 *fill*         0x0816ce29        0x7 90909090
 .text          0x0816ce30      0x92a /home/pcl2483/pedro/jadesoft/util/mcgen/Plib/libjt74opal.a(ulmass.o)
                0x0816ce30                ulmass_
 *fill*         0x0816d75a        0x6 90909090
 .text          0x0816d760      0x776 /home/pcl2483/pedro/jadesoft/util/mcgen/Plib/libjt74opal.a(dexay.o)
                0x0816d760                dexay_
 *fill*         0x0816ded6        0xa 90909090
 .text          0x0816dee0      0x42c /home/pcl2483/pedro/jadesoft/util/mcgen/Plib/libjt74opal.a(dexay1.o)
                0x0816dee0                dexay1_
 *fill*         0x0816e30c        0x4 90909090
 .text          0x0816e310      0x154 /home/pcl2483/pedro/jadesoft/util/mcgen/Plib/libjt74opal.a(dexel.o)
                0x0816e310                dexel_
 *fill*         0x0816e464        0xc 90909090
 .text          0x0816e470      0x104 /home/pcl2483/pedro/jadesoft/util/mcgen/Plib/libjt74opal.a(dexkk.o)
                0x0816e470                dexkk_
 *fill*         0x0816e574        0xc 90909090
 .text          0x0816e580      0x164 /home/pcl2483/pedro/jadesoft/util/mcgen/Plib/libjt74opal.a(dexks.o)
                0x0816e580                dexks_
 *fill*         0x0816e6e4        0xc 90909090
 .text          0x0816e6f0      0x164 /home/pcl2483/pedro/jadesoft/util/mcgen/Plib/libjt74opal.a(dexmu.o)
                0x0816e6f0                dexmu_
 *fill*         0x0816e854        0xc 90909090
 .text          0x0816e860      0x15c /home/pcl2483/pedro/jadesoft/util/mcgen/Plib/libjt74opal.a(dexnew.o)
                0x0816e860                dexnew_
 *fill*         0x0816e9bc        0x4 90909090
 .text          0x0816e9c0      0x104 /home/pcl2483/pedro/jadesoft/util/mcgen/Plib/libjt74opal.a(dexpi.o)
                0x0816e9c0                dexpi_
 *fill*         0x0816eac4        0xc 90909090
 .text          0x0816ead0      0x15a /home/pcl2483/pedro/jadesoft/util/mcgen/Plib/libjt74opal.a(dexro.o)
                0x0816ead0                dexro_
 *fill*         0x0816ec2a        0x6 90909090
 .text          0x0816ec30      0x1bc /home/pcl2483/pedro/jadesoft/util/mcgen/Plib/libjt74opal.a(dwlnew.o)
                0x0816ec30                dwlnew_
 *fill*         0x0816edec        0x4 90909090
 .text          0x0816edf0      0x268 /home/pcl2483/pedro/jadesoft/util/mcgen/Plib/libjt74opal.a(dwluaa.o)
                0x0816edf0                dwluaa_
 *fill*         0x0816f058        0x8 90909090
 .text          0x0816f060      0x104 /home/pcl2483/pedro/jadesoft/util/mcgen/Plib/libjt74opal.a(dwluel.o)
                0x0816f060                dwluel_
 *fill*         0x0816f164        0xc 90909090
 .text          0x0816f170       0xb5 /home/pcl2483/pedro/jadesoft/util/mcgen/Plib/libjt74opal.a(dwlukk.o)
                0x0816f170                dwlukk_
 *fill*         0x0816f225        0xb 90909090
 .text          0x0816f230      0x244 /home/pcl2483/pedro/jadesoft/util/mcgen/Plib/libjt74opal.a(dwluks.o)
                0x0816f230                dwluks_
 *fill*         0x0816f474        0xc 90909090
 .text          0x0816f480      0x104 /home/pcl2483/pedro/jadesoft/util/mcgen/Plib/libjt74opal.a(dwlumu.o)
                0x0816f480                dwlumu_
 *fill*         0x0816f584        0xc 90909090
 .text          0x0816f590       0xab /home/pcl2483/pedro/jadesoft/util/mcgen/Plib/libjt74opal.a(dwlupi.o)
                0x0816f590                dwlupi_
 *fill*         0x0816f63b        0x5 90909090
 .text          0x0816f640      0x134 /home/pcl2483/pedro/jadesoft/util/mcgen/Plib/libjt74opal.a(dwluro.o)
                0x0816f640                dwluro_
 *fill*         0x0816f774        0xc 90909090
 .text          0x0816f780       0xda /home/pcl2483/pedro/jadesoft/util/mcgen/Plib/libjt74opal.a(dwrph.o)
                0x0816f780                dwrph_
 *fill*         0x0816f85a        0x6 90909090
 .text          0x0816f860      0x391 /home/pcl2483/pedro/jadesoft/util/mcgen/Plib/libjt74opal.a(filhep.o)
                0x0816f860                filhep_
 *fill*         0x0816fbf1        0xf 90909090
 .text          0x0816fc00      0xd35 /home/pcl2483/pedro/jadesoft/util/mcgen/Plib/libjt74opal.a(initdk.o)
                0x0816fc00                initdk_
 *fill*         0x08170935        0xb 90909090
 .text          0x08170940      0x170 /home/pcl2483/pedro/jadesoft/util/mcgen/Plib/libjt74opal.a(jaker.o)
                0x08170940                jaker_
 .text          0x08170ab0     0x1e4f /home/pcl2483/pedro/jadesoft/util/mcgen/Plib/libjt74opal.a(luboei.o)
                0x08170ab0                luboei_
 *fill*         0x081728ff        0x1 90909090
 .text          0x08172900      0x214 /home/pcl2483/pedro/jadesoft/util/mcgen/Plib/libjt74opal.a(lunpik.o)
                0x08172900                lunpik_
 *fill*         0x08172b14        0xc 90909090
 .text          0x08172b20      0x5a8 /home/pcl2483/pedro/jadesoft/util/mcgen/Plib/libjt74opal.a(dadmel.o)
                0x08172b20                dadmel_
 *fill*         0x081730c8        0x8 90909090
 .text          0x081730d0      0x577 /home/pcl2483/pedro/jadesoft/util/mcgen/Plib/libjt74opal.a(dadmkk.o)
                0x081730d0                dadmkk_
 *fill*         0x08173647        0x9 90909090
 .text          0x08173650      0x5b8 /home/pcl2483/pedro/jadesoft/util/mcgen/Plib/libjt74opal.a(dadmks.o)
                0x08173650                dadmks_
 *fill*         0x08173c08        0x8 90909090
 .text          0x08173c10      0x598 /home/pcl2483/pedro/jadesoft/util/mcgen/Plib/libjt74opal.a(dadmmu.o)
                0x08173c10                dadmmu_
 *fill*         0x081741a8        0x8 90909090
 .text          0x081741b0      0x56d /home/pcl2483/pedro/jadesoft/util/mcgen/Plib/libjt74opal.a(dadmpi.o)
                0x081741b0                dadmpi_
 *fill*         0x0817471d        0x3 90909090
 .text          0x08174720      0x558 /home/pcl2483/pedro/jadesoft/util/mcgen/Plib/libjt74opal.a(dadmro.o)
                0x08174720                dadmro_
 *fill*         0x08174c78        0x8 90909090
 .text          0x08174c80      0xace /home/pcl2483/pedro/jadesoft/util/mcgen/Plib/libjt74opal.a(dadnew.o)
                0x08174c80                dadnew_
 *fill*         0x0817574e        0x2 90909090
 .text          0x08175750      0x185 /home/pcl2483/pedro/jadesoft/util/mcgen/Plib/libjt74opal.a(dexaa.o)
                0x08175750                dexaa_
 *fill*         0x081758d5        0xb 90909090
 .text          0x081758e0     0x1f8c /home/pcl2483/pedro/jadesoft/util/mcgen/Plib/libjt74opal.a(dph4pi.o)
                0x08175934                dph4pi_
 *fill*         0x0817786c        0x4 90909090
 .text          0x08177870     0x17fc /home/pcl2483/pedro/jadesoft/util/mcgen/Plib/libjt74opal.a(dph5pi.o)
                0x081779a4                dph5pi_
 *fill*         0x0817906c        0x4 90909090
 .text          0x08179070     0x192f /home/pcl2483/pedro/jadesoft/util/mcgen/Plib/libjt74opal.a(dphnpi.o)
                0x08179130                dphnpi_
 *fill*         0x0817a99f        0x1 90909090
 .text          0x0817a9a0      0x17b /home/pcl2483/pedro/jadesoft/util/mcgen/Plib/libjt74opal.a(dphsel.o)
                0x0817a9a0                dphsel_
 *fill*         0x0817ab1b        0x5 90909090
 .text          0x0817ab20     0x138f /home/pcl2483/pedro/jadesoft/util/mcgen/Plib/libjt74opal.a(dphsks.o)
                0x0817ab20                dphsks_
 *fill*         0x0817beaf        0x1 90909090
 .text          0x0817beb0      0x17b /home/pcl2483/pedro/jadesoft/util/mcgen/Plib/libjt74opal.a(dphsmu.o)
                0x0817beb0                dphsmu_
 *fill*         0x0817c02b        0x5 90909090
 .text          0x0817c030      0x1b9 /home/pcl2483/pedro/jadesoft/util/mcgen/Plib/libjt74opal.a(dphspk.o)
                0x0817c030                dphspk_
 *fill*         0x0817c1e9        0x7 90909090
 .text          0x0817c1f0      0x870 /home/pcl2483/pedro/jadesoft/util/mcgen/Plib/libjt74opal.a(dphsrk.o)
                0x0817c1f0                dphsrk_
 .text          0x0817ca60      0x85f /home/pcl2483/pedro/jadesoft/util/mcgen/Plib/libjt74opal.a(dphsro.o)
                0x0817ca60                dphsro_
 *fill*         0x0817d2bf        0x1 90909090
 .text          0x0817d2c0     0x13cd /home/pcl2483/pedro/jadesoft/util/mcgen/Plib/libjt74opal.a(dphtre.o)
                0x0817d314                dphtre_
 *fill*         0x0817e68d        0x3 90909090
 .text          0x0817e690      0xcee /home/pcl2483/pedro/jadesoft/util/mcgen/Plib/libjt74opal.a(drcmu.o)
                0x0817e690                drcmu_
 *fill*         0x0817f37e        0x2 90909090
 .text          0x0817f380       0x87 /home/pcl2483/pedro/jadesoft/util/mcgen/Plib/libjt74opal.a(dwluph.o)
                0x0817f380                dwluph_
 *fill*         0x0817f407        0x1 90909090
 .text          0x0817f408       0x3d /home/pcl2483/pedro/jadesoft/util/mcgen/Plib/libjt74opal.a(fpirho.o)
                0x0817f408                fpirho_
 *fill*         0x0817f445        0x3 90909090
 .text          0x0817f448       0x44 /home/pcl2483/pedro/jadesoft/util/mcgen/Plib/libjt74opal.a(fpirk.o)
                0x0817f448                fpirk_
 *fill*         0x0817f48c        0x4 90909090
 .text          0x0817f490      0x109 /home/pcl2483/pedro/jadesoft/util/mcgen/Plib/libjt74opal.a(rotor2.o)
                0x0817f490                rotor2_
 *fill*         0x0817f599        0x7 90909090
 .text          0x0817f5a0       0xf9 /home/pcl2483/pedro/jadesoft/util/mcgen/Plib/libjt74opal.a(rotor3.o)
                0x0817f5a0                rotor3_
 *fill*         0x0817f699        0x7 90909090
 .text          0x0817f6a0       0x3a /home/pcl2483/pedro/jadesoft/util/mcgen/Plib/libjt74opal.a(rotpol.o)
                0x0817f6a0                rotpol_
 *fill*         0x0817f6da        0x6 90909090
 .text          0x0817f6e0       0x3a /home/pcl2483/pedro/jadesoft/util/mcgen/Plib/libjt74opal.a(rotpox.o)
                0x0817f6e0                rotpox_
 *fill*         0x0817f71a        0x6 90909090
 .text          0x0817f720      0x67c /home/pcl2483/pedro/jadesoft/util/mcgen/Plib/libjt74opal.a(sigee.o)
                0x0817f720                sigee_
 .text          0x0817fd9c      0x11d /home/pcl2483/pedro/jadesoft/util/mcgen/Plib/libjt74opal.a(sphera.o)
                0x0817fd9c                sphera_
 *fill*         0x0817feb9        0x3 90909090
 .text          0x0817febc      0x115 /home/pcl2483/pedro/jadesoft/util/mcgen/Plib/libjt74opal.a(spherd.o)
                0x0817febc                spherd_
 *fill*         0x0817ffd1        0xf 90909090
 .text          0x0817ffe0       0xff /home/pcl2483/pedro/jadesoft/util/mcgen/Plib/libjt74opal.a(bostd3.o)
                0x0817ffe0                bostd3_
 *fill*         0x081800df        0x1 90909090
 .text          0x081800e0       0xff /home/pcl2483/pedro/jadesoft/util/mcgen/Plib/libjt74opal.a(bostr3.o)
                0x081800e0                bostr3_
 *fill*         0x081801df        0x1 90909090
 .text          0x081801e0      0x267 /home/pcl2483/pedro/jadesoft/util/mcgen/Plib/libjt74opal.a(bwigs.o)
                0x08180284                bwigs_
 *fill*         0x08180447        0x9 90909090
 .text          0x08180450      0x5b8 /home/pcl2483/pedro/jadesoft/util/mcgen/Plib/libjt74opal.a(choice.o)
                0x08180450                choice_
 *fill*         0x08180a08        0x8 90909090
 .text          0x08180a10      0x508 /home/pcl2483/pedro/jadesoft/util/mcgen/Plib/libjt74opal.a(dadmaa.o)
                0x08180a10                dadmaa_
 *fill*         0x08180f18        0x8 90909090
 .text          0x08180f20      0x27e /home/pcl2483/pedro/jadesoft/util/mcgen/Plib/libjt74opal.a(dam4pi.o)
                0x08180f20                dam4pi_
 *fill*         0x0818119e        0x2 90909090
 .text          0x081811a0      0xb17 /home/pcl2483/pedro/jadesoft/util/mcgen/Plib/libjt74opal.a(dampog.o)
                0x081811a0                dampog_
 *fill*         0x08181cb7        0x9 90909090
 .text          0x08181cc0     0x1aaf /home/pcl2483/pedro/jadesoft/util/mcgen/Plib/libjt74opal.a(damppk.o)
                0x08181cc0                damppk_
 *fill*         0x0818376f        0x1 90909090
 .text          0x08183770       0xa8 /home/pcl2483/pedro/jadesoft/util/mcgen/Plib/libjt74opal.a(dampry.o)
                0x08183770                dampry_
 *fill*         0x08183818        0x8 90909090
 .text          0x08183820      0x1da /home/pcl2483/pedro/jadesoft/util/mcgen/Plib/libjt74opal.a(dcdmas.o)
                0x08183820                dcdmas_
 *fill*         0x081839fa        0x6 90909090
 .text          0x08183a00       0xe5 /home/pcl2483/pedro/jadesoft/util/mcgen/Plib/libjt74opal.a(dphsaa.o)
                0x08183a00                dphsaa_
 *fill*         0x08183ae5        0xb 90909090
 .text          0x08183af0      0x6d8 /home/pcl2483/pedro/jadesoft/util/mcgen/Plib/libjt74opal.a(form1.o)
                0x08183bc8                form1_
 *fill*         0x081841c8        0x8 90909090
 .text          0x081841d0      0x7c8 /home/pcl2483/pedro/jadesoft/util/mcgen/Plib/libjt74opal.a(form2.o)
                0x081842a8                form2_
 *fill*         0x08184998        0x8 90909090
 .text          0x081849a0       0x54 /home/pcl2483/pedro/jadesoft/util/mcgen/Plib/libjt74opal.a(form3.o)
                0x081849a0                form3_
 *fill*         0x081849f4        0xc 90909090
 .text          0x08184a00      0x966 /home/pcl2483/pedro/jadesoft/util/mcgen/Plib/libjt74opal.a(form4.o)
                0x08184ad8                form4_
 *fill*         0x08185366        0xa 90909090
 .text          0x08185370      0x69b /home/pcl2483/pedro/jadesoft/util/mcgen/Plib/libjt74opal.a(form5.o)
                0x08185370                form5_
 *fill*         0x08185a0b        0x5 90909090
 .text          0x08185a10      0x371 /home/pcl2483/pedro/jadesoft/util/mcgen/Plib/libjt74opal.a(formom.o)
                0x08185af4                formom_
 *fill*         0x08185d81        0xf 90909090
 .text          0x08185d90      0x153 /home/pcl2483/pedro/jadesoft/util/mcgen/Plib/libjt74opal.a(fpik.o)
                0x08185d90                fpik_
 *fill*         0x08185ee3        0xd 90909090
 .text          0x08185ef0      0x16c /home/pcl2483/pedro/jadesoft/util/mcgen/Plib/libjt74opal.a(fpikm.o)
                0x08185ef0                fpikm_
 *fill*         0x0818605c        0x4 90909090
 .text          0x08186060      0x1ec /home/pcl2483/pedro/jadesoft/util/mcgen/Plib/libjt74opal.a(fpikmd.o)
                0x08186060                fpikmd_
 *fill*         0x0818624c        0x4 90909090
 .text          0x08186250      0x1ba /home/pcl2483/pedro/jadesoft/util/mcgen/Plib/libjt74opal.a(gfun.o)
                0x08186250                gfun_
 *fill*         0x0818640a        0x6 90909090
 .text          0x08186410      0x369 /home/pcl2483/pedro/jadesoft/util/mcgen/Plib/libjt74opal.a(prod5.o)
                0x081864a8                prod5_
 *fill*         0x08186779        0x7 90909090
 .text          0x08186780      0x109 /home/pcl2483/pedro/jadesoft/util/mcgen/Plib/libjt74opal.a(rotod2.o)
                0x08186780                rotod2_
 *fill*         0x08186889        0x7 90909090
 .text          0x08186890      0x109 /home/pcl2483/pedro/jadesoft/util/mcgen/Plib/libjt74opal.a(rotod3.o)
                0x08186890                rotod3_
 *fill*         0x08186999        0x7 90909090
 .text          0x081869a0      0xe1b /home/pcl2483/pedro/jadesoft/util/mcgen/Plib/libjt74opal.a(sqm2.o)
                0x081869a0                sqm2_
 *fill*         0x081877bb        0x5 90909090
 .text          0x081877c0      0xc54 /home/pcl2483/pedro/jadesoft/util/mcgen/Plib/libjt74opal.a(thb.o)
                0x081877c0                thb_
 *fill*         0x08188414        0xc 90909090
 .text          0x08188420       0xe4 /home/pcl2483/pedro/jadesoft/util/mcgen/Plib/libjt74opal.a(wigfor.o)
                0x08188420                wigfor_
 *fill*         0x08188504        0xc 90909090
 .text          0x08188510      0x1ff /home/pcl2483/pedro/jadesoft/util/mcgen/Plib/libjt74opal.a(bwig.o)
                0x08188510                bwig_
 *fill*         0x0818870f        0x1 90909090
 .text          0x08188710      0x250 /home/pcl2483/pedro/jadesoft/util/mcgen/Plib/libjt74opal.a(bwigm.o)
                0x08188710                bwigm_
 .text          0x08188960      0x36b /home/pcl2483/pedro/jadesoft/util/mcgen/Plib/libjt74opal.a(claxi.o)
                0x08188a24                claxi_
 *fill*         0x08188ccb        0x5 90909090
 .text          0x08188cd0       0xc4 /home/pcl2483/pedro/jadesoft/util/mcgen/Plib/libjt74opal.a(clnut.o)
                0x08188cd0                clnut_
 *fill*         0x08188d94        0xc 90909090
 .text          0x08188da0      0x1c0 /home/pcl2483/pedro/jadesoft/util/mcgen/Plib/libjt74opal.a(clvec.o)
                0x08188da0                clvec_
 .text          0x08188f60     0x194f /home/pcl2483/pedro/jadesoft/util/mcgen/Plib/libjt74opal.a(curr.o)
                0x08189038                curr_
 *fill*         0x0818a8af        0x1 90909090
 .text          0x0818a8b0      0x50d /home/pcl2483/pedro/jadesoft/util/mcgen/Plib/libjt74opal.a(dilog.o)
                0x0818a8b0                dilog_
 *fill*         0x0818adbd        0x3 90909090
 .text          0x0818adc0     0x1786 /home/pcl2483/pedro/jadesoft/util/mcgen/Plib/libckern105.a(ckern.o)
                0x0818adc0                ckern_
 *fill*         0x0818c546        0xa 90909090
 .text          0x0818c550      0x42f /home/pcl2483/pedro/jadesoft/util/mcgen/Plib/libckern105.a(cksord.o)
                0x0818c550                cksord_
 *fill*         0x0818c97f        0x1 90909090
 .text          0x0818c980      0x1b5 /home/pcl2483/pedro/jadesoft/util/mcgen/Plib/libckern105.a(cnjet.o)
                0x0818c980                cnjet_
 *fill*         0x0818cb35        0xb 90909090
 .text          0x0818cb40      0x217 /home/pcl2483/pedro/jadesoft/util/mcgen/Plib/libpx114.a(pxang3.o)
                0x0818cb40                pxang3_
 *fill*         0x0818cd57        0x9 90909090
 .text          0x0818cd60      0x17f /home/pcl2483/pedro/jadesoft/util/mcgen/Plib/libpx114.a(pxanxy.o)
                0x0818cd60                pxanxy_
 *fill*         0x0818cedf        0x1 90909090
 .text          0x0818cee0      0xa8f /home/pcl2483/pedro/jadesoft/util/mcgen/Plib/libpx114.a(pxcone.o)
                0x0818cee0                pxcone_
 *fill*         0x0818d96f        0x1 90909090
 .text          0x0818d970       0x6b /home/pcl2483/pedro/jadesoft/util/mcgen/Plib/libpx114.a(pxcopv.o)
                0x0818d970                pxcopv_
 *fill*         0x0818d9db        0x5 90909090
 .text          0x0818d9e0      0x322 /home/pcl2483/pedro/jadesoft/util/mcgen/Plib/libpx114.a(pxjpdg.o)
                0x0818d9e0                pxjpdg_
 *fill*         0x0818dd02        0xe 90909090
 .text          0x0818dd10      0x70f /home/pcl2483/pedro/jadesoft/util/mcgen/Plib/libpx114.a(pxjsp3.o)
                0x0818dd10                pxjsp3_
 *fill*         0x0818e41f        0x1 90909090
 .text          0x0818e420      0x835 /home/pcl2483/pedro/jadesoft/util/mcgen/Plib/libpx114.a(pxlsp3.o)
                0x0818e420                pxlsp3_
 *fill*         0x0818ec55        0xb 90909090
 .text          0x0818ec60      0x3f2 /home/pcl2483/pedro/jadesoft/util/mcgen/Plib/libpx114.a(pxlth4.o)
                0x0818ec60                pxlth4_
 *fill*         0x0818f052        0xe 90909090
 .text          0x0818f060     0x2507 /home/pcl2483/pedro/jadesoft/util/mcgen/Plib/libpx114.a(pxlut3.o)
                0x0818f060                pxlut3_
 *fill*         0x08191567        0x9 90909090
 .text          0x08191570      0x11a /home/pcl2483/pedro/jadesoft/util/mcgen/Plib/libpx114.a(pxlzf5.o)
                0x08191570                pxlzf5_
 *fill*         0x0819168a        0x6 90909090
 .text          0x08191690      0x4b2 /home/pcl2483/pedro/jadesoft/util/mcgen/Plib/libpx114.a(pxmmbb.o)
                0x08191690                pxmmbb_
 *fill*         0x08191b42        0xe 90909090
 .text          0x08191b50      0x131 /home/pcl2483/pedro/jadesoft/util/mcgen/Plib/libpx114.a(pxnorv.o)
                0x08191b50                pxnorv_
 *fill*         0x08191c81        0xf 90909090
 .text          0x08191c90      0x63c /home/pcl2483/pedro/jadesoft/util/mcgen/Plib/libpx114.a(pxolap.o)
                0x08191c90                pxolap_
 *fill*         0x081922cc        0x4 90909090
 .text          0x081922d0      0x361 /home/pcl2483/pedro/jadesoft/util/mcgen/Plib/libpx114.a(pxord.o)
                0x081922d0                pxord_
 *fill*         0x08192631        0xf 90909090
 .text          0x08192640      0x1dd /home/pcl2483/pedro/jadesoft/util/mcgen/Plib/libpx114.a(pxplt3.o)
                0x08192640                pxplt3_
 *fill*         0x0819281d        0x3 90909090
 .text          0x08192820      0x12c /home/pcl2483/pedro/jadesoft/util/mcgen/Plib/libpx114.a(pxplu3.o)
                0x08192820                pxplu3_
 *fill*         0x0819294c        0x4 90909090
 .text          0x08192950      0x301 /home/pcl2483/pedro/jadesoft/util/mcgen/Plib/libpx114.a(pxprcv.o)
                0x08192950                pxprcv_
 *fill*         0x08192c51        0xf 90909090
 .text          0x08192c60      0x2ed /home/pcl2483/pedro/jadesoft/util/mcgen/Plib/libpx114.a(pxprrv.o)
                0x08192c60                pxprrv_
 *fill*         0x08192f4d        0x3 90909090
 .text          0x08192f50      0x1e9 /home/pcl2483/pedro/jadesoft/util/mcgen/Plib/libpx114.a(pxrap4.o)
                0x08192f50                pxrap4_
 *fill*         0x08193139        0x7 90909090
 .text          0x08193140      0x22d /home/pcl2483/pedro/jadesoft/util/mcgen/Plib/libpx114.a(pxrmx3.o)
                0x08193140                pxrmx3_
 *fill*         0x0819336d        0x3 90909090
 .text          0x08193370       0xb5 /home/pcl2483/pedro/jadesoft/util/mcgen/Plib/libpx114.a(pxrob3.o)
                0x08193370                pxrob3_
 *fill*         0x08193425        0xb 90909090
 .text          0x08193430       0xb5 /home/pcl2483/pedro/jadesoft/util/mcgen/Plib/libpx114.a(pxrof3.o)
                0x08193430                pxrof3_
 *fill*         0x081934e5        0xb 90909090
 .text          0x081934f0      0x329 /home/pcl2483/pedro/jadesoft/util/mcgen/Plib/libpx114.a(pxsear.o)
                0x081934f0                pxsear_
 *fill*         0x08193819        0x7 90909090
 .text          0x08193820      0x37f /home/pcl2483/pedro/jadesoft/util/mcgen/Plib/libpx114.a(pxsorv.o)
                0x08193820                pxsorv_
 *fill*         0x08193b9f        0x1 90909090
 .text          0x08193ba0      0x2d2 /home/pcl2483/pedro/jadesoft/util/mcgen/Plib/libpx114.a(pxtry.o)
                0x08193ba0                pxtry_
 *fill*         0x08193e72        0xe 90909090
 .text          0x08193e80      0x1ac /home/pcl2483/pedro/jadesoft/util/mcgen/Plib/libpx114.a(pxuvec.o)
                0x08193e80                pxuvec_
 *fill*         0x0819402c        0x4 90909090
 .text          0x08194030       0x49 /home/pcl2483/pedro/jadesoft/util/mcgen/Plib/libpx114.a(pxzerv.o)
                0x08194030                pxzerv_
 *fill*         0x08194079        0x7 90909090
 .text          0x08194080     0x1dee /home/pcl2483/pedro/jadesoft/util/mcgen/Plib/libpx114.a(ykern.o)
                0x08194688                ykern_
 *fill*         0x08195e6e        0x2 90909090
 .text          0x08195e70      0x134 /home/pcl2483/pedro/jadesoft/util/mcgen/Plib/libpx114.a(ynjet.o)
                0x08195e70                ynjet_
 *fill*         0x08195fa4        0xc 90909090
 .text          0x08195fb0      0x175 /home/pcl2483/pedro/jadesoft/util/mcgen/Plib/libpx114.a(yyjet.o)
                0x08195fb0                yyjet_
 *fill*         0x08196125        0xb 90909090
 .text          0x08196130       0x8b /home/pcl2483/pedro/jadesoft/util/mcgen/Plib/libpx114.a(pxaddv.o)
                0x08196130                pxaddv_
 *fill*         0x081961bb        0x5 90909090
 .text          0x081961c0      0xcdc /home/pcl2483/pedro/jadesoft/util/mcgen/Plib/libpx114.a(pxdiam.o)
                0x081961c0                pxdiam_
 *fill*         0x08196e9c        0x4 90909090
 .text          0x08196ea0      0x3cf /home/pcl2483/pedro/jadesoft/util/mcgen/Plib/libpx114.a(pxmulm.o)
                0x08196ea0                pxmulm_
 *fill*         0x0819726f        0x1 90909090
 .text          0x08197270       0xea /home/pcl2483/pedro/jadesoft/util/mcgen/Plib/libpx114.a(pxnew.o)
                0x08197270                pxnew_
 *fill*         0x0819735a        0x6 90909090
 .text          0x08197360       0x81 /home/pcl2483/pedro/jadesoft/util/mcgen/Plib/libpx114.a(pxsame.o)
                0x08197360                pxsame_
 *fill*         0x081973e1        0xf 90909090
 .text          0x081973f0      0x1ff /home/pcl2483/pedro/jadesoft/util/mcgen/Plib/libpx114.a(pxunim.o)
                0x081973f0                pxunim_
 *fill*         0x081975ef        0x1 90909090
 .text          0x081975f0     0x175a /cern/99/lib/libpacklib.a(ffgo.o)
                0x081975f0                ffgo_
 *fill*         0x08198d4a        0x2 90909090
 .text          0x08198d4c      0x267 /cern/99/lib/libpacklib.a(ffinit.o)
                0x08198d4c                ffinit_
 *fill*         0x08198fb3        0x1 90909090
 .text          0x08198fb4      0x270 /cern/99/lib/libpacklib.a(ffkey.o)
                0x08198fb4                ffkey_
 .text          0x08199224      0x21c /cern/99/lib/libpacklib.a(ffset.o)
                0x08199224                ffset_
 .text          0x08199440       0x54 /cern/99/lib/libpacklib.a(ffskip.o)
                0x08199440                ffskip_
 .text          0x08199494       0x6f /cern/99/lib/libpacklib.a(ffupca.o)
                0x08199494                ffupca_
 *fill*         0x08199503        0x1 90909090
 .text          0x08199504        0x7 /cern/99/lib/libpacklib.a(ffuser.o)
                0x08199504                ffuser_
 *fill*         0x0819950b        0x1 90909090
 .text          0x0819950c       0x15 /cern/99/lib/libpacklib.a(ffuset.o)
                0x0819950c                ffuset_
 *fill*         0x08199521        0x3 90909090
 .text          0x08199524      0x19b /cern/99/lib/libpacklib.a(hrput.o)
                0x08199524                hrput_
 *fill*         0x081996bf        0x1 90909090
 .text          0x081996c0      0x5eb /cern/99/lib/libpacklib.a(hbook1.o)
                0x081996c0                hbook1_
 *fill*         0x08199cab        0x1 90909090
 .text          0x08199cac      0x680 /cern/99/lib/libpacklib.a(hbook2.o)
                0x08199cac                hbook2_
 .text          0x0819a32c      0x5bb /cern/99/lib/libpacklib.a(hbookb.o)
                0x0819a32c                hbookb_
 *fill*         0x0819a8e7        0x1 90909090
 .text          0x0819a8e8       0x5d /cern/99/lib/libpacklib.a(hbtit.o)
                0x0819a8e8                hbtit_
 *fill*         0x0819a945        0x3 90909090
 .text          0x0819a948      0x1cb /cern/99/lib/libpacklib.a(hbug.o)
                0x0819a948                hbug_
 *fill*         0x0819ab13        0x1 90909090
 .text          0x0819ab14      0x634 /cern/99/lib/libpacklib.a(hcdir.o)
                0x0819ab14                hcdir_
 .text          0x0819b148      0x158 /cern/99/lib/libpacklib.a(hchnam.o)
                0x0819b148                hchnam_
 .text          0x0819b2a0      0x30a /cern/99/lib/libpacklib.a(hdelet.o)
                0x0819b2a0                hdelet_
 *fill*         0x0819b5aa        0x2 90909090
 .text          0x0819b5ac      0x1a8 /cern/99/lib/libpacklib.a(hfill.o)
                0x0819b5ac                hfill_
 .text          0x0819b754      0x369 /cern/99/lib/libpacklib.a(hfilpf.o)
                0x0819b754                hfilpf_
 *fill*         0x0819babd        0x3 90909090
 .text          0x0819bac0      0x244 /cern/99/lib/libpacklib.a(hgive.o)
                0x0819bac0                hgive_
 .text          0x0819bd04      0xa55 /cern/99/lib/libpacklib.a(hidopt.o)
                0x0819bd04                hidopt_
 *fill*         0x0819c759        0x3 90909090
 .text          0x0819c75c      0x2e4 /cern/99/lib/libpacklib.a(hlimit.o)
                0x0819c75c                hlimit_
 .text          0x0819ca40       0xff /cern/99/lib/libpacklib.a(hloop.o)
                0x0819ca40                hloop_
 *fill*         0x0819cb3f        0x1 90909090
 .text          0x0819cb40      0x543 /cern/99/lib/libpacklib.a(hmachi.o)
                0x0819cb40                hmachi_
 *fill*         0x0819d083        0x1 90909090
 .text          0x0819d084       0x5e /cern/99/lib/libpacklib.a(hnoent.o)
                0x0819d084                hnoent_
 *fill*         0x0819d0e2        0x2 90909090
 .text          0x0819d0e4      0xfc5 /cern/99/lib/libpacklib.a(hopera.o)
                0x0819d0e4                hopera_
 *fill*         0x0819e0a9        0x3 90909090
 .text          0x0819e0ac      0x1b3 /cern/99/lib/libpacklib.a(hpaff.o)
                0x0819e0ac                hpaff_
 *fill*         0x0819e25f        0x1 90909090
 .text          0x0819e260      0x283 /cern/99/lib/libpacklib.a(hpak.o)
                0x0819e260                hpak_
 *fill*         0x0819e4e3        0x1 90909090
 .text          0x0819e4e4      0x175 /cern/99/lib/libpacklib.a(hpake.o)
                0x0819e4e4                hpake_
 *fill*         0x0819e659        0x3 90909090
 .text          0x0819e65c      0x61e /cern/99/lib/libpacklib.a(hpath.o)
                0x0819e65c                hpath_
 *fill*         0x0819ec7a        0x2 90909090
 .text          0x0819ec7c      0x4ce /cern/99/lib/libpacklib.a(hrebin.o)
                0x0819ec7c                hrebin_
 *fill*         0x0819f14a        0x2 90909090
 .text          0x0819f14c      0x64a /cern/99/lib/libpacklib.a(hreset.o)
                0x0819f14c                hreset_
 *fill*         0x0819f796        0x2 90909090
 .text          0x0819f798       0xca /cern/99/lib/libpacklib.a(hrez0.o)
                0x0819f798                hrez0_
 *fill*         0x0819f862        0x2 90909090
 .text          0x0819f864       0x90 /cern/99/lib/libpacklib.a(hsifla.o)
                0x0819f864                hsifla_
 .text          0x0819f8f4       0x8a /cern/99/lib/libpacklib.a(hspace.o)
                0x0819f8f4                hspace_
 *fill*         0x0819f97e        0x2 90909090
 .text          0x0819f980       0x5f /cern/99/lib/libpacklib.a(hstaf.o)
                0x0819f980                hstaf_
 *fill*         0x0819f9df        0x1 90909090
 .text          0x0819f9e0      0xbf4 /cern/99/lib/libpacklib.a(hsupis.o)
                0x0819f9e0                hsupis_
 .text          0x081a05d4       0x48 /cern/99/lib/libpacklib.a(huoptc.o)
                0x081a05d4                huoptc_
 .text          0x081a061c      0x1d6 /cern/99/lib/libpacklib.a(hlogpf.o)
                0x081a061c                hlogpf_
 *fill*         0x081a07f2        0x2 90909090
 .text          0x081a07f4       0x7f /cern/99/lib/libpacklib.a(hoptpf.o)
                0x081a07f4                hoptpf_
 *fill*         0x081a0873        0x1 90909090
 .text          0x081a0874      0x130 /cern/99/lib/libpacklib.a(hitoc.o)
                0x081a0874                hitoc_
 .text          0x081a09a4       0xdf /cern/99/lib/libpacklib.a(hnbufd.o)
                0x081a09a4                hnbufd_
 *fill*         0x081a0a83        0x1 90909090
 .text          0x081a0a84       0xd1 /cern/99/lib/libpacklib.a(hntmpd.o)
                0x081a0a84                hntmpd_
 *fill*         0x081a0b55        0x3 90909090
 .text          0x081a0b58      0x2ef /cern/99/lib/libpacklib.a(hntrset.o)
                0x081a0b58                hntrset_
 *fill*         0x081a0e47        0x1 90909090
 .text          0x081a0e48      0xa4e /cern/99/lib/libpacklib.a(fzin.o)
                0x081a0e48                fzin_
 *fill*         0x081a1896        0x2 90909090
 .text          0x081a1898      0x2e2 /cern/99/lib/libpacklib.a(fzirel.o)
                0x081a1898                fzirel_
 *fill*         0x081a1b7a        0x2 90909090
 .text          0x081a1b7c      0x5e6 /cern/99/lib/libpacklib.a(fzloc.o)
                0x081a1b7c                fzloc_
 *fill*         0x081a2162        0x2 90909090
 .text          0x081a2164      0x132 /cern/99/lib/libpacklib.a(mzbook.o)
                0x081a2164                mzbook_
 *fill*         0x081a2296        0x2 90909090
 .text          0x081a2298      0x2ea /cern/99/lib/libpacklib.a(mzdrop.o)
                0x081a2298                mzdrop_
 *fill*         0x081a2582        0x2 90909090
 .text          0x081a2584      0x11a /cern/99/lib/libpacklib.a(mzebra.o)
                0x081a2584                mzebra_
 *fill*         0x081a269e        0x2 90909090
 .text          0x081a26a0      0x532 /cern/99/lib/libpacklib.a(mzflag.o)
                0x081a26a0                mzflag_
 *fill*         0x081a2bd2        0x2 90909090
 .text          0x081a2bd4      0x42c /cern/99/lib/libpacklib.a(mzinco.o)
                0x081a2bd4                mzinco_
 .text          0x081a3000      0xd0e /cern/99/lib/libpacklib.a(mzlift.o)
                0x081a3000                mzlift_
 *fill*         0x081a3d0e        0x2 90909090
 .text          0x081a3d10      0x5ef /cern/99/lib/libpacklib.a(mzlink.o)
                0x081a3d10                mzlink_
 *fill*         0x081a42ff        0x1 90909090
 .text          0x081a4300      0x1ea /cern/99/lib/libpacklib.a(mzneed.o)
                0x081a4300                mzneed_
 *fill*         0x081a44ea        0x2 90909090
 .text          0x081a44ec       0xb0 /cern/99/lib/libpacklib.a(mzpaw.o)
                0x081a44ec                mzpaw_
 .text          0x081a459c      0xf06 /cern/99/lib/libpacklib.a(mzpush.o)
                0x081a459c                mzpush_
 *fill*         0x081a54a2        0x2 90909090
 .text          0x081a54a4      0x9fe /cern/99/lib/libpacklib.a(mzstor.o)
                0x081a54a4                mzstor_
 *fill*         0x081a5ea2        0x2 90909090
 .text          0x081a5ea4      0x100 /cern/99/lib/libpacklib.a(mzvers.o)
                0x081a5ea4                mzvers_
 .text          0x081a5fa4      0x503 /cern/99/lib/libpacklib.a(mzgar1.o)
                0x081a5fa4                mzgar1_
 *fill*         0x081a64a7        0x1 90909090
 .text          0x081a64a8       0x71 /cern/99/lib/libpacklib.a(mzgsta.o)
                0x081a64a8                mzgsta_
 *fill*         0x081a6519        0x3 90909090
 .text          0x081a651c      0x33b /cern/99/lib/libpacklib.a(mzmove.o)
                0x081a651c                mzmove_
 *fill*         0x081a6857        0x1 90909090
 .text          0x081a6858      0x673 /cern/99/lib/libpacklib.a(mzrelb.o)
                0x081a6858                mzrelb_
 *fill*         0x081a6ecb        0x1 90909090
 .text          0x081a6ecc      0x4f9 /cern/99/lib/libpacklib.a(mzrell.o)
                0x081a6ecc                mzrell_
 *fill*         0x081a73c5        0x3 90909090
 .text          0x081a73c8       0x8c /cern/99/lib/libpacklib.a(mzrelx.o)
                0x081a73c8                mzrelx_
 .text          0x081a7454      0x3ac /cern/99/lib/libpacklib.a(mztabf.o)
                0x081a7454                mztabf_
 .text          0x081a7800      0x2d0 /cern/99/lib/libpacklib.a(mztabm.o)
                0x081a7800                mztabm_
 .text          0x081a7ad0      0x3e5 /cern/99/lib/libpacklib.a(mztabr.o)
                0x081a7ad0                mztabr_
 *fill*         0x081a7eb5        0x3 90909090
 .text          0x081a7eb8       0x79 /cern/99/lib/libpacklib.a(mztabs.o)
                0x081a7eb8                mztabs_
 *fill*         0x081a7f31        0x3 90909090
 .text          0x081a7f34      0x13d /cern/99/lib/libpacklib.a(mztabx.o)
                0x081a7f34                mztabx_
 *fill*         0x081a8071        0x3 90909090
 .text          0x081a8074      0x29c /cern/99/lib/libpacklib.a(mzchln.o)
                0x081a8074                mzchln_
 .text          0x081a8310      0x1f0 /cern/99/lib/libpacklib.a(mzchls.o)
                0x081a8310                mzchls_
 .text          0x081a8500       0xa4 /cern/99/lib/libpacklib.a(mzchnb.o)
                0x081a8500                mzchnb_
 .text          0x081a85a4      0x12c /cern/99/lib/libpacklib.a(mzfdiv.o)
                0x081a85a4                mzfdiv_
 .text          0x081a86d0      0x35a /cern/99/lib/libpacklib.a(mzform.o)
                0x081a86d0                mzform_
 *fill*         0x081a8a2a        0x2 90909090
 .text          0x081a8a2c     0x1613 /cern/99/lib/libpacklib.a(mzioch.o)
                0x081a8a2c                mzioch_
 *fill*         0x081aa03f        0x1 90909090
 .text          0x081aa040      0x388 /cern/99/lib/libpacklib.a(mzresv.o)
                0x081aa040                mzresv_
 .text          0x081aa3c8      0x295 /cern/99/lib/libpacklib.a(mzsdiv.o)
                0x081aa3c8                mzsdiv_
 *fill*         0x081aa65d        0x3 90909090
 .text          0x081aa660        0x7 /cern/99/lib/libpacklib.a(zvautx.o)
                0x081aa660                zvautx_
 *fill*         0x081aa667        0x1 90909090
 .text          0x081aa668      0x402 /cern/99/lib/libpacklib.a(zfatal.o)
                0x081aa668                zfatal_
 *fill*         0x081aaa6a        0x2 90909090
 .text          0x081aaa6c       0x9c /cern/99/lib/libpacklib.a(zfatam.o)
                0x081aaa6c                zfatam_
 .text          0x081aab08      0x1c0 /cern/99/lib/libpacklib.a(ztell.o)
                0x081aab08                ztell_
 .text          0x081aacc8        0x7 /cern/99/lib/libpacklib.a(ztelus.o)
                0x081aacc8                ztelus_
 *fill*         0x081aaccf        0x1 90909090
 .text          0x081aacd0       0xbd /cern/99/lib/libpacklib.a(izbcdt.o)
                0x081aacd0                izbcdt_
 *fill*         0x081aad8d        0x3 90909090
 .text          0x081aad90       0x48 /cern/99/lib/libpacklib.a(izhnum.o)
                0x081aad90                izhnum_