(ld): halt 4
(ld): setopt member 
(ld): savename /home/pcl2483/pedro/jadesoft/bin/mcjade
(ld): filelist 28 2
(ld): i /lib/crt0.o
(ld): lib /home/pcl2483/pedro/jadesoft/lib/libinterface.a
(ld): lib /home/pcl2483/pedro/jadesoft/lib/libpatrecsr.a
(ld): lib /home/pcl2483/pedro/jadesoft/lib/libjmc.a
(ld): lib /home/pcl2483/pedro/jadesoft/lib/libsource.a
(ld): lib /home/pcl2483/pedro/jadesoft/lib/libjadegs.a
(ld): lib /home/pcl2483/pedro/jadesoft/lib/libvertex.a
(ld): lib /home/pcl2483/pedro/jadesoft/lib/libboslib.a
(ld): lib /home/pcl2483/pedro/jadesoft/lib/libjademus.a
(ld): lib /cern/98/lib/libkernlib.a
(ld): lib /cern/98/lib/libpacklib.a
(ld): lib /cern/98/lib/libmathlib.a
(ld): lib /cern/98/lib/libgraflib.a
(ld): lib /cern/98/lib/libgrafX11.a
(ld): lib /usr/lib/libcurses.a
(ld): lib /usr/lib/libX11.a
(ld): i /home/iwsatlas2/pedro/tmp/F8jYsqUb0
(ld): i /home/iwsatlas2/pedro/tmp/F8jYsqUb1
(ld): i /home/iwsatlas2/pedro/tmp/F8jYsqUb2
(ld): i mcjade.o
(ld): i mcrand.o
(ld): i mcuser.o
(ld): i /home/pcl2483/pedro/jadesoft/main/superv/showb.o
(ld): lib /usr/lib/libg.a
(ld): lib /usr/lib/libxlf90.a
(ld): lib /usr/lib/libxlf.a
(ld): lib /usr/lib/libm.a
(ld): lib /usr/lib/libc.a
LIBRARY: Shared object libcurses.a[shr42.o]: 499 symbols imported.
LIBRARY: Shared object libX11.a[shr4.o]: 1210 symbols imported.
LIBRARY: Shared object libX11.a[shr4net.o]: 1 symbols imported.
LIBRARY: Shared object libxlf90.a[io.o]: 70 symbols imported.
LIBRARY: Shared object libxlf90.a[math.o]: 343 symbols imported.
LIBRARY: Shared object libxlf90.a[xlfsys.o]: 34 symbols imported.
LIBRARY: Symbols imported from import file /usr/lib/libxlf90.a[_xlf_aio.imp]: 10
LIBRARY: Shared object libxlf.a[shr.o]: 135 symbols imported.
LIBRARY: Shared object libc.a[shr.o]: 2139 symbols imported.
LIBRARY: Shared object libc.a[meth.o]: 2 symbols imported.
LIBRARY: Shared object libc.a[aio.o]: 10 symbols imported.
LIBRARY: Shared object libc.a[pse.o]: 78 symbols imported.
LIBRARY: Shared object libc.a[dl.o]: 4 symbols imported.
LIBRARY: Shared object libc.a[pty.o]: 1 symbols imported.
FILELIST: Number of previously inserted files processed: 28
(ld): exports /usr/lib/libg.exp 
EXPORTS: Symbols exported: 4
(ld): resolve
ld: 0711-228 WARNING: Duplicate symbols were found while resolving symbols.
	The following duplicates were found:
 Symbol                    Source-File(Object) OR Import-File{Shared-object}
 ------------------------- -------------------------------------------------
 clgdms_                   /mnt/home/pcl2483/pedro/jadesoft/src/source/lginit.f(/home/pcl2483/pedro/jadesoft/lib/libsource.a[lginit.o])
    ** Duplicate **        /mnt/home/pcl2483/pedro/jadesoft/src/source/./TMP/lgcdir9.F_cpp.f(/home/pcl2483/pedro/jadesoft/lib/libsource.a[lgcdir9.o])
    ** Duplicate **        /mnt/home/pcl2483/pedro/jadesoft/src/source/./TMP/lgclpb9.F_cpp.f(/home/pcl2483/pedro/jadesoft/lib/libsource.a[lgclpb9.o])
    ** Duplicate **        /mnt/home/pcl2483/pedro/jadesoft/src/source/./TMP/lgclpc.F_cpp.f(/home/pcl2483/pedro/jadesoft/lib/libsource.a[lgclpc.o])
    ** Duplicate **        /mnt/home/pcl2483/pedro/jadesoft/src/source/ilctrc.f(/home/pcl2483/pedro/jadesoft/lib/libsource.a[ilctrc.o])
    ** Duplicate **        /mnt/home/pcl2483/pedro/jadesoft/src/source/./TMP/lgchc2.F_cpp.f(/home/pcl2483/pedro/jadesoft/lib/libsource.a[lgchc2.o])
    ** Duplicate **        /mnt/home/pcl2483/pedro/jadesoft/src/source/./TMP/intolg.F_cpp.f(/home/pcl2483/pedro/jadesoft/lib/libsource.a[intolg.o])
    ** Duplicate **        /mnt/home/pcl2483/pedro/jadesoft/src/source/./TMP/lgavdp.f_amp.f(/home/pcl2483/pedro/jadesoft/lib/libsource.a[lgavdp.o])
    ** Duplicate **        /mnt/home/pcl2483/pedro/jadesoft/src/source/lgavde.f(/home/pcl2483/pedro/jadesoft/lib/libsource.a[lgavde.o])
    ** Duplicate **        /mnt/home/pcl2483/pedro/jadesoft/src/source/./TMP/lgecor9.F_cpp.f(/home/pcl2483/pedro/jadesoft/lib/libsource.a[lgecor9.o])
    ** Duplicate **        /mnt/home/pcl2483/pedro/jadesoft/src/source/./TMP/lgeign.F_cpp.f(/home/pcl2483/pedro/jadesoft/lib/libsource.a[lgeign.o])
    ** Duplicate **        /mnt/home/pcl2483/pedro/jadesoft/src/source/./TMP/brlgn.F_cpp.f(/home/pcl2483/pedro/jadesoft/lib/libsource.a[brlgn.o])
    ** Duplicate **        /mnt/home/pcl2483/pedro/jadesoft/src/source/shmax.f(/home/pcl2483/pedro/jadesoft/lib/libsource.a[shmax.o])
    ** Duplicate **        /mnt/home/pcl2483/pedro/jadesoft/src/source/./TMP/brlgn6.f_amp.f(/home/pcl2483/pedro/jadesoft/lib/libsource.a[brlgn6.o])
    ** Duplicate **        /mnt/home/pcl2483/pedro/jadesoft/src/source/./TMP/elgobs.f_amp.f(/home/pcl2483/pedro/jadesoft/lib/libsource.a[elgobs.o])
RESOLVE: 2740 of 68729 symbols were kept.
RESOLVE: The return code is 4.
(ld): addgl /usr/lib/glink.o
ADDGL: Glink code added for 92 symbols.
(ld): er full
ER: There are no unresolved symbols.
(ld): mismatch
MISMATCH: No type mismatches exist.
(ld): comprld
COMPRLD: Kept 14383 of 14383 relocation entries.
(ld): origin 0x200 0x0
(ld): pad 512 512 512
PAD: The object file pad values are .text: 512  .data: 512  .loader: 512
(ld): libpath /home/pcl2483/pedro/jadesoft/lib:/cern/98/lib:/usr/lib:/lib
LIBPATH: Library path set to /home/pcl2483/pedro/jadesoft/lib:/cern/98/lib:/usr/lib:/lib
(ld): save 1L .
SAVE: Section sizes = 709750+93440+21002640 (0xAD476+0x16D00+0x1407990 hex)
SAVE: Size of TOC: 4212 (0x1074 hex)
SAVE: These object files and archive members were
	used to create the output file:
 /lib/crt0.o
 /home/pcl2483/pedro/jadesoft/lib/libinterface.a[biby.o]
 /home/pcl2483/pedro/jadesoft/lib/libinterface.a[dlib.o]
 /home/pcl2483/pedro/jadesoft/lib/libinterface.a[plot10.o]
 /home/pcl2483/pedro/jadesoft/lib/libinterface.a[ranmar.o]
 /home/pcl2483/pedro/jadesoft/lib/libpatrecsr.a[inpatc.o]
 /home/pcl2483/pedro/jadesoft/lib/libpatrecsr.a[patrec.o]
 /home/pcl2483/pedro/jadesoft/lib/libpatrecsr.a[fxyz.o]
 /home/pcl2483/pedro/jadesoft/lib/libjmc.a[muconm.o]
 /home/pcl2483/pedro/jadesoft/lib/libjmc.a[jinit.o]
 /home/pcl2483/pedro/jadesoft/lib/libjmc.a[evtini.o]
 /home/pcl2483/pedro/jadesoft/lib/libjmc.a[jgetev.o]
 /home/pcl2483/pedro/jadesoft/lib/libjmc.a[jgetvc.o]
 /home/pcl2483/pedro/jadesoft/lib/libjmc.a[mctagm.o]
 /home/pcl2483/pedro/jadesoft/lib/libjmc.a[trcdet.o]
 /home/pcl2483/pedro/jadesoft/lib/libjmc.a[trcdtv.o]
 /home/pcl2483/pedro/jadesoft/lib/libjmc.a[trcoil.o]
 /home/pcl2483/pedro/jadesoft/lib/libjmc.a[jtrkgm.o]
 /home/pcl2483/pedro/jadesoft/lib/libjmc.a[jtrntr.o]
 /home/pcl2483/pedro/jadesoft/lib/libjmc.a[trlgl.o]
 /home/pcl2483/pedro/jadesoft/lib/libjmc.a[murtne.o]
 /home/pcl2483/pedro/jadesoft/lib/libjmc.a[jstore.o]
 /home/pcl2483/pedro/jadesoft/lib/libjmc.a[jspoin.o]
 /home/pcl2483/pedro/jadesoft/lib/libjmc.a[ordlg.o]
 /home/pcl2483/pedro/jadesoft/lib/libjmc.a[muordr.o]
 /home/pcl2483/pedro/jadesoft/lib/libjmc.a[tofmak.o]
 /home/pcl2483/pedro/jadesoft/lib/libjmc.a[wrtmcb.o]
 /home/pcl2483/pedro/jadesoft/lib/libjmc.a[mcvsum.o]
 /home/pcl2483/pedro/jadesoft/lib/libjmc.a[inifwd.o]
 /home/pcl2483/pedro/jadesoft/lib/libjmc.a[inttof.o]
 /home/pcl2483/pedro/jadesoft/lib/libjmc.a[mctagi.o]
 /home/pcl2483/pedro/jadesoft/lib/libjmc.a[brvect.o]
 /home/pcl2483/pedro/jadesoft/lib/libjmc.a[mctagc.o]
 /home/pcl2483/pedro/jadesoft/lib/libjmc.a[mctage.o]
 /home/pcl2483/pedro/jadesoft/lib/libjmc.a[pikmuf.o]
 /home/pcl2483/pedro/jadesoft/lib/libjmc.a[jprfre.o]
 /home/pcl2483/pedro/jadesoft/lib/libjmc.a[jprabs.o]
 /home/pcl2483/pedro/jadesoft/lib/libjmc.a[jprtlo.o]
 /home/pcl2483/pedro/jadesoft/lib/libjmc.a[jipatr.o]
 /home/pcl2483/pedro/jadesoft/lib/libjmc.a[jchamb.o]
 /home/pcl2483/pedro/jadesoft/lib/libjmc.a[jprthi.o]
 /home/pcl2483/pedro/jadesoft/lib/libjmc.a[trkadc.o]
 /home/pcl2483/pedro/jadesoft/lib/libjmc.a[svect1.o]
 /home/pcl2483/pedro/jadesoft/lib/libjmc.a[jhitin.o]
 /home/pcl2483/pedro/jadesoft/lib/libjmc.a[jvtxch.o]
 /home/pcl2483/pedro/jadesoft/lib/libjmc.a[endclg.o]
 /home/pcl2483/pedro/jadesoft/lib/libjmc.a[trkgmv.o]
 /home/pcl2483/pedro/jadesoft/lib/libjmc.a[trkgam.o]
 /home/pcl2483/pedro/jadesoft/lib/libjmc.a[trlgsh.o]
 /home/pcl2483/pedro/jadesoft/lib/libjmc.a[trlgs6.o]
 /home/pcl2483/pedro/jadesoft/lib/libjmc.a[plligd.o]
 /home/pcl2483/pedro/jadesoft/lib/libjmc.a[hdecls.o]
 /home/pcl2483/pedro/jadesoft/lib/libjmc.a[showr.o]
 /home/pcl2483/pedro/jadesoft/lib/libjmc.a[sthead.o]
 /home/pcl2483/pedro/jadesoft/lib/libjmc.a[stlatc.o]
 /home/pcl2483/pedro/jadesoft/lib/libjmc.a[statbp.o]
 /home/pcl2483/pedro/jadesoft/lib/libjmc.a[stalgn.o]
 /home/pcl2483/pedro/jadesoft/lib/libjmc.a[statag.o]
 /home/pcl2483/pedro/jadesoft/lib/libjmc.a[mchist.o]
 /home/pcl2483/pedro/jadesoft/lib/libjmc.a[mcvali.o]
 /home/pcl2483/pedro/jadesoft/lib/libjmc.a[stvect.o]
 /home/pcl2483/pedro/jadesoft/lib/libjmc.a[stpall.o]
 /home/pcl2483/pedro/jadesoft/lib/libjmc.a[mctagb.o]
 /home/pcl2483/pedro/jadesoft/lib/libjmc.a[mctagf.o]
 /home/pcl2483/pedro/jadesoft/lib/libjmc.a[jstep.o]
 /home/pcl2483/pedro/jadesoft/lib/libjmc.a[setbpc.o]
 /home/pcl2483/pedro/jadesoft/lib/libjmc.a[settof.o]
 /home/pcl2483/pedro/jadesoft/lib/libjmc.a[actof.o]
 /home/pcl2483/pedro/jadesoft/lib/libjmc.a[jmulsc.o]
 /home/pcl2483/pedro/jadesoft/lib/libjmc.a[jeloss.o]
 /home/pcl2483/pedro/jadesoft/lib/libjmc.a[jtrapz.o]
 /home/pcl2483/pedro/jadesoft/lib/libjmc.a[jring.o]
 /home/pcl2483/pedro/jadesoft/lib/libjmc.a[jftest.o]
 /home/pcl2483/pedro/jadesoft/lib/libjmc.a[jvdtim.o]
 /home/pcl2483/pedro/jadesoft/lib/libjmc.a[eepair.o]
 /home/pcl2483/pedro/jadesoft/lib/libjmc.a[wegas.o]
 /home/pcl2483/pedro/jadesoft/lib/libjmc.a[limint.o]
 /home/pcl2483/pedro/jadesoft/lib/libjmc.a[errmsg.o]
 /home/pcl2483/pedro/jadesoft/lib/libjmc.a[rnexp0.o]
 /home/pcl2483/pedro/jadesoft/lib/libjmc.a[rncont.o]
 /home/pcl2483/pedro/jadesoft/lib/libjmc.a[rngau.o]
 /home/pcl2483/pedro/jadesoft/lib/libjmc.a[fcrang.o]
 /home/pcl2483/pedro/jadesoft/lib/libjmc.a[datemc.o]
 /home/pcl2483/pedro/jadesoft/lib/libjmc.a[tags2h.o]
 /home/pcl2483/pedro/jadesoft/lib/libjmc.a[mctagr.o]
 /home/pcl2483/pedro/jadesoft/lib/libjmc.a[mctags.o]
 /home/pcl2483/pedro/jadesoft/lib/libjmc.a[mcverr.o]
 /home/pcl2483/pedro/jadesoft/lib/libjmc.a[rtmi.o]
 /home/pcl2483/pedro/jadesoft/lib/libjmc.a[radiat.o]
 /home/pcl2483/pedro/jadesoft/lib/libjmc.a[jrchck.o]
 /home/pcl2483/pedro/jadesoft/lib/libjmc.a[jdtime.o]
 /home/pcl2483/pedro/jadesoft/lib/libsource.a[lginit.o]
 /home/pcl2483/pedro/jadesoft/lib/libsource.a[lgnmec.o]
 /home/pcl2483/pedro/jadesoft/lib/libsource.a[englos.o]
 /home/pcl2483/pedro/jadesoft/lib/libsource.a[posend.o]
 /home/pcl2483/pedro/jadesoft/lib/libsource.a[angbar.o]
 /home/pcl2483/pedro/jadesoft/lib/libsource.a[shmax.o]
 /home/pcl2483/pedro/jadesoft/lib/libsource.a[elgobs.o]
 /home/pcl2483/pedro/jadesoft/lib/libjadegs.a[nvert.o]
 /home/pcl2483/pedro/jadesoft/lib/libjadegs.a[jadebd.o]
 /home/pcl2483/pedro/jadesoft/lib/libboslib.a[bint.o]
 /home/pcl2483/pedro/jadesoft/lib/libboslib.a[ibln.o]
 /home/pcl2483/pedro/jadesoft/lib/libboslib.a[bcre.o]
 /home/pcl2483/pedro/jadesoft/lib/libboslib.a[ccre.o]
 /home/pcl2483/pedro/jadesoft/lib/libboslib.a[bloc.o]
 /home/pcl2483/pedro/jadesoft/lib/libboslib.a[bchm.o]
 /home/pcl2483/pedro/jadesoft/lib/libboslib.a[bpos.o]
 /home/pcl2483/pedro/jadesoft/lib/libboslib.a[bnxt.o]
 /home/pcl2483/pedro/jadesoft/lib/libboslib.a[bmlt.o]
 /home/pcl2483/pedro/jadesoft/lib/libboslib.a[bsaw.o]
 /home/pcl2483/pedro/jadesoft/lib/libboslib.a[bdls.o]
 /home/pcl2483/pedro/jadesoft/lib/libboslib.a[bdlm.o]
 /home/pcl2483/pedro/jadesoft/lib/libboslib.a[bdlg.o]
 /home/pcl2483/pedro/jadesoft/lib/libboslib.a[bgar.o]
 /home/pcl2483/pedro/jadesoft/lib/libboslib.a[bdmp.o]
 /home/pcl2483/pedro/jadesoft/lib/libboslib.a[bsta.o]
 /home/pcl2483/pedro/jadesoft/lib/libboslib.a[bwrite.o]
 /home/pcl2483/pedro/jadesoft/lib/libboslib.a[bwrs.o]
 /home/pcl2483/pedro/jadesoft/lib/libboslib.a[bfrd.o]
 /home/pcl2483/pedro/jadesoft/lib/libboslib.a[boutp.o]
 /home/pcl2483/pedro/jadesoft/lib/libboslib.a[msgpr.o]
 /home/pcl2483/pedro/jadesoft/lib/libboslib.a[itoda.o]
 /home/pcl2483/pedro/jadesoft/lib/libboslib.a[uwp.o]
 /home/pcl2483/pedro/jadesoft/lib/libboslib.a[uhist.o]
 /home/pcl2483/pedro/jadesoft/lib/libboslib.a[defst.o]
 /home/pcl2483/pedro/jadesoft/lib/libboslib.a[vall.o]
 /home/pcl2483/pedro/jadesoft/lib/libboslib.a[sort4.o]
 /home/pcl2483/pedro/jadesoft/lib/libboslib.a[ptext1.o]
 /home/pcl2483/pedro/jadesoft/lib/libboslib.a[pall.o]
 /home/pcl2483/pedro/jadesoft/lib/libboslib.a[pcond.o]
 /home/pcl2483/pedro/jadesoft/lib/libboslib.a[pstor.o]
 /home/pcl2483/pedro/jadesoft/lib/libboslib.a[ptabl.o]
 /home/pcl2483/pedro/jadesoft/lib/libboslib.a[phist.o]
 /home/pcl2483/pedro/jadesoft/lib/libboslib.a[pcorr.o]
 /home/pcl2483/pedro/jadesoft/lib/libboslib.a[histpr.o]
 /home/pcl2483/pedro/jadesoft/lib/libboslib.a[ccor.o]
 /home/pcl2483/pedro/jadesoft/lib/libboslib.a[pvert.o]
 /home/pcl2483/pedro/jadesoft/lib/libboslib.a[bfmt.o]
 /home/pcl2483/pedro/jadesoft/lib/libboslib.a[iaf.o]
 /home/pcl2483/pedro/jadesoft/lib/libjademus.a[muconw.o]
 /cern/98/lib/libkernlib.a[close.o]
 /cern/98/lib/libkernlib.a[connect.o]
 /cern/98/lib/libkernlib.a[error.o]
 /cern/98/lib/libkernlib.a[getacct.o]
 /cern/98/lib/libkernlib.a[getacctent.o]
 /cern/98/lib/libkernlib.a[getconfent.o]
 /cern/98/lib/libkernlib.a[getifnam.o]
 /cern/98/lib/libkernlib.a[log.o]
 /cern/98/lib/libkernlib.a[lseek.o]
 /cern/98/lib/libkernlib.a[mstat.o]
 /cern/98/lib/libkernlib.a[open.o]
 /cern/98/lib/libkernlib.a[parse.o]
 /cern/98/lib/libkernlib.a[read.o]
 /cern/98/lib/libkernlib.a[remote.o]
 /cern/98/lib/libkernlib.a[serror.o]
 /cern/98/lib/libkernlib.a[setnetio.o]
 /cern/98/lib/libkernlib.a[setopt.o]
 /cern/98/lib/libkernlib.a[socket.o]
 /cern/98/lib/libkernlib.a[stat.o]
 /cern/98/lib/libkernlib.a[stream.o]
 /cern/98/lib/libkernlib.a[trace.o]
 /cern/98/lib/libkernlib.a[write.o]
 /cern/98/lib/libkernlib.a[ypgetacctent.o]
 /cern/98/lib/libkernlib.a[caldat.o]
 /cern/98/lib/libkernlib.a[cdmon.o]
 /cern/98/lib/libkernlib.a[cleap.o]
 /cern/98/lib/libkernlib.a[cydiy.o]
 /cern/98/lib/libkernlib.a[cyear4.o]
 /cern/98/lib/libkernlib.a[abend.o]
 /cern/98/lib/libkernlib.a[datime.o]
 /cern/98/lib/libkernlib.a[datimh.o]
 /cern/98/lib/libkernlib.a[jumpxn.o]
 /cern/98/lib/libkernlib.a[locf.o]
 /cern/98/lib/libkernlib.a[qnexte.o]
 /cern/98/lib/libkernlib.a[timel.o]
 /cern/98/lib/libkernlib.a[lenocc.o]
 /cern/98/lib/libkernlib.a[lnblnk.o]
 /cern/98/lib/libkernlib.a[vxinvb.o]
 /cern/98/lib/libkernlib.a[cfclos.o]
 /cern/98/lib/libkernlib.a[cfget.o]
 /cern/98/lib/libkernlib.a[cfopei.o]
 /cern/98/lib/libkernlib.a[cfput.o]
 /cern/98/lib/libkernlib.a[cfseek.o]
 /cern/98/lib/libkernlib.a[cfstati.o]
 /cern/98/lib/libkernlib.a[cfopen.o]
 /cern/98/lib/libkernlib.a[cfstat.o]
 /cern/98/lib/libkernlib.a[fchtak.o]
 /cern/98/lib/libkernlib.a[cfweof.o]
 /cern/98/lib/libkernlib.a[cleft.o]
 /cern/98/lib/libkernlib.a[cltou.o]
 /cern/98/lib/libkernlib.a[cutol.o]
 /cern/98/lib/libkernlib.a[floarg.o]
 /cern/98/lib/libkernlib.a[gshowf.o]
 /cern/98/lib/libkernlib.a[icluns.o]
 /cern/98/lib/libkernlib.a[intarg.o]
 /cern/98/lib/libkernlib.a[iumode.o]
 /cern/98/lib/libkernlib.a[kerngt.o]
 /cern/98/lib/libkernlib.a[traceq.o]
 /cern/98/lib/libkernlib.a[uoptc.o]
 /cern/98/lib/libkernlib.a[utrans.o]
 /cern/98/lib/libkernlib.a[xinbf.o]
 /cern/98/lib/libkernlib.a[xinbs.o]
 /cern/98/lib/libkernlib.a[ucopy2c.o]
 /cern/98/lib/libkernlib.a[iucomp.o]
 /cern/98/lib/libkernlib.a[iufind.o]
 /cern/98/lib/libkernlib.a[iusame.o]
 /cern/98/lib/libkernlib.a[jrsbyt.o]
 /cern/98/lib/libkernlib.a[mbytet.o]
 /cern/98/lib/libkernlib.a[noarg.o]
 /cern/98/lib/libkernlib.a[sbit0.o]
 /cern/98/lib/libkernlib.a[sbit1.o]
 /cern/98/lib/libkernlib.a[ublank.o]
 /cern/98/lib/libkernlib.a[ublow.o]
 /cern/98/lib/libkernlib.a[ubunch.o]
 /cern/98/lib/libkernlib.a[ucopiv.o]
 /cern/98/lib/libkernlib.a[ucopy.o]
 /cern/98/lib/libkernlib.a[uctoh.o]
 /cern/98/lib/libkernlib.a[uctoh1.o]
 /cern/98/lib/libkernlib.a[uh1toc.o]
 /cern/98/lib/libkernlib.a[uhtoc.o]
 /cern/98/lib/libkernlib.a[uzero.o]
 /cern/98/lib/libkernlib.a[vblank.o]
 /cern/98/lib/libkernlib.a[vfill.o]
 /cern/98/lib/libkernlib.a[vzero.o]
 /cern/98/lib/libkernlib.a[cbyt.o]
 /cern/98/lib/libkernlib.a[jbit.o]
 /cern/98/lib/libkernlib.a[jbyt.o]
 /cern/98/lib/libkernlib.a[mbytor.o]
 /cern/98/lib/libkernlib.a[sbyt.o]
 /cern/98/lib/libkernlib.a[locati.o]
 /cern/98/lib/libpacklib.a[czclos.o]
 /cern/98/lib/libpacklib.a[czgeta.o]
 /cern/98/lib/libpacklib.a[czgetc.o]
 /cern/98/lib/libpacklib.a[czputa.o]
 /cern/98/lib/libpacklib.a[cztcp.o]
 /cern/98/lib/libpacklib.a[fzopen.o]
 /cern/98/lib/libpacklib.a[szread.o]
 /cern/98/lib/libpacklib.a[xzgetr.o]
 /cern/98/lib/libpacklib.a[farini.o]
 /cern/98/lib/libpacklib.a[fmstrt.o]
 /cern/98/lib/libpacklib.a[facdir.o]
 /cern/98/lib/libpacklib.a[fald.o]
 /cern/98/lib/libpacklib.a[fmveri.o]
 /cern/98/lib/libpacklib.a[fmshow.o]
 /cern/98/lib/libpacklib.a[ffcard.o]
 /cern/98/lib/libpacklib.a[fffind.o]
 /cern/98/lib/libpacklib.a[ffgo.o]
 /cern/98/lib/libpacklib.a[ffinit.o]
 /cern/98/lib/libpacklib.a[ffkey.o]
 /cern/98/lib/libpacklib.a[ffset.o]
 /cern/98/lib/libpacklib.a[ffskip.o]
 /cern/98/lib/libpacklib.a[ffupca.o]
 /cern/98/lib/libpacklib.a[ffuser.o]
 /cern/98/lib/libpacklib.a[ffuset.o]
 /cern/98/lib/libpacklib.a[hdbaop.o]
 /cern/98/lib/libpacklib.a[hdbini.o]
 /cern/98/lib/libpacklib.a[hdiff.o]
 /cern/98/lib/libpacklib.a[hmerge3.o]
 /cern/98/lib/libpacklib.a[hquad.o]
 /cern/98/lib/libpacklib.a[halloc.o]
 /cern/98/lib/libpacklib.a[hbpqry.o]
 /cern/98/lib/libpacklib.a[hrendc.o]
 /cern/98/lib/libpacklib.a[hrfile.o]
 /cern/98/lib/libpacklib.a[hropen.o]
 /cern/98/lib/libpacklib.a[hrout.o]
 /cern/98/lib/libpacklib.a[hrput.o]
 /cern/98/lib/libpacklib.a[hrsort.o]
 /cern/98/lib/libpacklib.a[hrzcd.o]
 /cern/98/lib/libpacklib.a[hrzin.o]
 /cern/98/lib/libpacklib.a[hrzld.o]
 /cern/98/lib/libpacklib.a[hrzout.o]
 /cern/98/lib/libpacklib.a[hbandx.o]
 /cern/98/lib/libpacklib.a[hbcdi.o]
 /cern/98/lib/libpacklib.a[hbin.o]
 /cern/98/lib/libpacklib.a[hbook1.o]
 /cern/98/lib/libpacklib.a[hbtit.o]
 /cern/98/lib/libpacklib.a[hbuff.o]
 /cern/98/lib/libpacklib.a[hbug.o]
 /cern/98/lib/libpacklib.a[hcdir.o]
 /cern/98/lib/libpacklib.a[hchnam.o]
 /cern/98/lib/libpacklib.a[hcmom.o]
 /cern/98/lib/libpacklib.a[hdcofl.o]
 /cern/98/lib/libpacklib.a[hdelet.o]
 /cern/98/lib/libpacklib.a[hf1.o]
 /cern/98/lib/libpacklib.a[hf1aut.o]
 /cern/98/lib/libpacklib.a[hforma.o]
 /cern/98/lib/libpacklib.a[hindex.o]
 /cern/98/lib/libpacklib.a[hinprx.o]
 /cern/98/lib/libpacklib.a[hldir.o]
 /cern/98/lib/libpacklib.a[hldir1.o]
 /cern/98/lib/libpacklib.a[hldirt.o]
 /cern/98/lib/libpacklib.a[hlimit.o]
 /cern/98/lib/libpacklib.a[hloop.o]
 /cern/98/lib/libpacklib.a[hmachi.o]
 /cern/98/lib/libpacklib.a[hmdir.o]
 /cern/98/lib/libpacklib.a[hpaff.o]
 /cern/98/lib/libpacklib.a[hpath.o]
 /cern/98/lib/libpacklib.a[hspace.o]
 /cern/98/lib/libpacklib.a[hstaf.o]
 /cern/98/lib/libpacklib.a[huoptc.o]
 /cern/98/lib/libpacklib.a[hlogpf.o]
 /cern/98/lib/libpacklib.a[hoptpf.o]
 /cern/98/lib/libpacklib.a[hitoc.o]
 /cern/98/lib/libpacklib.a[hnbfwr.o]
 /cern/98/lib/libpacklib.a[hnbufd.o]
 /cern/98/lib/libpacklib.a[hnbuff.o]
 /cern/98/lib/libpacklib.a[hntdel.o]
 /cern/98/lib/libpacklib.a[hntmpd.o]
 /cern/98/lib/libpacklib.a[hntmpf.o]
 /cern/98/lib/libpacklib.a[hplism.o]
 /cern/98/lib/libpacklib.a[hplism1.o]
 /cern/98/lib/libpacklib.a[dzare1.o]
 /cern/98/lib/libpacklib.a[dzbkdv.o]
 /cern/98/lib/libpacklib.a[dzbkhd.o]
 /cern/98/lib/libpacklib.a[dzbkup.o]
 /cern/98/lib/libpacklib.a[dzbkxr.o]
 /cern/98/lib/libpacklib.a[dzdata.o]
 /cern/98/lib/libpacklib.a[dzforp.o]
 /cern/98/lib/libpacklib.a[dziopd.o]
 /cern/98/lib/libpacklib.a[dzioph.o]
 /cern/98/lib/libpacklib.a[dziopr.o]
 /cern/98/lib/libpacklib.a[dzmap.o]
 /cern/98/lib/libpacklib.a[dzopt.o]
 /cern/98/lib/libpacklib.a[dzshpr.o]
 /cern/98/lib/libpacklib.a[dzsnap.o]
 /cern/98/lib/libpacklib.a[dztext.o]
 /cern/98/lib/libpacklib.a[dztyp.o]
 /cern/98/lib/libpacklib.a[zdvcop.o]
 /cern/98/lib/libpacklib.a[zpage.o]
 /cern/98/lib/libpacklib.a[fzcffn.o]
 /cern/98/lib/libpacklib.a[fzendi.o]
 /cern/98/lib/libpacklib.a[fzialn.o]
 /cern/98/lib/libpacklib.a[fziasc.o]
 /cern/98/lib/libpacklib.a[fzichh.o]
 /cern/98/lib/libpacklib.a[fzidia.o]
 /cern/98/lib/libpacklib.a[fzidum.o]
 /cern/98/lib/libpacklib.a[fziffn.o]
 /cern/98/lib/libpacklib.a[fziffx.o]
 /cern/98/lib/libpacklib.a[fzilin.o]
 /cern/98/lib/libpacklib.a[fzimtb.o]
 /cern/98/lib/libpacklib.a[fzin.o]
 /cern/98/lib/libpacklib.a[fzipha.o]
 /cern/98/lib/libpacklib.a[fziphd.o]
 /cern/98/lib/libpacklib.a[fziphm.o]
 /cern/98/lib/libpacklib.a[fziphr.o]
 /cern/98/lib/libpacklib.a[fziprl.o]
 /cern/98/lib/libpacklib.a[fzirec.o]
 /cern/98/lib/libpacklib.a[fzirel.o]
 /cern/98/lib/libpacklib.a[fzitrn.o]
 /cern/98/lib/libpacklib.a[fzloc.o]
 /cern/98/lib/libpacklib.a[fzoaln.o]
 /cern/98/lib/libpacklib.a[fzoapk.o]
 /cern/98/lib/libpacklib.a[fzoasc.o]
 /cern/98/lib/libpacklib.a[fzoffn.o]
 /cern/98/lib/libpacklib.a[fzoffx.o]
 /cern/98/lib/libpacklib.a[fzon1.o]
 /cern/98/lib/libpacklib.a[fzon2.o]
 /cern/98/lib/libpacklib.a[fzon3.o]
 /cern/98/lib/libpacklib.a[fzon4.o]
 /cern/98/lib/libpacklib.a[fzon5.o]
 /cern/98/lib/libpacklib.a[fzon6.o]
 /cern/98/lib/libpacklib.a[fzophr.o]
 /cern/98/lib/libpacklib.a[fzorec.o]
 /cern/98/lib/libpacklib.a[fzotab.o]
 /cern/98/lib/libpacklib.a[fzotrn.o]
 /cern/98/lib/libpacklib.a[fzotxt.o]
 /cern/98/lib/libpacklib.a[fzout.o]
 /cern/98/lib/libpacklib.a[jzend.o]
 /cern/98/lib/libpacklib.a[mzbook.o]
 /cern/98/lib/libpacklib.a[mzdrop.o]
 /cern/98/lib/libpacklib.a[mzebra.o]
 /cern/98/lib/libpacklib.a[mzend.o]
 /cern/98/lib/libpacklib.a[mzflag.o]
 /cern/98/lib/libpacklib.a[mzinco.o]
 /cern/98/lib/libpacklib.a[mzlift.o]
 /cern/98/lib/libpacklib.a[mzlink.o]
 /cern/98/lib/libpacklib.a[mzmaps.o]
 /cern/98/lib/libpacklib.a[mzmark.o]
 /cern/98/lib/libpacklib.a[mzneed.o]
 /cern/98/lib/libpacklib.a[mzpaw.o]
 /cern/98/lib/libpacklib.a[mzpudx.o]
 /cern/98/lib/libpacklib.a[mzpush.o]
 /cern/98/lib/libpacklib.a[mzstor.o]
 /cern/98/lib/libpacklib.a[mzvers.o]
 /cern/98/lib/libpacklib.a[mzwork.o]
 /cern/98/lib/libpacklib.a[mzfgap.o]
 /cern/98/lib/libpacklib.a[mzgar1.o]
 /cern/98/lib/libpacklib.a[mzgarb.o]
 /cern/98/lib/libpacklib.a[mzgsta.o]
 /cern/98/lib/libpacklib.a[mzmove.o]
 /cern/98/lib/libpacklib.a[mzrelb.o]
 /cern/98/lib/libpacklib.a[mzrell.o]
 /cern/98/lib/libpacklib.a[mzrelx.o]
 /cern/98/lib/libpacklib.a[mztabc.o]
 /cern/98/lib/libpacklib.a[mztabf.o]
 /cern/98/lib/libpacklib.a[mztabh.o]
 /cern/98/lib/libpacklib.a[mztabm.o]
 /cern/98/lib/libpacklib.a[mztabr.o]
 /cern/98/lib/libpacklib.a[mztabs.o]
 /cern/98/lib/libpacklib.a[mztabx.o]
 /cern/98/lib/libpacklib.a[mzwipe.o]
 /cern/98/lib/libpacklib.a[mzchln.o]
 /cern/98/lib/libpacklib.a[mzchls.o]
 /cern/98/lib/libpacklib.a[mzchnb.o]
 /cern/98/lib/libpacklib.a[mzdvac.o]
 /cern/98/lib/libpacklib.a[mzfdiv.o]
 /cern/98/lib/libpacklib.a[mzform.o]
 /cern/98/lib/libpacklib.a[mziocf.o]
 /cern/98/lib/libpacklib.a[mzioch.o]
 /cern/98/lib/libpacklib.a[mziocr.o]
 /cern/98/lib/libpacklib.a[mzixco.o]
 /cern/98/lib/libpacklib.a[mzresv.o]
 /cern/98/lib/libpacklib.a[mzsdiv.o]
 /cern/98/lib/libpacklib.a[zvautx.o]
 /cern/98/lib/libpacklib.a[zabend.o]
 /cern/98/lib/libpacklib.a[zend.o]
 /cern/98/lib/libpacklib.a[zfatal.o]
 /cern/98/lib/libpacklib.a[zfatam.o]
 /cern/98/lib/libpacklib.a[zphase.o]
 /cern/98/lib/libpacklib.a[zpostm.o]
 /cern/98/lib/libpacklib.a[ztell.o]
 /cern/98/lib/libpacklib.a[ztelus.o]
 /cern/98/lib/libpacklib.a[izbcd.o]
 /cern/98/lib/libpacklib.a[izbcdt.o]
 /cern/98/lib/libpacklib.a[izchav.o]
 /cern/98/lib/libpacklib.a[izhnum.o]
 /cern/98/lib/libpacklib.a[qnext.o]
 /cern/98/lib/libpacklib.a[zhtoi.o]
 /cern/98/lib/libpacklib.a[zitoh.o]
 /cern/98/lib/libpacklib.a[zshunt.o]
 /cern/98/lib/libpacklib.a[zsorti.o]
 /cern/98/lib/libpacklib.a[rzallo.o]
 /cern/98/lib/libpacklib.a[rzcdir.o]
 /cern/98/lib/libpacklib.a[rzchcy.o]
 /cern/98/lib/libpacklib.a[rzclos.o]
 /cern/98/lib/libpacklib.a[rzdate.o]
 /cern/98/lib/libpacklib.a[rzdelk.o]
 /cern/98/lib/libpacklib.a[rzdlok.o]
 /cern/98/lib/libpacklib.a[rzend.o]
 /cern/98/lib/libpacklib.a[rzexpd.o]
 /cern/98/lib/libpacklib.a[rzfdir.o]
 /cern/98/lib/libpacklib.a[rzfile.o]
 /cern/98/lib/libpacklib.a[rzfree.o]
 /cern/98/lib/libpacklib.a[rzin.o]
 /cern/98/lib/libpacklib.a[rzink.o]
 /cern/98/lib/libpacklib.a[rzins.o]
 /cern/98/lib/libpacklib.a[rziodo.o]
 /cern/98/lib/libpacklib.a[rzldi1.o]
 /cern/98/lib/libpacklib.a[rzldir.o]
 /cern/98/lib/libpacklib.a[rzllok.o]
 /cern/98/lib/libpacklib.a[rzlock.o]
 /cern/98/lib/libpacklib.a[rzmake.o]
 /cern/98/lib/libpacklib.a[rzmdir.o]
 /cern/98/lib/libpacklib.a[rzmods.o]
 /cern/98/lib/libpacklib.a[rzobkn.o]
 /cern/98/lib/libpacklib.a[rzopen.o]
 /cern/98/lib/libpacklib.a[rzout.o]
 /cern/98/lib/libpacklib.a[rzpaff.o]
 /cern/98/lib/libpacklib.a[rzpath.o]
 /cern/98/lib/libpacklib.a[rzprnk.o]
 /cern/98/lib/libpacklib.a[rzpurf.o]
 /cern/98/lib/libpacklib.a[rzread.o]
 /cern/98/lib/libpacklib.a[rzrtop.o]
 /cern/98/lib/libpacklib.a[rzsame.o]
 /cern/98/lib/libpacklib.a[rzsave.o]
 /cern/98/lib/libpacklib.a[rzscan.o]
 /cern/98/lib/libpacklib.a[rzstrip.o]
 /cern/98/lib/libpacklib.a[rzstrir.o]
 /cern/98/lib/libpacklib.a[rzused.o]
 /cern/98/lib/libpacklib.a[rzvcyc.o]
 /cern/98/lib/libpacklib.a[rzver1.o]
 /cern/98/lib/libpacklib.a[rzver2.o]
 /cern/98/lib/libpacklib.a[rzveri.o]
 /cern/98/lib/libpacklib.a[rzwrt.o]
 /cern/98/lib/libmathlib.a[rnorml.o]
 /home/iwsatlas2/pedro/tmp/F8jYsqUb0
 /home/iwsatlas2/pedro/tmp/F8jYsqUb1
 /home/iwsatlas2/pedro/tmp/F8jYsqUb2
 mcjade.o
 mcrand.o
 mcuser.o
 /home/pcl2483/pedro/jadesoft/main/superv/showb.o
 /usr/lib/libg.a[dbxxx.o]
 /usr/lib/libxlf90.a[_pxldatn2.o]
 /usr/lib/libxlf90.a[_xldipow.o]
 /usr/lib/libxlf90.a[_xlgamr8.o]
 /usr/lib/libxlf90.a[_xliipow.o]
 /usr/lib/libxlf90.a[_pxldmod.o]
 /usr/lib/libxlf90.a[_pxlidnnt.o]
 /usr/lib/libxlf90.a[_xldintv.o]
 /usr/lib/libxlf90.a[_xldnint.o]
 /usr/lib/libxlf90.a[_xlrint.o]
 /usr/lib/libxlf90.a[xsignal.o]
 /usr/lib/libm.a[copysign.o]
 /usr/lib/libm.a[finite.o]
 /usr/lib/libm.a[isnan.o]
 /usr/lib/libm.a[logb.o]
 /usr/lib/libm.a[scalb.o]
 /usr/lib/libm.a[tantab.o]
 /usr/lib/libm.a[acosF.o]
 /usr/lib/libm.a[atan2F.o]
 /usr/lib/libm.a[atanF.o]
 /usr/lib/libm.a[cosF.o]
 /usr/lib/libm.a[expF.o]
 /usr/lib/libm.a[logF.o]
 /usr/lib/libm.a[powF.o]
 /usr/lib/libm.a[sinF.o]
 /usr/lib/libm.a[sqrtF.o]
 /usr/lib/libm.a[__set_errno128.o]
 /usr/lib/libm.a[sqrt_raise_xcp.o]
 /usr/lib/libm.a[guesses.o]
 /usr/lib/libm.a[m_tables.o]
 /usr/lib/libc.a[_itrunc.o]
 /usr/lib/libc.a[fill.o]
 /usr/lib/libc.a[strcpy.o]
 /usr/lib/libc.a[strcmp.o]
 /usr/lib/libc.a[strncpy.o]
 /usr/lib/libc.a[moveeq.o]
 /usr/lib/libc.a[fsavres.o]
 /usr/lib/libc.a[longjmp.o]
 /usr/lib/libc.a[clc.o]
 /usr/lib/libc.a[ptrgl.o]
(ld): rc
RC: Highest return code was 4.
ib.a[mzfdiv.o]
 /cern/98/lib/libpacklib.a[mzform.o]
 /cern/98/lib/libpacklib.a[mziocf.o]
 /cern/98/lib/libpacklib.a[mzioch.o]
 /cern/98/lib/libpacklib.a[mziocr.o]
 /cern/98/lib/libpacklib.a[mzixco.o]
 /cern/98/lib/libpacklib.a[mzresv.o]
 /cern/98/lib/libpacklib.a[mzsdiv.o]
 /cern/98/lib/libpacklib.a[zvautx.o]
 /cern/98/lib/libpacklib.a[zabend.o]
 /cern/98/lib/libpacklib.a[zend.o]
 /cern/98/lib/libpacklib.a[zfatal.o]
 /cern/98/lib/libpacklib.a[zfatam.o]
 /cern/98/lib/libpacklib.a[zphase.o]
 /cern/98/lib/libpacklib.a[zpostm.o]
 /cern/98/lib/libpacklib.a[ztell.o]
 /cern/98/lib/libpacklib.a[ztelus.o]
 /cern/98/lib/libpacklib.a[izbcd.o]
 /cern/98/lib/libpacklib.a[izbcdt.o]
 /cern/98/lib/libpacklib.a[izchav.o]
 /cern/98/lib/libpacklib.a[izhnum.o]
 /cern/98/lib/libpacklib.a[qnext.o]
 /cern/98/lib/libpacklib.a[zhtoi.o]
 /cern/98/lib/libpacklib.a[zitoh.o]
 /cern/98/lib/libpacklib.a[zshunt.o]
 /cern/98/lib/libpacklib.a[zsorti.o]
 /cern/98/lib/libpacklib.a[rzallo.o]
 /cern/98/lib/libpacklib.a[rzcdir.o]
 /cern/98/lib/libpacklib.a[rzchcy.o]
 /cern/98/lib/libpacklib.a[rzclos.o]
 /cern/98/lib/libpacklib.a[rzdate.o]
 /cern/98/lib/libpacklib.a[rzdelk.o]
 /cern/98/lib/libpacklib.a[rzdlok.o]
 /cern/98/lib/libpacklib.a[rzend.o]
 /cern/98/lib/libpacklib.a[rzexpd.o]
 /cern/98/lib/libpacklib.a[rzfdir.o]
 /cern/98/lib/libpacklib.a[rzfile.o]
 /cern/98/lib/libpacklib.a[rzfree.o]
 /cern/98/lib/libpacklib.a[rzin.o]
 /cern/98/lib/libpacklib.a[rzink.o]
 /cern/98/lib/libpacklib.a[rzins.o]
 /cern/98/lib/libpacklib.a[rziodo.o]
 /cern/98/lib/libpacklib.a[rzldi1.o]
 /cern/98/lib/libpacklib.a[rzldir.o]
 /cern/98/lib/libpacklib.a[rzllok.o]
 /cern/98/lib/libpacklib.a[rzlock.o]
 /cern/98/lib/libpacklib.a[rzmake.o]
 /cern/98/lib/libpacklib.a[rzmdir.o]
 /cern/98/lib/libpacklib.a[rzmods.o]
 /cern/98/lib/libpacklib.a[rzobkn.o]
 /cern/98/lib/libpacklib.a[rzopen.o]
 /cern/98/lib/libpacklib.a[rzout.o]
 /cern/98/lib/libpacklib.a[rzpaff.o]
 /cern/98/lib/libpacklib.a[rzpath.o]
 /cern/98/lib/libpacklib.a[rzprnk.o]
 /cern/98/lib/libpacklib.a[rzpurf.o]
 /cern/98/lib/libpacklib.a[rzread.o]
 /cern/98/lib/libpacklib.a[rzrtop.o]
 /cern/98/lib/libpacklib.a[rzsame.o]
 /cern/98/lib/libpacklib.a[rzsave.o]
 /cern/98/lib/libpacklib.a[rzscan.o]
 /cern/98/lib/libpacklib.a[rzstrip.o]
 /cern/98/lib/libpacklib.a[rzstrir.o]
 /cern/98/lib/libpacklib.a[rzused.o]
 /cern/98/lib/libpacklib.a[rzvcyc.o]
 /cern/98/lib/libpacklib.a[rzver1.o]
 /cern/98/lib/libpacklib.a[rzver2.o]
 /cern/98/lib/libpacklib.a[rzveri.o]
 /cern/98/lib/libpacklib.a[rzwrt.o]
 /cern/98/lib/libmathlib.a[rnorml.o]
 /home/iwsatlas2/pedro/tmp/F8jYsqUb0
 /home/iwsatlas2/pedro/tmp/F8jYsqUb1
 /home/iwsatlas2/pedro/tmp/F8jYsqUb2
 mcjade.o
 mcrand.o
 mcuser.o
 /home/pcl2483/pedro/jadesoft/main/superv/showb.o
 /usr/lib/libg.a[dbxxx.o]
 /usr/lib/libxlf90.a[_pxldatn2.o]
 /usr/lib/libxlf90.a[_xldipow.o]
 /usr/lib/libxlf90.a[_xlgamr8.o]
 /usr/lib/libxlf90.a[_xliipow.o]
 /usr/lib/libxlf90.a[_pxldmod.o]
 /usr/lib/libxlf90.a[_pxlidnnt.o]
 /usr/lib/libxlf90.a[_xldintv.o]
 /usr/lib/libxlf90.a[_xldnint.o]
 /usr/lib/libxlf90.a[_xlrint.o]
 /usr/lib/libxlf90.a[xsignal.o]
 /usr/lib/libm.a[copysign.o]
 /usr/lib/libm.a[finite.o]
 /usr/lib/libm.a[isnan.o]
 /usr/lib/libm.a[logb.o]
 /usr/lib/libm.a[scalb.o]
 /usr/lib/libm.a[tantab.o]
 /usr/lib/libm.a[acosF.o]
 /usr/lib/libm.a[atan2F.o]
 /usr/lib/libm.a[atanF.o]
 /usr/lib/libm.a[cosF.o]
 /usr/lib/libm.a[expF.o]
 /usr/lib/libm.a[logF.o]
 /usr/lib/libm.a[powF.o]
 /usr/lib/libm.a[sinF.o]
 /usr/lib/libm.a[sqrtF.o]
 /usr/lib/libm.a[__set_errno128.o]
 /usr/lib/libm.a[sqrt_raise_xcp.o]
 /usr/lib/libm.a[guesses.o]
 /usr/lib/libm.a[m_tables.o]
 /usr/lib/libc.a[_itrunc.o]
 /usr/lib/libc.a[fill.o]
 /usr/lib/libc.a[strcpy.o]
 /usr/lib/libc.a[strcmp.o]
 /usr/lib/libc.a[strncpy.o]
 /usr/lib/libc.a[moveeq.o]
 /usr/lib/libc.a[fsavres.o]
 /usr/lib/libc.a[longjmp.o]
 /usr/lib/libc.a[clc.o]
 /usr/lib/libc.a[ptrgl.o]
(ld): rc
RC: Highest return code was 4.
