Archive member included because of file (symbol)

/home/pcl2483/pedro/jadesoft/util/mcgen/Plib/libmc105j.a(mcgetf.o)
                              mccj623_105j.o (mcgetf_)
/home/pcl2483/pedro/jadesoft/util/mcgen/Plib/libmc105j.a(mcgeth.o)
                              mccj623_105j.o (mcgeth_)
/home/pcl2483/pedro/jadesoft/util/mcgen/Plib/libmc105j.a(mcgetp.o)
                              mccj623_105j.o (mcgetp_)
/home/pcl2483/pedro/jadesoft/util/mcgen/Plib/libmc105j.a(mcinit.o)
                              mccj623_105j.o (mcinit_)
/home/pcl2483/pedro/jadesoft/util/mcgen/Plib/libmc105j.a(mcwrit.o)
                              mccj623_105j.o (mcwrit_)
/home/pcl2483/pedro/jadesoft/util/mcgen/Plib/libmc105j.a(pxeecb.o)
                              mccj623_105j.o (pxeecb_)
/home/pcl2483/pedro/jadesoft/util/mcgen/Plib/libmc105j.a(evwrtj.o)
                              /home/pcl2483/pedro/jadesoft/util/mcgen/Plib/libmc105j.a(mcwrit.o) (evwrtj_)
/home/pcl2483/pedro/jadesoft/util/mcgen/Plib/libmc105j.a(incprd.o)
                              /home/pcl2483/pedro/jadesoft/util/mcgen/Plib/libmc105j.a(evwrtj.o) (incprd_)
/home/pcl2483/pedro/jadesoft/util/mcgen/Plib/libmc105j.a(jadeco.o)
                              /home/pcl2483/pedro/jadesoft/util/mcgen/Plib/libmc105j.a(evwrtj.o) (jadeco_)
/home/pcl2483/pedro/jadesoft/util/mcgen/Plib/libmc105j.a(jtconv.o)
                              /home/pcl2483/pedro/jadesoft/util/mcgen/Plib/libmc105j.a(mcgeth.o) (jtconv_)
/home/pcl2483/pedro/jadesoft/util/mcgen/Plib/libmc105j.a(mcrnst.o)
                              /home/pcl2483/pedro/jadesoft/util/mcgen/Plib/libmc105j.a(mcwrit.o) (mcrnst_)
/home/pcl2483/pedro/jadesoft/util/mcgen/Plib/libmc105j.a(ntcprd.o)
                              /home/pcl2483/pedro/jadesoft/util/mcgen/Plib/libmc105j.a(evwrtj.o) (ntcprd_)
/home/pcl2483/pedro/jadesoft/util/mcgen/Plib/libmc105j.a(prcprd.o)
                              /home/pcl2483/pedro/jadesoft/util/mcgen/Plib/libmc105j.a(evwrtj.o) (prcprd_)
/home/pcl2483/pedro/jadesoft/util/mcgen/Plib/libmc105j.a(wrcprd.o)
                              /home/pcl2483/pedro/jadesoft/util/mcgen/Plib/libmc105j.a(evwrtj.o) (wrcprd_)
/home/pcl2483/pedro/jadesoft/util/mcgen/Plib/libcoj623d.a(cojets.o)
                              mccj623_105j.o (cojets_)
/home/pcl2483/pedro/jadesoft/util/mcgen/Plib/libcoj623d.a(cjdata.o)
                              /home/pcl2483/pedro/jadesoft/util/mcgen/Plib/libcoj623d.a(cojets.o) (cjdata_)
/home/pcl2483/pedro/jadesoft/util/mcgen/Plib/libcoj623d.a(cjgeve.o)
                              /home/pcl2483/pedro/jadesoft/util/mcgen/Plib/libcoj623d.a(cojets.o) (cjgeve_)
/home/pcl2483/pedro/jadesoft/util/mcgen/Plib/libcoj623d.a(cjheat.o)
                              /home/pcl2483/pedro/jadesoft/util/mcgen/Plib/libcoj623d.a(cojets.o) (cjheat_)
/home/pcl2483/pedro/jadesoft/util/mcgen/Plib/libcoj623d.a(cjhgev.o)
                              /home/pcl2483/pedro/jadesoft/util/mcgen/Plib/libcoj623d.a(cjgeve.o) (cjhgev_)
/home/pcl2483/pedro/jadesoft/util/mcgen/Plib/libcoj623d.a(cjhpre.o)
                              /home/pcl2483/pedro/jadesoft/util/mcgen/Plib/libcoj623d.a(cjhgev.o) (cjhpre_)
/home/pcl2483/pedro/jadesoft/util/mcgen/Plib/libcoj623d.a(cjiall.o)
                              /home/pcl2483/pedro/jadesoft/util/mcgen/Plib/libcoj623d.a(cojets.o) (cjiall_)
/home/pcl2483/pedro/jadesoft/util/mcgen/Plib/libcoj623d.a(cjidge.o)
                              /home/pcl2483/pedro/jadesoft/util/mcgen/Plib/libcoj623d.a(cjiall.o) (cjidge_)
/home/pcl2483/pedro/jadesoft/util/mcgen/Plib/libcoj623d.a(cjmatc.o)
                              /home/pcl2483/pedro/jadesoft/util/mcgen/Plib/libcoj623d.a(cjhpre.o) (cjmatc_)
/home/pcl2483/pedro/jadesoft/util/mcgen/Plib/libcoj623d.a(cjpdg.o)
                              /home/pcl2483/pedro/jadesoft/util/mcgen/Plib/libcoj623d.a(cjhgev.o) (cjpdg_)
/home/pcl2483/pedro/jadesoft/util/mcgen/Plib/libcoj623d.a(cjptab.o)
                              /home/pcl2483/pedro/jadesoft/util/mcgen/Plib/libcoj623d.a(cojets.o) (cjptab_)
/home/pcl2483/pedro/jadesoft/util/mcgen/Plib/libcoj623d.a(cjqcds.o)
                              /home/pcl2483/pedro/jadesoft/util/mcgen/Plib/libcoj623d.a(cjhpre.o) (cjqcds_)
/home/pcl2483/pedro/jadesoft/util/mcgen/Plib/libcoj623d.a(cjqcdt.o)
                              /home/pcl2483/pedro/jadesoft/util/mcgen/Plib/libcoj623d.a(cjhpre.o) (cjqcdt_)
/home/pcl2483/pedro/jadesoft/util/mcgen/Plib/libcoj623d.a(cjqsge.o)
                              /home/pcl2483/pedro/jadesoft/util/mcgen/Plib/libcoj623d.a(cjhgev.o) (cjqsge_)
/home/pcl2483/pedro/jadesoft/util/mcgen/Plib/libcoj623d.a(cjrept.o)
                              /home/pcl2483/pedro/jadesoft/util/mcgen/Plib/libcoj623d.a(cjhgev.o) (cjrept_)
/home/pcl2483/pedro/jadesoft/util/mcgen/Plib/libcoj623d.a(cjrinp.o)
                              /home/pcl2483/pedro/jadesoft/util/mcgen/Plib/libcoj623d.a(cjiall.o) (cjrinp_)
[...]
Memory Configuration

Name             Origin             Length             Attributes
*default*        0x00000000         0xffffffff

Linker script and memory map

LOAD /usr/lib/crt1.o
LOAD /usr/lib/crti.o
LOAD /usr/lib/gcc-lib/i686-pc-linux-gnu/2.95.3/crtbegin.o
LOAD mccj623_105j.o
LOAD /home/pcl2483/pedro/jadesoft/util/mcgen/Plib/libmc105j.a
LOAD /home/pcl2483/pedro/jadesoft/util/mcgen/Plib/libcoj623d.a
LOAD /home/pcl2483/pedro/jadesoft/util/mcgen/Plib/libpythia5722.a
LOAD /home/pcl2483/pedro/jadesoft/util/mcgen/Plib/libjt74opal.a
LOAD /home/pcl2483/pedro/jadesoft/util/mcgen/Plib/libckern105.a
LOAD /home/pcl2483/pedro/jadesoft/util/mcgen/Plib/libpx114.a
LOAD /cern/99/lib/libgraflib.a
LOAD /cern/99/lib/libgrafX11.a
LOAD /cern/99/lib/libpacklib.a
LOAD /cern/99/lib/libmathlib.a
LOAD /cern/99/lib/libkernlib.a
LOAD /lib/libnsl.so.1
LOAD /usr/lib/libc.so
START GROUP
LOAD /lib/libc.so.6
LOAD /usr/lib/libc_nonshared.a
END GROUP
LOAD /usr/lib/gcc-lib/i686-pc-linux-gnu/2.95.3/libg2c.a
LOAD /usr/lib/libm.so
LOAD /usr/lib/gcc-lib/i686-pc-linux-gnu/2.95.3/libgcc.a
LOAD /usr/lib/libc.so
START GROUP
LOAD /lib/libc.so.6
LOAD /usr/lib/libc_nonshared.a
END GROUP
LOAD /usr/lib/gcc-lib/i686-pc-linux-gnu/2.95.3/libgcc.a
LOAD /usr/lib/gcc-lib/i686-pc-linux-gnu/2.95.3/crtend.o
LOAD /usr/lib/crtn.o
                0x080480f4                . = (0x8048000 + SIZEOF_HEADERS)

.interp         0x080480f4       0x13
 *(.interp)
 .interp        0x080480f4       0x13 /usr/lib/crt1.o

.note.ABI-tag   0x08048108       0x20
 .note.ABI-tag  0x08048108       0x20 /usr/lib/crt1.o

.hash           0x08048128      0x428
 *(.hash)
 .hash          0x08048128      0x428 /usr/lib/crt1.o

.dynsym         0x08048550      0x850
 *(.dynsym)
 .dynsym        0x08048550      0x850 /usr/lib/crt1.o

.dynstr         0x08048da0      0x424
 *(.dynstr)
 .dynstr        0x08048da0      0x424 /usr/lib/crt1.o

.gnu.version    0x080491c4      0x10a
 *(.gnu.version)
 .gnu.version   0x080491c4      0x10a /usr/lib/crt1.o

.gnu.version_d
 *(.gnu.version_d)

.gnu.version_r  0x080492d0       0x60
 *(.gnu.version_r)
 .gnu.version_r
                0x080492d0       0x60 /usr/lib/crt1.o

.rel.dyn        0x08049330       0x58
 *(.rel.init)
 *(.rel.text .rel.text.* .rel.gnu.linkonce.t.*)
 *(.rel.fini)
 *(.rel.rodata .rel.rodata.* .rel.gnu.linkonce.r.*)
 *(.rel.data .rel.data.* .rel.gnu.linkonce.d.*)
 *(.rel.tdata .rel.tdata.* .rel.gnu.linkonce.td.*)
 *(.rel.tbss .rel.tbss.* .rel.gnu.linkonce.tb.*)
 *(.rel.ctors)
 *(.rel.dtors)
 *(.rel.got)
 .rel.got       0x08049330       0x10 /usr/lib/crt1.o
 *(.rel.bss .rel.bss.* .rel.gnu.linkonce.b.*)
 .rel.bss       0x08049340       0x48 /usr/lib/crt1.o

.rela.dyn
 *(.rela.init)
 *(.rela.text .rela.text.* .rela.gnu.linkonce.t.*)
 *(.rela.fini)
 *(.rela.rodata .rela.rodata.* .rela.gnu.linkonce.r.*)
 *(.rela.data .rela.data.* .rela.gnu.linkonce.d.*)
 *(.rela.tdata .rela.tdata.* .rela.gnu.linkonce.td.*)
 *(.rela.tbss .rela.tbss.* .rela.gnu.linkonce.tb.*)
 *(.rela.ctors)
 *(.rela.dtors)
 *(.rela.got)
 *(.rela.bss .rela.bss.* .rela.gnu.linkonce.b.*)

.rel.plt        0x08049388      0x3b8
 *(.rel.plt)
 .rel.plt       0x08049388      0x3b8 /usr/lib/crt1.o

.rela.plt
 *(.rela.plt)

.init           0x08049740       0x25
 *(.init)
 .init          0x08049740       0x18 /usr/lib/crti.o
                0x08049740                _init
 .init          0x08049758        0x5 /usr/lib/gcc-lib/i686-pc-linux-gnu/2.95.3/crtbegin.o
 .init          0x0804975d        0x5 /usr/lib/gcc-lib/i686-pc-linux-gnu/2.95.3/crtend.o
 .init          0x08049762        0x3 /usr/lib/crtn.o

.plt            0x08049768      0x780
 *(.plt)
 .plt           0x08049768      0x780 /usr/lib/crt1.o
                0x08049778                __umoddi3@@GLIBC_2.0
                0x08049788                readlink@@GLIBC_2.0
                0x08049798                cos@@GLIBC_2.0
                0x080497a8                ntohl@@GLIBC_2.0
                0x080497b8                inet_netof@@GLIBC_2.0
                0x080497c8                __strtod_internal@@GLIBC_2.0
                0x080497d8                ferror@@GLIBC_2.0
                0x080497e8                vsprintf@@GLIBC_2.0
                0x080497f8                strchr@@GLIBC_2.0
                0x08049808                feof@@GLIBC_2.0
                0x08049818                atan@@GLIBC_2.0
                0x08049828                ungetc@@GLIBC_2.0
                0x08049838                getpid@@GLIBC_2.0
                0x08049848                __register_frame_info@@GLIBC_2.0
                0x08049858                write@@GLIBC_2.0
                0x08049868                localtime@@GLIBC_2.0
                0x08049878                fileno@@GLIBC_2.0
                0x08049888                strcmp@@GLIBC_2.0
                0x08049898                close@@GLIBC_2.0
                0x080498a8                asin@@GLIBC_2.0
                0x080498b8                perror@@GLIBC_2.0
                0x080498c8                fprintf@@GLIBC_2.0
                0x080498d8                tmpfile@@GLIBC_2.1
                0x080498e8                tempnam@@GLIBC_2.0
                0x080498f8                getenv@@GLIBC_2.0
                0x08049908                umask@@GLIBC_2.0
                0x08049918                signal@@GLIBC_2.0
                0x08049928                fflush@@GLIBC_2.0
                0x08049938                getservbyname@@GLIBC_2.0
                0x08049948                unlink@@GLIBC_2.0
                0x08049958                freopen@@GLIBC_2.0
                0x08049968                select@@GLIBC_2.0
                0x08049978                htonl@@GLIBC_2.0
                0x08049988                __cxa_atexit@@GLIBC_2.1.3
                0x08049998                getpwuid@@GLIBC_2.0
                0x080499a8                __errno_location@@GLIBC_2.0
                0x080499b8                pow@@GLIBC_2.0
                0x080499c8                rewind@@GLIBC_2.0
                0x080499d8                ftell@@GLIBC_2.0
                0x080499e8                gethostbyaddr@@GLIBC_2.0
                0x080499f8                chmod@@GLIBC_2.0
                0x08049a08                access@@GLIBC_2.0
                0x08049a18                inet_ntoa@@GLIBC_2.0
                0x08049a28                malloc@@GLIBC_2.0
                0x08049a38                fread@@GLIBC_2.0
                0x08049a48                memmove@@GLIBC_2.0
                0x08049a58                clearerr@@GLIBC_2.0
                0x08049a68                __deregister_frame_info@@GLIBC_2.0
                0x08049a78                syslog@@GLIBC_2.0
                0x08049a88                getsockopt@@GLIBC_2.0
                0x08049a98                abort@@GLIBC_2.0
                0x08049aa8                __sigsetjmp@@GLIBC_2.0
                0x08049ab8                __xstat@@GLIBC_2.0
                0x08049ac8                setsockopt@@GLIBC_2.0
                0x08049ad8                getpeername@@GLIBC_2.0
                0x08049ae8                vfprintf@@GLIBC_2.0
                0x08049af8                fseek@@GLIBC_2.0
                0x08049b08                time@@GLIBC_2.0
                0x08049b18                cosh@@GLIBC_2.0
                0x08049b28                fgets@@GLIBC_2.0
                0x08049b38                ntohs@@GLIBC_2.0
                0x08049b48                __fxstat@@GLIBC_2.0
                0x08049b58                fputs@@GLIBC_2.0
                0x08049b68                strstr@@GLIBC_2.0
                0x08049b78                longjmp@@GLIBC_2.0
                0x08049b88                sleep@@GLIBC_2.0
                0x08049b98                __strtol_internal@@GLIBC_2.0
                0x08049ba8                __udivdi3@@GLIBC_2.0
                0x08049bb8                atan2@@GLIBC_2.0
                0x08049bc8                strncmp@@GLIBC_2.0
                0x08049bd8                inet_addr@@GLIBC_2.0
                0x08049be8                floor@@GLIBC_2.0
                0x08049bf8                __libc_start_main@@GLIBC_2.0
                0x08049c08                exp@@GLIBC_2.0
                0x08049c18                tanh@@GLIBC_2.0
                0x08049c28                realloc@@GLIBC_2.0
                0x08049c38                tan@@GLIBC_2.0
                0x08049c48                printf@@GLIBC_2.0
                0x08049c58                getuid@@GLIBC_2.0
                0x08049c68                lseek@@GLIBC_2.0
                0x08049c78                memcpy@@GLIBC_2.0
                0x08049c88                sqrt@@GLIBC_2.0
                0x08049c98                fclose@@GLIBC_2.1
                0x08049ca8                getsockname@@GLIBC_2.0
                0x08049cb8                strrchr@@GLIBC_2.0
                0x08049cc8                ctime@@GLIBC_2.0
                0x08049cd8                isdigit@@GLIBC_2.0
                0x08049ce8                gethostname@@GLIBC_2.0
                0x08049cf8                open@@GLIBC_2.0
                0x08049d08                gethostbyname@@GLIBC_2.0
                0x08049d18                exit@@GLIBC_2.0
                0x08049d28                atoi@@GLIBC_2.0
                0x08049d38                getegid@@GLIBC_2.0
                0x08049d48                calloc@@GLIBC_2.0
                0x08049d58                sscanf@@GLIBC_2.0
                0x08049d68                _IO_putc@@GLIBC_2.0
                0x08049d78                free@@GLIBC_2.0
                0x08049d88                send@@GLIBC_2.0
                0x08049d98                ioctl@@GLIBC_2.0
                0x08049da8                htons@@GLIBC_2.0
                0x08049db8                isatty@@GLIBC_2.0
                0x08049dc8                acos@@GLIBC_2.0
                0x08049dd8                memset@@GLIBC_2.0
                0x08049de8                connect@@GLIBC_2.0
                0x08049df8                strncpy@@GLIBC_2.0
                0x08049e08                drem@@GLIBC_2.0
                0x08049e18                fopen@@GLIBC_2.1
                0x08049e28                strtok@@GLIBC_2.0
                0x08049e38                recv@@GLIBC_2.0
                0x08049e48                sprintf@@GLIBC_2.0
                0x08049e58                fwrite@@GLIBC_2.0
                0x08049e68                sin@@GLIBC_2.0
                0x08049e78                socket@@GLIBC_2.0
                0x08049e88                _IO_getc@@GLIBC_2.0
                0x08049e98                log@@GLIBC_2.0
                0x08049ea8                read@@GLIBC_2.0
                0x08049eb8                geteuid@@GLIBC_2.0
                0x08049ec8                sinh@@GLIBC_2.0
                0x08049ed8                strcpy@@GLIBC_2.0

.text           0x08049ef0   0x137370
 *(.text .stub .text.* .gnu.linkonce.t.*)
 .text          0x08049ef0       0x24 /usr/lib/crt1.o
                0x08049ef0                _start
 .text          0x08049f14       0x24 /usr/lib/crti.o
 *fill*         0x08049f38        0x8 90909090
 .text          0x08049f40       0xa0 /usr/lib/gcc-lib/i686-pc-linux-gnu/2.95.3/crtbegin.o
 .text          0x08049fe0    0x10332 mccj623_105j.o
                0x0804ee88                mcusev_
                0x08054ce8                meanjet_
                0x0804a258                mcevbl_
                0x08050664                fin3out_
                0x0804a260                mcpobl_
                0x0804a474                mcusin_
                0x08055cdc                pymaxi_
                0x0804a038                cjuser_
                0x080532b8                jtfill_
                0x08052c40                mcanal_
                0x0805257c                qqctrk_
                0x08049fe0                MAIN__
                0x08052480                qqboos_
                0x080527a4                mcfima_
                0x08054838                ytest_
                0x080507b0                mcfill_
                0x0804fbdc                mcusfi_
                0x0804a268                mcusff_
 *fill*         0x0805a312        0xe 90909090
 .text          0x0805a320      0x1e9 /home/pcl2483/pedro/jadesoft/util/mcgen/Plib/libmc105j.a(mcgetf.o)
                0x0805a320                mcgetf_
 *fill*         0x0805a509        0x7 90909090
 .text          0x0805a510      0x6ac /home/pcl2483/pedro/jadesoft/util/mcgen/Plib/libmc105j.a(mcgeth.o)
                0x0805a510                mcgeth_
 *fill*         0x0805abbc        0x4 90909090
 .text          0x0805abc0      0x69f /home/pcl2483/pedro/jadesoft/util/mcgen/Plib/libmc105j.a(mcgetp.o)
                0x0805abc0                mcgetp_
 *fill*         0x0805b25f        0x1 90909090
 .text          0x0805b260      0x504 /home/pcl2483/pedro/jadesoft/util/mcgen/Plib/libmc105j.a(mcinit.o)
                0x0805b260                mcinit_
 *fill*         0x0805b764        0xc 90909090
 .text          0x0805b770      0x8db /home/pcl2483/pedro/jadesoft/util/mcgen/Plib/libmc105j.a(mcwrit.o)
                0x0805b770                mcwrit_
 *fill*         0x0805c04b        0x5 90909090
 .text          0x0805c050      0xd64 /home/pcl2483/pedro/jadesoft/util/mcgen/Plib/libmc105j.a(pxeecb.o)
                0x0805c050                pxeecb_
 *fill*         0x0805cdb4        0xc 90909090
 .text          0x0805cdc0      0xe91 /home/pcl2483/pedro/jadesoft/util/mcgen/Plib/libmc105j.a(evwrtj.o)
                0x0805cdc0                evwrtj_
 *fill*         0x0805dc51        0xf 90909090
 .text          0x0805dc60      0x166 /home/pcl2483/pedro/jadesoft/util/mcgen/Plib/libmc105j.a(incprd.o)
                0x0805dc60                incprd_
 *fill*         0x0805ddc6        0xa 90909090
 .text          0x0805ddd0      0x16b /home/pcl2483/pedro/jadesoft/util/mcgen/Plib/libmc105j.a(jadeco.o)
                0x0805ddd0                jadeco_
 *fill*         0x0805df3b        0x5 90909090
 .text          0x0805df40      0xcd0 /home/pcl2483/pedro/jadesoft/util/mcgen/Plib/libmc105j.a(jtconv.o)
                0x0805df40                jtconv_
 .text          0x0805ec10      0x539 /home/pcl2483/pedro/jadesoft/util/mcgen/Plib/libmc105j.a(mcrnst.o)
                0x0805ec10                mcrnst_
 *fill*         0x0805f149        0x7 90909090
 .text          0x0805f150        0x9 /home/pcl2483/pedro/jadesoft/util/mcgen/Plib/libmc105j.a(ntcprd.o)
                0x0805f150                ntcprd_
 *fill*         0x0805f159        0x7 90909090
 .text          0x0805f160      0x81b /home/pcl2483/pedro/jadesoft/util/mcgen/Plib/libmc105j.a(prcprd.o)
                0x0805f160                prcprd_
 *fill*         0x0805f97b        0x5 90909090
 .text          0x0805f980      0x6c4 /home/pcl2483/pedro/jadesoft/util/mcgen/Plib/libmc105j.a(wrcprd.o)
                0x0805f980                wrcprd_
 *fill*         0x08060044        0xc 90909090
 .text          0x08060050       0xe4 /home/pcl2483/pedro/jadesoft/util/mcgen/Plib/libcoj623d.a(cojets.o)
                0x08060050                cojets_
 *fill*         0x08060134        0xc 90909090
 .text          0x08060140      0x96d /home/pcl2483/pedro/jadesoft/util/mcgen/Plib/libcoj623d.a(cjdata.o)
                0x08060140                cjdata_
 *fill*         0x08060aad        0x3 90909090
 .text          0x08060ab0      0x106 /home/pcl2483/pedro/jadesoft/util/mcgen/Plib/libcoj623d.a(cjgeve.o)
                0x08060ab0                cjgeve_
 *fill*         0x08060bb6        0xa 90909090
 .text          0x08060bc0      0xd36 /home/pcl2483/pedro/jadesoft/util/mcgen/Plib/libcoj623d.a(cjheat.o)
                0x08060bc0                cjheat_
 *fill*         0x080618f6        0xa 90909090
 .text          0x08061900     0x155a /home/pcl2483/pedro/jadesoft/util/mcgen/Plib/libcoj623d.a(cjhgev.o)
                0x08061900                cjhgev_
 *fill*         0x08062e5a        0x6 90909090
 .text          0x08062e60     0x169e /home/pcl2483/pedro/jadesoft/util/mcgen/Plib/libcoj623d.a(cjhpre.o)
                0x08062e60                cjhpre_
 *fill*         0x080644fe        0x2 90909090
 .text          0x08064500     0x15ff /home/pcl2483/pedro/jadesoft/util/mcgen/Plib/libcoj623d.a(cjiall.o)
                0x08064500                cjiall_
 *fill*         0x08065aff        0x1 90909090
 .text          0x08065b00       0x24 /home/pcl2483/pedro/jadesoft/util/mcgen/Plib/libcoj623d.a(cjidge.o)
                0x08065b00                cjidge_
 *fill*         0x08065b24        0xc 90909090
 .text          0x08065b30     0x125f /home/pcl2483/pedro/jadesoft/util/mcgen/Plib/libcoj623d.a(cjmatc.o)
                0x08065b30                cjmatc_
 *fill*         0x08066d8f        0x1 90909090
 .text          0x08066d90       0x8f /home/pcl2483/pedro/jadesoft/util/mcgen/Plib/libcoj623d.a(cjpdg.o)
                0x08066d90                cjpdg_
 *fill*         0x08066e1f        0x1 90909090
 .text          0x08066e20       0xd6 /home/pcl2483/pedro/jadesoft/util/mcgen/Plib/libcoj623d.a(cjptab.o)
                0x08066e20                cjptab_
 *fill*         0x08066ef6        0xa 90909090
 .text          0x08066f00      0x4b9 /home/pcl2483/pedro/jadesoft/util/mcgen/Plib/libcoj623d.a(cjqcds.o)
                0x08066f00                cjqcds_
 *fill*         0x080673b9        0x7 90909090
 .text          0x080673c0      0x77c /home/pcl2483/pedro/jadesoft/util/mcgen/Plib/libcoj623d.a(cjqcdt.o)
                0x080673c0                cjqcdt_
 *fill*         0x08067b3c        0x4 90909090
 .text          0x08067b40       0xd4 /home/pcl2483/pedro/jadesoft/util/mcgen/Plib/libcoj623d.a(cjqsge.o)
                0x08067b40                cjqsge_
 *fill*         0x08067c14        0xc 90909090
 .text          0x08067c20      0x46a /home/pcl2483/pedro/jadesoft/util/mcgen/Plib/libcoj623d.a(cjrept.o)
                0x08067c20                cjrept_
 *fill*         0x0806808a        0x6 90909090
 .text          0x08068090     0x6977 /home/pcl2483/pedro/jadesoft/util/mcgen/Plib/libcoj623d.a(cjrinp.o)
                0x08068090                cjrinp_
 *fill*         0x0806ea07        0x9 90909090
 .text          0x0806ea10     0x1940 /home/pcl2483/pedro/jadesoft/util/mcgen/Plib/libcoj623d.a(cjrtab.o)
                0x0806ea10                cjrtab_
 .text          0x08070350      0x1b9 /home/pcl2483/pedro/jadesoft/util/mcgen/Plib/libcoj623d.a(cjstab.o)
                0x08070350                cjstab_
 *fill*         0x08070509        0x7 90909090
 .text          0x08070510      0xb87 /home/pcl2483/pedro/jadesoft/util/mcgen/Plib/libcoj623d.a(cjtevo.o)
                0x08070510                cjtevo_
 *fill*         0x08071097        0x9 90909090
 .text          0x080710a0       0x24 /home/pcl2483/pedro/jadesoft/util/mcgen/Plib/libcoj623d.a(cjtlft.o)
                0x080710a0                cjtlft_
 *fill*         0x080710c4        0xc 90909090
 .text          0x080710d0       0x44 /home/pcl2483/pedro/jadesoft/util/mcgen/Plib/libcoj623d.a(f2lxcj.o)
                0x080710d0                f2lxcj_
 *fill*         0x08071114        0xc 90909090
 .text          0x08071120       0x69 /home/pcl2483/pedro/jadesoft/util/mcgen/Plib/libcoj623d.a(f2xxcj.o)
                0x08071120                f2xxcj_
 *fill*         0x08071189        0x7 90909090
 .text          0x08071190      0x164 /home/pcl2483/pedro/jadesoft/util/mcgen/Plib/libcoj623d.a(fglucj.o)
                0x08071190                fglucj_
 *fill*         0x080712f4        0xc 90909090
 .text          0x08071300       0xe4 /home/pcl2483/pedro/jadesoft/util/mcgen/Plib/libcoj623d.a(fqrkcj.o)
                0x08071300                fqrkcj_
 *fill*         0x080713e4        0xc 90909090
 .text          0x080713f0       0x57 /home/pcl2483/pedro/jadesoft/util/mcgen/Plib/libcoj623d.a(idexcj.o)
                0x080713f0                idexcj_
 *fill*         0x08071447        0x9 90909090
 .text          0x08071450      0x5dc /home/pcl2483/pedro/jadesoft/util/mcgen/Plib/libcoj623d.a(inidcj.o)
                0x08071450                inidcj_
 *fill*         0x08071a2c        0x4 90909090
 .text          0x08071a30      0x897 /home/pcl2483/pedro/jadesoft/util/mcgen/Plib/libcoj623d.a(ipdgcj.o)
                0x08071a30                ipdgcj_
 *fill*         0x080722c7        0x9 90909090
 .text          0x080722d0      0x8cb /home/pcl2483/pedro/jadesoft/util/mcgen/Plib/libcoj623d.a(isacj.o)
                0x080722d0                isacj_
 *fill*         0x08072b9b        0x5 90909090
 .text          0x08072ba0       0x45 /home/pcl2483/pedro/jadesoft/util/mcgen/Plib/libcoj623d.a(jdencj.o)
                0x08072ba0                jdencj_
 *fill*         0x08072be5        0xb 90909090
 .text          0x08072bf0      0x2ec /home/pcl2483/pedro/jadesoft/util/mcgen/Plib/libcoj623d.a(lablcj.o)
                0x08072bf0                lablcj_
 *fill*         0x08072edc        0x4 90909090
 .text          0x08072ee0      0x14e /home/pcl2483/pedro/jadesoft/util/mcgen/Plib/libcoj623d.a(papicj.o)
                0x08072ee0                papicj_
 *fill*         0x0807302e        0x2 90909090
 .text          0x08073030       0x1f /home/pcl2483/pedro/jadesoft/util/mcgen/Plib/libcoj623d.a(ptwgcj.o)
                0x08073030                ptwgcj_
 *fill*         0x0807304f        0x1 90909090
 .text          0x08073050       0x59 /home/pcl2483/pedro/jadesoft/util/mcgen/Plib/libcoj623d.a(rncj.o)
                0x08073050                rncj_
 *fill*         0x080730a9        0x7 90909090
 .text          0x080730b0      0x15a /home/pcl2483/pedro/jadesoft/util/mcgen/Plib/libcoj623d.a(amascj.o)
                0x080730b0                amascj_
 *fill*         0x0807320a        0x6 90909090
 .text          0x08073210      0x85c /home/pcl2483/pedro/jadesoft/util/mcgen/Plib/libcoj623d.a(asimcj.o)
                0x08073210                asimcj_
 *fill*         0x08073a6c        0x4 90909090
 .text          0x08073a70      0x1d7 /home/pcl2483/pedro/jadesoft/util/mcgen/Plib/libcoj623d.a(chrgcj.o)
                0x08073a70                chrgcj_
 *fill*         0x08073c47        0x9 90909090
 .text          0x08073c50      0xf22 /home/pcl2483/pedro/jadesoft/util/mcgen/Plib/libcoj623d.a(cjbgev.o)
                0x08073c50                cjbgev_
 *fill*         0x08074b72        0xe 90909090
 .text          0x08074b80      0x5b1 /home/pcl2483/pedro/jadesoft/util/mcgen/Plib/libcoj623d.a(cjbgpa.o)
                0x08074b80                cjbgpa_
 *fill*         0x08075131        0xf 90909090
 .text          0x08075140      0x24a /home/pcl2483/pedro/jadesoft/util/mcgen/Plib/libcoj623d.a(cjbook.o)
                0x08075140                cjbook_
 *fill*         0x0807538a        0x6 90909090
 .text          0x08075390      0x8ce /home/pcl2483/pedro/jadesoft/util/mcgen/Plib/libcoj623d.a(cjboso.o)
                0x08075390                cjboso_
 *fill*         0x08075c5e        0x2 90909090
 .text          0x08075c60     0x1b40 /home/pcl2483/pedro/jadesoft/util/mcgen/Plib/libcoj623d.a(cjbpre.o)
                0x08075c60                cjbpre_
 .text          0x080777a0     0x357e /home/pcl2483/pedro/jadesoft/util/mcgen/Plib/libcoj623d.a(cjdecp.o)
                0x080778e4                cjdecp_
 *fill*         0x0807ad1e        0x2 90909090
 .text          0x0807ad20       0xdb /home/pcl2483/pedro/jadesoft/util/mcgen/Plib/libcoj623d.a(cjdecy.o)
                0x0807ad20                cjdecy_
 *fill*         0x0807adfb        0x5 90909090
 .text          0x0807ae00      0xb02 /home/pcl2483/pedro/jadesoft/util/mcgen/Plib/libcoj623d.a(cjdsdt.o)
                0x0807ae00                cjdsdt_
 *fill*         0x0807b902        0xe 90909090
 .text          0x0807b910      0x2e6 /home/pcl2483/pedro/jadesoft/util/mcgen/Plib/libcoj623d.a(cjdump.o)
                0x0807b910                cjdump_
 *fill*         0x0807bbf6        0xa 90909090
 .text          0x0807bc00      0x318 /home/pcl2483/pedro/jadesoft/util/mcgen/Plib/libcoj623d.a(cjegev.o)
                0x0807bc00                cjegev_
 *fill*         0x0807bf18        0x8 90909090
 .text          0x0807bf20      0x9cd /home/pcl2483/pedro/jadesoft/util/mcgen/Plib/libcoj623d.a(cjepre.o)
                0x0807bf20                cjepre_
 *fill*         0x0807c8ed        0x3 90909090
 .text          0x0807c8f0      0xa28 /home/pcl2483/pedro/jadesoft/util/mcgen/Plib/libcoj623d.a(cjeqrk.o)
                0x0807c8f0                cjeqrk_
 *fill*         0x0807d318        0x8 90909090
 .text          0x0807d320      0x27c /home/pcl2483/pedro/jadesoft/util/mcgen/Plib/libcoj623d.a(cjesig.o)
                0x0807d320                cjesig_
 *fill*         0x0807d59c        0x4 90909090
 .text          0x0807d5a0     0x1a7c /home/pcl2483/pedro/jadesoft/util/mcgen/Plib/libcoj623d.a(cjevol.o)
                0x0807d5a0                cjevol_
 *fill*         0x0807f01c        0x4 90909090
 .text          0x0807f020      0xb79 /home/pcl2483/pedro/jadesoft/util/mcgen/Plib/libcoj623d.a(cjflac.o)
                0x0807f020                cjflac_
 *fill*         0x0807fb99        0x7 90909090
 .text          0x0807fba0      0x86c /home/pcl2483/pedro/jadesoft/util/mcgen/Plib/libcoj623d.a(cjfrce.o)
                0x0807fba0                cjfrce_
 *fill*         0x0808040c        0x4 90909090
 .text          0x08080410       0x64 /home/pcl2483/pedro/jadesoft/util/mcgen/Plib/libcoj623d.a(cjgcod.o)
                0x08080410                cjgcod_
 *fill*         0x08080474        0xc 90909090
 .text          0x08080480      0x2b9 /home/pcl2483/pedro/jadesoft/util/mcgen/Plib/libcoj623d.a(cjgeq.o)
                0x08080480                cjgeq_
 *fill*         0x08080739        0x7 90909090
 .text          0x08080740      0x6da /home/pcl2483/pedro/jadesoft/util/mcgen/Plib/libcoj623d.a(cjgexm.o)
                0x08080740                cjgexm_
 *fill*         0x08080e1a        0x6 90909090
 .text          0x08080e20      0xb82 /home/pcl2483/pedro/jadesoft/util/mcgen/Plib/libcoj623d.a(cjgpar.o)
                0x08080e20                cjgpar_
 *fill*         0x080819a2        0xe 90909090
 .text          0x080819b0      0x77f /home/pcl2483/pedro/jadesoft/util/mcgen/Plib/libcoj623d.a(cjhadc.o)
                0x080819b0                cjhadc_
 *fill*         0x0808212f        0x1 90909090
 .text          0x08082130      0x84d /home/pcl2483/pedro/jadesoft/util/mcgen/Plib/libcoj623d.a(cjhadr.o)
                0x08082130                cjhadr_
 *fill*         0x0808297d        0x3 90909090
 .text          0x08082980      0xa9d /home/pcl2483/pedro/jadesoft/util/mcgen/Plib/libcoj623d.a(cjhard.o)
                0x08082980                cjhard_
 *fill*         0x0808341d        0x3 90909090
 .text          0x08083420      0x9ba /home/pcl2483/pedro/jadesoft/util/mcgen/Plib/libcoj623d.a(cjheab.o)
                0x08083420                cjheab_
 *fill*         0x08083dda        0x6 90909090
 .text          0x08083de0      0x654 /home/pcl2483/pedro/jadesoft/util/mcgen/Plib/libcoj623d.a(cjheae.o)
                0x08083de0                cjheae_
 *fill*         0x08084434        0xc 90909090
 .text          0x08084440      0xa6b /home/pcl2483/pedro/jadesoft/util/mcgen/Plib/libcoj623d.a(cjheah.o)
                0x08084440                cjheah_
 *fill*         0x08084eab        0x5 90909090
 .text          0x08084eb0     0x1ad9 /home/pcl2483/pedro/jadesoft/util/mcgen/Plib/libcoj623d.a(cjjetg.o)
                0x08084eb0                cjjetg_
 *fill*         0x08086989        0x7 90909090
 .text          0x08086990     0x1434 /home/pcl2483/pedro/jadesoft/util/mcgen/Plib/libcoj623d.a(cjjetq.o)
                0x08086990                cjjetq_
 *fill*         0x08087dc4        0xc 90909090
 .text          0x08087dd0      0x206 /home/pcl2483/pedro/jadesoft/util/mcgen/Plib/libcoj623d.a(cjlor4.o)
                0x08087dd0                cjlor4_
 *fill*         0x08087fd6        0xa 90909090
 .text          0x08087fe0      0x3ec /home/pcl2483/pedro/jadesoft/util/mcgen/Plib/libcoj623d.a(cjlorl.o)
                0x08087fe0                cjlorl_
 *fill*         0x080883cc        0x4 90909090
 .text          0x080883d0      0x939 /home/pcl2483/pedro/jadesoft/util/mcgen/Plib/libcoj623d.a(cjmbia.o)
                0x080883d0                cjmbia_
 *fill*         0x08088d09        0x7 90909090
 .text          0x08088d10      0x21f /home/pcl2483/pedro/jadesoft/util/mcgen/Plib/libcoj623d.a(cjmeso.o)
                0x08088d10                cjmeso_
 *fill*         0x08088f2f        0x1 90909090
 .text          0x08088f30       0xd4 /home/pcl2483/pedro/jadesoft/util/mcgen/Plib/libcoj623d.a(cjover.o)
                0x08088f30                cjover_
 *fill*         0x08089004        0xc 90909090
 .text          0x08089010      0x5c1 /home/pcl2483/pedro/jadesoft/util/mcgen/Plib/libcoj623d.a(cjqtge.o)
                0x08089010                cjqtge_
 *fill*         0x080895d1        0xf 90909090
 .text          0x080895e0      0xa74 /home/pcl2483/pedro/jadesoft/util/mcgen/Plib/libcoj623d.a(cjrcry.o)
                0x0808a008                cjrcut_
                0x0808a02c                cjrcgo_
                0x08089fe4                cjrcin_
                0x08089fb8                cjrcry_
 *fill*         0x0808a054        0xc 90909090
 .text          0x0808a060      0x200 /home/pcl2483/pedro/jadesoft/util/mcgen/Plib/libcoj623d.a(cjrotp.o)
                0x0808a060                cjrotp_
 .text          0x0808a260      0x1d4 /home/pcl2483/pedro/jadesoft/util/mcgen/Plib/libcoj623d.a(cjtbk1.o)
                0x0808a260                cjtbk1_
 *fill*         0x0808a434        0xc 90909090
 .text          0x0808a440      0x129 /home/pcl2483/pedro/jadesoft/util/mcgen/Plib/libcoj623d.a(cjtbk2.o)
                0x0808a440                cjtbk2_
 *fill*         0x0808a569        0x7 90909090
 .text          0x0808a570     0x16ff /home/pcl2483/pedro/jadesoft/util/mcgen/Plib/libcoj623d.a(cjtdcy.o)
                0x0808a5c8                cjtdcy_
 *fill*         0x0808bc6f        0x1 90909090
 .text          0x0808bc70      0x59e /home/pcl2483/pedro/jadesoft/util/mcgen/Plib/libcoj623d.a(cjthrs.o)
                0x0808bc70                cjthrs_
 *fill*         0x0808c20e        0x2 90909090
 .text          0x0808c210      0x30c /home/pcl2483/pedro/jadesoft/util/mcgen/Plib/libcoj623d.a(cjzang.o)
                0x0808c210                cjzang_
 *fill*         0x0808c51c        0x4 90909090
 .text          0x0808c520      0x308 /home/pcl2483/pedro/jadesoft/util/mcgen/Plib/libcoj623d.a(cjzgen.o)
                0x0808c520                cjzgen_
 *fill*         0x0808c828        0x8 90909090
 .text          0x0808c830      0x322 /home/pcl2483/pedro/jadesoft/util/mcgen/Plib/libcoj623d.a(cjzges.o)
                0x0808c830                cjzges_
 *fill*         0x0808cb52        0xe 90909090
 .text          0x0808cb60      0x15c /home/pcl2483/pedro/jadesoft/util/mcgen/Plib/libcoj623d.a(cjzlim.o)
                0x0808cb60                cjzlim_
 *fill*         0x0808ccbc        0x4 90909090
 .text          0x0808ccc0       0xac /home/pcl2483/pedro/jadesoft/util/mcgen/Plib/libcoj623d.a(cjzlms.o)
                0x0808ccc0                cjzlms_
 *fill*         0x0808cd6c        0x4 90909090
 .text          0x0808cd70      0x3d6 /home/pcl2483/pedro/jadesoft/util/mcgen/Plib/libcoj623d.a(dexgcj.o)
                0x0808cd70                dexgcj_
 *fill*         0x0808d146        0xa 90909090
 .text          0x0808d150       0x9e /home/pcl2483/pedro/jadesoft/util/mcgen/Plib/libcoj623d.a(dexqcj.o)
                0x0808d150                dexqcj_
 *fill*         0x0808d1ee        0x2 90909090
 .text          0x0808d1f0      0x1e5 /home/pcl2483/pedro/jadesoft/util/mcgen/Plib/libcoj623d.a(dhficj.o)
                0x0808d1f0                dhficj_
 *fill*         0x0808d3d5        0xb 90909090
 .text          0x0808d3e0      0x1c6 /home/pcl2483/pedro/jadesoft/util/mcgen/Plib/libcoj623d.a(dhidcj.o)
                0x0808d3e0                dhidcj_
 *fill*         0x0808d5a6        0xa 90909090
 .text          0x0808d5b0      0x174 /home/pcl2483/pedro/jadesoft/util/mcgen/Plib/libcoj623d.a(dhnicj.o)
                0x0808d5b0                dhnicj_
 *fill*         0x0808d724        0xc 90909090
 .text          0x0808d730      0x223 /home/pcl2483/pedro/jadesoft/util/mcgen/Plib/libcoj623d.a(dhvgcj.o)
                0x0808d730                dhvgcj_
 *fill*         0x0808d953        0xd 90909090
 .text          0x0808d960      0x11f /home/pcl2483/pedro/jadesoft/util/mcgen/Plib/libcoj623d.a(dhvqcj.o)
                0x0808d960                dhvqcj_
 *fill*         0x0808da7f        0x1 90909090
 .text          0x0808da80      0x7a8 /home/pcl2483/pedro/jadesoft/util/mcgen/Plib/libcoj623d.a(f2incj.o)
                0x0808da80                f2incj_
 *fill*         0x0808e228        0x8 90909090
 .text          0x0808e230       0xc8 /home/pcl2483/pedro/jadesoft/util/mcgen/Plib/libcoj623d.a(pdxcj.o)
                0x0808e230                pdxcj_
 *fill*         0x0808e2f8        0x8 90909090
 .text          0x0808e300      0x3db /home/pcl2483/pedro/jadesoft/util/mcgen/Plib/libcoj623d.a(pdzxcj.o)
                0x0808e300                pdzxcj_
 *fill*         0x0808e6db        0x5 90909090
 .text          0x0808e6e0      0x274 /home/pcl2483/pedro/jadesoft/util/mcgen/Plib/libcoj623d.a(zxsecj.o)
                0x0808e6e0                zxsecj_
 *fill*         0x0808e954        0xc 90909090
 .text          0x0808e960      0x134 /home/pcl2483/pedro/jadesoft/util/mcgen/Plib/libcoj623d.a(amawcj.o)
                0x0808e960                amawcj_
 *fill*         0x0808ea94        0xc 90909090
 .text          0x0808eaa0       0x5a /home/pcl2483/pedro/jadesoft/util/mcgen/Plib/libcoj623d.a(betacj.o)
                0x0808eaa0                betacj_
 *fill*         0x0808eafa        0x6 90909090
 .text          0x0808eb00      0x327 /home/pcl2483/pedro/jadesoft/util/mcgen/Plib/libcoj623d.a(bkjeve.o)
                0x0808eb00                bkjeve_
 *fill*         0x0808ee27        0x9 90909090
 .text          0x0808ee30      0x62a /home/pcl2483/pedro/jadesoft/util/mcgen/Plib/libcoj623d.a(bkjsta.o)
                0x0808ee30                bkjsta_
 *fill*         0x0808f45a        0x6 90909090
 .text          0x0808f460     0x11c5 /home/pcl2483/pedro/jadesoft/util/mcgen/Plib/libcoj623d.a(bkstar.o)
                0x0808f884                bkstar_
 *fill*         0x08090625        0xb 90909090
 .text          0x08090630      0x56a /home/pcl2483/pedro/jadesoft/util/mcgen/Plib/libcoj623d.a(cjalia.o)
                0x08090630                cjalia_
 *fill*         0x08090b9a        0x6 90909090
 .text          0x08090ba0      0x760 /home/pcl2483/pedro/jadesoft/util/mcgen/Plib/libcoj623d.a(cjbary.o)
                0x08090ba0                cjbary_
 .text          0x08091300      0x91e /home/pcl2483/pedro/jadesoft/util/mcgen/Plib/libcoj623d.a(cjbask.o)
                0x08091300                cjbask_
 *fill*         0x08091c1e        0x2 90909090
 .text          0x08091c20      0x112 /home/pcl2483/pedro/jadesoft/util/mcgen/Plib/libcoj623d.a(cjbgex.o)
                0x08091c20                cjbgex_
 *fill*         0x08091d32        0xe 90909090
 .text          0x08091d40      0x725 /home/pcl2483/pedro/jadesoft/util/mcgen/Plib/libcoj623d.a(cjbjet.o)
                0x08091d40                cjbjet_
 *fill*         0x08092465        0xb 90909090
 .text          0x08092470      0xae5 /home/pcl2483/pedro/jadesoft/util/mcgen/Plib/libcoj623d.a(cjblbk.o)
                0x08092470                cjblbk_
 *fill*         0x08092f55        0xb 90909090
 .text          0x08092f60      0xfbd /home/pcl2483/pedro/jadesoft/util/mcgen/Plib/libcoj623d.a(cjblep.o)
                0x08092f60                cjblep_
 *fill*         0x08093f1d        0x3 90909090
 .text          0x08093f20      0x1e9 /home/pcl2483/pedro/jadesoft/util/mcgen/Plib/libcoj623d.a(cjdmat.o)
                0x08093f20                cjdmat_
 *fill*         0x08094109        0x7 90909090
 .text          0x08094110      0x45f /home/pcl2483/pedro/jadesoft/util/mcgen/Plib/libcoj623d.a(cjgex.o)
                0x08094110                cjgex_
 *fill*         0x0809456f        0x1 90909090
 .text          0x08094570      0x12e /home/pcl2483/pedro/jadesoft/util/mcgen/Plib/libcoj623d.a(cjgrot.o)
                0x08094570                cjgrot_
 *fill*         0x0809469e        0x2 90909090
 .text          0x080946a0      0x9ff /home/pcl2483/pedro/jadesoft/util/mcgen/Plib/libcoj623d.a(cjjetc.o)
                0x080946a0                cjjetc_
 *fill*         0x0809509f        0x1 90909090
 .text          0x080950a0     0x1e19 /home/pcl2483/pedro/jadesoft/util/mcgen/Plib/libcoj623d.a(cjkno.o)
                0x080950a0                cjkno_
 *fill*         0x08096eb9        0x7 90909090
 .text          0x08096ec0       0xe0 /home/pcl2483/pedro/jadesoft/util/mcgen/Plib/libcoj623d.a(cjmovl.o)
                0x08096ec0                cjmovl_
 .text          0x08096fa0      0xa18 /home/pcl2483/pedro/jadesoft/util/mcgen/Plib/libcoj623d.a(cjp4cr.o)
                0x08096fa0                cjp4cr_
 *fill*         0x080979b8        0x8 90909090
 .text          0x080979c0      0x1ee /home/pcl2483/pedro/jadesoft/util/mcgen/Plib/libcoj623d.a(cjwang.o)
                0x080979c0                cjwang_
 *fill*         0x08097bae        0x2 90909090
 .text          0x08097bb0      0xe3e /home/pcl2483/pedro/jadesoft/util/mcgen/Plib/libcoj623d.a(cjwdec.o)
                0x08097bb0                cjwdec_
 *fill*         0x080989ee        0x2 90909090
 .text          0x080989f0      0xb13 /home/pcl2483/pedro/jadesoft/util/mcgen/Plib/libcoj623d.a(cjwrad.o)
                0x080989f0                cjwrad_
 *fill*         0x08099503        0xd 90909090
 .text          0x08099510      0x339 /home/pcl2483/pedro/jadesoft/util/mcgen/Plib/libcoj623d.a(cjwrqz.o)
                0x08099510                cjwrqz_
 *fill*         0x08099849        0x7 90909090
 .text          0x08099850      0xde3 /home/pcl2483/pedro/jadesoft/util/mcgen/Plib/libcoj623d.a(cjzdec.o)
                0x08099850                cjzdec_
 *fill*         0x0809a633        0xd 90909090
 .text          0x0809a640      0xa63 /home/pcl2483/pedro/jadesoft/util/mcgen/Plib/libcoj623d.a(cjzrad.o)
                0x0809a640                cjzrad_
 *fill*         0x0809b0a3        0xd 90909090
 .text          0x0809b0b0      0x276 /home/pcl2483/pedro/jadesoft/util/mcgen/Plib/libcoj623d.a(cjzrqz.o)
                0x0809b0b0                cjzrqz_
 *fill*         0x0809b326        0xa 90909090
 .text          0x0809b330      0x50d /home/pcl2483/pedro/jadesoft/util/mcgen/Plib/libcoj623d.a(dlogbk.o)
                0x0809b330                dlogbk_
 *fill*         0x0809b83d        0x3 90909090
 .text          0x0809b840      0xc33 /home/pcl2483/pedro/jadesoft/util/mcgen/Plib/libcoj623d.a(ehl1cj.o)
                0x0809b840                ehl1cj_
 *fill*         0x0809c473        0xd 90909090
 .text          0x0809c480      0xc33 /home/pcl2483/pedro/jadesoft/util/mcgen/Plib/libcoj623d.a(ehl2cj.o)
                0x0809c480                ehl2cj_
 *fill*         0x0809d0b3        0xd 90909090
 .text          0x0809d0c0      0x1fa /home/pcl2483/pedro/jadesoft/util/mcgen/Plib/libcoj623d.a(framcj.o)
                0x0809d0c0                framcj_
 *fill*         0x0809d2ba        0x6 90909090
 .text          0x0809d2c0      0x263 /home/pcl2483/pedro/jadesoft/util/mcgen/Plib/libcoj623d.a(gammcj.o)
                0x0809d2c0                gammcj_
 *fill*         0x0809d523        0xd 90909090
 .text          0x0809d530      0x309 /home/pcl2483/pedro/jadesoft/util/mcgen/Plib/libcoj623d.a(rnf1bk.o)
                0x0809d530                rnf1bk_
 *fill*         0x0809d839        0x7 90909090
 .text          0x0809d840      0xb3b /home/pcl2483/pedro/jadesoft/util/mcgen/Plib/libcoj623d.a(wthbk.o)
                0x0809d840                wthbk_
 *fill*         0x0809e37b        0x5 90909090
 .text          0x0809e380      0x212 /home/pcl2483/pedro/jadesoft/util/mcgen/Plib/libcoj623d.a(xexpcj.o)
                0x0809e380                xexpcj_
 *fill*         0x0809e592        0xe 90909090
 .text          0x0809e5a0      0x5f2 /home/pcl2483/pedro/jadesoft/util/mcgen/Plib/libcoj623d.a(xkdebk.o)
                0x0809e810                xkdebk_
 *fill*         0x0809eb92        0xe 90909090
 .text          0x0809eba0      0x41e /home/pcl2483/pedro/jadesoft/util/mcgen/Plib/libcoj623d.a(bkeven.o)
                0x0809eba0                bkeven_
 *fill*         0x0809efbe        0x2 90909090
 .text          0x0809efc0      0x24b /home/pcl2483/pedro/jadesoft/util/mcgen/Plib/libcoj623d.a(bkfini.o)
                0x0809efc0                bkfini_
 *fill*         0x0809f20b        0x5 90909090
 .text          0x0809f210      0x7c2 /home/pcl2483/pedro/jadesoft/util/mcgen/Plib/libcoj623d.a(bkkino.o)
                0x0809f210                bkkino_
 *fill*         0x0809f9d2        0xe 90909090
 .text          0x0809f9e0      0x291 /home/pcl2483/pedro/jadesoft/util/mcgen/Plib/libcoj623d.a(bkpihi.o)
                0x0809f9e0                bkpihi_
 *fill*         0x0809fc71        0xf 90909090
 .text          0x0809fc80      0x21a /home/pcl2483/pedro/jadesoft/util/mcgen/Plib/libcoj623d.a(bkrrr6.o)
                0x0809fc80                bkrrr6_
 *fill*         0x0809fe9a        0x2 90909090
 .text          0x0809fe9c       0xf5 /home/pcl2483/pedro/jadesoft/util/mcgen/Plib/libcoj623d.a(bkrrr7.o)
                0x0809fe9c                bkrrr7_
 *fill*         0x0809ff91        0xf 90909090
 .text          0x0809ffa0      0x1a4 /home/pcl2483/pedro/jadesoft/util/mcgen/Plib/libcoj623d.a(bksetw.o)
                0x0809ffa0                bksetw_
 *fill*         0x080a0144        0xc 90909090
 .text          0x080a0150      0x204 /home/pcl2483/pedro/jadesoft/util/mcgen/Plib/libcoj623d.a(bkxkge.o)
                0x080a0174                bkxkge_
 .text          0x080a0354      0x101 /home/pcl2483/pedro/jadesoft/util/mcgen/Plib/libcoj623d.a(cjeb.o)
                0x080a0354                cjeb_
 *fill*         0x080a0455        0x3 90909090
 .text          0x080a0458       0x75 /home/pcl2483/pedro/jadesoft/util/mcgen/Plib/libcoj623d.a(fmulcj.o)
                0x080a0458                fmulcj_
 *fill*         0x080a04cd        0x3 90909090
 .text          0x080a04d0      0x54b /home/pcl2483/pedro/jadesoft/util/mcgen/Plib/libcoj623d.a(rrgebk.o)
                0x080a04d0                rrgebk_
 *fill*         0x080a0a1b        0x1 90909090
 .text          0x080a0a1c        0x7 /home/pcl2483/pedro/jadesoft/util/mcgen/Plib/libpythia5722.a(pydata.o)
                0x080a0a1c                pydata_
 *fill*         0x080a0a23        0xd 90909090
 .text          0x080a0a30      0x164 /home/pcl2483/pedro/jadesoft/util/mcgen/Plib/libpythia5722.a(pyevwt.o)
                0x080a0a30                pyevwt_
 *fill*         0x080a0b94        0xc 90909090
 .text          0x080a0ba0     0x35c7 /home/pcl2483/pedro/jadesoft/util/mcgen/Plib/libpythia5722.a(pyklim.o)
                0x080a0ba0                pyklim_
 *fill*         0x080a4167        0x9 90909090
 .text          0x080a4170     0x2582 /home/pcl2483/pedro/jadesoft/util/mcgen/Plib/libpythia5722.a(pykmap.o)
                0x080a4170                pykmap_
 *fill*         0x080a66f2        0xe 90909090
 .text          0x080a6700     0x43db /home/pcl2483/pedro/jadesoft/util/mcgen/Plib/libpythia5722.a(pyofsh.o)
                0x080a6700                pyofsh_
 *fill*         0x080aaadb        0x5 90909090
 .text          0x080aaae0    0x220ef /home/pcl2483/pedro/jadesoft/util/mcgen/Plib/libpythia5722.a(pysigh.o)
                0x080aaae0                pysigh_
 *fill*         0x080ccbcf        0x1 90909090
 .text          0x080ccbd0     0x1885 /home/pcl2483/pedro/jadesoft/util/mcgen/Plib/libpythia5722.a(pystfl.o)
                0x080ccbd0                pystfl_
 *fill*         0x080ce455        0xb 90909090
 .text          0x080ce460     0x2427 /home/pcl2483/pedro/jadesoft/util/mcgen/Plib/libpythia5722.a(pystfu.o)
                0x080ce460                pystfu_
 *fill*         0x080d0887        0x9 90909090
 .text          0x080d0890      0xe84 /home/pcl2483/pedro/jadesoft/util/mcgen/Plib/libpythia5722.a(pystga.o)
                0x080d0890                pystga_
 *fill*         0x080d1714        0xc 90909090
 .text          0x080d1720      0xe49 /home/pcl2483/pedro/jadesoft/util/mcgen/Plib/libpythia5722.a(pystpi.o)
                0x080d1794                pystpi_
 *fill*         0x080d2569        0x7 90909090
 .text          0x080d2570     0x23b1 /home/pcl2483/pedro/jadesoft/util/mcgen/Plib/libpythia5722.a(pystpr.o)
                0x080d25e4                pystpr_
 *fill*         0x080d4921        0xf 90909090
 .text          0x080d4930      0x3b1 /home/pcl2483/pedro/jadesoft/util/mcgen/Plib/libpythia5722.a(pywaux.o)
                0x080d49c8                pywaux_
 *fill*         0x080d4ce1        0xf 90909090
 .text          0x080d4cf0     0xb6b5 /home/pcl2483/pedro/jadesoft/util/mcgen/Plib/libpythia5722.a(pywidt.o)
                0x080d4cf0                pywidt_
 *fill*         0x080e03a5        0xb 90909090
 .text          0x080e03b0     0x8a2d /home/pcl2483/pedro/jadesoft/util/mcgen/Plib/libpythia5722.a(rkbbv.o)
                0x080e03b0                rkbbv_
 *fill*         0x080e8ddd        0x3 90909090
 .text          0x080e8de0       0x46 /home/pcl2483/pedro/jadesoft/util/mcgen/Plib/libpythia5722.a(rkdot.o)
                0x080e8de0                rkdot_
 *fill*         0x080e8e26        0xa 90909090
 .text          0x080e8e30      0x228 /home/pcl2483/pedro/jadesoft/util/mcgen/Plib/libpythia5722.a(rkhlpk.o)
                0x080e8e30                rkhlpk_
 *fill*         0x080e9058        0x8 90909090
 .text          0x080e9060      0x164 /home/pcl2483/pedro/jadesoft/util/mcgen/Plib/libpythia5722.a(rkrand.o)
                0x080e9060                rkrand_
 *fill*         0x080e91c4        0xc 90909090
 .text          0x080e91d0      0x8b2 /home/pcl2483/pedro/jadesoft/util/mcgen/Plib/libpythia5722.a(rkzf.o)
                0x080e91d0                rkzf_
 *fill*         0x080e9a82        0xe 90909090
 .text          0x080e9a90      0x2a4 /home/pcl2483/pedro/jadesoft/util/mcgen/Plib/libpythia5722.a(rkzpr.o)
                0x080e9a90                rkzpr_
 *fill*         0x080e9d34        0xc 90909090
 .text          0x080e9d40      0x3a7 /home/pcl2483/pedro/jadesoft/util/mcgen/Plib/libpythia5722.a(rkzsf.o)
                0x080e9d40                rkzsf_
 *fill*         0x080ea0e7        0x9 90909090
 .text          0x080ea0f0      0x13e /home/pcl2483/pedro/jadesoft/util/mcgen/Plib/libpythia5722.a(structm.o)
                0x080ea0f0                structm_
 *fill*         0x080ea22e        0x2 90909090
 .text          0x080ea230       0x94 /home/pcl2483/pedro/jadesoft/util/mcgen/Plib/libpythia5722.a(pdfset.o)
                0x080ea230                pdfset_
 *fill*         0x080ea2c4        0xc 90909090
 .text          0x080ea2d0     0x58d9 /home/pcl2483/pedro/jadesoft/util/mcgen/Plib/libpythia5722.a(pyctq2.o)
                0x080ea2d0                pyctq2_
 *fill*         0x080efba9        0x7 90909090
 .text          0x080efbb0      0x119 /home/pcl2483/pedro/jadesoft/util/mcgen/Plib/libpythia5722.a(pygamm.o)
                0x080efbb0                pygamm_
 *fill*         0x080efcc9        0x7 90909090
 .text          0x080efcd0     0x1776 /home/pcl2483/pedro/jadesoft/util/mcgen/Plib/libpythia5722.a(pygano.o)
                0x080efcd0                pygano_
 *fill*         0x080f1446        0xa 90909090
 .text          0x080f1450      0x75c /home/pcl2483/pedro/jadesoft/util/mcgen/Plib/libpythia5722.a(pyggam.o)
                0x080f1450                pyggam_
 *fill*         0x080f1bac        0x4 90909090
 .text          0x080f1bb0     0x2734 /home/pcl2483/pedro/jadesoft/util/mcgen/Plib/libpythia5722.a(pygvmd.o)
                0x080f1bb0                pygvmd_
 *fill*         0x080f42e4        0xc 90909090
 .text          0x080f42f0      0x27a /home/pcl2483/pedro/jadesoft/util/mcgen/Plib/libpythia5722.a(pyhfth.o)
                0x080f42f0                pyhfth_
 *fill*         0x080f456a        0x6 90909090
 .text          0x080f4570     0x19c5 /home/pcl2483/pedro/jadesoft/util/mcgen/Plib/libpythia5722.a(pyi3au.o)
                0x080f4570                pyi3au_
 *fill*         0x080f5f35        0xb 90909090
 .text          0x080f5f40     0xae18 /home/pcl2483/pedro/jadesoft/util/mcgen/Plib/libpythia5722.a(pyqqbh.o)
                0x080f5ff4                pyqqbh_
 *fill*         0x08100d58        0x8 90909090
 .text          0x08100d60      0x69d /home/pcl2483/pedro/jadesoft/util/mcgen/Plib/libpythia5722.a(pyspen.o)
                0x08100d60                pyspen_
 *fill*         0x081013fd        0x3 90909090
 .text          0x08101400      0xf4f /home/pcl2483/pedro/jadesoft/util/mcgen/Plib/libpythia5722.a(pystel.o)
                0x08101400                pystel_
 *fill*         0x0810234f        0x1 90909090
 .text          0x08102350      0x4c8 /home/pcl2483/pedro/jadesoft/util/mcgen/Plib/libpythia5722.a(pygbeh.o)
                0x08102350                pygbeh_
 *fill*         0x08102818        0x8 90909090
 .text          0x08102820      0x191 /home/pcl2483/pedro/jadesoft/util/mcgen/Plib/libpythia5722.a(pygdir.o)
                0x08102820                pygdir_
 *fill*         0x081029b1        0xf 90909090
 .text          0x081029c0      0x552 /home/pcl2483/pedro/jadesoft/util/mcgen/Plib/libjt74opal.a(luchge.o)
                0x081029c0                luchge_
 *fill*         0x08102f12        0xe 90909090
 .text          0x08102f20      0x957 /home/pcl2483/pedro/jadesoft/util/mcgen/Plib/libjt74opal.a(lucomp.o)
                0x08102f20                lucomp_
 *fill*         0x08103877        0x1 90909090
 .text          0x08103878        0x7 /home/pcl2483/pedro/jadesoft/util/mcgen/Plib/libjt74opal.a(ludata.o)
                0x08103878                ludata_
 *fill*         0x0810387f        0x1 90909090
 .text          0x08103880     0x2a61 /home/pcl2483/pedro/jadesoft/util/mcgen/Plib/libjt74opal.a(luedit.o)
                0x08103880                luedit_
 *fill*         0x081062e1        0xf 90909090
 .text          0x081062f0      0x2c2 /home/pcl2483/pedro/jadesoft/util/mcgen/Plib/libjt74opal.a(luerrm.o)
                0x081062f0                luerrm_
 *fill*         0x081065b2        0xe 90909090
 .text          0x081065c0     0x14ee /home/pcl2483/pedro/jadesoft/util/mcgen/Plib/libjt74opal.a(luhepc.o)
                0x081065c0                luhepc_
 *fill*         0x08107aae        0x2 90909090
 .text          0x08107ab0     0x2766 /home/pcl2483/pedro/jadesoft/util/mcgen/Plib/libjt74opal.a(lulist.o)
                0x08107ab0                lulist_
 *fill*         0x0810a216        0xa 90909090
 .text          0x0810a220      0x69a /home/pcl2483/pedro/jadesoft/util/mcgen/Plib/libjt74opal.a(lulogo.o)
                0x0810a220                lulogo_
 *fill*         0x0810a8ba        0x6 90909090
 .text          0x0810a8c0      0xdd4 /home/pcl2483/pedro/jadesoft/util/mcgen/Plib/libjt74opal.a(luname.o)
                0x0810a8c0                luname_
 *fill*         0x0810b694        0xc 90909090
 .text          0x0810b6a0      0xc9b /home/pcl2483/pedro/jadesoft/util/mcgen/Plib/libjt74opal.a(lurobo.o)
                0x0810c2c0                lurobo_
                0x0810c2fc                ludbrb_
 *fill*         0x0810c33b        0x5 90909090
 .text          0x0810c340     0x60f3 /home/pcl2483/pedro/jadesoft/util/mcgen/Plib/libjt74opal.a(lutabu.o)
                0x0810c340                lutabu_
 *fill*         0x08112433        0xd 90909090
 .text          0x08112440      0xa80 /home/pcl2483/pedro/jadesoft/util/mcgen/Plib/libjt74opal.a(plu.o)
                0x08112440                plu_
 .text          0x08112ec0      0x597 /home/pcl2483/pedro/jadesoft/util/mcgen/Plib/libjt74opal.a(rlu.o)
                0x08112ec0                rlu_
 *fill*         0x08113457        0x9 90909090
 .text          0x08113460      0x2c7 /home/pcl2483/pedro/jadesoft/util/mcgen/Plib/libjt74opal.a(ulalem.o)
                0x08113460                ulalem_
 *fill*         0x08113727        0x9 90909090
 .text          0x08113730      0x3a3 /home/pcl2483/pedro/jadesoft/util/mcgen/Plib/libjt74opal.a(ulalps.o)
                0x08113730                ulalps_
 *fill*         0x08113ad3        0xd 90909090
 .text          0x08113ae0      0x139 /home/pcl2483/pedro/jadesoft/util/mcgen/Plib/libjt74opal.a(ulangl.o)
                0x08113ae0                ulangl_
 *fill*         0x08113c19        0x7 90909090
 .text          0x08113c20      0x92a /home/pcl2483/pedro/jadesoft/util/mcgen/Plib/libjt74opal.a(ulmass.o)
                0x08113c20                ulmass_
 *fill*         0x0811454a        0x6 90909090
 .text          0x08114550     0x1786 /home/pcl2483/pedro/jadesoft/util/mcgen/Plib/libckern105.a(ckern.o)
                0x08114550                ckern_
 *fill*         0x08115cd6        0xa 90909090
 .text          0x08115ce0      0x42f /home/pcl2483/pedro/jadesoft/util/mcgen/Plib/libckern105.a(cksord.o)
                0x08115ce0                cksord_
 *fill*         0x0811610f        0x1 90909090
 .text          0x08116110      0x1b5 /home/pcl2483/pedro/jadesoft/util/mcgen/Plib/libckern105.a(cnjet.o)
                0x08116110                cnjet_
 *fill*         0x081162c5        0xb 90909090
 .text          0x081162d0      0x217 /home/pcl2483/pedro/jadesoft/util/mcgen/Plib/libpx114.a(pxang3.o)
                0x081162d0                pxang3_
 *fill*         0x081164e7        0x9 90909090
 .text          0x081164f0      0x17f /home/pcl2483/pedro/jadesoft/util/mcgen/Plib/libpx114.a(pxanxy.o)
                0x081164f0                pxanxy_
 *fill*         0x0811666f        0x1 90909090
 .text          0x08116670      0xa8f /home/pcl2483/pedro/jadesoft/util/mcgen/Plib/libpx114.a(pxcone.o)
                0x08116670                pxcone_
 *fill*         0x081170ff        0x1 90909090
 .text          0x08117100       0x6b /home/pcl2483/pedro/jadesoft/util/mcgen/Plib/libpx114.a(pxcopv.o)
                0x08117100                pxcopv_
 *fill*         0x0811716b        0x5 90909090
 .text          0x08117170      0x322 /home/pcl2483/pedro/jadesoft/util/mcgen/Plib/libpx114.a(pxjpdg.o)
                0x08117170                pxjpdg_
 *fill*         0x08117492        0xe 90909090
 .text          0x081174a0      0x70f /home/pcl2483/pedro/jadesoft/util/mcgen/Plib/libpx114.a(pxjsp3.o)
                0x081174a0                pxjsp3_
 *fill*         0x08117baf        0x1 90909090
 .text          0x08117bb0      0x835 /home/pcl2483/pedro/jadesoft/util/mcgen/Plib/libpx114.a(pxlsp3.o)
                0x08117bb0                pxlsp3_
 *fill*         0x081183e5        0xb 90909090
 .text          0x081183f0      0x3f2 /home/pcl2483/pedro/jadesoft/util/mcgen/Plib/libpx114.a(pxlth4.o)
                0x081183f0                pxlth4_
 *fill*         0x081187e2        0xe 90909090
 .text          0x081187f0     0x2507 /home/pcl2483/pedro/jadesoft/util/mcgen/Plib/libpx114.a(pxlut3.o)
                0x081187f0                pxlut3_
 *fill*         0x0811acf7        0x9 90909090
 .text          0x0811ad00      0x11a /home/pcl2483/pedro/jadesoft/util/mcgen/Plib/libpx114.a(pxlzf5.o)
                0x0811ad00                pxlzf5_
 *fill*         0x0811ae1a        0x6 90909090
 .text          0x0811ae20      0x4b2 /home/pcl2483/pedro/jadesoft/util/mcgen/Plib/libpx114.a(pxmmbb.o)
                0x0811ae20                pxmmbb_
 *fill*         0x0811b2d2        0xe 90909090
 .text          0x0811b2e0      0x131 /home/pcl2483/pedro/jadesoft/util/mcgen/Plib/libpx114.a(pxnorv.o)
                0x0811b2e0                pxnorv_
 *fill*         0x0811b411        0xf 90909090
 .text          0x0811b420      0x63c /home/pcl2483/pedro/jadesoft/util/mcgen/Plib/libpx114.a(pxolap.o)
                0x0811b420                pxolap_
 *fill*         0x0811ba5c        0x4 90909090
 .text          0x0811ba60      0x361 /home/pcl2483/pedro/jadesoft/util/mcgen/Plib/libpx114.a(pxord.o)
                0x0811ba60                pxord_
 *fill*         0x0811bdc1        0xf 90909090
 .text          0x0811bdd0      0x1dd /home/pcl2483/pedro/jadesoft/util/mcgen/Plib/libpx114.a(pxplt3.o)
                0x0811bdd0                pxplt3_
 *fill*         0x0811bfad        0x3 90909090
 .text          0x0811bfb0      0x12c /home/pcl2483/pedro/jadesoft/util/mcgen/Plib/libpx114.a(pxplu3.o)
                0x0811bfb0                pxplu3_
 *fill*         0x0811c0dc        0x4 90909090
 .text          0x0811c0e0      0x2ed /home/pcl2483/pedro/jadesoft/util/mcgen/Plib/libpx114.a(pxprrv.o)
                0x0811c0e0                pxprrv_
 *fill*         0x0811c3cd        0x3 90909090
 .text          0x0811c3d0      0x1e9 /home/pcl2483/pedro/jadesoft/util/mcgen/Plib/libpx114.a(pxrap4.o)
                0x0811c3d0                pxrap4_
 *fill*         0x0811c5b9        0x7 90909090
 .text          0x0811c5c0      0x22d /home/pcl2483/pedro/jadesoft/util/mcgen/Plib/libpx114.a(pxrmx3.o)
                0x0811c5c0                pxrmx3_
 *fill*         0x0811c7ed        0x3 90909090
 .text          0x0811c7f0       0xb5 /home/pcl2483/pedro/jadesoft/util/mcgen/Plib/libpx114.a(pxrob3.o)
                0x0811c7f0                pxrob3_
 *fill*         0x0811c8a5        0xb 90909090
 .text          0x0811c8b0       0xb5 /home/pcl2483/pedro/jadesoft/util/mcgen/Plib/libpx114.a(pxrof3.o)
                0x0811c8b0                pxrof3_
 *fill*         0x0811c965        0xb 90909090
 .text          0x0811c970      0x329 /home/pcl2483/pedro/jadesoft/util/mcgen/Plib/libpx114.a(pxsear.o)
                0x0811c970                pxsear_
 *fill*         0x0811cc99        0x7 90909090
 .text          0x0811cca0      0x37f /home/pcl2483/pedro/jadesoft/util/mcgen/Plib/libpx114.a(pxsorv.o)
                0x0811cca0                pxsorv_
 *fill*         0x0811d01f        0x1 90909090
 .text          0x0811d020      0x2d2 /home/pcl2483/pedro/jadesoft/util/mcgen/Plib/libpx114.a(pxtry.o)
                0x0811d020                pxtry_
 *fill*         0x0811d2f2        0xe 90909090
 .text          0x0811d300      0x1ac /home/pcl2483/pedro/jadesoft/util/mcgen/Plib/libpx114.a(pxuvec.o)
                0x0811d300                pxuvec_
 *fill*         0x0811d4ac        0x4 90909090
 .text          0x0811d4b0       0x49 /home/pcl2483/pedro/jadesoft/util/mcgen/Plib/libpx114.a(pxzerv.o)
                0x0811d4b0                pxzerv_
 *fill*         0x0811d4f9        0x7 90909090
 .text          0x0811d500     0x1dee /home/pcl2483/pedro/jadesoft/util/mcgen/Plib/libpx114.a(ykern.o)
                0x0811db08                ykern_
 *fill*         0x0811f2ee        0x2 90909090
 .text          0x0811f2f0      0x134 /home/pcl2483/pedro/jadesoft/util/mcgen/Plib/libpx114.a(ynjet.o)
                0x0811f2f0                ynjet_
 *fill*         0x0811f424        0xc 90909090
 .text          0x0811f430      0x175 /home/pcl2483/pedro/jadesoft/util/mcgen/Plib/libpx114.a(yyjet.o)
                0x0811f430                yyjet_
 *fill*         0x0811f5a5        0xb 90909090
 .text          0x0811f5b0       0x8b /home/pcl2483/pedro/jadesoft/util/mcgen/Plib/libpx114.a(pxaddv.o)
                0x0811f5b0                pxaddv_
 *fill*         0x0811f63b        0x5 90909090
 .text          0x0811f640      0xcdc /home/pcl2483/pedro/jadesoft/util/mcgen/Plib/libpx114.a(pxdiam.o)
                0x0811f640                pxdiam_
 *fill*         0x0812031c        0x4 90909090
 .text          0x08120320      0x3cf /home/pcl2483/pedro/jadesoft/util/mcgen/Plib/libpx114.a(pxmulm.o)
                0x08120320                pxmulm_
 *fill*         0x081206ef        0x1 90909090
 .text          0x081206f0       0xea /home/pcl2483/pedro/jadesoft/util/mcgen/Plib/libpx114.a(pxnew.o)
                0x081206f0                pxnew_
 *fill*         0x081207da        0x6 90909090
 .text          0x081207e0       0x81 /home/pcl2483/pedro/jadesoft/util/mcgen/Plib/libpx114.a(pxsame.o)
                0x081207e0                pxsame_
 *fill*         0x08120861        0xf 90909090
 .text          0x08120870      0x1ff /home/pcl2483/pedro/jadesoft/util/mcgen/Plib/libpx114.a(pxunim.o)
                0x08120870                pxunim_
 *fill*         0x08120a6f        0x1 90909090
 .text          0x08120a70     0x175a /cern/99/lib/libpacklib.a(ffgo.o)
                0x08120a70                ffgo_
 *fill*         0x081221ca        0x2 90909090
 .text          0x081221cc      0x267 /cern/99/lib/libpacklib.a(ffinit.o)
                0x081221cc                ffinit_
 *fill*         0x08122433        0x1 90909090
 .text          0x08122434      0x270 /cern/99/lib/libpacklib.a(ffkey.o)
                0x08122434                ffkey_
 .text          0x081226a4      0x21c /cern/99/lib/libpacklib.a(ffset.o)
                0x081226a4                ffset_
 .text          0x081228c0       0x54 /cern/99/lib/libpacklib.a(ffskip.o)
                0x081228c0                ffskip_
 .text          0x08122914       0x6f /cern/99/lib/libpacklib.a(ffupca.o)
                0x08122914                ffupca_
 *fill*         0x08122983        0x1 90909090
 .text          0x08122984        0x7 /cern/99/lib/libpacklib.a(ffuser.o)
                0x08122984                ffuser_
 *fill*         0x0812298b        0x1 90909090
 .text          0x0812298c       0x15 /cern/99/lib/libpacklib.a(ffuset.o)
                0x0812298c                ffuset_
 *fill*         0x081229a1        0x3 90909090
 .text          0x081229a4      0x19b /cern/99/lib/libpacklib.a(hrput.o)
                0x081229a4                hrput_
 *fill*         0x08122b3f        0x1 90909090
 .text          0x08122b40      0x5eb /cern/99/lib/libpacklib.a(hbook1.o)
                0x08122b40                hbook1_
 *fill*         0x0812312b        0x1 90909090
 .text          0x0812312c      0x680 /cern/99/lib/libpacklib.a(hbook2.o)
                0x0812312c                hbook2_
 .text          0x081237ac      0x5bb /cern/99/lib/libpacklib.a(hbookb.o)
                0x081237ac                hbookb_
 *fill*         0x08123d67        0x1 90909090
 .text          0x08123d68       0x5d /cern/99/lib/libpacklib.a(hbtit.o)
                0x08123d68                hbtit_
 *fill*         0x08123dc5        0x3 90909090
 .text          0x08123dc8      0x1cb /cern/99/lib/libpacklib.a(hbug.o)
                0x08123dc8                hbug_
 *fill*         0x08123f93        0x1 90909090
 .text          0x08123f94      0x634 /cern/99/lib/libpacklib.a(hcdir.o)
                0x08123f94                hcdir_
 .text          0x081245c8      0x158 /cern/99/lib/libpacklib.a(hchnam.o)
                0x081245c8                hchnam_
 .text          0x08124720      0x30a /cern/99/lib/libpacklib.a(hdelet.o)
                0x08124720                hdelet_
 *fill*         0x08124a2a        0x2 90909090
 .text          0x08124a2c      0x1a8 /cern/99/lib/libpacklib.a(hfill.o)
                0x08124a2c                hfill_
 .text          0x08124bd4      0x369 /cern/99/lib/libpacklib.a(hfilpf.o)
                0x08124bd4                hfilpf_
 *fill*         0x08124f3d        0x3 90909090
 .text          0x08124f40      0x244 /cern/99/lib/libpacklib.a(hgive.o)
                0x08124f40                hgive_
 .text          0x08125184      0xa55 /cern/99/lib/libpacklib.a(hidopt.o)
                0x08125184                hidopt_
 *fill*         0x08125bd9        0x3 90909090
 .text          0x08125bdc      0x2e4 /cern/99/lib/libpacklib.a(hlimit.o)
                0x08125bdc                hlimit_
 .text          0x08125ec0       0xff /cern/99/lib/libpacklib.a(hloop.o)
                0x08125ec0                hloop_
 *fill*         0x08125fbf        0x1 90909090
 .text          0x08125fc0      0x543 /cern/99/lib/libpacklib.a(hmachi.o)
                0x08125fc0                hmachi_
 *fill*         0x08126503        0x1 90909090
 .text          0x08126504       0x5e /cern/99/lib/libpacklib.a(hnoent.o)
                0x08126504                hnoent_
 *fill*         0x08126562        0x2 90909090
 .text          0x08126564      0xfc5 /cern/99/lib/libpacklib.a(hopera.o)
                0x08126564                hopera_
 *fill*         0x08127529        0x3 90909090
 .text          0x0812752c      0x1b3 /cern/99/lib/libpacklib.a(hpaff.o)
                0x0812752c                hpaff_
 *fill*         0x081276df        0x1 90909090
 .text          0x081276e0      0x283 /cern/99/lib/libpacklib.a(hpak.o)
                0x081276e0                hpak_
 *fill*         0x08127963        0x1 90909090
 .text          0x08127964      0x175 /cern/99/lib/libpacklib.a(hpake.o)
                0x08127964                hpake_
 *fill*         0x08127ad9        0x3 90909090
 .text          0x08127adc      0x61e /cern/99/lib/libpacklib.a(hpath.o)
                0x08127adc                hpath_
 *fill*         0x081280fa        0x2 90909090
 .text          0x081280fc      0x4ce /cern/99/lib/libpacklib.a(hrebin.o)
                0x081280fc                hrebin_
 *fill*         0x081285ca        0x2 90909090
 .text          0x081285cc      0x64a /cern/99/lib/libpacklib.a(hreset.o)
                0x081285cc                hreset_
 *fill*         0x08128c16        0x2 90909090
 .text          0x08128c18       0xca /cern/99/lib/libpacklib.a(hrez0.o)
                0x08128c18                hrez0_
 *fill*         0x08128ce2        0x2 90909090
 .text          0x08128ce4       0x90 /cern/99/lib/libpacklib.a(hsifla.o)
                0x08128ce4                hsifla_
 .text          0x08128d74       0x8a /cern/99/lib/libpacklib.a(hspace.o)
                0x08128d74                hspace_
 *fill*         0x08128dfe        0x2 90909090
 .text          0x08128e00       0x5f /cern/99/lib/libpacklib.a(hstaf.o)
                0x08128e00                hstaf_
 *fill*         0x08128e5f        0x1 90909090
 .text          0x08128e60      0xbf4 /cern/99/lib/libpacklib.a(hsupis.o)
                0x08128e60                hsupis_
 .text          0x08129a54       0x48 /cern/99/lib/libpacklib.a(huoptc.o)
                0x08129a54                huoptc_
 .text          0x08129a9c      0x1d6 /cern/99/lib/libpacklib.a(hlogpf.o)
                0x08129a9c                hlogpf_
 *fill*         0x08129c72        0x2 90909090
 .text          0x08129c74       0x7f /cern/99/lib/libpacklib.a(hoptpf.o)
                0x08129c74                hoptpf_
 *fill*         0x08129cf3        0x1 90909090
 .text          0x08129cf4      0x130 /cern/99/lib/libpacklib.a(hitoc.o)
                0x08129cf4                hitoc_
 .text          0x08129e24       0xdf /cern/99/lib/libpacklib.a(hnbufd.o)
                0x08129e24                hnbufd_
 *fill*         0x08129f03        0x1 90909090
 .text          0x08129f04       0xd1 /cern/99/lib/libpacklib.a(hntmpd.o)
                0x08129f04                hntmpd_
 *fill*         0x08129fd5        0x3 90909090
 .text          0x08129fd8      0x2ef /cern/99/lib/libpacklib.a(hntrset.o)
                0x08129fd8                hntrset_
 *fill*         0x0812a2c7        0x1 90909090
 .text          0x0812a2c8      0xa4e /cern/99/lib/libpacklib.a(fzin.o)
                0x0812a2c8                fzin_
 *fill*         0x0812ad16        0x2 90909090
 .text          0x0812ad18      0x2e2 /cern/99/lib/libpacklib.a(fzirel.o)
                0x0812ad18                fzirel_
 *fill*         0x0812affa        0x2 90909090
 .text          0x0812affc      0x5e6 /cern/99/lib/libpacklib.a(fzloc.o)
                0x0812affc                fzloc_
 *fill*         0x0812b5e2        0x2 90909090
 .text          0x0812b5e4      0x132 /cern/99/lib/libpacklib.a(mzbook.o)
                0x0812b5e4                mzbook_
 *fill*         0x0812b716        0x2 90909090
 .text          0x0812b718      0x2ea /cern/99/lib/libpacklib.a(mzdrop.o)
                0x0812b718                mzdrop_
 *fill*         0x0812ba02        0x2 90909090
 .text          0x0812ba04      0x11a /cern/99/lib/libpacklib.a(mzebra.o)
                0x0812ba04                mzebra_
 *fill*         0x0812bb1e        0x2 90909090
 .text          0x0812bb20      0x532 /cern/99/lib/libpacklib.a(mzflag.o)
                0x0812bb20                mzflag_
 *fill*         0x0812c052        0x2 90909090
 .text          0x0812c054      0x42c /cern/99/lib/libpacklib.a(mzinco.o)
                0x0812c054                mzinco_
 .text          0x0812c480      0xd0e /cern/99/lib/libpacklib.a(mzlift.o)
                0x0812c480                mzlift_
 *fill*         0x0812d18e        0x2 90909090
 .text          0x0812d190      0x5ef /cern/99/lib/libpacklib.a(mzlink.o)
                0x0812d190                mzlink_
 *fill*         0x0812d77f        0x1 90909090
 .text          0x0812d780      0x1ea /cern/99/lib/libpacklib.a(mzneed.o)
                0x0812d780                mzneed_
 *fill*         0x0812d96a        0x2 90909090
 .text          0x0812d96c       0xb0 /cern/99/lib/libpacklib.a(mzpaw.o)
                0x0812d96c                mzpaw_
 .text          0x0812da1c      0xf06 /cern/99/lib/libpacklib.a(mzpush.o)
                0x0812da1c                mzpush_
 *fill*         0x0812e922        0x2 90909090
 .text          0x0812e924      0x9fe /cern/99/lib/libpacklib.a(mzstor.o)
                0x0812e924                mzstor_
 *fill*         0x0812f322        0x2 90909090
 .text          0x0812f324      0x100 /cern/99/lib/libpacklib.a(mzvers.o)
                0x0812f324                mzvers_
 .text          0x0812f424      0x503 /cern/99/lib/libpacklib.a(mzgar1.o)
                0x0812f424                mzgar1_
 *fill*         0x0812f927        0x1 90909090
 .text          0x0812f928       0x71 /cern/99/lib/libpacklib.a(mzgsta.o)
                0x0812f928                mzgsta_
 *fill*         0x0812f999        0x3 90909090
 .text          0x0812f99c      0x33b /cern/99/lib/libpacklib.a(mzmove.o)
                0x0812f99c                mzmove_
 *fill*         0x0812fcd7        0x1 90909090
 .text          0x0812fcd8      0x673 /cern/99/lib/libpacklib.a(mzrelb.o)
                0x0812fcd8                mzrelb_
 *fill*         0x0813034b        0x1 90909090
 .text          0x0813034c      0x4f9 /cern/99/lib/libpacklib.a(mzrell.o)
                0x0813034c                mzrell_
 *fill*         0x08130845        0x3 90909090
 .text          0x08130848       0x8c /cern/99/lib/libpacklib.a(mzrelx.o)
                0x08130848                mzrelx_
 .text          0x081308d4      0x3ac /cern/99/lib/libpacklib.a(mztabf.o)
                0x081308d4                mztabf_
 .text          0x08130c80      0x2d0 /cern/99/lib/libpacklib.a(mztabm.o)
                0x08130c80                mztabm_
 .text          0x08130f50      0x3e5 /cern/99/lib/libpacklib.a(mztabr.o)
                0x08130f50                mztabr_
 *fill*         0x08131335        0x3 90909090
 .text          0x08131338       0x79 /cern/99/lib/libpacklib.a(mztabs.o)
                0x08131338                mztabs_
 *fill*         0x081313b1        0x3 90909090
 .text          0x081313b4      0x13d /cern/99/lib/libpacklib.a(mztabx.o)
                0x081313b4                mztabx_
 *fill*         0x081314f1        0x3 90909090
 .text          0x081314f4      0x29c /cern/99/lib/libpacklib.a(mzchln.o)
                0x081314f4                mzchln_
 .text          0x08131790      0x1f0 /cern/99/lib/libpacklib.a(mzchls.o)
                0x08131790                mzchls_
 .text          0x08131980       0xa4 /cern/99/lib/libpacklib.a(mzchnb.o)
                0x08131980                mzchnb_
 .text          0x08131a24      0x12c /cern/99/lib/libpacklib.a(mzfdiv.o)
                0x08131a24                mzfdiv_
 .text          0x08131b50      0x35a /cern/99/lib/libpacklib.a(mzform.o)
                0x08131b50                mzform_
 *fill*         0x08131eaa        0x2 90909090
 .text          0x08131eac     0x1613 /cern/99/lib/libpacklib.a(mzioch.o)
                0x08131eac                mzioch_
 *fill*         0x081334bf        0x1 90909090
 .text          0x081334c0      0x388 /cern/99/lib/libpacklib.a(mzresv.o)
                0x081334c0                mzresv_
 .text          0x08133848      0x295 /cern/99/lib/libpacklib.a(mzsdiv.o)
                0x08133848                mzsdiv_
 *fill*         0x08133add        0x3 90909090
 .text          0x08133ae0        0x7 /cern/99/lib/libpacklib.a(zvautx.o)
                0x08133ae0                zvautx_
 *fill*         0x08133ae7        0x1 90909090
 .text          0x08133ae8      0x402 /cern/99/lib/libpacklib.a(zfatal.o)
                0x08133ae8                zfatal_
 *fill*         0x08133eea        0x2 90909090
 .text          0x08133eec       0x9c /cern/99/lib/libpacklib.a(zfatam.o)
                0x08133eec                zfatam_
 .text          0x08133f88      0x1c0 /cern/99/lib/libpacklib.a(ztell.o)
                0x08133f88                ztell_
 .text          0x08134148        0x7 /cern/99/lib/libpacklib.a(ztelus.o)
                0x08134148                ztelus_
 *fill*         0x0813414f        0x1 90909090
 .text          0x08134150       0xbd /cern/99/lib/libpacklib.a(izbcdt.o)
                0x08134150                izbcdt_
 *fill*         0x0813420d        0x3 90909090
 .text          0x08134210       0x48 /cern/99/lib/libpacklib.a(izhnum.o)
                0x08134210                izhnum_
 .text          0x08134258      0x5b5 /cern/99/lib/libpacklib.a(zshunt.o)
                0x08134258                zshunt_
 *fill*         0x0813480d        0x3 90909090
 .text          0x08134810      0x597 /cern/99/lib/libpacklib.a(rzcdir.o)
                0x08134810                rzcdir_
 *fill*         0x08134da7        0x1 90909090
 .text          0x08134da8      0x340 /cern/99/lib/libpacklib.a(rzdate.o)
                0x08134da8                rzdate_
 .text          0x081350e8      0x77d /cern/99/lib/libpacklib.a(rzfdir.o)
                0x081350e8                rzfdir_
 *fill*         0x08135865        0x3 90909090
 .text          0x08135868      0x412 /cern/99/lib/libpacklib.a(rziodo.o)
                0x08135868                rziodo_
 *fill*         0x08135c7a        0x2 90909090
 .text          0x08135c7c      0x1df /cern/99/lib/libpacklib.a(rzpaff.o)
                0x08135c7c                rzpaff_
 *fill*         0x08135e5b        0x1 90909090
 .text          0x08135e5c      0x660 /cern/99/lib/libpacklib.a(rzpath.o)
                0x08135e5c                rzpath_
 .text          0x081364bc      0x24b /cern/99/lib/libpacklib.a(rzrtop.o)
                0x081364bc                rzrtop_
 *fill*         0x08136707        0x1 90909090
 .text          0x08136708       0x57 /cern/99/lib/libpacklib.a(rzsame.o)
                0x08136708                rzsame_
 *fill*         0x0813675f        0x1 90909090
 .text          0x08136760      0x593 /cern/99/lib/libpacklib.a(rzsave.o)
                0x08136760                rzsave_
 *fill*         0x08136cf3        0x1 90909090
 .text          0x08136cf4      0x189 /cern/99/lib/libpacklib.a(rzstrir.o)
                0x08136cf4                rzstrir_
 *fill*         0x08136e7d        0x3 90909090
 .text          0x08136e80       0xf0 /cern/99/lib/libpacklib.a(rzvcyc.o)
                0x08136e80                rzvcyc_
 .text          0x08136f70        0x7 /cern/99/lib/libpacklib.a(abend.o)
                0x08136f70                abend_
 *fill*         0x08136f77        0x9 90909090
 .text          0x08136f80       0xfe /cern/99/lib/libpacklib.a(datime.o)
                0x08136f80                datime_
 *fill*         0x0813707e        0x2 90909090
 .text          0x08137080      0x2f7 /cern/99/lib/libpacklib.a(datimh.o)
                0x08137080                datimh_
 *fill*         0x08137377        0x9 90909090
 .text          0x08137380      0x1d0 /cern/99/lib/libpacklib.a(jumpxn.o)
                0x08137490                jumpx7_
                0x081373b0                jumpx1_
                0x08137380                jumpad_
                0x081374d0                jumpx8_
                0x08137460                jumpx6_
                0x08137510                jumpx9_
                0x08137390                jumpst_
                0x081373a0                jumpx0_
                0x08137430                jumpx5_
                0x081373e0                jumpx3_
                0x081373c0                jumpx2_
                0x08137400                jumpx4_
 .text          0x08137550        0x8 /cern/99/lib/libpacklib.a(locf.o)
                0x08137550                locf_
 *fill*         0x08137558        0x8 90909090
 .text          0x08137560       0x3f /cern/99/lib/libpacklib.a(qnexte.o)
                0x08137560                qnexte_
 *fill*         0x0813759f        0x1 90909090
 .text          0x081375a0       0x7d /cern/99/lib/libpacklib.a(lenocc.o)
                0x081375a0                lenocc_
 *fill*         0x0813761d        0x3 90909090
 .text          0x08137620       0x45 /cern/99/lib/libpacklib.a(vxinvb.o)
                0x08137620                vxinvb_
 *fill*         0x08137665        0xb 90909090
 .text          0x08137670       0x10 /cern/99/lib/libpacklib.a(cfclos.o)
                0x08137670                cfclos_
 .text          0x08137680       0x8b /cern/99/lib/libpacklib.a(cfget.o)
                0x08137680                cfget_
 *fill*         0x0813770b        0x5 90909090
 .text          0x08137710       0x5f /cern/99/lib/libpacklib.a(cfput.o)
                0x08137710                cfput_
 *fill*         0x0813776f        0x1 90909090
 .text          0x08137770       0x55 /cern/99/lib/libpacklib.a(cfseek.o)
                0x08137770                cfseek_
 *fill*         0x081377c5        0x3 90909090
 .text          0x081377c8      0x150 /cern/99/lib/libpacklib.a(cfopen.o)
                0x081377c8                cfopen_
 .text          0x08137918       0xfe /cern/99/lib/libpacklib.a(cleft.o)
                0x08137918                cleft_
 *fill*         0x08137a16        0x2 90909090
 .text          0x08137a18       0x75 /cern/99/lib/libpacklib.a(cltou.o)
                0x08137a18                cltou_
 *fill*         0x08137a8d        0x3 90909090
 .text          0x08137a90       0x75 /cern/99/lib/libpacklib.a(cutol.o)
                0x08137a90                cutol_
 *fill*         0x08137b05        0x3 90909090
 .text          0x08137b08       0x52 /cern/99/lib/libpacklib.a(floarg.o)
                0x08137b08                floarg_
 *fill*         0x08137b5a        0x2 90909090
 .text          0x08137b5c       0x69 /cern/99/lib/libpacklib.a(intarg.o)
                0x08137b5c                intarg_
 *fill*         0x08137bc5        0x3 90909090
 .text          0x08137bc8       0x2a /cern/99/lib/libpacklib.a(kerngt.o)
                0x08137bc8                kerngt_
 *fill*         0x08137bf2        0x2 90909090
 .text          0x08137bf4       0x6e /cern/99/lib/libpacklib.a(uoptc.o)
                0x08137bf4                uoptc_
 *fill*         0x08137c62        0x2 90909090
 .text          0x08137c64      0x2b1 /cern/99/lib/libpacklib.a(utrans.o)
                0x08137c64                utrans_
 *fill*         0x08137f15        0xb 90909090
 .text          0x08137f20        0xf /cern/99/lib/libpacklib.a(ishftr.o)
                0x08137f20                ishftr_
 *fill*         0x08137f2f        0x1 90909090
 .text          0x08137f30        0x7 /cern/99/lib/libpacklib.a(qnext.o)
                0x08137f30                qnext_
 *fill*         0x08137f37        0x9 90909090
 .text          0x08137f40       0x3a /cern/99/lib/libpacklib.a(ucopy2c.o)
                0x08137f40                ucopy2_
 *fill*         0x08137f7a        0x2 90909090
 .text          0x08137f7c       0x50 /cern/99/lib/libpacklib.a(iucomp.o)
                0x08137f7c                iucomp_
 .text          0x08137fcc        0x7 /cern/99/lib/libpacklib.a(noarg.o)
                0x08137fcc                noarg_
 *fill*         0x08137fd3        0x1 90909090
 .text          0x08137fd4       0x19 /cern/99/lib/libpacklib.a(sbit0.o)
                0x08137fd4                sbit0_
 *fill*         0x08137fed        0x3 90909090
 .text          0x08137ff0       0x1d /cern/99/lib/libpacklib.a(sbit1.o)
                0x08137ff0                sbit1_
 *fill*         0x0813800d        0x3 90909090
 .text          0x08138010      0x1b3 /cern/99/lib/libpacklib.a(ublow.o)
                0x08138010                ublow_
 *fill*         0x081381c3        0x1 90909090
 .text          0x081381c4      0x14b /cern/99/lib/libpacklib.a(ubunch.o)
                0x081381c4                ubunch_
 *fill*         0x0813830f        0x1 90909090
 .text          0x08138310       0x4b /cern/99/lib/libpacklib.a(ucopy.o)
                0x08138310                ucopy_
 *fill*         0x0813835b        0x1 90909090
 .text          0x0813835c      0x22b /cern/99/lib/libpacklib.a(uctoh.o)
                0x0813835c                uctoh_
 *fill*         0x08138587        0x1 90909090
 .text          0x08138588       0x6f /cern/99/lib/libpacklib.a(uctoh1.o)
                0x08138588                uctoh1_
 *fill*         0x081385f7        0x1 90909090
 .text          0x081385f8      0x20f /cern/99/lib/libpacklib.a(uhtoc.o)
                0x081385f8                uhtoc_
 *fill*         0x08138807        0x1 90909090
 .text          0x08138808       0x3d /cern/99/lib/libpacklib.a(vblank.o)
                0x08138808                vblank_
 *fill*         0x08138845        0x3 90909090
 .text          0x08138848       0x3d /cern/99/lib/libpacklib.a(vfill.o)
                0x08138848                vfill_
 *fill*         0x08138885        0x3 90909090
 .text          0x08138888       0x3a /cern/99/lib/libpacklib.a(vzero.o)
                0x08138888                vzero_
 *fill*         0x081388c2        0x2 90909090
 .text          0x081388c4       0x23 /cern/99/lib/libpacklib.a(jbit.o)
                0x081388c4                jbit_
 *fill*         0x081388e7        0x1 90909090
 .text          0x081388e8       0x45 /cern/99/lib/libpacklib.a(jbyt.o)
                0x081388e8                jbyt_
 *fill*         0x0813892d        0x3 90909090
 .text          0x08138930       0x57 /cern/99/lib/libpacklib.a(sbyt.o)
                0x08138930                sbyt_
 *fill*         0x08138987        0x1 90909090
 .text          0x08138988       0x8d /cern/99/lib/libpacklib.a(locati.o)
                0x08138988                locati_
 *fill*         0x08138a15        0x3 90909090
 .text          0x08138a18       0x86 /cern/99/lib/libpacklib.a(czgeta.o)
                0x08138a18                czgeta_
 *fill*         0x08138a9e        0x2 90909090
 .text          0x08138aa0       0x86 /cern/99/lib/libpacklib.a(czputa.o)
                0x08138aa0                czputa_
 *fill*         0x08138b26        0x2 90909090
 .text          0x08138b28      0x7cb /cern/99/lib/libpacklib.a(ffcard.o)
                0x08138b28                ffcard_
 *fill*         0x081392f3        0x1 90909090
 .text          0x081392f4       0xc6 /cern/99/lib/libpacklib.a(fffind.o)
                0x081392f4                fffind_
 *fill*         0x081393ba        0x2 90909090
 .text          0x081393bc      0x395 /cern/99/lib/libpacklib.a(hqputf.o)
                0x081393bc                hqputf_
 *fill*         0x08139751        0xf 90909090
 .text          0x08139760      0x52c /cern/99/lib/libpacklib.a(hbpqry.o)
                0x081399f0                GetPiafVersion
                0x081399d0                SetVers
                0x08139ab0                greppqry_
                0x081399e0                setpiafver_
                0x08139a00                igetpiafver_
                0x08139a10                GrepPqryStr
 .text          0x08139c8c      0x1ba /cern/99/lib/libpacklib.a(hrendc.o)
                0x08139e30                hrend_
                0x08139e18                hrendc_
 *fill*         0x08139e46        0x2 90909090
 .text          0x08139e48      0x23a /cern/99/lib/libpacklib.a(hropen.o)
                0x08139e48                hropen_
 *fill*         0x0813a082        0x2 90909090
 .text          0x0813a084      0x7d4 /cern/99/lib/libpacklib.a(hrout.o)
                0x0813a084                hrout_
 .text          0x0813a858       0x94 /cern/99/lib/libpacklib.a(hrzcd.o)
                0x0813a858                hrzcd_
 .text          0x0813a8ec      0x180 /cern/99/lib/libpacklib.a(hrzout.o)
                0x0813a8ec                hrzout_
 .text          0x0813aa6c      0x1ea /cern/99/lib/libpacklib.a(hbar2.o)
                0x0813aa6c                hbar2_
 *fill*         0x0813ac56        0x2 90909090
 .text          0x0813ac58      0x512 /cern/99/lib/libpacklib.a(hbarx.o)
                0x0813ac58                hbarx_
 *fill*         0x0813b16a        0x2 90909090
 .text          0x0813b16c      0x416 /cern/99/lib/libpacklib.a(hbary.o)
                0x0813b16c                hbary_
 *fill*         0x0813b582        0x2 90909090
 .text          0x0813b584      0x3b1 /cern/99/lib/libpacklib.a(hbin.o)
                0x0813b584                hbin_
 *fill*         0x0813b935        0x3 90909090
 .text          0x0813b938      0x3c6 /cern/99/lib/libpacklib.a(hcopy.o)
                0x0813b938                hcopy_
 *fill*         0x0813bcfe        0x2 90909090
 .text          0x0813bd00      0x435 /cern/99/lib/libpacklib.a(hcx.o)
                0x0813bd00                hcx_
 *fill*         0x0813c135        0x3 90909090
 .text          0x0813c138      0x153 /cern/99/lib/libpacklib.a(hcxy.o)
                0x0813c138                hcxy_
 *fill*         0x0813c28b        0x1 90909090
 .text          0x0813c28c       0x95 /cern/99/lib/libpacklib.a(hdcofl.o)
                0x0813c28c                hdcofl_
 *fill*         0x0813c321        0x3 90909090
 .text          0x0813c324      0x46c /cern/99/lib/libpacklib.a(hf1.o)
                0x0813c324                hf1_
 .text          0x0813c790      0x710 /cern/99/lib/libpacklib.a(hf1aut.o)
                0x0813c790                hf1aut_
 .text          0x0813cea0      0x39b /cern/99/lib/libpacklib.a(hf2.o)
                0x0813cea0                hf2_
 *fill*         0x0813d23b        0x1 90909090
 .text          0x0813d23c      0x2bd /cern/99/lib/libpacklib.a(hfcx.o)
                0x0813d23c                hfcx_
 *fill*         0x0813d4f9        0x3 90909090
 .text          0x0813d4fc      0x191 /cern/99/lib/libpacklib.a(hfcxy.o)
                0x0813d4fc                hfcxy_
 *fill*         0x0813d68d        0x3 90909090
 .text          0x0813d690      0x2ab /cern/99/lib/libpacklib.a(hfidp.o)
                0x0813d690                hfidp_
 *fill*         0x0813d93b        0x1 90909090
 .text          0x0813d93c       0xff /cern/99/lib/libpacklib.a(hfind.o)
                0x0813d93c                hfind_
 *fill*         0x0813da3b        0x1 90909090
 .text          0x0813da3c       0x32 /cern/99/lib/libpacklib.a(hi.o)
                0x0813da3c                hi_
 *fill*         0x0813da6e        0x2 90909090
 .text          0x0813da70       0x8f /cern/99/lib/libpacklib.a(hie.o)
                0x0813da70                hie_
 *fill*         0x0813daff        0x1 90909090
 .text          0x0813db00       0x88 /cern/99/lib/libpacklib.a(hix.o)
                0x0813db00                hix_
 .text          0x0813db88      0x1a9 /cern/99/lib/libpacklib.a(hlabeq.o)
                0x0813db88                hlabeq_
 *fill*         0x0813dd31        0x3 90909090
 .text          0x0813dd34      0x3e6 /cern/99/lib/libpacklib.a(hmdir.o)
                0x0813dd34                hmdir_
 *fill*         0x0813e11a        0x2 90909090
 .text          0x0813e11c      0x9a3 /cern/99/lib/libpacklib.a(hoper1.o)
                0x0813e11c                hoper1_
 *fill*         0x0813eabf        0x1 90909090
 .text          0x0813eac0       0xc4 /cern/99/lib/libpacklib.a(hoper1a.o)
                0x0813eac0                hoper1a_
 .text          0x0813eb84      0x313 /cern/99/lib/libpacklib.a(hnbfwr.o)
                0x0813eb84                hnbfwr_
 *fill*         0x0813ee97        0x1 90909090
 .text          0x0813ee98       0xbc /cern/99/lib/libpacklib.a(hnbuff.o)
                0x0813ee98                hnbuff_
 .text          0x0813ef54      0x13d /cern/99/lib/libpacklib.a(hnmset.o)
                0x0813ef54                hnmset_
 *fill*         0x0813f091        0x3 90909090
 .text          0x0813f094      0x165 /cern/99/lib/libpacklib.a(hntdel.o)
                0x0813f094                hntdel_
 *fill*         0x0813f1f9        0x3 90909090
 .text          0x0813f1fc       0xc6 /cern/99/lib/libpacklib.a(hntmpf.o)
                0x0813f1fc                hntmpf_
 *fill*         0x0813f2c2        0x2 90909090
 .text          0x0813f2c4      0x5ea /cern/99/lib/libpacklib.a(fzidia.o)
                0x0813f2c4                fzidia_
 *fill*         0x0813f8ae        0x2 90909090
 .text          0x0813f8b0      0xf4c /cern/99/lib/libpacklib.a(fziffn.o)
                0x0813f8b0                fziffn_
 .text          0x081407fc     0x1315 /cern/99/lib/libpacklib.a(fziffx.o)
                0x081407fc                fziffx_
 *fill*         0x08141b11        0x3 90909090
 .text          0x08141b14      0x16b /cern/99/lib/libpacklib.a(fzilin.o)
                0x08141b14                fzilin_
 *fill*         0x08141c7f        0x1 90909090
 .text          0x08141c80      0xb22 /cern/99/lib/libpacklib.a(fzimtb.o)
                0x08141c80                fzimtb_
 *fill*         0x081427a2        0x2 90909090
 .text          0x081427a4      0xa42 /cern/99/lib/libpacklib.a(fzirec.o)
                0x081427a4                fzirec_
 *fill*         0x081431e6        0x2 90909090
 .text          0x081431e8      0x13e /cern/99/lib/libpacklib.a(fzitrn.o)
                0x081431e8                fzitrn_
 *fill*         0x08143326        0x2 90909090
 .text          0x08143328      0xd51 /cern/99/lib/libpacklib.a(fzout.o)
                0x08143328                fzout_
 *fill*         0x08144079        0x3 90909090
 .text          0x0814407c      0x16e /cern/99/lib/libpacklib.a(fzitrx.o)
                0x0814407c                fzitrx_
 *fill*         0x081441ea        0x2 90909090
 .text          0x081441ec      0xa62 /cern/99/lib/libpacklib.a(mzcopy.o)
                0x081441ec                mzcopy_
 *fill*         0x08144c4e        0x2 90909090
 .text          0x08144c50      0x136 /cern/99/lib/libpacklib.a(mzpudx.o)
                0x08144c50                mzpudx_
 *fill*         0x08144d86        0x2 90909090
 .text          0x08144d88      0x4cc /cern/99/lib/libpacklib.a(mzfgap.o)
                0x08144d88                mzfgap_
 .text          0x08145254      0x229 /cern/99/lib/libpacklib.a(mzgarb.o)
                0x08145254                mzgarb_
 *fill*         0x0814547d        0x3 90909090
 .text          0x08145480      0x279 /cern/99/lib/libpacklib.a(mztabc.o)
                0x08145480                mztabc_
 *fill*         0x081456f9        0x3 90909090
 .text          0x081456fc      0x2d5 /cern/99/lib/libpacklib.a(mztabh.o)
                0x081456fc                mztabh_
 *fill*         0x081459d1        0x3 90909090
 .text          0x081459d4      0x1fa /cern/99/lib/libpacklib.a(mzdvac.o)
                0x081459d4                mzdvac_
 *fill*         0x08145bce        0x2 90909090
 .text          0x08145bd0       0x9b /cern/99/lib/libpacklib.a(mziocf.o)
                0x08145bd0                mziocf_
 *fill*         0x08145c6b        0x1 90909090
 .text          0x08145c6c      0x6d2 /cern/99/lib/libpacklib.a(mziocr.o)
                0x08145c6c                mziocr_
 *fill*         0x0814633e        0x2 90909090
 .text          0x08146340      0x2c0 /cern/99/lib/libpacklib.a(mzixco.o)
                0x08146340                mzixco_
 .text          0x08146600       0x33 /cern/99/lib/libpacklib.a(zabend.o)
                0x08146600                zabend_
 *fill*         0x08146633        0x1 90909090
 .text          0x08146634       0x2f /cern/99/lib/libpacklib.a(zend.o)
                0x08146634                zend_
 *fill*         0x08146663        0x1 90909090
 .text          0x08146664      0x21d /cern/99/lib/libpacklib.a(zphase.o)
                0x08146664                zphase_
 *fill*         0x08146881        0x3 90909090
 .text          0x08146884      0x1e8 /cern/99/lib/libpacklib.a(zpostm.o)
                0x08146884                zpostm_
 .text          0x08146a6c       0xc5 /cern/99/lib/libpacklib.a(zhtoi.o)
                0x08146a6c                zhtoi_
 *fill*         0x08146b31        0x3 90909090
 .text          0x08146b34      0x2ee /cern/99/lib/libpacklib.a(rzclos.o)
                0x08146b34                rzclos_
 *fill*         0x08146e22        0x2 90909090
 .text          0x08146e24      0x1e7 /cern/99/lib/libpacklib.a(rzend.o)
                0x08146e24                rzend_
 *fill*         0x0814700b        0x1 90909090
 .text          0x0814700c      0x446 /cern/99/lib/libpacklib.a(rzfree.o)
                0x0814700c                rzfree_
 *fill*         0x08147452        0x2 90909090
 .text          0x08147454      0x8df /cern/99/lib/libpacklib.a(rzmdir.o)
                0x08147454                rzmdir_
 *fill*         0x08147d33        0x1 90909090
 .text          0x08147d34      0x1bc /cern/99/lib/libpacklib.a(rzmods.o)
                0x08147d34                rzmods_
 .text          0x08147ef0      0xc44 /cern/99/lib/libpacklib.a(rzopen.o)
                0x08147ef0                rzopen_
 .text          0x08148b34     0x12ab /cern/99/lib/libpacklib.a(rzout.o)
                0x08148b34                rzout_
 *fill*         0x08149ddf        0x1 90909090
 .text          0x08149de0      0x238 /cern/99/lib/libpacklib.a(rzstrip.o)
                0x08149de0                rzstrip_