Archive member included because of file (symbol)

/home/pcl2483/pedro/jadesoft/util/mcgen/Plib/libmc105j.a(mcgetf.o)
                              mchw58d_105j.o (mcgetf_)
/home/pcl2483/pedro/jadesoft/util/mcgen/Plib/libmc105j.a(mcgeth.o)
                              mchw58d_105j.o (mcgeth_)
/home/pcl2483/pedro/jadesoft/util/mcgen/Plib/libmc105j.a(mcgetp.o)
                              mchw58d_105j.o (mcgetp_)
/home/pcl2483/pedro/jadesoft/util/mcgen/Plib/libmc105j.a(mcinit.o)
                              mchw58d_105j.o (mcinit_)
/home/pcl2483/pedro/jadesoft/util/mcgen/Plib/libmc105j.a(mcstbl.o)
                              mchw58d_105j.o (mcstbl_)
/home/pcl2483/pedro/jadesoft/util/mcgen/Plib/libmc105j.a(mcwrit.o)
                              mchw58d_105j.o (mcwrit_)
/home/pcl2483/pedro/jadesoft/util/mcgen/Plib/libmc105j.a(pxeecb.o)
                              mchw58d_105j.o (pxeecb_)
/home/pcl2483/pedro/jadesoft/util/mcgen/Plib/libmc105j.a(evwrtj.o)
                              /home/pcl2483/pedro/jadesoft/util/mcgen/Plib/libmc105j.a(mcwrit.o) (evwrtj_)
/home/pcl2483/pedro/jadesoft/util/mcgen/Plib/libmc105j.a(incprd.o)
                              /home/pcl2483/pedro/jadesoft/util/mcgen/Plib/libmc105j.a(evwrtj.o) (incprd_)
/home/pcl2483/pedro/jadesoft/util/mcgen/Plib/libmc105j.a(jadeco.o)
                              /home/pcl2483/pedro/jadesoft/util/mcgen/Plib/libmc105j.a(evwrtj.o) (jadeco_)
/home/pcl2483/pedro/jadesoft/util/mcgen/Plib/libmc105j.a(jtconv.o)
                              /home/pcl2483/pedro/jadesoft/util/mcgen/Plib/libmc105j.a(mcgeth.o) (jtconv_)
/home/pcl2483/pedro/jadesoft/util/mcgen/Plib/libmc105j.a(mcrnst.o)
                              /home/pcl2483/pedro/jadesoft/util/mcgen/Plib/libmc105j.a(mcwrit.o) (mcrnst_)
/home/pcl2483/pedro/jadesoft/util/mcgen/Plib/libmc105j.a(ntcprd.o)
                              /home/pcl2483/pedro/jadesoft/util/mcgen/Plib/libmc105j.a(evwrtj.o) (ntcprd_)
/home/pcl2483/pedro/jadesoft/util/mcgen/Plib/libmc105j.a(prcprd.o)
                              /home/pcl2483/pedro/jadesoft/util/mcgen/Plib/libmc105j.a(evwrtj.o) (prcprd_)
/home/pcl2483/pedro/jadesoft/util/mcgen/Plib/libmc105j.a(wrcprd.o)
                              /home/pcl2483/pedro/jadesoft/util/mcgen/Plib/libmc105j.a(evwrtj.o) (wrcprd_)
/home/pcl2483/pedro/jadesoft/util/mcgen/Plib/libherwig58d.a(fxhlms.o)
                              mchw58d_105j.o (fxhlms_)
/home/pcl2483/pedro/jadesoft/util/mcgen/Plib/libherwig58d.a(h58ddriv.o)
                              mchw58d_105j.o (h58ddriv_)
/home/pcl2483/pedro/jadesoft/util/mcgen/Plib/libherwig58d.a(hwbgen.o)
                              /home/pcl2483/pedro/jadesoft/util/mcgen/Plib/libherwig58d.a(h58ddriv.o) (hwbgen_)
/home/pcl2483/pedro/jadesoft/util/mcgen/Plib/libherwig58d.a(hwbjco.o)
                              /home/pcl2483/pedro/jadesoft/util/mcgen/Plib/libherwig58d.a(hwbgen.o) (hwbjco_)
/home/pcl2483/pedro/jadesoft/util/mcgen/Plib/libherwig58d.a(hwbmas.o)
                              /home/pcl2483/pedro/jadesoft/util/mcgen/Plib/libherwig58d.a(hwbgen.o) (hwbmas_)
/home/pcl2483/pedro/jadesoft/util/mcgen/Plib/libherwig58d.a(hwbran.o)
                              /home/pcl2483/pedro/jadesoft/util/mcgen/Plib/libherwig58d.a(hwbgen.o) (hwbran_)
/home/pcl2483/pedro/jadesoft/util/mcgen/Plib/libherwig58d.a(hwbspa.o)
                              /home/pcl2483/pedro/jadesoft/util/mcgen/Plib/libherwig58d.a(hwbgen.o) (hwbspa_)
/home/pcl2483/pedro/jadesoft/util/mcgen/Plib/libherwig58d.a(hwbspn.o)
                              /home/pcl2483/pedro/jadesoft/util/mcgen/Plib/libherwig58d.a(hwbgen.o) (hwbspn_)
/home/pcl2483/pedro/jadesoft/util/mcgen/Plib/libherwig58d.a(hwbtim.o)
                              /home/pcl2483/pedro/jadesoft/util/mcgen/Plib/libherwig58d.a(hwbgen.o) (hwbtim_)
/home/pcl2483/pedro/jadesoft/util/mcgen/Plib/libherwig58d.a(hwbvmc.o)
                              /home/pcl2483/pedro/jadesoft/util/mcgen/Plib/libherwig58d.a(hwbran.o) (hwbvmc_)
/home/pcl2483/pedro/jadesoft/util/mcgen/Plib/libherwig58d.a(hwcdec.o)
                              /home/pcl2483/pedro/jadesoft/util/mcgen/Plib/libherwig58d.a(h58ddriv.o) (hwcdec_)
/home/pcl2483/pedro/jadesoft/util/mcgen/Plib/libherwig58d.a(hwcfla.o)
                              /home/pcl2483/pedro/jadesoft/util/mcgen/Plib/libherwig58d.a(hwcdec.o) (hwcfla_)
/home/pcl2483/pedro/jadesoft/util/mcgen/Plib/libherwig58d.a(hwcfor.o)
                              /home/pcl2483/pedro/jadesoft/util/mcgen/Plib/libherwig58d.a(h58ddriv.o) (hwcfor_)
/home/pcl2483/pedro/jadesoft/util/mcgen/Plib/libherwig58d.a(hwcgsp.o)
                              /home/pcl2483/pedro/jadesoft/util/mcgen/Plib/libherwig58d.a(hwcfor.o) (hwcgsp_)
/home/pcl2483/pedro/jadesoft/util/mcgen/Plib/libherwig58d.a(hwchad.o)
                              /home/pcl2483/pedro/jadesoft/util/mcgen/Plib/libherwig58d.a(hwcdec.o) (hwchad_)
/home/pcl2483/pedro/jadesoft/util/mcgen/Plib/libherwig58d.a(hwdhqk.o)
[...]
Memory Configuration

Name             Origin             Length             Attributes
*default*        0x00000000         0xffffffff

Linker script and memory map

LOAD /usr/lib/crt1.o
LOAD /usr/lib/crti.o
LOAD /usr/lib/gcc-lib/i686-pc-linux-gnu/2.95.3/crtbegin.o
LOAD mchw58d_105j.o
LOAD /home/pcl2483/pedro/jadesoft/util/mcgen/Plib/libmc105j.a
LOAD /home/pcl2483/pedro/jadesoft/util/mcgen/Plib/libherwig58d.a
LOAD /home/pcl2483/pedro/jadesoft/util/mcgen/Plib/libjt74opal.a
LOAD /home/pcl2483/pedro/jadesoft/util/mcgen/Plib/libckern105.a
LOAD /home/pcl2483/pedro/jadesoft/util/mcgen/Plib/libpx114.a
LOAD /cern/99/lib/libgraflib.a
LOAD /cern/99/lib/libgrafX11.a
LOAD /cern/99/lib/libpacklib.a
LOAD /cern/99/lib/libmathlib.a
LOAD /cern/99/lib/libkernlib.a
LOAD /lib/libnsl.so.1
LOAD /usr/lib/libc.so
START GROUP
LOAD /lib/libc.so.6
LOAD /usr/lib/libc_nonshared.a
END GROUP
LOAD /usr/lib/gcc-lib/i686-pc-linux-gnu/2.95.3/libg2c.a
LOAD /usr/lib/libm.so
LOAD /usr/lib/gcc-lib/i686-pc-linux-gnu/2.95.3/libgcc.a
LOAD /usr/lib/libc.so
START GROUP
LOAD /lib/libc.so.6
LOAD /usr/lib/libc_nonshared.a
END GROUP
LOAD /usr/lib/gcc-lib/i686-pc-linux-gnu/2.95.3/libgcc.a
LOAD /usr/lib/gcc-lib/i686-pc-linux-gnu/2.95.3/crtend.o
LOAD /usr/lib/crtn.o
                0x080480f4                . = (0x8048000 + SIZEOF_HEADERS)

.interp         0x080480f4       0x13
 *(.interp)
 .interp        0x080480f4       0x13 /usr/lib/crt1.o

.note.ABI-tag   0x08048108       0x20
 .note.ABI-tag  0x08048108       0x20 /usr/lib/crt1.o

.hash           0x08048128      0x394
 *(.hash)
 .hash          0x08048128      0x394 /usr/lib/crt1.o

.dynsym         0x080484bc      0x820
 *(.dynsym)
 .dynsym        0x080484bc      0x820 /usr/lib/crt1.o

.dynstr         0x08048cdc      0x415
 *(.dynstr)
 .dynstr        0x08048cdc      0x415 /usr/lib/crt1.o

.gnu.version    0x080490f2      0x104
 *(.gnu.version)
 .gnu.version   0x080490f2      0x104 /usr/lib/crt1.o

.gnu.version_d
 *(.gnu.version_d)

.gnu.version_r  0x080491f8       0x60
 *(.gnu.version_r)
 .gnu.version_r
                0x080491f8       0x60 /usr/lib/crt1.o

.rel.dyn        0x08049258       0x58
 *(.rel.init)
 *(.rel.text .rel.text.* .rel.gnu.linkonce.t.*)
 *(.rel.fini)
 *(.rel.rodata .rel.rodata.* .rel.gnu.linkonce.r.*)
 *(.rel.data .rel.data.* .rel.gnu.linkonce.d.*)
 *(.rel.tdata .rel.tdata.* .rel.gnu.linkonce.td.*)
 *(.rel.tbss .rel.tbss.* .rel.gnu.linkonce.tb.*)
 *(.rel.ctors)
 *(.rel.dtors)
 *(.rel.got)
 .rel.got       0x08049258       0x10 /usr/lib/crt1.o
 *(.rel.bss .rel.bss.* .rel.gnu.linkonce.b.*)
 .rel.bss       0x08049268       0x48 /usr/lib/crt1.o

.rela.dyn
 *(.rela.init)
 *(.rela.text .rela.text.* .rela.gnu.linkonce.t.*)
 *(.rela.fini)
 *(.rela.rodata .rela.rodata.* .rela.gnu.linkonce.r.*)
 *(.rela.data .rela.data.* .rela.gnu.linkonce.d.*)
 *(.rela.tdata .rela.tdata.* .rela.gnu.linkonce.td.*)
 *(.rela.tbss .rela.tbss.* .rela.gnu.linkonce.tb.*)
 *(.rela.ctors)
 *(.rela.dtors)
 *(.rela.got)
 *(.rela.bss .rela.bss.* .rela.gnu.linkonce.b.*)

.rel.plt        0x080492b0      0x3a0
 *(.rel.plt)
 .rel.plt       0x080492b0      0x3a0 /usr/lib/crt1.o

.rela.plt
 *(.rela.plt)

.init           0x08049650       0x25
 *(.init)
 .init          0x08049650       0x18 /usr/lib/crti.o
                0x08049650                _init
 .init          0x08049668        0x5 /usr/lib/gcc-lib/i686-pc-linux-gnu/2.95.3/crtbegin.o
 .init          0x0804966d        0x5 /usr/lib/gcc-lib/i686-pc-linux-gnu/2.95.3/crtend.o
 .init          0x08049672        0x3 /usr/lib/crtn.o

.plt            0x08049678      0x750
 *(.plt)
 .plt           0x08049678      0x750 /usr/lib/crt1.o
                0x08049688                __umoddi3@@GLIBC_2.0
                0x08049698                readlink@@GLIBC_2.0
                0x080496a8                cos@@GLIBC_2.0
                0x080496b8                ntohl@@GLIBC_2.0
                0x080496c8                inet_netof@@GLIBC_2.0
                0x080496d8                __strtod_internal@@GLIBC_2.0
                0x080496e8                ferror@@GLIBC_2.0
                0x080496f8                vsprintf@@GLIBC_2.0
                0x08049708                strchr@@GLIBC_2.0
                0x08049718                feof@@GLIBC_2.0
                0x08049728                atan@@GLIBC_2.0
                0x08049738                ungetc@@GLIBC_2.0
                0x08049748                getpid@@GLIBC_2.0
                0x08049758                __register_frame_info@@GLIBC_2.0
                0x08049768                write@@GLIBC_2.0
                0x08049778                localtime@@GLIBC_2.0
                0x08049788                fileno@@GLIBC_2.0
                0x08049798                strcmp@@GLIBC_2.0
                0x080497a8                close@@GLIBC_2.0
                0x080497b8                asin@@GLIBC_2.0
                0x080497c8                perror@@GLIBC_2.0
                0x080497d8                fprintf@@GLIBC_2.0
                0x080497e8                tmpfile@@GLIBC_2.1
                0x080497f8                tempnam@@GLIBC_2.0
                0x08049808                getenv@@GLIBC_2.0
                0x08049818                umask@@GLIBC_2.0
                0x08049828                signal@@GLIBC_2.0
                0x08049838                fflush@@GLIBC_2.0
                0x08049848                getservbyname@@GLIBC_2.0
                0x08049858                unlink@@GLIBC_2.0
                0x08049868                freopen@@GLIBC_2.0
                0x08049878                select@@GLIBC_2.0
                0x08049888                htonl@@GLIBC_2.0
                0x08049898                __cxa_atexit@@GLIBC_2.1.3
                0x080498a8                getpwuid@@GLIBC_2.0
                0x080498b8                __errno_location@@GLIBC_2.0
                0x080498c8                pow@@GLIBC_2.0
                0x080498d8                rewind@@GLIBC_2.0
                0x080498e8                ftell@@GLIBC_2.0
                0x080498f8                gethostbyaddr@@GLIBC_2.0
                0x08049908                chmod@@GLIBC_2.0
                0x08049918                access@@GLIBC_2.0
                0x08049928                inet_ntoa@@GLIBC_2.0
                0x08049938                malloc@@GLIBC_2.0
                0x08049948                fread@@GLIBC_2.0
                0x08049958                memmove@@GLIBC_2.0
                0x08049968                clearerr@@GLIBC_2.0
                0x08049978                __deregister_frame_info@@GLIBC_2.0
                0x08049988                syslog@@GLIBC_2.0
                0x08049998                getsockopt@@GLIBC_2.0
                0x080499a8                abort@@GLIBC_2.0
                0x080499b8                __sigsetjmp@@GLIBC_2.0
                0x080499c8                __xstat@@GLIBC_2.0
                0x080499d8                setsockopt@@GLIBC_2.0
                0x080499e8                getpeername@@GLIBC_2.0
                0x080499f8                vfprintf@@GLIBC_2.0
                0x08049a08                fseek@@GLIBC_2.0
                0x08049a18                time@@GLIBC_2.0
                0x08049a28                fgets@@GLIBC_2.0
                0x08049a38                ntohs@@GLIBC_2.0
                0x08049a48                __fxstat@@GLIBC_2.0
                0x08049a58                fputs@@GLIBC_2.0
                0x08049a68                strstr@@GLIBC_2.0
                0x08049a78                longjmp@@GLIBC_2.0
                0x08049a88                sleep@@GLIBC_2.0
                0x08049a98                __strtol_internal@@GLIBC_2.0
                0x08049aa8                __udivdi3@@GLIBC_2.0
                0x08049ab8                atan2@@GLIBC_2.0
                0x08049ac8                strncmp@@GLIBC_2.0
                0x08049ad8                inet_addr@@GLIBC_2.0
                0x08049ae8                floor@@GLIBC_2.0
                0x08049af8                __libc_start_main@@GLIBC_2.0
                0x08049b08                exp@@GLIBC_2.0
                0x08049b18                realloc@@GLIBC_2.0
                0x08049b28                tan@@GLIBC_2.0
                0x08049b38                printf@@GLIBC_2.0
                0x08049b48                getuid@@GLIBC_2.0
                0x08049b58                lseek@@GLIBC_2.0
                0x08049b68                memcpy@@GLIBC_2.0
                0x08049b78                sqrt@@GLIBC_2.0
                0x08049b88                fclose@@GLIBC_2.1
                0x08049b98                getsockname@@GLIBC_2.0
                0x08049ba8                strrchr@@GLIBC_2.0
                0x08049bb8                ctime@@GLIBC_2.0
                0x08049bc8                isdigit@@GLIBC_2.0
                0x08049bd8                gethostname@@GLIBC_2.0
                0x08049be8                open@@GLIBC_2.0
                0x08049bf8                gethostbyname@@GLIBC_2.0
                0x08049c08                exit@@GLIBC_2.0
                0x08049c18                atoi@@GLIBC_2.0
                0x08049c28                getegid@@GLIBC_2.0
                0x08049c38                calloc@@GLIBC_2.0
                0x08049c48                sscanf@@GLIBC_2.0
                0x08049c58                _IO_putc@@GLIBC_2.0
                0x08049c68                free@@GLIBC_2.0
                0x08049c78                send@@GLIBC_2.0
                0x08049c88                ioctl@@GLIBC_2.0
                0x08049c98                htons@@GLIBC_2.0
                0x08049ca8                isatty@@GLIBC_2.0
                0x08049cb8                acos@@GLIBC_2.0
                0x08049cc8                memset@@GLIBC_2.0
                0x08049cd8                connect@@GLIBC_2.0
                0x08049ce8                strncpy@@GLIBC_2.0
                0x08049cf8                drem@@GLIBC_2.0
                0x08049d08                fopen@@GLIBC_2.1
                0x08049d18                strtok@@GLIBC_2.0
                0x08049d28                recv@@GLIBC_2.0
                0x08049d38                sprintf@@GLIBC_2.0
                0x08049d48                fwrite@@GLIBC_2.0
                0x08049d58                sin@@GLIBC_2.0
                0x08049d68                socket@@GLIBC_2.0
                0x08049d78                _IO_getc@@GLIBC_2.0
                0x08049d88                log@@GLIBC_2.0
                0x08049d98                read@@GLIBC_2.0
                0x08049da8                geteuid@@GLIBC_2.0
                0x08049db8                strcpy@@GLIBC_2.0

.text           0x08049dd0   0x1387f0
 *(.text .stub .text.* .gnu.linkonce.t.*)
 .text          0x08049dd0       0x24 /usr/lib/crt1.o
                0x08049dd0                _start
 .text          0x08049df4       0x24 /usr/lib/crti.o
 *fill*         0x08049e18        0x8 90909090
 .text          0x08049e20       0xa0 /usr/lib/gcc-lib/i686-pc-linux-gnu/2.95.3/crtbegin.o
 .text          0x08049ec0     0xc2fc mchw58d_105j.o
                0x0804f368                mcusev_
                0x080551c8                meanjet_
                0x0804a150                hwconv_
                0x0804a738                mcevbl_
                0x08050b44                fin3out_
                0x0804a740                mcpobl_
                0x0804a954                mcusin_
                0x08053798                jtfill_
                0x08053120                mcanal_
                0x08052a5c                qqctrk_
                0x08049ec0                MAIN__
                0x08052960                qqboos_
                0x08052c84                mcfima_
                0x08054d18                ytest_
                0x08050c90                mcfill_
                0x080500bc                mcusfi_
                0x0804a748                mcusff_
 *fill*         0x080561bc        0x4 90909090
 .text          0x080561c0      0x1e9 /home/pcl2483/pedro/jadesoft/util/mcgen/Plib/libmc105j.a(mcgetf.o)
                0x080561c0                mcgetf_
 *fill*         0x080563a9        0x7 90909090
 .text          0x080563b0      0x6ac /home/pcl2483/pedro/jadesoft/util/mcgen/Plib/libmc105j.a(mcgeth.o)
                0x080563b0                mcgeth_
 *fill*         0x08056a5c        0x4 90909090
 .text          0x08056a60      0x69f /home/pcl2483/pedro/jadesoft/util/mcgen/Plib/libmc105j.a(mcgetp.o)
                0x08056a60                mcgetp_
 *fill*         0x080570ff        0x1 90909090
 .text          0x08057100      0x504 /home/pcl2483/pedro/jadesoft/util/mcgen/Plib/libmc105j.a(mcinit.o)
                0x08057100                mcinit_
 *fill*         0x08057604        0xc 90909090
 .text          0x08057610      0x243 /home/pcl2483/pedro/jadesoft/util/mcgen/Plib/libmc105j.a(mcstbl.o)
                0x08057610                mcstbl_
 *fill*         0x08057853        0xd 90909090
 .text          0x08057860      0x8db /home/pcl2483/pedro/jadesoft/util/mcgen/Plib/libmc105j.a(mcwrit.o)
                0x08057860                mcwrit_
 *fill*         0x0805813b        0x5 90909090
 .text          0x08058140      0xd64 /home/pcl2483/pedro/jadesoft/util/mcgen/Plib/libmc105j.a(pxeecb.o)
                0x08058140                pxeecb_
 *fill*         0x08058ea4        0xc 90909090
 .text          0x08058eb0      0xe91 /home/pcl2483/pedro/jadesoft/util/mcgen/Plib/libmc105j.a(evwrtj.o)
                0x08058eb0                evwrtj_
 *fill*         0x08059d41        0xf 90909090
 .text          0x08059d50      0x166 /home/pcl2483/pedro/jadesoft/util/mcgen/Plib/libmc105j.a(incprd.o)
                0x08059d50                incprd_
 *fill*         0x08059eb6        0xa 90909090
 .text          0x08059ec0      0x16b /home/pcl2483/pedro/jadesoft/util/mcgen/Plib/libmc105j.a(jadeco.o)
                0x08059ec0                jadeco_
 *fill*         0x0805a02b        0x5 90909090
 .text          0x0805a030      0xcd0 /home/pcl2483/pedro/jadesoft/util/mcgen/Plib/libmc105j.a(jtconv.o)
                0x0805a030                jtconv_
 .text          0x0805ad00      0x539 /home/pcl2483/pedro/jadesoft/util/mcgen/Plib/libmc105j.a(mcrnst.o)
                0x0805ad00                mcrnst_
 *fill*         0x0805b239        0x7 90909090
 .text          0x0805b240        0x9 /home/pcl2483/pedro/jadesoft/util/mcgen/Plib/libmc105j.a(ntcprd.o)
                0x0805b240                ntcprd_
 *fill*         0x0805b249        0x7 90909090
 .text          0x0805b250      0x81b /home/pcl2483/pedro/jadesoft/util/mcgen/Plib/libmc105j.a(prcprd.o)
                0x0805b250                prcprd_
 *fill*         0x0805ba6b        0x5 90909090
 .text          0x0805ba70      0x6c4 /home/pcl2483/pedro/jadesoft/util/mcgen/Plib/libmc105j.a(wrcprd.o)
                0x0805ba70                wrcprd_
 *fill*         0x0805c134        0xc 90909090
 .text          0x0805c140      0x27d /home/pcl2483/pedro/jadesoft/util/mcgen/Plib/libherwig58d.a(fxhlms.o)
                0x0805c140                fxhlms_
 *fill*         0x0805c3bd        0x3 90909090
 .text          0x0805c3c0      0x54f /home/pcl2483/pedro/jadesoft/util/mcgen/Plib/libherwig58d.a(h58ddriv.o)
                0x0805c3c0                h58ddriv_
 *fill*         0x0805c90f        0x1 90909090
 .text          0x0805c910      0xf2b /home/pcl2483/pedro/jadesoft/util/mcgen/Plib/libherwig58d.a(hwbgen.o)
                0x0805c910                hwbgen_
 *fill*         0x0805d83b        0x5 90909090
 .text          0x0805d840     0x34d7 /home/pcl2483/pedro/jadesoft/util/mcgen/Plib/libherwig58d.a(hwbjco.o)
                0x0805d840                hwbjco_
 *fill*         0x08060d17        0x9 90909090
 .text          0x08060d20      0x6b7 /home/pcl2483/pedro/jadesoft/util/mcgen/Plib/libherwig58d.a(hwbmas.o)
                0x08060d20                hwbmas_
 *fill*         0x080613d7        0x9 90909090
 .text          0x080613e0     0x2e48 /home/pcl2483/pedro/jadesoft/util/mcgen/Plib/libherwig58d.a(hwbran.o)
                0x080613e0                hwbran_
 *fill*         0x08064228        0x8 90909090
 .text          0x08064230      0xa67 /home/pcl2483/pedro/jadesoft/util/mcgen/Plib/libherwig58d.a(hwbspa.o)
                0x08064230                hwbspa_
 *fill*         0x08064c97        0x9 90909090
 .text          0x08064ca0      0x3c4 /home/pcl2483/pedro/jadesoft/util/mcgen/Plib/libherwig58d.a(hwbspn.o)
                0x08064ca0                hwbspn_
 *fill*         0x08065064        0xc 90909090
 .text          0x08065070      0xccf /home/pcl2483/pedro/jadesoft/util/mcgen/Plib/libherwig58d.a(hwbtim.o)
                0x08065070                hwbtim_
 *fill*         0x08065d3f        0x1 90909090
 .text          0x08065d40       0xa4 /home/pcl2483/pedro/jadesoft/util/mcgen/Plib/libherwig58d.a(hwbvmc.o)
                0x08065d40                hwbvmc_
 *fill*         0x08065de4        0xc 90909090
 .text          0x08065df0      0x344 /home/pcl2483/pedro/jadesoft/util/mcgen/Plib/libherwig58d.a(hwcdec.o)
                0x08065df0                hwcdec_
 *fill*         0x08066134        0xc 90909090
 .text          0x08066140       0x7a /home/pcl2483/pedro/jadesoft/util/mcgen/Plib/libherwig58d.a(hwcfla.o)
                0x08066140                hwcfla_
 *fill*         0x080661ba        0x6 90909090
 .text          0x080661c0     0x1180 /home/pcl2483/pedro/jadesoft/util/mcgen/Plib/libherwig58d.a(hwcfor.o)
                0x080661c0                hwcfor_
 .text          0x08067340      0x9f6 /home/pcl2483/pedro/jadesoft/util/mcgen/Plib/libherwig58d.a(hwcgsp.o)
                0x08067340                hwcgsp_
 *fill*         0x08067d36        0xa 90909090
 .text          0x08067d40     0x11fd /home/pcl2483/pedro/jadesoft/util/mcgen/Plib/libherwig58d.a(hwchad.o)
                0x08067d68                hwchad_
 *fill*         0x08068f3d        0x3 90909090
 .text          0x08068f40      0xc81 /home/pcl2483/pedro/jadesoft/util/mcgen/Plib/libherwig58d.a(hwdhqk.o)
                0x08068f40                hwdhqk_
 *fill*         0x08069bc1        0xf 90909090
 .text          0x08069bd0       0xda /home/pcl2483/pedro/jadesoft/util/mcgen/Plib/libherwig58d.a(hwdidp.o)
                0x08069bd0                hwdidp_
 *fill*         0x08069caa        0x6 90909090
 .text          0x08069cb0      0x2f0 /home/pcl2483/pedro/jadesoft/util/mcgen/Plib/libherwig58d.a(hwdthr.o)
                0x08069cb0                hwdthr_
 .text          0x08069fa0       0x34 /home/pcl2483/pedro/jadesoft/util/mcgen/Plib/libherwig58d.a(hwdtop.o)
                0x08069fa0                hwdtop_
 .text          0x08069fd4      0x16c /home/pcl2483/pedro/jadesoft/util/mcgen/Plib/libherwig58d.a(hwdtwo.o)
                0x08069fd4                hwdtwo_
 .text          0x0806a140       0x34 /home/pcl2483/pedro/jadesoft/util/mcgen/Plib/libherwig58d.a(hwdwwt.o)
                0x0806a140                hwdwwt_
 *fill*         0x0806a174        0xc 90909090
 .text          0x0806a180      0x243 /home/pcl2483/pedro/jadesoft/util/mcgen/Plib/libherwig58d.a(hwefin.o)
                0x0806a180                hwefin_
 *fill*         0x0806a3c3        0xd 90909090
 .text          0x0806a3d0      0x259 /home/pcl2483/pedro/jadesoft/util/mcgen/Plib/libherwig58d.a(hweini.o)
                0x0806a3d0                hweini_
 *fill*         0x0806a629        0x7 90909090
 .text          0x0806a630      0xca2 /home/pcl2483/pedro/jadesoft/util/mcgen/Plib/libherwig58d.a(hwepro.o)
                0x0806a630                hwepro_
 *fill*         0x0806b2d2        0xe 90909090
 .text          0x0806b2e0     0x129e /home/pcl2483/pedro/jadesoft/util/mcgen/Plib/libherwig58d.a(hwhbgf.o)
                0x0806b2e0                hwhbgf_
 *fill*         0x0806c57e        0x2 90909090
 .text          0x0806c580     0x15d3 /home/pcl2483/pedro/jadesoft/util/mcgen/Plib/libherwig58d.a(hwhbki.o)
                0x0806c580                hwhbki_
 *fill*         0x0806db53        0xd 90909090
 .text          0x0806db60     0x2bdc /home/pcl2483/pedro/jadesoft/util/mcgen/Plib/libherwig58d.a(hwhbrn.o)
                0x0806db60                hwhbrn_
 *fill*         0x0807073c        0x4 90909090
 .text          0x08070740     0x19e2 /home/pcl2483/pedro/jadesoft/util/mcgen/Plib/libherwig58d.a(hwhbsg.o)
                0x08070740                hwhbsg_
 *fill*         0x08072122        0xe 90909090
 .text          0x08072130     0x1cea /home/pcl2483/pedro/jadesoft/util/mcgen/Plib/libherwig58d.a(hwhdis.o)
                0x08072130                hwhdis_
 *fill*         0x08073e1a        0x6 90909090
 .text          0x08073e20      0x5ce /home/pcl2483/pedro/jadesoft/util/mcgen/Plib/libherwig58d.a(hwhdyp.o)
                0x08073e20                hwhdyp_
 *fill*         0x080743ee        0x2 90909090
 .text          0x080743f0     0x2159 /home/pcl2483/pedro/jadesoft/util/mcgen/Plib/libherwig58d.a(hwhegg.o)
                0x080743f0                hwhegg_
 *fill*         0x08076549        0x7 90909090
 .text          0x08076550      0xe04 /home/pcl2483/pedro/jadesoft/util/mcgen/Plib/libherwig58d.a(hwhegw.o)
                0x08076550                hwhegw_
 *fill*         0x08077354        0xc 90909090
 .text          0x08077360     0x15a0 /home/pcl2483/pedro/jadesoft/util/mcgen/Plib/libherwig58d.a(hwhegx.o)
                0x08077360                hwhegx_
 .text          0x08078900      0xd25 /home/pcl2483/pedro/jadesoft/util/mcgen/Plib/libherwig58d.a(hwhepa.o)
                0x08078900                hwhepa_
 *fill*         0x08079625        0xb 90909090
 .text          0x08079630      0xb86 /home/pcl2483/pedro/jadesoft/util/mcgen/Plib/libherwig58d.a(hwhepg.o)
                0x08079630                hwhepg_
 *fill*         0x0807a1b6        0xa 90909090
 .text          0x0807a1c0     0x1687 /home/pcl2483/pedro/jadesoft/util/mcgen/Plib/libherwig58d.a(hwheww.o)
                0x0807a1c0                hwheww_
 *fill*         0x0807b847        0x9 90909090
 .text          0x0807b850     0x15f2 /home/pcl2483/pedro/jadesoft/util/mcgen/Plib/libherwig58d.a(hwhhvy.o)
                0x0807b850                hwhhvy_
 *fill*         0x0807ce42        0xe 90909090
 .text          0x0807ce50      0xbff /home/pcl2483/pedro/jadesoft/util/mcgen/Plib/libherwig58d.a(hwhigj.o)
                0x0807ce50                hwhigj_
 *fill*         0x0807da4f        0x1 90909090
 .text          0x0807da50      0x953 /home/pcl2483/pedro/jadesoft/util/mcgen/Plib/libherwig58d.a(hwhigm.o)
                0x0807dab4                hwhigm_
 *fill*         0x0807e3a3        0xd 90909090
 .text          0x0807e3b0      0x8ad /home/pcl2483/pedro/jadesoft/util/mcgen/Plib/libherwig58d.a(hwhigs.o)
                0x0807e3b0                hwhigs_
 *fill*         0x0807ec5d        0x3 90909090
 .text          0x0807ec60      0x1f5 /home/pcl2483/pedro/jadesoft/util/mcgen/Plib/libherwig58d.a(hwhigt.o)
                0x0807ec60                hwhigt_
 *fill*         0x0807ee55        0xb 90909090
 .text          0x0807ee60     0x2421 /home/pcl2483/pedro/jadesoft/util/mcgen/Plib/libherwig58d.a(hwhigw.o)
                0x0807ee60                hwhigw_
 *fill*         0x08081281        0xf 90909090
 .text          0x08081290     0x1773 /home/pcl2483/pedro/jadesoft/util/mcgen/Plib/libherwig58d.a(hwhigz.o)
                0x08081290                hwhigz_
 *fill*         0x08082a03        0xd 90909090
 .text          0x08082a10      0x8b9 /home/pcl2483/pedro/jadesoft/util/mcgen/Plib/libherwig58d.a(hwhph2.o)
                0x08082a10                hwhph2_
 *fill*         0x080832c9        0x7 90909090
 .text          0x080832d0      0xbd9 /home/pcl2483/pedro/jadesoft/util/mcgen/Plib/libherwig58d.a(hwhpho.o)
                0x080832d0                hwhpho_
 *fill*         0x08083ea9        0x3 90909090
 .text          0x08083eac      0x2e0 /home/pcl2483/pedro/jadesoft/util/mcgen/Plib/libherwig58d.a(hwhppb.o)
                0x08083eac                hwhppb_
 *fill*         0x0808418c        0x4 90909090
 .text          0x08084190      0x76e /home/pcl2483/pedro/jadesoft/util/mcgen/Plib/libherwig58d.a(hwhppe.o)
                0x08084190                hwhppe_
 *fill*         0x080848fe        0x2 90909090
 .text          0x08084900      0x5ba /home/pcl2483/pedro/jadesoft/util/mcgen/Plib/libherwig58d.a(hwhpph.o)
                0x08084900                hwhpph_
 *fill*         0x08084eba        0x6 90909090
 .text          0x08084ec0     0x193d /home/pcl2483/pedro/jadesoft/util/mcgen/Plib/libherwig58d.a(hwhppm.o)
                0x08084ec0                hwhppm_
 *fill*         0x080867fd        0x3 90909090
 .text          0x08086800      0x750 /home/pcl2483/pedro/jadesoft/util/mcgen/Plib/libherwig58d.a(hwhppt.o)
                0x08086800                hwhppt_
 .text          0x08086f50      0x624 /home/pcl2483/pedro/jadesoft/util/mcgen/Plib/libherwig58d.a(hwhpqs.o)
                0x08086f50                hwhpqs_
 *fill*         0x08087574        0xc 90909090
 .text          0x08087580     0x1a32 /home/pcl2483/pedro/jadesoft/util/mcgen/Plib/libherwig58d.a(hwhqcd.o)
                0x08087580                hwhqcd_
 *fill*         0x08088fb2        0xe 90909090
 .text          0x08088fc0      0x1cb /home/pcl2483/pedro/jadesoft/util/mcgen/Plib/libherwig58d.a(hwhqcp.o)
                0x08088fc0                hwhqcp_
 *fill*         0x0808918b        0x5 90909090
 .text          0x08089190      0xfd3 /home/pcl2483/pedro/jadesoft/util/mcgen/Plib/libherwig58d.a(hwhw1j.o)
                0x08089190                hwhw1j_
 *fill*         0x0808a163        0xd 90909090
 .text          0x0808a170      0x7d0 /home/pcl2483/pedro/jadesoft/util/mcgen/Plib/libherwig58d.a(hwhwex.o)
                0x0808a170                hwhwex_
 .text          0x0808a940      0xac1 /home/pcl2483/pedro/jadesoft/util/mcgen/Plib/libherwig58d.a(hwhwpr.o)
                0x0808a940                hwhwpr_
 *fill*         0x0808b401        0xf 90909090
 .text          0x0808b410      0xbf8 /home/pcl2483/pedro/jadesoft/util/mcgen/Plib/libherwig58d.a(hwigin.o)
                0x0808b410                hwigin_
 *fill*         0x0808c008        0x8 90909090
 .text          0x0808c010      0x36b /home/pcl2483/pedro/jadesoft/util/mcgen/Plib/libherwig58d.a(hwmwgt.o)
                0x0808c010                hwmwgt_
 *fill*         0x0808c37b        0x5 90909090
 .text          0x0808c380       0xfc /home/pcl2483/pedro/jadesoft/util/mcgen/Plib/libherwig58d.a(hwrazm.o)
                0x0808c380                hwrazm_
 *fill*         0x0808c47c        0x4 90909090
 .text          0x0808c480       0xfa /home/pcl2483/pedro/jadesoft/util/mcgen/Plib/libherwig58d.a(hwrgau.o)
                0x0808c480                hwrgau_
 *fill*         0x0808c57a        0x6 90909090
 .text          0x0808c580      0x114 /home/pcl2483/pedro/jadesoft/util/mcgen/Plib/libherwig58d.a(hwrgen.o)
                0x0808c654                hwrset_
                0x0808c634                hwrgen_
                0x0808c674                hwrget_
 *fill*         0x0808c694        0xc 90909090
 .text          0x0808c6a0       0x94 /home/pcl2483/pedro/jadesoft/util/mcgen/Plib/libherwig58d.a(hwrint.o)
                0x0808c6a0                hwrint_
 *fill*         0x0808c734        0xc 90909090
 .text          0x0808c740       0x54 /home/pcl2483/pedro/jadesoft/util/mcgen/Plib/libherwig58d.a(hwrlog.o)
                0x0808c740                hwrlog_
 *fill*         0x0808c794        0xc 90909090
 .text          0x0808c7a0      0x124 /home/pcl2483/pedro/jadesoft/util/mcgen/Plib/libherwig58d.a(hwrpow.o)
                0x0808c7a0                hwrpow_
 *fill*         0x0808c8c4        0xc 90909090
 .text          0x0808c8d0       0x44 /home/pcl2483/pedro/jadesoft/util/mcgen/Plib/libherwig58d.a(hwruni.o)
                0x0808c8d0                hwruni_
 *fill*         0x0808c914        0xc 90909090
 .text          0x0808c920     0x21b3 /home/pcl2483/pedro/jadesoft/util/mcgen/Plib/libherwig58d.a(hwsbrn.o)
                0x0808c920                hwsbrn_
 *fill*         0x0808ead3        0xd 90909090
 .text          0x0808eae0      0xac9 /home/pcl2483/pedro/jadesoft/util/mcgen/Plib/libherwig58d.a(hwsfbr.o)
                0x0808eae0                hwsfbr_
 *fill*         0x0808f5a9        0x7 90909090
 .text          0x0808f5b0     0x27c0 /home/pcl2483/pedro/jadesoft/util/mcgen/Plib/libherwig58d.a(hwsfun.o)
                0x0808f5b0                hwsfun_
 .text          0x08091d70      0x14c /home/pcl2483/pedro/jadesoft/util/mcgen/Plib/libherwig58d.a(hwsgam.o)
                0x08091d70                hwsgam_
 *fill*         0x08091ebc        0x4 90909090
 .text          0x08091ec0      0x1c6 /home/pcl2483/pedro/jadesoft/util/mcgen/Plib/libherwig58d.a(hwsgen.o)
                0x08091ec0                hwsgen_
 *fill*         0x08092086        0xa 90909090
 .text          0x08092090      0x123 /home/pcl2483/pedro/jadesoft/util/mcgen/Plib/libherwig58d.a(hwsgqq.o)
                0x08092090                hwsgqq_
 *fill*         0x080921b3        0xd 90909090
 .text          0x080921c0      0x7b2 /home/pcl2483/pedro/jadesoft/util/mcgen/Plib/libherwig58d.a(hwsspc.o)
                0x080921c0                hwsspc_
 *fill*         0x08092972        0xe 90909090
 .text          0x08092980      0x157 /home/pcl2483/pedro/jadesoft/util/mcgen/Plib/libherwig58d.a(hwssud.o)
                0x08092980                hwssud_
 *fill*         0x08092ad7        0x9 90909090
 .text          0x08092ae0      0x68b /home/pcl2483/pedro/jadesoft/util/mcgen/Plib/libherwig58d.a(hwstab.o)
                0x08092ae0                hwstab_
 *fill*         0x0809316b        0x5 90909090
 .text          0x08093170      0x174 /home/pcl2483/pedro/jadesoft/util/mcgen/Plib/libherwig58d.a(hwsval.o)
                0x08093170                hwsval_
 *fill*         0x080932e4        0xc 90909090
 .text          0x080932f0      0x2be /home/pcl2483/pedro/jadesoft/util/mcgen/Plib/libherwig58d.a(hwuaem.o)
                0x080932f0                hwuaem_
 *fill*         0x080935ae        0x2 90909090
 .text          0x080935b0      0x199 /home/pcl2483/pedro/jadesoft/util/mcgen/Plib/libherwig58d.a(hwuaer.o)
                0x080935b0                hwuaer_
 *fill*         0x08093749        0x7 90909090
 .text          0x08093750      0x95d /home/pcl2483/pedro/jadesoft/util/mcgen/Plib/libherwig58d.a(hwualf.o)
                0x08093750                hwualf_
 *fill*         0x080940ad        0x3 90909090
 .text          0x080940b0      0x41c /home/pcl2483/pedro/jadesoft/util/mcgen/Plib/libherwig58d.a(hwubst.o)
                0x080940b0                hwubst_
 .text          0x080944cc     0x196d /home/pcl2483/pedro/jadesoft/util/mcgen/Plib/libherwig58d.a(hwucff.o)
                0x080944cc                hwucff_
 *fill*         0x08095e39        0x3 90909090
 .text          0x08095e3c        0x7 /home/pcl2483/pedro/jadesoft/util/mcgen/Plib/libherwig58d.a(hwudat.o)
                0x08095e3c                hwudat_
 *fill*         0x08095e43        0x1 90909090
 .text          0x08095e44       0x48 /home/pcl2483/pedro/jadesoft/util/mcgen/Plib/libherwig58d.a(hwuecm.o)
                0x08095e44                hwuecm_
 *fill*         0x08095e8c        0x4 90909090
 .text          0x08095e90      0x169 /home/pcl2483/pedro/jadesoft/util/mcgen/Plib/libherwig58d.a(hwueec.o)
                0x08095e90                hwueec_
 *fill*         0x08095ff9        0x7 90909090
 .text          0x08096000     0x1197 /home/pcl2483/pedro/jadesoft/util/mcgen/Plib/libherwig58d.a(hwuepr.o)
                0x08096000                hwuepr_
 *fill*         0x08097197        0x9 90909090
 .text          0x080971a0       0x99 /home/pcl2483/pedro/jadesoft/util/mcgen/Plib/libherwig58d.a(hwufne.o)
                0x080971a0                hwufne_
 *fill*         0x08097239        0x7 90909090
 .text          0x08097240     0x26e9 /home/pcl2483/pedro/jadesoft/util/mcgen/Plib/libherwig58d.a(hwuinc.o)
                0x08097240                hwuinc_
 *fill*         0x08099929        0x7 90909090
 .text          0x08099930      0x237 /home/pcl2483/pedro/jadesoft/util/mcgen/Plib/libherwig58d.a(hwuine.o)
                0x08099930                hwuine_
 *fill*         0x08099b67        0x9 90909090
 .text          0x08099b70      0x114 /home/pcl2483/pedro/jadesoft/util/mcgen/Plib/libherwig58d.a(hwulb4.o)
                0x08099b70                hwulb4_
 *fill*         0x08099c84        0xc 90909090
 .text          0x08099c90       0x46 /home/pcl2483/pedro/jadesoft/util/mcgen/Plib/libherwig58d.a(hwuldo.o)
                0x08099c90                hwuldo_
 *fill*         0x08099cd6        0xa 90909090
 .text          0x08099ce0       0x34 /home/pcl2483/pedro/jadesoft/util/mcgen/Plib/libherwig58d.a(hwulob.o)
                0x08099ce0                hwulob_
 *fill*         0x08099d14        0xc 90909090
 .text          0x08099d20       0x34 /home/pcl2483/pedro/jadesoft/util/mcgen/Plib/libherwig58d.a(hwulof.o)
                0x08099d20                hwulof_
 .text          0x08099d54       0x5f /home/pcl2483/pedro/jadesoft/util/mcgen/Plib/libherwig58d.a(hwumas.o)
                0x08099d54                hwumas_
 *fill*         0x08099db3        0xd 90909090
 .text          0x08099dc0      0x104 /home/pcl2483/pedro/jadesoft/util/mcgen/Plib/libherwig58d.a(hwupcm.o)
                0x08099dc0                hwupcm_
 *fill*         0x08099ec4        0xc 90909090
 .text          0x08099ed0      0xc6b /home/pcl2483/pedro/jadesoft/util/mcgen/Plib/libherwig58d.a(hwures.o)
                0x08099ed0                hwures_
 *fill*         0x0809ab3b        0x5 90909090
 .text          0x0809ab40       0xb4 /home/pcl2483/pedro/jadesoft/util/mcgen/Plib/libherwig58d.a(hwurob.o)
                0x0809ab40                hwurob_
 *fill*         0x0809abf4        0xc 90909090
 .text          0x0809ac00       0xb4 /home/pcl2483/pedro/jadesoft/util/mcgen/Plib/libherwig58d.a(hwurof.o)
                0x0809ac00                hwurof_
 *fill*         0x0809acb4        0xc 90909090
 .text          0x0809acc0      0x241 /home/pcl2483/pedro/jadesoft/util/mcgen/Plib/libherwig58d.a(hwurot.o)
                0x0809acc0                hwurot_
 *fill*         0x0809af01        0x3 90909090
 .text          0x0809af04       0x4f /home/pcl2483/pedro/jadesoft/util/mcgen/Plib/libherwig58d.a(hwusqr.o)
                0x0809af04                hwusqr_
 *fill*         0x0809af53        0xd 90909090
 .text          0x0809af60      0xa7c /home/pcl2483/pedro/jadesoft/util/mcgen/Plib/libherwig58d.a(hwutab.o)
                0x0809af60                hwutab_
 *fill*         0x0809b9dc        0x4 90909090
 .text          0x0809b9e0       0x14 /home/pcl2483/pedro/jadesoft/util/mcgen/Plib/libherwig58d.a(hwutim.o)
                0x0809b9e0                hwutim_
 *fill*         0x0809b9f4        0xc 90909090
 .text          0x0809ba00      0x13f /home/pcl2483/pedro/jadesoft/util/mcgen/Plib/libherwig58d.a(hwvdif.o)
                0x0809ba00                hwvdif_
 *fill*         0x0809bb3f        0x1 90909090
 .text          0x0809bb40       0xe1 /home/pcl2483/pedro/jadesoft/util/mcgen/Plib/libherwig58d.a(hwvequ.o)
                0x0809bb40                hwvequ_
 *fill*         0x0809bc21        0xf 90909090
 .text          0x0809bc30       0xec /home/pcl2483/pedro/jadesoft/util/mcgen/Plib/libherwig58d.a(hwvsca.o)
                0x0809bc30                hwvsca_
 *fill*         0x0809bd1c        0x4 90909090
 .text          0x0809bd20      0x13f /home/pcl2483/pedro/jadesoft/util/mcgen/Plib/libherwig58d.a(hwvsum.o)
                0x0809bd20                hwvsum_
 *fill*         0x0809be5f        0x1 90909090
 .text          0x0809be60       0x7c /home/pcl2483/pedro/jadesoft/util/mcgen/Plib/libherwig58d.a(hwvzro.o)
                0x0809be60                hwvzro_
 *fill*         0x0809bedc        0x4 90909090
 .text          0x0809bee0      0x284 /home/pcl2483/pedro/jadesoft/util/mcgen/Plib/libherwig58d.a(hwwarn.o)
                0x0809bee0                hwwarn_
 *fill*         0x0809c164        0xc 90909090
 .text          0x0809c170        0x9 /home/pcl2483/pedro/jadesoft/util/mcgen/Plib/libherwig58d.a(pdfset.o)
                0x0809c170                pdfset_
 *fill*         0x0809c179        0x7 90909090
 .text          0x0809c180      0x90f /home/pcl2483/pedro/jadesoft/util/mcgen/Plib/libherwig58d.a(sas1d.o)
                0x0809c180                sas1d_
 *fill*         0x0809ca8f        0x1 90909090
 .text          0x0809ca90        0x9 /home/pcl2483/pedro/jadesoft/util/mcgen/Plib/libherwig58d.a(structm.o)
                0x0809ca90                structm_
 *fill*         0x0809ca99        0x7 90909090
 .text          0x0809caa0       0x34 /home/pcl2483/pedro/jadesoft/util/mcgen/Plib/libherwig58d.a(hvcbvi.o)
                0x0809caa0                hvcbvi_
 *fill*         0x0809cad4        0xc 90909090
 .text          0x0809cae0       0x34 /home/pcl2483/pedro/jadesoft/util/mcgen/Plib/libherwig58d.a(hvhbvi.o)
                0x0809cae0                hvhbvi_
 *fill*         0x0809cb14        0xc 90909090
 .text          0x0809cb20        0x9 /home/pcl2483/pedro/jadesoft/util/mcgen/Plib/libherwig58d.a(hwaend.o)
                0x0809cb20                hwaend_
 *fill*         0x0809cb29        0x7 90909090
 .text          0x0809cb30      0x468 /home/pcl2483/pedro/jadesoft/util/mcgen/Plib/libherwig58d.a(hwbazf.o)
                0x0809cb30                hwbazf_
 *fill*         0x0809cf98        0x8 90909090
 .text          0x0809cfa0      0x52c /home/pcl2483/pedro/jadesoft/util/mcgen/Plib/libherwig58d.a(hwbcon.o)
                0x0809cfa0                hwbcon_
 *fill*         0x0809d4cc        0x4 90909090
 .text          0x0809d4d0     0x1f12 /home/pcl2483/pedro/jadesoft/util/mcgen/Plib/libherwig58d.a(hwbded.o)
                0x0809d51c                hwbded_
 *fill*         0x0809f3e2        0xe 90909090
 .text          0x0809f3f0     0x4682 /home/pcl2483/pedro/jadesoft/util/mcgen/Plib/libherwig58d.a(hwbdis.o)
                0x0809f3f0                hwbdis_
 *fill*         0x080a3a72        0xe 90909090
 .text          0x080a3a80      0x6f9 /home/pcl2483/pedro/jadesoft/util/mcgen/Plib/libherwig58d.a(hwbfin.o)
                0x080a3a80                hwbfin_
 *fill*         0x080a4179        0x7 90909090
 .text          0x080a4180     0x11c2 /home/pcl2483/pedro/jadesoft/util/mcgen/Plib/libherwig58d.a(hwbsud.o)
                0x080a4180                hwbsud_
 *fill*         0x080a5342        0xe 90909090
 .text          0x080a5350       0x74 /home/pcl2483/pedro/jadesoft/util/mcgen/Plib/libherwig58d.a(hwbsug.o)
                0x080a5350                hwbsug_
 *fill*         0x080a53c4        0xc 90909090
 .text          0x080a53d0      0x5e7 /home/pcl2483/pedro/jadesoft/util/mcgen/Plib/libherwig58d.a(hwbsul.o)
                0x080a5450                hwbsul_
 *fill*         0x080a59b7        0x9 90909090
 .text          0x080a59c0      0xafe /home/pcl2483/pedro/jadesoft/util/mcgen/Plib/libherwig58d.a(hwccut.o)
                0x080a59c0                hwccut_
 *fill*         0x080a64be        0x2 90909090
 .text          0x080a64c0      0x809 /home/pcl2483/pedro/jadesoft/util/mcgen/Plib/libherwig58d.a(hwdboz.o)
                0x080a64c0                hwdboz_
 *fill*         0x080a6cc9        0x7 90909090
 .text          0x080a6cd0     0x185f /home/pcl2483/pedro/jadesoft/util/mcgen/Plib/libherwig58d.a(hwdhig.o)
                0x080a6cd0                hwdhig_
 *fill*         0x080a852f        0x1 90909090
 .text          0x080a8530       0x24 /home/pcl2483/pedro/jadesoft/util/mcgen/Plib/libherwig58d.a(hwdpwt.o)
                0x080a8530                hwdpwt_
 *fill*         0x080a8554        0xc 90909090
 .text          0x080a8560     0x12fd /home/pcl2483/pedro/jadesoft/util/mcgen/Plib/libherwig58d.a(hwegam.o)
                0x080a8560                hwegam_
 *fill*         0x080a985d        0x3 90909090
 .text          0x080a9860     0x2109 /home/pcl2483/pedro/jadesoft/util/mcgen/Plib/libherwig58d.a(hweisr.o)
                0x080a9860                hweisr_
 *fill*         0x080ab969        0x7 90909090
 .text          0x080ab970      0x5f9 /home/pcl2483/pedro/jadesoft/util/mcgen/Plib/libherwig58d.a(hweone.o)
                0x080ab970                hweone_
 *fill*         0x080abf69        0x7 90909090
 .text          0x080abf70      0xa83 /home/pcl2483/pedro/jadesoft/util/mcgen/Plib/libherwig58d.a(hwetwo.o)
                0x080abf70                hwetwo_
 *fill*         0x080ac9f3        0xd 90909090
 .text          0x080aca00      0x446 /home/pcl2483/pedro/jadesoft/util/mcgen/Plib/libherwig58d.a(hwhew0.o)
                0x080aca00                hwhew0_
 *fill*         0x080ace46        0xa 90909090
 .text          0x080ace50      0x240 /home/pcl2483/pedro/jadesoft/util/mcgen/Plib/libherwig58d.a(hwhew1.o)
                0x080ace50                hwhew1_
 .text          0x080ad090      0xd9f /home/pcl2483/pedro/jadesoft/util/mcgen/Plib/libherwig58d.a(hwhew2.o)
                0x080ad090                hwhew2_
 *fill*         0x080ade2f        0x1 90909090
 .text          0x080ade30      0x864 /home/pcl2483/pedro/jadesoft/util/mcgen/Plib/libherwig58d.a(hwhew3.o)
                0x080ade30                hwhew3_
 *fill*         0x080ae694        0xc 90909090
 .text          0x080ae6a0      0x1e2 /home/pcl2483/pedro/jadesoft/util/mcgen/Plib/libherwig58d.a(hwhew4.o)
                0x080ae6a0                hwhew4_
 *fill*         0x080ae882        0xe 90909090
 .text          0x080ae890     0x11b1 /home/pcl2483/pedro/jadesoft/util/mcgen/Plib/libherwig58d.a(hwhew5.o)
                0x080ae890                hwhew5_
 *fill*         0x080afa41        0xf 90909090
 .text          0x080afa50     0x1037 /home/pcl2483/pedro/jadesoft/util/mcgen/Plib/libherwig58d.a(hwhiga.o)
                0x080afa50                hwhiga_
 *fill*         0x080b0a87        0x9 90909090
 .text          0x080b0a90     0x1287 /home/pcl2483/pedro/jadesoft/util/mcgen/Plib/libherwig58d.a(hwhigb.o)
                0x080b1c98                hwhigc_
                0x080b1cd8                hwhigd_
                0x080b1c58                hwhigb_
 *fill*         0x080b1d17        0x9 90909090
 .text          0x080b1d20     0x1deb /home/pcl2483/pedro/jadesoft/util/mcgen/Plib/libherwig58d.a(hwhigy.o)
                0x080b37b0                hwhigy_
 *fill*         0x080b3b0b        0x5 90909090
 .text          0x080b3b10      0x11b /home/pcl2483/pedro/jadesoft/util/mcgen/Plib/libherwig58d.a(hwrexq.o)
                0x080b3b10                hwrexq_
 *fill*         0x080b3c2b        0x5 90909090
 .text          0x080b3c30      0x270 /home/pcl2483/pedro/jadesoft/util/mcgen/Plib/libherwig58d.a(hwsdgg.o)
                0x080b3c30                hwsdgg_
 .text          0x080b3ea0      0x655 /home/pcl2483/pedro/jadesoft/util/mcgen/Plib/libherwig58d.a(hwsdgq.o)
                0x080b3ea0                hwsdgq_
 *fill*         0x080b44f5        0xb 90909090
 .text          0x080b4500      0x216 /home/pcl2483/pedro/jadesoft/util/mcgen/Plib/libherwig58d.a(hwubpr.o)
                0x080b4500                hwubpr_
 *fill*         0x080b4716        0xa 90909090
 .text          0x080b4720      0x3e9 /home/pcl2483/pedro/jadesoft/util/mcgen/Plib/libherwig58d.a(hwuci2.o)
                0x080b4720                hwuci2_
 *fill*         0x080b4b09        0x7 90909090
 .text          0x080b4b10      0x811 /home/pcl2483/pedro/jadesoft/util/mcgen/Plib/libherwig58d.a(hwuedt.o)
                0x080b4b10                hwuedt_
 *fill*         0x080b5321        0xf 90909090
 .text          0x080b5330      0x3bd /home/pcl2483/pedro/jadesoft/util/mcgen/Plib/libherwig58d.a(hwuemv.o)
                0x080b5330                hwuemv_
 *fill*         0x080b56ed        0x3 90909090
 .text          0x080b56f0      0x30d /home/pcl2483/pedro/jadesoft/util/mcgen/Plib/libherwig58d.a(hwugau.o)
                0x080b56f0                hwugau_
 *fill*         0x080b59fd        0x3 90909090
 .text          0x080b5a00      0x284 /home/pcl2483/pedro/jadesoft/util/mcgen/Plib/libherwig58d.a(hwuidt.o)
                0x080b5a00                hwuidt_
 *fill*         0x080b5c84        0xc 90909090
 .text          0x080b5c90      0x114 /home/pcl2483/pedro/jadesoft/util/mcgen/Plib/libherwig58d.a(hwulf4.o)
                0x080b5c90                hwulf4_
 *fill*         0x080b5da4        0xc 90909090
 .text          0x080b5db0      0xfef /home/pcl2483/pedro/jadesoft/util/mcgen/Plib/libherwig58d.a(hwuli2.o)
                0x080b66a4                hwuli2_
 *fill*         0x080b6d9f        0x1 90909090
 .text          0x080b6da0      0x10b /home/pcl2483/pedro/jadesoft/util/mcgen/Plib/libherwig58d.a(hwvdot.o)
                0x080b6da0                hwvdot_
 *fill*         0x080b6eab        0x5 90909090
 .text          0x080b6eb0     0x1775 /home/pcl2483/pedro/jadesoft/util/mcgen/Plib/libherwig58d.a(pystig.o)
                0x080b6eb0                pystig_
 *fill*         0x080b8625        0xb 90909090
 .text          0x080b8630      0xed4 /home/pcl2483/pedro/jadesoft/util/mcgen/Plib/libherwig58d.a(pystvg.o)
                0x080b8630                pystvg_
 *fill*         0x080b9504        0xc 90909090
 .text          0x080b9510       0x64 /home/pcl2483/pedro/jadesoft/util/mcgen/Plib/libherwig58d.a(hwbsu1.o)
                0x080b9510                hwbsu1_
 *fill*         0x080b9574        0xc 90909090
 .text          0x080b9580       0x44 /home/pcl2483/pedro/jadesoft/util/mcgen/Plib/libherwig58d.a(hwbsu2.o)
                0x080b9580                hwbsu2_
 *fill*         0x080b95c4        0xc 90909090
 .text          0x080b95d0      0x121 /home/pcl2483/pedro/jadesoft/util/mcgen/Plib/libherwig58d.a(hwdhgc.o)
                0x080b95d0                hwdhgc_
 *fill*         0x080b96f1        0xf 90909090
 .text          0x080b9700      0x5a9 /home/pcl2483/pedro/jadesoft/util/mcgen/Plib/libherwig58d.a(hwdhgf.o)
                0x080b9700                hwdhgf_
 *fill*         0x080b9ca9        0x7 90909090
 .text          0x080b9cb0     0x2094 /home/pcl2483/pedro/jadesoft/util/mcgen/Plib/libherwig58d.a(hwhig1.o)
                0x080bbcec                hwhig5_
                0x080bbc94                hwhig2_
                0x080bbc3c                hwhig1_
 *fill*         0x080bbd44        0xc 90909090
 .text          0x080bbd50      0x552 /home/pcl2483/pedro/jadesoft/util/mcgen/Plib/libjt74opal.a(luchge.o)
                0x080bbd50                luchge_
 *fill*         0x080bc2a2        0xe 90909090
 .text          0x080bc2b0      0x957 /home/pcl2483/pedro/jadesoft/util/mcgen/Plib/libjt74opal.a(lucomp.o)
                0x080bc2b0                lucomp_
 *fill*         0x080bcc07        0x1 90909090
 .text          0x080bcc08        0x7 /home/pcl2483/pedro/jadesoft/util/mcgen/Plib/libjt74opal.a(ludata.o)
                0x080bcc08                ludata_
 *fill*         0x080bcc0f        0x1 90909090
 .text          0x080bcc10     0x2a61 /home/pcl2483/pedro/jadesoft/util/mcgen/Plib/libjt74opal.a(luedit.o)
                0x080bcc10                luedit_
 *fill*         0x080bf671        0xf 90909090
 .text          0x080bf680      0x2c2 /home/pcl2483/pedro/jadesoft/util/mcgen/Plib/libjt74opal.a(luerrm.o)
                0x080bf680                luerrm_
 *fill*         0x080bf942        0xe 90909090
 .text          0x080bf950      0xa45 /home/pcl2483/pedro/jadesoft/util/mcgen/Plib/libjt74opal.a(luexec.o)
                0x080bf950                luexec_
 *fill*         0x080c0395        0xb 90909090
 .text          0x080c03a0     0x14ee /home/pcl2483/pedro/jadesoft/util/mcgen/Plib/libjt74opal.a(luhepc.o)
                0x080c03a0                luhepc_
 *fill*         0x080c188e        0x2 90909090
 .text          0x080c1890     0x4bef /home/pcl2483/pedro/jadesoft/util/mcgen/Plib/libjt74opal.a(luindf.o)
                0x080c1890                luindf_
 *fill*         0x080c647f        0x1 90909090
 .text          0x080c6480     0x31f6 /home/pcl2483/pedro/jadesoft/util/mcgen/Plib/libjt74opal.a(lukfdi.o)
                0x080c6480                lukfdi_
 *fill*         0x080c9676        0xa 90909090
 .text          0x080c9680     0x2766 /home/pcl2483/pedro/jadesoft/util/mcgen/Plib/libjt74opal.a(lulist.o)
                0x080c9680                lulist_
 *fill*         0x080cbde6        0xa 90909090
 .text          0x080cbdf0      0x69a /home/pcl2483/pedro/jadesoft/util/mcgen/Plib/libjt74opal.a(lulogo.o)
                0x080cbdf0                lulogo_
 *fill*         0x080cc48a        0x6 90909090
 .text          0x080cc490      0xdd4 /home/pcl2483/pedro/jadesoft/util/mcgen/Plib/libjt74opal.a(luname.o)
                0x080cc490                luname_
 *fill*         0x080cd264        0xc 90909090
 .text          0x080cd270     0x39ef /home/pcl2483/pedro/jadesoft/util/mcgen/Plib/libjt74opal.a(luprep.o)
                0x080cd270                luprep_
 *fill*         0x080d0c5f        0x1 90909090
 .text          0x080d0c60      0x177 /home/pcl2483/pedro/jadesoft/util/mcgen/Plib/libjt74opal.a(luptdi.o)
                0x080d0c60                luptdi_
 *fill*         0x080d0dd7        0x9 90909090
 .text          0x080d0de0      0xc9b /home/pcl2483/pedro/jadesoft/util/mcgen/Plib/libjt74opal.a(lurobo.o)
                0x080d1a00                lurobo_
                0x080d1a3c                ludbrb_
 *fill*         0x080d1a7b        0x5 90909090
 .text          0x080d1a80     0x9eb1 /home/pcl2483/pedro/jadesoft/util/mcgen/Plib/libjt74opal.a(lushow.o)
                0x080d1a80                lushow_
 *fill*         0x080db931        0xf 90909090
 .text          0x080db940     0xb76f /home/pcl2483/pedro/jadesoft/util/mcgen/Plib/libjt74opal.a(lustrf.o)
                0x080dbaa8                lustrf_
 *fill*         0x080e70af        0x1 90909090
 .text          0x080e70b0     0x60f3 /home/pcl2483/pedro/jadesoft/util/mcgen/Plib/libjt74opal.a(lutabu.o)
                0x080e70b0                lutabu_
 *fill*         0x080ed1a3        0xd 90909090
 .text          0x080ed1b0      0xc5b /home/pcl2483/pedro/jadesoft/util/mcgen/Plib/libjt74opal.a(luzdis.o)
                0x080ed1b0                luzdis_
 *fill*         0x080ede0b        0x5 90909090
 .text          0x080ede10      0xa80 /home/pcl2483/pedro/jadesoft/util/mcgen/Plib/libjt74opal.a(plu.o)
                0x080ede10                plu_
 .text          0x080ee890      0x597 /home/pcl2483/pedro/jadesoft/util/mcgen/Plib/libjt74opal.a(rlu.o)
                0x080ee890                rlu_
 *fill*         0x080eee27        0x9 90909090
 .text          0x080eee30      0x139 /home/pcl2483/pedro/jadesoft/util/mcgen/Plib/libjt74opal.a(ulangl.o)
                0x080eee30                ulangl_
 *fill*         0x080eef69        0x7 90909090
 .text          0x080eef70      0x92a /home/pcl2483/pedro/jadesoft/util/mcgen/Plib/libjt74opal.a(ulmass.o)
                0x080eef70                ulmass_
 *fill*         0x080ef89a        0x6 90909090
 .text          0x080ef8a0     0x1e4f /home/pcl2483/pedro/jadesoft/util/mcgen/Plib/libjt74opal.a(luboei.o)
                0x080ef8a0                luboei_
 *fill*         0x080f16ef        0x1 90909090
 .text          0x080f16f0     0x7150 /home/pcl2483/pedro/jadesoft/util/mcgen/Plib/libjt74opal.a(ludecy.o)
                0x080f18a8                ludecy_
 .text          0x080f8840     0x123c /home/pcl2483/pedro/jadesoft/util/mcgen/Plib/libjt74opal.a(lutaud.o)
                0x080f8840                lutaud_
 *fill*         0x080f9a7c        0x4 90909090
 .text          0x080f9a80      0x205 /home/pcl2483/pedro/jadesoft/util/mcgen/Plib/libjt74opal.a(taupol.o)
                0x080f9a80                taupol_
 *fill*         0x080f9c85        0xb 90909090
 .text          0x080f9c90      0x776 /home/pcl2483/pedro/jadesoft/util/mcgen/Plib/libjt74opal.a(dexay.o)
                0x080f9c90                dexay_
 *fill*         0x080fa406        0xa 90909090
 .text          0x080fa410      0x42c /home/pcl2483/pedro/jadesoft/util/mcgen/Plib/libjt74opal.a(dexay1.o)
                0x080fa410                dexay1_
 *fill*         0x080fa83c        0x4 90909090
 .text          0x080fa840      0x154 /home/pcl2483/pedro/jadesoft/util/mcgen/Plib/libjt74opal.a(dexel.o)
                0x080fa840                dexel_
 *fill*         0x080fa994        0xc 90909090
 .text          0x080fa9a0      0x104 /home/pcl2483/pedro/jadesoft/util/mcgen/Plib/libjt74opal.a(dexkk.o)
                0x080fa9a0                dexkk_
 *fill*         0x080faaa4        0xc 90909090
 .text          0x080faab0      0x164 /home/pcl2483/pedro/jadesoft/util/mcgen/Plib/libjt74opal.a(dexks.o)
                0x080faab0                dexks_
 *fill*         0x080fac14        0xc 90909090
 .text          0x080fac20      0x164 /home/pcl2483/pedro/jadesoft/util/mcgen/Plib/libjt74opal.a(dexmu.o)
                0x080fac20                dexmu_
 *fill*         0x080fad84        0xc 90909090
 .text          0x080fad90      0x15c /home/pcl2483/pedro/jadesoft/util/mcgen/Plib/libjt74opal.a(dexnew.o)
                0x080fad90                dexnew_
 *fill*         0x080faeec        0x4 90909090
 .text          0x080faef0      0x104 /home/pcl2483/pedro/jadesoft/util/mcgen/Plib/libjt74opal.a(dexpi.o)
                0x080faef0                dexpi_
 *fill*         0x080faff4        0xc 90909090
 .text          0x080fb000      0x15a /home/pcl2483/pedro/jadesoft/util/mcgen/Plib/libjt74opal.a(dexro.o)
                0x080fb000                dexro_
 *fill*         0x080fb15a        0x6 90909090
 .text          0x080fb160      0x1bc /home/pcl2483/pedro/jadesoft/util/mcgen/Plib/libjt74opal.a(dwlnew.o)
                0x080fb160                dwlnew_
 *fill*         0x080fb31c        0x4 90909090
 .text          0x080fb320      0x268 /home/pcl2483/pedro/jadesoft/util/mcgen/Plib/libjt74opal.a(dwluaa.o)
                0x080fb320                dwluaa_
 *fill*         0x080fb588        0x8 90909090
 .text          0x080fb590      0x104 /home/pcl2483/pedro/jadesoft/util/mcgen/Plib/libjt74opal.a(dwluel.o)
                0x080fb590                dwluel_
 *fill*         0x080fb694        0xc 90909090
 .text          0x080fb6a0       0xb5 /home/pcl2483/pedro/jadesoft/util/mcgen/Plib/libjt74opal.a(dwlukk.o)
                0x080fb6a0                dwlukk_
 *fill*         0x080fb755        0xb 90909090
 .text          0x080fb760      0x244 /home/pcl2483/pedro/jadesoft/util/mcgen/Plib/libjt74opal.a(dwluks.o)
                0x080fb760                dwluks_
 *fill*         0x080fb9a4        0xc 90909090
 .text          0x080fb9b0      0x104 /home/pcl2483/pedro/jadesoft/util/mcgen/Plib/libjt74opal.a(dwlumu.o)
                0x080fb9b0                dwlumu_
 *fill*         0x080fbab4        0xc 90909090
 .text          0x080fbac0       0xab /home/pcl2483/pedro/jadesoft/util/mcgen/Plib/libjt74opal.a(dwlupi.o)
                0x080fbac0                dwlupi_
 *fill*         0x080fbb6b        0x5 90909090
 .text          0x080fbb70      0x134 /home/pcl2483/pedro/jadesoft/util/mcgen/Plib/libjt74opal.a(dwluro.o)
                0x080fbb70                dwluro_
 *fill*         0x080fbca4        0xc 90909090
 .text          0x080fbcb0       0xda /home/pcl2483/pedro/jadesoft/util/mcgen/Plib/libjt74opal.a(dwrph.o)
                0x080fbcb0                dwrph_
 *fill*         0x080fbd8a        0x6 90909090
 .text          0x080fbd90      0x391 /home/pcl2483/pedro/jadesoft/util/mcgen/Plib/libjt74opal.a(filhep.o)
                0x080fbd90                filhep_
 *fill*         0x080fc121        0xf 90909090
 .text          0x080fc130      0xd35 /home/pcl2483/pedro/jadesoft/util/mcgen/Plib/libjt74opal.a(initdk.o)
                0x080fc130                initdk_
 *fill*         0x080fce65        0xb 90909090
 .text          0x080fce70      0x170 /home/pcl2483/pedro/jadesoft/util/mcgen/Plib/libjt74opal.a(jaker.o)
                0x080fce70                jaker_
 .text          0x080fcfe0      0x214 /home/pcl2483/pedro/jadesoft/util/mcgen/Plib/libjt74opal.a(lunpik.o)
                0x080fcfe0                lunpik_
 *fill*         0x080fd1f4        0xc 90909090
 .text          0x080fd200      0x5a8 /home/pcl2483/pedro/jadesoft/util/mcgen/Plib/libjt74opal.a(dadmel.o)
                0x080fd200                dadmel_
 *fill*         0x080fd7a8        0x8 90909090
 .text          0x080fd7b0      0x577 /home/pcl2483/pedro/jadesoft/util/mcgen/Plib/libjt74opal.a(dadmkk.o)
                0x080fd7b0                dadmkk_
 *fill*         0x080fdd27        0x9 90909090
 .text          0x080fdd30      0x5b8 /home/pcl2483/pedro/jadesoft/util/mcgen/Plib/libjt74opal.a(dadmks.o)
                0x080fdd30                dadmks_
 *fill*         0x080fe2e8        0x8 90909090
 .text          0x080fe2f0      0x598 /home/pcl2483/pedro/jadesoft/util/mcgen/Plib/libjt74opal.a(dadmmu.o)
                0x080fe2f0                dadmmu_
 *fill*         0x080fe888        0x8 90909090
 .text          0x080fe890      0x56d /home/pcl2483/pedro/jadesoft/util/mcgen/Plib/libjt74opal.a(dadmpi.o)
                0x080fe890                dadmpi_
 *fill*         0x080fedfd        0x3 90909090
 .text          0x080fee00      0x558 /home/pcl2483/pedro/jadesoft/util/mcgen/Plib/libjt74opal.a(dadmro.o)
                0x080fee00                dadmro_
 *fill*         0x080ff358        0x8 90909090
 .text          0x080ff360      0xace /home/pcl2483/pedro/jadesoft/util/mcgen/Plib/libjt74opal.a(dadnew.o)
                0x080ff360                dadnew_
 *fill*         0x080ffe2e        0x2 90909090
 .text          0x080ffe30      0x185 /home/pcl2483/pedro/jadesoft/util/mcgen/Plib/libjt74opal.a(dexaa.o)
                0x080ffe30                dexaa_
 *fill*         0x080fffb5        0xb 90909090
 .text          0x080fffc0     0x1f8c /home/pcl2483/pedro/jadesoft/util/mcgen/Plib/libjt74opal.a(dph4pi.o)
                0x08100014                dph4pi_
 *fill*         0x08101f4c        0x4 90909090
 .text          0x08101f50     0x17fc /home/pcl2483/pedro/jadesoft/util/mcgen/Plib/libjt74opal.a(dph5pi.o)
                0x08102084                dph5pi_
 *fill*         0x0810374c        0x4 90909090
 .text          0x08103750     0x192f /home/pcl2483/pedro/jadesoft/util/mcgen/Plib/libjt74opal.a(dphnpi.o)
                0x08103810                dphnpi_
 *fill*         0x0810507f        0x1 90909090
 .text          0x08105080      0x17b /home/pcl2483/pedro/jadesoft/util/mcgen/Plib/libjt74opal.a(dphsel.o)
                0x08105080                dphsel_
 *fill*         0x081051fb        0x5 90909090
 .text          0x08105200     0x138f /home/pcl2483/pedro/jadesoft/util/mcgen/Plib/libjt74opal.a(dphsks.o)
                0x08105200                dphsks_
 *fill*         0x0810658f        0x1 90909090
 .text          0x08106590      0x17b /home/pcl2483/pedro/jadesoft/util/mcgen/Plib/libjt74opal.a(dphsmu.o)
                0x08106590                dphsmu_
 *fill*         0x0810670b        0x5 90909090
 .text          0x08106710      0x1b9 /home/pcl2483/pedro/jadesoft/util/mcgen/Plib/libjt74opal.a(dphspk.o)
                0x08106710                dphspk_
 *fill*         0x081068c9        0x7 90909090
 .text          0x081068d0      0x870 /home/pcl2483/pedro/jadesoft/util/mcgen/Plib/libjt74opal.a(dphsrk.o)
                0x081068d0                dphsrk_
 .text          0x08107140      0x85f /home/pcl2483/pedro/jadesoft/util/mcgen/Plib/libjt74opal.a(dphsro.o)
                0x08107140                dphsro_
 *fill*         0x0810799f        0x1 90909090
 .text          0x081079a0     0x13cd /home/pcl2483/pedro/jadesoft/util/mcgen/Plib/libjt74opal.a(dphtre.o)
                0x081079f4                dphtre_
 *fill*         0x08108d6d        0x3 90909090
 .text          0x08108d70      0xcee /home/pcl2483/pedro/jadesoft/util/mcgen/Plib/libjt74opal.a(drcmu.o)
                0x08108d70                drcmu_
 *fill*         0x08109a5e        0x2 90909090
 .text          0x08109a60       0x87 /home/pcl2483/pedro/jadesoft/util/mcgen/Plib/libjt74opal.a(dwluph.o)
                0x08109a60                dwluph_
 *fill*         0x08109ae7        0x1 90909090
 .text          0x08109ae8       0x3d /home/pcl2483/pedro/jadesoft/util/mcgen/Plib/libjt74opal.a(fpirho.o)
                0x08109ae8                fpirho_
 *fill*         0x08109b25        0x3 90909090
 .text          0x08109b28       0x44 /home/pcl2483/pedro/jadesoft/util/mcgen/Plib/libjt74opal.a(fpirk.o)
                0x08109b28                fpirk_
 *fill*         0x08109b6c        0x4 90909090
 .text          0x08109b70      0x109 /home/pcl2483/pedro/jadesoft/util/mcgen/Plib/libjt74opal.a(rotor2.o)
                0x08109b70                rotor2_
 *fill*         0x08109c79        0x7 90909090
 .text          0x08109c80       0xf9 /home/pcl2483/pedro/jadesoft/util/mcgen/Plib/libjt74opal.a(rotor3.o)
                0x08109c80                rotor3_
 *fill*         0x08109d79        0x7 90909090
 .text          0x08109d80       0x3a /home/pcl2483/pedro/jadesoft/util/mcgen/Plib/libjt74opal.a(rotpol.o)
                0x08109d80                rotpol_
 *fill*         0x08109dba        0x6 90909090
 .text          0x08109dc0       0x3a /home/pcl2483/pedro/jadesoft/util/mcgen/Plib/libjt74opal.a(rotpox.o)
                0x08109dc0                rotpox_
 *fill*         0x08109dfa        0x6 90909090
 .text          0x08109e00      0x67c /home/pcl2483/pedro/jadesoft/util/mcgen/Plib/libjt74opal.a(sigee.o)
                0x08109e00                sigee_
 .text          0x0810a47c      0x11d /home/pcl2483/pedro/jadesoft/util/mcgen/Plib/libjt74opal.a(sphera.o)
                0x0810a47c                sphera_
 *fill*         0x0810a599        0x3 90909090
 .text          0x0810a59c      0x115 /home/pcl2483/pedro/jadesoft/util/mcgen/Plib/libjt74opal.a(spherd.o)
                0x0810a59c                spherd_
 *fill*         0x0810a6b1        0xf 90909090
 .text          0x0810a6c0       0xff /home/pcl2483/pedro/jadesoft/util/mcgen/Plib/libjt74opal.a(bostd3.o)
                0x0810a6c0                bostd3_
 *fill*         0x0810a7bf        0x1 90909090
 .text          0x0810a7c0       0xff /home/pcl2483/pedro/jadesoft/util/mcgen/Plib/libjt74opal.a(bostr3.o)
                0x0810a7c0                bostr3_
 *fill*         0x0810a8bf        0x1 90909090
 .text          0x0810a8c0      0x267 /home/pcl2483/pedro/jadesoft/util/mcgen/Plib/libjt74opal.a(bwigs.o)
                0x0810a964                bwigs_
 *fill*         0x0810ab27        0x9 90909090
 .text          0x0810ab30      0x5b8 /home/pcl2483/pedro/jadesoft/util/mcgen/Plib/libjt74opal.a(choice.o)
                0x0810ab30                choice_
 *fill*         0x0810b0e8        0x8 90909090
 .text          0x0810b0f0      0x508 /home/pcl2483/pedro/jadesoft/util/mcgen/Plib/libjt74opal.a(dadmaa.o)
                0x0810b0f0                dadmaa_
 *fill*         0x0810b5f8        0x8 90909090
 .text          0x0810b600      0x27e /home/pcl2483/pedro/jadesoft/util/mcgen/Plib/libjt74opal.a(dam4pi.o)
                0x0810b600                dam4pi_
 *fill*         0x0810b87e        0x2 90909090
 .text          0x0810b880      0xb17 /home/pcl2483/pedro/jadesoft/util/mcgen/Plib/libjt74opal.a(dampog.o)
                0x0810b880                dampog_
 *fill*         0x0810c397        0x9 90909090
 .text          0x0810c3a0     0x1aaf /home/pcl2483/pedro/jadesoft/util/mcgen/Plib/libjt74opal.a(damppk.o)
                0x0810c3a0                damppk_
 *fill*         0x0810de4f        0x1 90909090
 .text          0x0810de50       0xa8 /home/pcl2483/pedro/jadesoft/util/mcgen/Plib/libjt74opal.a(dampry.o)
                0x0810de50                dampry_
 *fill*         0x0810def8        0x8 90909090
 .text          0x0810df00      0x1da /home/pcl2483/pedro/jadesoft/util/mcgen/Plib/libjt74opal.a(dcdmas.o)
                0x0810df00                dcdmas_
 *fill*         0x0810e0da        0x6 90909090
 .text          0x0810e0e0       0xe5 /home/pcl2483/pedro/jadesoft/util/mcgen/Plib/libjt74opal.a(dphsaa.o)
                0x0810e0e0                dphsaa_
 *fill*         0x0810e1c5        0xb 90909090
 .text          0x0810e1d0      0x6d8 /home/pcl2483/pedro/jadesoft/util/mcgen/Plib/libjt74opal.a(form1.o)
                0x0810e2a8                form1_
 *fill*         0x0810e8a8        0x8 90909090
 .text          0x0810e8b0      0x7c8 /home/pcl2483/pedro/jadesoft/util/mcgen/Plib/libjt74opal.a(form2.o)
                0x0810e988                form2_
 *fill*         0x0810f078        0x8 90909090
 .text          0x0810f080       0x54 /home/pcl2483/pedro/jadesoft/util/mcgen/Plib/libjt74opal.a(form3.o)
                0x0810f080                form3_
 *fill*         0x0810f0d4        0xc 90909090
 .text          0x0810f0e0      0x966 /home/pcl2483/pedro/jadesoft/util/mcgen/Plib/libjt74opal.a(form4.o)
                0x0810f1b8                form4_
 *fill*         0x0810fa46        0xa 90909090
 .text          0x0810fa50      0x69b /home/pcl2483/pedro/jadesoft/util/mcgen/Plib/libjt74opal.a(form5.o)
                0x0810fa50                form5_
 *fill*         0x081100eb        0x5 90909090
 .text          0x081100f0      0x371 /home/pcl2483/pedro/jadesoft/util/mcgen/Plib/libjt74opal.a(formom.o)
                0x081101d4                formom_
 *fill*         0x08110461        0xf 90909090
 .text          0x08110470      0x153 /home/pcl2483/pedro/jadesoft/util/mcgen/Plib/libjt74opal.a(fpik.o)
                0x08110470                fpik_
 *fill*         0x081105c3        0xd 90909090
 .text          0x081105d0      0x16c /home/pcl2483/pedro/jadesoft/util/mcgen/Plib/libjt74opal.a(fpikm.o)
                0x081105d0                fpikm_
 *fill*         0x0811073c        0x4 90909090
 .text          0x08110740      0x1ec /home/pcl2483/pedro/jadesoft/util/mcgen/Plib/libjt74opal.a(fpikmd.o)
                0x08110740                fpikmd_
 *fill*         0x0811092c        0x4 90909090
 .text          0x08110930      0x1ba /home/pcl2483/pedro/jadesoft/util/mcgen/Plib/libjt74opal.a(gfun.o)
                0x08110930                gfun_
 *fill*         0x08110aea        0x6 90909090
 .text          0x08110af0      0x369 /home/pcl2483/pedro/jadesoft/util/mcgen/Plib/libjt74opal.a(prod5.o)
                0x08110b88                prod5_
 *fill*         0x08110e59        0x7 90909090
 .text          0x08110e60      0x109 /home/pcl2483/pedro/jadesoft/util/mcgen/Plib/libjt74opal.a(rotod2.o)
                0x08110e60                rotod2_
 *fill*         0x08110f69        0x7 90909090
 .text          0x08110f70      0x109 /home/pcl2483/pedro/jadesoft/util/mcgen/Plib/libjt74opal.a(rotod3.o)
                0x08110f70                rotod3_
 *fill*         0x08111079        0x7 90909090
 .text          0x08111080      0xe1b /home/pcl2483/pedro/jadesoft/util/mcgen/Plib/libjt74opal.a(sqm2.o)
                0x08111080                sqm2_
 *fill*         0x08111e9b        0x5 90909090
 .text          0x08111ea0      0xc54 /home/pcl2483/pedro/jadesoft/util/mcgen/Plib/libjt74opal.a(thb.o)
                0x08111ea0                thb_
 *fill*         0x08112af4        0xc 90909090
 .text          0x08112b00       0xe4 /home/pcl2483/pedro/jadesoft/util/mcgen/Plib/libjt74opal.a(wigfor.o)
                0x08112b00                wigfor_
 *fill*         0x08112be4        0xc 90909090
 .text          0x08112bf0      0x1ff /home/pcl2483/pedro/jadesoft/util/mcgen/Plib/libjt74opal.a(bwig.o)
                0x08112bf0                bwig_
 *fill*         0x08112def        0x1 90909090
 .text          0x08112df0      0x250 /home/pcl2483/pedro/jadesoft/util/mcgen/Plib/libjt74opal.a(bwigm.o)
                0x08112df0                bwigm_
 .text          0x08113040      0x36b /home/pcl2483/pedro/jadesoft/util/mcgen/Plib/libjt74opal.a(claxi.o)
                0x08113104                claxi_
 *fill*         0x081133ab        0x5 90909090
 .text          0x081133b0       0xc4 /home/pcl2483/pedro/jadesoft/util/mcgen/Plib/libjt74opal.a(clnut.o)
                0x081133b0                clnut_
 *fill*         0x08113474        0xc 90909090
 .text          0x08113480      0x1c0 /home/pcl2483/pedro/jadesoft/util/mcgen/Plib/libjt74opal.a(clvec.o)
                0x08113480                clvec_
 .text          0x08113640     0x194f /home/pcl2483/pedro/jadesoft/util/mcgen/Plib/libjt74opal.a(curr.o)
                0x08113718                curr_
 *fill*         0x08114f8f        0x1 90909090
 .text          0x08114f90      0x50d /home/pcl2483/pedro/jadesoft/util/mcgen/Plib/libjt74opal.a(dilog.o)
                0x08114f90                dilog_
 *fill*         0x0811549d        0x3 90909090
 .text          0x081154a0     0x1786 /home/pcl2483/pedro/jadesoft/util/mcgen/Plib/libckern105.a(ckern.o)
                0x081154a0                ckern_
 *fill*         0x08116c26        0xa 90909090
 .text          0x08116c30      0x42f /home/pcl2483/pedro/jadesoft/util/mcgen/Plib/libckern105.a(cksord.o)
                0x08116c30                cksord_
 *fill*         0x0811705f        0x1 90909090
 .text          0x08117060      0x1b5 /home/pcl2483/pedro/jadesoft/util/mcgen/Plib/libckern105.a(cnjet.o)
                0x08117060                cnjet_
 *fill*         0x08117215        0xb 90909090
 .text          0x08117220      0x217 /home/pcl2483/pedro/jadesoft/util/mcgen/Plib/libpx114.a(pxang3.o)
                0x08117220                pxang3_
 *fill*         0x08117437        0x9 90909090
 .text          0x08117440      0x17f /home/pcl2483/pedro/jadesoft/util/mcgen/Plib/libpx114.a(pxanxy.o)
                0x08117440                pxanxy_
 *fill*         0x081175bf        0x1 90909090
 .text          0x081175c0      0xa8f /home/pcl2483/pedro/jadesoft/util/mcgen/Plib/libpx114.a(pxcone.o)
                0x081175c0                pxcone_
 *fill*         0x0811804f        0x1 90909090
 .text          0x08118050       0x6b /home/pcl2483/pedro/jadesoft/util/mcgen/Plib/libpx114.a(pxcopv.o)
                0x08118050                pxcopv_
 *fill*         0x081180bb        0x5 90909090
 .text          0x081180c0      0x322 /home/pcl2483/pedro/jadesoft/util/mcgen/Plib/libpx114.a(pxjpdg.o)
                0x081180c0                pxjpdg_
 *fill*         0x081183e2        0xe 90909090
 .text          0x081183f0      0x70f /home/pcl2483/pedro/jadesoft/util/mcgen/Plib/libpx114.a(pxjsp3.o)
                0x081183f0                pxjsp3_
 *fill*         0x08118aff        0x1 90909090
 .text          0x08118b00      0x835 /home/pcl2483/pedro/jadesoft/util/mcgen/Plib/libpx114.a(pxlsp3.o)
                0x08118b00                pxlsp3_
 *fill*         0x08119335        0xb 90909090
 .text          0x08119340      0x3f2 /home/pcl2483/pedro/jadesoft/util/mcgen/Plib/libpx114.a(pxlth4.o)
                0x08119340                pxlth4_
 *fill*         0x08119732        0xe 90909090
 .text          0x08119740     0x2507 /home/pcl2483/pedro/jadesoft/util/mcgen/Plib/libpx114.a(pxlut3.o)
                0x08119740                pxlut3_
 *fill*         0x0811bc47        0x9 90909090
 .text          0x0811bc50      0x11a /home/pcl2483/pedro/jadesoft/util/mcgen/Plib/libpx114.a(pxlzf5.o)
                0x0811bc50                pxlzf5_
 *fill*         0x0811bd6a        0x6 90909090
 .text          0x0811bd70      0x4b2 /home/pcl2483/pedro/jadesoft/util/mcgen/Plib/libpx114.a(pxmmbb.o)
                0x0811bd70                pxmmbb_
 *fill*         0x0811c222        0xe 90909090
 .text          0x0811c230      0x131 /home/pcl2483/pedro/jadesoft/util/mcgen/Plib/libpx114.a(pxnorv.o)
                0x0811c230                pxnorv_
 *fill*         0x0811c361        0xf 90909090
 .text          0x0811c370      0x63c /home/pcl2483/pedro/jadesoft/util/mcgen/Plib/libpx114.a(pxolap.o)
                0x0811c370                pxolap_
 *fill*         0x0811c9ac        0x4 90909090
 .text          0x0811c9b0      0x361 /home/pcl2483/pedro/jadesoft/util/mcgen/Plib/libpx114.a(pxord.o)
                0x0811c9b0                pxord_
 *fill*         0x0811cd11        0xf 90909090
 .text          0x0811cd20      0x1dd /home/pcl2483/pedro/jadesoft/util/mcgen/Plib/libpx114.a(pxplt3.o)
                0x0811cd20                pxplt3_
 *fill*         0x0811cefd        0x3 90909090
 .text          0x0811cf00      0x12c /home/pcl2483/pedro/jadesoft/util/mcgen/Plib/libpx114.a(pxplu3.o)
                0x0811cf00                pxplu3_
 *fill*         0x0811d02c        0x4 90909090
 .text          0x0811d030      0x301 /home/pcl2483/pedro/jadesoft/util/mcgen/Plib/libpx114.a(pxprcv.o)
                0x0811d030                pxprcv_
 *fill*         0x0811d331        0xf 90909090
 .text          0x0811d340      0x2ed /home/pcl2483/pedro/jadesoft/util/mcgen/Plib/libpx114.a(pxprrv.o)
                0x0811d340                pxprrv_
 *fill*         0x0811d62d        0x3 90909090
 .text          0x0811d630      0x1e9 /home/pcl2483/pedro/jadesoft/util/mcgen/Plib/libpx114.a(pxrap4.o)
                0x0811d630                pxrap4_
 *fill*         0x0811d819        0x7 90909090
 .text          0x0811d820      0x22d /home/pcl2483/pedro/jadesoft/util/mcgen/Plib/libpx114.a(pxrmx3.o)
                0x0811d820                pxrmx3_
 *fill*         0x0811da4d        0x3 90909090
 .text          0x0811da50       0xb5 /home/pcl2483/pedro/jadesoft/util/mcgen/Plib/libpx114.a(pxrob3.o)
                0x0811da50                pxrob3_
 *fill*         0x0811db05        0xb 90909090
 .text          0x0811db10       0xb5 /home/pcl2483/pedro/jadesoft/util/mcgen/Plib/libpx114.a(pxrof3.o)
                0x0811db10                pxrof3_
 *fill*         0x0811dbc5        0xb 90909090
 .text          0x0811dbd0      0x329 /home/pcl2483/pedro/jadesoft/util/mcgen/Plib/libpx114.a(pxsear.o)
                0x0811dbd0                pxsear_
 *fill*         0x0811def9        0x7 90909090
 .text          0x0811df00      0x37f /home/pcl2483/pedro/jadesoft/util/mcgen/Plib/libpx114.a(pxsorv.o)
                0x0811df00                pxsorv_
 *fill*         0x0811e27f        0x1 90909090
 .text          0x0811e280      0x2d2 /home/pcl2483/pedro/jadesoft/util/mcgen/Plib/libpx114.a(pxtry.o)
                0x0811e280                pxtry_
 *fill*         0x0811e552        0xe 90909090
 .text          0x0811e560      0x1ac /home/pcl2483/pedro/jadesoft/util/mcgen/Plib/libpx114.a(pxuvec.o)
                0x0811e560                pxuvec_
 *fill*         0x0811e70c        0x4 90909090
 .text          0x0811e710       0x49 /home/pcl2483/pedro/jadesoft/util/mcgen/Plib/libpx114.a(pxzerv.o)
                0x0811e710                pxzerv_
 *fill*         0x0811e759        0x7 90909090
 .text          0x0811e760     0x1dee /home/pcl2483/pedro/jadesoft/util/mcgen/Plib/libpx114.a(ykern.o)
                0x0811ed68                ykern_
 *fill*         0x0812054e        0x2 90909090
 .text          0x08120550      0x134 /home/pcl2483/pedro/jadesoft/util/mcgen/Plib/libpx114.a(ynjet.o)
                0x08120550                ynjet_
 *fill*         0x08120684        0xc 90909090
 .text          0x08120690      0x175 /home/pcl2483/pedro/jadesoft/util/mcgen/Plib/libpx114.a(yyjet.o)
                0x08120690                yyjet_
 *fill*         0x08120805        0xb 90909090
 .text          0x08120810       0x8b /home/pcl2483/pedro/jadesoft/util/mcgen/Plib/libpx114.a(pxaddv.o)
                0x08120810                pxaddv_
 *fill*         0x0812089b        0x5 90909090
 .text          0x081208a0      0xcdc /home/pcl2483/pedro/jadesoft/util/mcgen/Plib/libpx114.a(pxdiam.o)
                0x081208a0                pxdiam_
 *fill*         0x0812157c        0x4 90909090
 .text          0x08121580      0x3cf /home/pcl2483/pedro/jadesoft/util/mcgen/Plib/libpx114.a(pxmulm.o)
                0x08121580                pxmulm_
 *fill*         0x0812194f        0x1 90909090
 .text          0x08121950       0xea /home/pcl2483/pedro/jadesoft/util/mcgen/Plib/libpx114.a(pxnew.o)
                0x08121950                pxnew_
 *fill*         0x08121a3a        0x6 90909090
 .text          0x08121a40       0x81 /home/pcl2483/pedro/jadesoft/util/mcgen/Plib/libpx114.a(pxsame.o)
                0x08121a40                pxsame_
 *fill*         0x08121ac1        0xf 90909090
 .text          0x08121ad0      0x1ff /home/pcl2483/pedro/jadesoft/util/mcgen/Plib/libpx114.a(pxunim.o)
                0x08121ad0                pxunim_
 *fill*         0x08121ccf        0x1 90909090
 .text          0x08121cd0     0x175a /cern/99/lib/libpacklib.a(ffgo.o)
                0x08121cd0                ffgo_
 *fill*         0x0812342a        0x2 90909090
 .text          0x0812342c      0x267 /cern/99/lib/libpacklib.a(ffinit.o)
                0x0812342c                ffinit_
 *fill*         0x08123693        0x1 90909090
 .text          0x08123694      0x270 /cern/99/lib/libpacklib.a(ffkey.o)
                0x08123694                ffkey_
 .text          0x08123904      0x21c /cern/99/lib/libpacklib.a(ffset.o)
                0x08123904                ffset_
 .text          0x08123b20       0x54 /cern/99/lib/libpacklib.a(ffskip.o)
                0x08123b20                ffskip_
 .text          0x08123b74       0x6f /cern/99/lib/libpacklib.a(ffupca.o)
                0x08123b74                ffupca_
 *fill*         0x08123be3        0x1 90909090
 .text          0x08123be4        0x7 /cern/99/lib/libpacklib.a(ffuser.o)
                0x08123be4                ffuser_
 *fill*         0x08123beb        0x1 90909090
 .text          0x08123bec       0x15 /cern/99/lib/libpacklib.a(ffuset.o)
                0x08123bec                ffuset_
 *fill*         0x08123c01        0x3 90909090
 .text          0x08123c04      0x19b /cern/99/lib/libpacklib.a(hrput.o)
                0x08123c04                hrput_
 *fill*         0x08123d9f        0x1 90909090
 .text          0x08123da0      0x5eb /cern/99/lib/libpacklib.a(hbook1.o)
                0x08123da0                hbook1_
 *fill*         0x0812438b        0x1 90909090
 .text          0x0812438c      0x680 /cern/99/lib/libpacklib.a(hbook2.o)
                0x0812438c                hbook2_
 .text          0x08124a0c      0x5bb /cern/99/lib/libpacklib.a(hbookb.o)
                0x08124a0c                hbookb_
 *fill*         0x08124fc7        0x1 90909090
 .text          0x08124fc8       0x5d /cern/99/lib/libpacklib.a(hbtit.o)
                0x08124fc8                hbtit_
 *fill*         0x08125025        0x3 90909090
 .text          0x08125028      0x1cb /cern/99/lib/libpacklib.a(hbug.o)
                0x08125028                hbug_
 *fill*         0x081251f3        0x1 90909090
 .text          0x081251f4      0x634 /cern/99/lib/libpacklib.a(hcdir.o)
                0x081251f4                hcdir_
 .text          0x08125828      0x158 /cern/99/lib/libpacklib.a(hchnam.o)
                0x08125828                hchnam_
 .text          0x08125980      0x30a /cern/99/lib/libpacklib.a(hdelet.o)
                0x08125980                hdelet_
 *fill*         0x08125c8a        0x2 90909090
 .text          0x08125c8c      0x1a8 /cern/99/lib/libpacklib.a(hfill.o)
                0x08125c8c                hfill_
 .text          0x08125e34      0x369 /cern/99/lib/libpacklib.a(hfilpf.o)
                0x08125e34                hfilpf_
 *fill*         0x0812619d        0x3 90909090
 .text          0x081261a0      0x244 /cern/99/lib/libpacklib.a(hgive.o)
                0x081261a0                hgive_
 .text          0x081263e4      0xa55 /cern/99/lib/libpacklib.a(hidopt.o)
                0x081263e4                hidopt_
 *fill*         0x08126e39        0x3 90909090
 .text          0x08126e3c      0x2e4 /cern/99/lib/libpacklib.a(hlimit.o)
                0x08126e3c                hlimit_
 .text          0x08127120       0xff /cern/99/lib/libpacklib.a(hloop.o)
                0x08127120                hloop_
 *fill*         0x0812721f        0x1 90909090
 .text          0x08127220      0x543 /cern/99/lib/libpacklib.a(hmachi.o)
                0x08127220                hmachi_
 *fill*         0x08127763        0x1 90909090
 .text          0x08127764       0x5e /cern/99/lib/libpacklib.a(hnoent.o)
                0x08127764                hnoent_
 *fill*         0x081277c2        0x2 90909090
 .text          0x081277c4      0xfc5 /cern/99/lib/libpacklib.a(hopera.o)
                0x081277c4                hopera_
 *fill*         0x08128789        0x3 90909090
 .text          0x0812878c      0x1b3 /cern/99/lib/libpacklib.a(hpaff.o)
                0x0812878c                hpaff_
 *fill*         0x0812893f        0x1 90909090
 .text          0x08128940      0x283 /cern/99/lib/libpacklib.a(hpak.o)
                0x08128940                hpak_
 *fill*         0x08128bc3        0x1 90909090
 .text          0x08128bc4      0x175 /cern/99/lib/libpacklib.a(hpake.o)
                0x08128bc4                hpake_
 *fill*         0x08128d39        0x3 90909090
 .text          0x08128d3c      0x61e /cern/99/lib/libpacklib.a(hpath.o)
                0x08128d3c                hpath_
 *fill*         0x0812935a        0x2 90909090
 .text          0x0812935c      0x4ce /cern/99/lib/libpacklib.a(hrebin.o)
                0x0812935c                hrebin_
 *fill*         0x0812982a        0x2 90909090
 .text          0x0812982c      0x64a /cern/99/lib/libpacklib.a(hreset.o)
                0x0812982c                hreset_
 *fill*         0x08129e76        0x2 90909090
 .text          0x08129e78       0xca /cern/99/lib/libpacklib.a(hrez0.o)
                0x08129e78                hrez0_
 *fill*         0x08129f42        0x2 90909090
 .text          0x08129f44       0x90 /cern/99/lib/libpacklib.a(hsifla.o)
                0x08129f44                hsifla_
 .text          0x08129fd4       0x8a /cern/99/lib/libpacklib.a(hspace.o)
                0x08129fd4                hspace_
 *fill*         0x0812a05e        0x2 90909090
 .text          0x0812a060       0x5f /cern/99/lib/libpacklib.a(hstaf.o)
                0x0812a060                hstaf_
 *fill*         0x0812a0bf        0x1 90909090
 .text          0x0812a0c0      0xbf4 /cern/99/lib/libpacklib.a(hsupis.o)
                0x0812a0c0                hsupis_
 .text          0x0812acb4       0x48 /cern/99/lib/libpacklib.a(huoptc.o)
                0x0812acb4                huoptc_
 .text          0x0812acfc      0x1d6 /cern/99/lib/libpacklib.a(hlogpf.o)
                0x0812acfc                hlogpf_
 *fill*         0x0812aed2        0x2 90909090
 .text          0x0812aed4       0x7f /cern/99/lib/libpacklib.a(hoptpf.o)
                0x0812aed4                hoptpf_
 *fill*         0x0812af53        0x1 90909090
 .text          0x0812af54      0x130 /cern/99/lib/libpacklib.a(hitoc.o)
                0x0812af54                hitoc_
 .text          0x0812b084       0xdf /cern/99/lib/libpacklib.a(hnbufd.o)
                0x0812b084                hnbufd_
 *fill*         0x0812b163        0x1 90909090
 .text          0x0812b164       0xd1 /cern/99/lib/libpacklib.a(hntmpd.o)
                0x0812b164                hntmpd_
 *fill*         0x0812b235        0x3 90909090
 .text          0x0812b238      0x2ef /cern/99/lib/libpacklib.a(hntrset.o)
                0x0812b238                hntrset_
 *fill*         0x0812b527        0x1 90909090
 .text          0x0812b528      0xa4e /cern/99/lib/libpacklib.a(fzin.o)
                0x0812b528                fzin_
 *fill*         0x0812bf76        0x2 90909090
 .text          0x0812bf78      0x2e2 /cern/99/lib/libpacklib.a(fzirel.o)
                0x0812bf78                fzirel_
 *fill*         0x0812c25a        0x2 90909090
 .text          0x0812c25c      0x5e6 /cern/99/lib/libpacklib.a(fzloc.o)
                0x0812c25c                fzloc_
 *fill*         0x0812c842        0x2 90909090
 .text          0x0812c844      0x132 /cern/99/lib/libpacklib.a(mzbook.o)
                0x0812c844                mzbook_
 *fill*         0x0812c976        0x2 90909090
 .text          0x0812c978      0x2ea /cern/99/lib/libpacklib.a(mzdrop.o)
                0x0812c978                mzdrop_
 *fill*         0x0812cc62        0x2 90909090
 .text          0x0812cc64      0x11a /cern/99/lib/libpacklib.a(mzebra.o)
                0x0812cc64                mzebra_
 *fill*         0x0812cd7e        0x2 90909090
 .text          0x0812cd80      0x532 /cern/99/lib/libpacklib.a(mzflag.o)
                0x0812cd80                mzflag_
 *fill*         0x0812d2b2        0x2 90909090
 .text          0x0812d2b4      0x42c /cern/99/lib/libpacklib.a(mzinco.o)
                0x0812d2b4                mzinco_
 .text          0x0812d6e0      0xd0e /cern/99/lib/libpacklib.a(mzlift.o)
                0x0812d6e0                mzlift_
 *fill*         0x0812e3ee        0x2 90909090
 .text          0x0812e3f0      0x5ef /cern/99/lib/libpacklib.a(mzlink.o)
                0x0812e3f0                mzlink_
 *fill*         0x0812e9df        0x1 90909090
 .text          0x0812e9e0      0x1ea /cern/99/lib/libpacklib.a(mzneed.o)
                0x0812e9e0                mzneed_
 *fill*         0x0812ebca        0x2 90909090
 .text          0x0812ebcc       0xb0 /cern/99/lib/libpacklib.a(mzpaw.o)
                0x0812ebcc                mzpaw_
 .text          0x0812ec7c      0xf06 /cern/99/lib/libpacklib.a(mzpush.o)
                0x0812ec7c                mzpush_
 *fill*         0x0812fb82        0x2 90909090
 .text          0x0812fb84      0x9fe /cern/99/lib/libpacklib.a(mzstor.o)
                0x0812fb84                mzstor_
 *fill*         0x08130582        0x2 90909090
 .text          0x08130584      0x100 /cern/99/lib/libpacklib.a(mzvers.o)
                0x08130584                mzvers_
 .text          0x08130684      0x503 /cern/99/lib/libpacklib.a(mzgar1.o)
                0x08130684                mzgar1_
 *fill*         0x08130b87        0x1 90909090
 .text          0x08130b88       0x71 /cern/99/lib/libpacklib.a(mzgsta.o)
                0x08130b88                mzgsta_
 *fill*         0x08130bf9        0x3 90909090
 .text          0x08130bfc      0x33b /cern/99/lib/libpacklib.a(mzmove.o)
                0x08130bfc                mzmove_
 *fill*         0x08130f37        0x1 90909090
 .text          0x08130f38      0x673 /cern/99/lib/libpacklib.a(mzrelb.o)
                0x08130f38                mzrelb_
 *fill*         0x081315ab        0x1 90909090
 .text          0x081315ac      0x4f9 /cern/99/lib/libpacklib.a(mzrell.o)
                0x081315ac                mzrell_
 *fill*         0x08131aa5        0x3 90909090
 .text          0x08131aa8       0x8c /cern/99/lib/libpacklib.a(mzrelx.o)
                0x08131aa8                mzrelx_
 .text          0x08131b34      0x3ac /cern/99/lib/libpacklib.a(mztabf.o)
                0x08131b34                mztabf_
 .text          0x08131ee0      0x2d0 /cern/99/lib/libpacklib.a(mztabm.o)
                0x08131ee0                mztabm_
 .text          0x081321b0      0x3e5 /cern/99/lib/libpacklib.a(mztabr.o)
                0x081321b0                mztabr_
 *fill*         0x08132595        0x3 90909090
 .text          0x08132598       0x79 /cern/99/lib/libpacklib.a(mztabs.o)
                0x08132598                mztabs_
 *fill*         0x08132611        0x3 90909090
 .text          0x08132614      0x13d /cern/99/lib/libpacklib.a(mztabx.o)
                0x08132614                mztabx_
 *fill*         0x08132751        0x3 90909090
 .text          0x08132754      0x29c /cern/99/lib/libpacklib.a(mzchln.o)
                0x08132754                mzchln_
 .text          0x081329f0      0x1f0 /cern/99/lib/libpacklib.a(mzchls.o)
                0x081329f0                mzchls_
 .text          0x08132be0       0xa4 /cern/99/lib/libpacklib.a(mzchnb.o)
                0x08132be0                mzchnb_
 .text          0x08132c84      0x12c /cern/99/lib/libpacklib.a(mzfdiv.o)
                0x08132c84                mzfdiv_
 .text          0x08132db0      0x35a /cern/99/lib/libpacklib.a(mzform.o)
                0x08132db0                mzform_
 *fill*         0x0813310a        0x2 90909090
 .text          0x0813310c     0x1613 /cern/99/lib/libpacklib.a(mzioch.o)
                0x0813310c                mzioch_
 *fill*         0x0813471f        0x1 90909090
 .text          0x08134720      0x388 /cern/99/lib/libpacklib.a(mzresv.o)
                0x08134720                mzresv_
 .text          0x08134aa8      0x295 /cern/99/lib/libpacklib.a(mzsdiv.o)
                0x08134aa8                mzsdiv_
 *fill*         0x08134d3d        0x3 90909090
 .text          0x08134d40        0x7 /cern/99/lib/libpacklib.a(zvautx.o)
                0x08134d40                zvautx_
 *fill*         0x08134d47        0x1 90909090
 .text          0x08134d48      0x402 /cern/99/lib/libpacklib.a(zfatal.o)
                0x08134d48                zfatal_
 *fill*         0x0813514a        0x2 90909090
 .text          0x0813514c       0x9c /cern/99/lib/libpacklib.a(zfatam.o)
                0x0813514c                zfatam_
 .text          0x081351e8      0x1c0 /cern/99/lib/libpacklib.a(ztell.o)
                0x081351e8                ztell_
 .text          0x081353a8        0x7 /cern/99/lib/libpacklib.a(ztelus.o)
                0x081353a8                ztelus_
 *fill*         0x081353af        0x1 90909090
 .text          0x081353b0       0xbd /cern/99/lib/libpacklib.a(izbcdt.o)
                0x081353b0                izbcdt_
 *fill*         0x0813546d        0x3 90909090
 .text          0x08135470       0x48 /cern/99/lib/libpacklib.a(izhnum.o)
                0x08135470                izhnum_
 .text          0x081354b8      0x5b5 /cern/99/lib/libpacklib.a(zshunt.o)
                0x081354b8                zshunt_
 *fill*         0x08135a6d        0x3 90909090
 .text          0x08135a70      0x597 /cern/99/lib/libpacklib.a(rzcdir.o)
                0x08135a70                rzcdir_
 *fill*         0x08136007        0x1 90909090
 .text          0x08136008      0x340 /cern/99/lib/libpacklib.a(rzdate.o)
                0x08136008                rzdate_
 .text          0x08136348      0x77d /cern/99/lib/libpacklib.a(rzfdir.o)
                0x08136348                rzfdir_
 *fill*         0x08136ac5        0x3 90909090
 .text          0x08136ac8      0x412 /cern/99/lib/libpacklib.a(rziodo.o)
                0x08136ac8                rziodo_
 *fill*         0x08136eda        0x2 90909090
 .text          0x08136edc      0x1df /cern/99/lib/libpacklib.a(rzpaff.o)
                0x08136edc                rzpaff_
 *fill*         0x081370bb        0x1 90909090
 .text          0x081370bc      0x660 /cern/99/lib/libpacklib.a(rzpath.o)
                0x081370bc                rzpath_
 .text          0x0813771c      0x24b /cern/99/lib/libpacklib.a(rzrtop.o)
                0x0813771c                rzrtop_
 *fill*         0x08137967        0x1 90909090
 .text          0x08137968       0x57 /cern/99/lib/libpacklib.a(rzsame.o)
                0x08137968                rzsame_
 *fill*         0x081379bf        0x1 90909090
 .text          0x081379c0      0x593 /cern/99/lib/libpacklib.a(rzsave.o)
                0x081379c0                rzsave_
 *fill*         0x08137f53        0x1 90909090
 .text          0x08137f54      0x189 /cern/99/lib/libpacklib.a(rzstrir.o)
                0x08137f54                rzstrir_
 *fill*         0x081380dd        0x3 90909090
 .text          0x081380e0       0xf0 /cern/99/lib/libpacklib.a(rzvcyc.o)
                0x081380e0                rzvcyc_
 .text          0x081381d0        0x7 /cern/99/lib/libpacklib.a(abend.o)
                0x081381d0                abend_
 *fill*         0x081381d7        0x9 90909090
 .text          0x081381e0       0xfe /cern/99/lib/libpacklib.a(datime.o)
                0x081381e0                datime_
 *fill*         0x081382de        0x2 90909090
 .text          0x081382e0      0x2f7 /cern/99/lib/libpacklib.a(datimh.o)
                0x081382e0                datimh_
 *fill*         0x081385d7        0x9 90909090
 .text          0x081385e0      0x1d0 /cern/99/lib/libpacklib.a(jumpxn.o)
                0x081386f0                jumpx7_
                0x08138610                jumpx1_
                0x081385e0                jumpad_
                0x08138730                jumpx8_
                0x081386c0                jumpx6_
                0x08138770                jumpx9_
                0x081385f0                jumpst_
                0x08138600                jumpx0_
                0x08138690                jumpx5_
                0x08138640                jumpx3_
                0x08138620                jumpx2_
                0x08138660                jumpx4_
 .text          0x081387b0        0x8 /cern/99/lib/libpacklib.a(locf.o)
                0x081387b0                locf_
 *fill*         0x081387b8        0x8 90909090
 .text          0x081387c0       0x3f /cern/99/lib/libpacklib.a(qnexte.o)
                0x081387c0                qnexte_
 *fill*         0x081387ff        0x1 90909090
 .text          0x08138800       0x7d /cern/99/lib/libpacklib.a(lenocc.o)
                0x08138800                lenocc_
 *fill*         0x0813887d        0x3 90909090
 .text          0x08138880       0x45 /cern/99/lib/libpacklib.a(vxinvb.o)
                0x08138880                vxinvb_
 *fill*         0x081388c5        0xb 90909090
 .text          0x081388d0       0x10 /cern/99/lib/libpacklib.a(cfclos.o)
                0x081388d0                cfclos_
 .text          0x081388e0       0x8b /cern/99/lib/libpacklib.a(cfget.o)
                0x081388e0                cfget_
 *fill*         0x0813896b        0x5 90909090
 .text          0x08138970       0x5f /cern/99/lib/libpacklib.a(cfput.o)
                0x08138970                cfput_
 *fill*         0x081389cf        0x1 90909090
 .text          0x081389d0       0x55 /cern/99/lib/libpacklib.a(cfseek.o)
                0x081389d0                cfseek_
 *fill*         0x08138a25        0x3 90909090
 .text          0x08138a28      0x150 /cern/99/lib/libpacklib.a(cfopen.o)
                0x08138a28                cfopen_
 .text          0x08138b78       0xfe /cern/99/lib/libpacklib.a(cleft.o)
                0x08138b78                cleft_
 *fill*         0x08138c76        0x2 90909090