Archive member included because of file (symbol)

/home/pcl2483/pedro/jadesoft/util/mcgen/Plib/libmc105j.a(mcgetf.o)
                              mchw59_105j.o (mcgetf_)
/home/pcl2483/pedro/jadesoft/util/mcgen/Plib/libmc105j.a(mcgeth.o)
                              mchw59_105j.o (mcgeth_)
/home/pcl2483/pedro/jadesoft/util/mcgen/Plib/libmc105j.a(mcgetp.o)
                              mchw59_105j.o (mcgetp_)
/home/pcl2483/pedro/jadesoft/util/mcgen/Plib/libmc105j.a(mcinit.o)
                              mchw59_105j.o (mcinit_)
/home/pcl2483/pedro/jadesoft/util/mcgen/Plib/libmc105j.a(mcstbl.o)
                              mchw59_105j.o (mcstbl_)
/home/pcl2483/pedro/jadesoft/util/mcgen/Plib/libmc105j.a(mcwrit.o)
                              mchw59_105j.o (mcwrit_)
/home/pcl2483/pedro/jadesoft/util/mcgen/Plib/libmc105j.a(pxeecb.o)
                              mchw59_105j.o (pxeecb_)
/home/pcl2483/pedro/jadesoft/util/mcgen/Plib/libmc105j.a(evwrtj.o)
                              /home/pcl2483/pedro/jadesoft/util/mcgen/Plib/libmc105j.a(mcwrit.o) (evwrtj_)
/home/pcl2483/pedro/jadesoft/util/mcgen/Plib/libmc105j.a(incprd.o)
                              /home/pcl2483/pedro/jadesoft/util/mcgen/Plib/libmc105j.a(evwrtj.o) (incprd_)
/home/pcl2483/pedro/jadesoft/util/mcgen/Plib/libmc105j.a(jadeco.o)
                              /home/pcl2483/pedro/jadesoft/util/mcgen/Plib/libmc105j.a(evwrtj.o) (jadeco_)
/home/pcl2483/pedro/jadesoft/util/mcgen/Plib/libmc105j.a(jtconv.o)
                              /home/pcl2483/pedro/jadesoft/util/mcgen/Plib/libmc105j.a(mcgeth.o) (jtconv_)
/home/pcl2483/pedro/jadesoft/util/mcgen/Plib/libmc105j.a(mcrnst.o)
                              /home/pcl2483/pedro/jadesoft/util/mcgen/Plib/libmc105j.a(mcwrit.o) (mcrnst_)
/home/pcl2483/pedro/jadesoft/util/mcgen/Plib/libmc105j.a(ntcprd.o)
                              /home/pcl2483/pedro/jadesoft/util/mcgen/Plib/libmc105j.a(evwrtj.o) (ntcprd_)
/home/pcl2483/pedro/jadesoft/util/mcgen/Plib/libmc105j.a(prcprd.o)
                              /home/pcl2483/pedro/jadesoft/util/mcgen/Plib/libmc105j.a(evwrtj.o) (prcprd_)
/home/pcl2483/pedro/jadesoft/util/mcgen/Plib/libmc105j.a(wrcprd.o)
                              /home/pcl2483/pedro/jadesoft/util/mcgen/Plib/libmc105j.a(evwrtj.o) (wrcprd_)
/home/pcl2483/pedro/jadesoft/util/mcgen/Plib/libherwig59.a(fxhlms.o)
                              mchw59_105j.o (fxhlms_)
/home/pcl2483/pedro/jadesoft/util/mcgen/Plib/libherwig59.a(h59driv.o)
                              mchw59_105j.o (h59driv_)
/home/pcl2483/pedro/jadesoft/util/mcgen/Plib/libherwig59.a(hwbgen.o)
                              /home/pcl2483/pedro/jadesoft/util/mcgen/Plib/libherwig59.a(h59driv.o) (hwbgen_)
/home/pcl2483/pedro/jadesoft/util/mcgen/Plib/libherwig59.a(hwbjco.o)
                              /home/pcl2483/pedro/jadesoft/util/mcgen/Plib/libherwig59.a(hwbgen.o) (hwbjco_)
/home/pcl2483/pedro/jadesoft/util/mcgen/Plib/libherwig59.a(hwbmas.o)
                              /home/pcl2483/pedro/jadesoft/util/mcgen/Plib/libherwig59.a(hwbgen.o) (hwbmas_)
/home/pcl2483/pedro/jadesoft/util/mcgen/Plib/libherwig59.a(hwbran.o)
                              /home/pcl2483/pedro/jadesoft/util/mcgen/Plib/libherwig59.a(hwbgen.o) (hwbran_)
/home/pcl2483/pedro/jadesoft/util/mcgen/Plib/libherwig59.a(hwbspa.o)
                              /home/pcl2483/pedro/jadesoft/util/mcgen/Plib/libherwig59.a(hwbgen.o) (hwbspa_)
/home/pcl2483/pedro/jadesoft/util/mcgen/Plib/libherwig59.a(hwbspn.o)
                              /home/pcl2483/pedro/jadesoft/util/mcgen/Plib/libherwig59.a(hwbgen.o) (hwbspn_)
/home/pcl2483/pedro/jadesoft/util/mcgen/Plib/libherwig59.a(hwbtim.o)
                              /home/pcl2483/pedro/jadesoft/util/mcgen/Plib/libherwig59.a(hwbgen.o) (hwbtim_)
/home/pcl2483/pedro/jadesoft/util/mcgen/Plib/libherwig59.a(hwbvmc.o)
                              /home/pcl2483/pedro/jadesoft/util/mcgen/Plib/libherwig59.a(hwbran.o) (hwbvmc_)
/home/pcl2483/pedro/jadesoft/util/mcgen/Plib/libherwig59.a(hwcdec.o)
                              /home/pcl2483/pedro/jadesoft/util/mcgen/Plib/libherwig59.a(h59driv.o) (hwcdec_)
/home/pcl2483/pedro/jadesoft/util/mcgen/Plib/libherwig59.a(hwcfla.o)
                              /home/pcl2483/pedro/jadesoft/util/mcgen/Plib/libherwig59.a(hwcdec.o) (hwcfla_)
/home/pcl2483/pedro/jadesoft/util/mcgen/Plib/libherwig59.a(hwcfor.o)
                              /home/pcl2483/pedro/jadesoft/util/mcgen/Plib/libherwig59.a(h59driv.o) (hwcfor_)
/home/pcl2483/pedro/jadesoft/util/mcgen/Plib/libherwig59.a(hwcgsp.o)
                              /home/pcl2483/pedro/jadesoft/util/mcgen/Plib/libherwig59.a(hwcfor.o) (hwcgsp_)
/home/pcl2483/pedro/jadesoft/util/mcgen/Plib/libherwig59.a(hwchad.o)
                              /home/pcl2483/pedro/jadesoft/util/mcgen/Plib/libherwig59.a(hwcdec.o) (hwchad_)
/home/pcl2483/pedro/jadesoft/util/mcgen/Plib/libherwig59.a(hwconv.o)
                              mchw59_105j.o (hwconv_)
[...]
Memory Configuration

Name             Origin             Length             Attributes
*default*        0x00000000         0xffffffff

Linker script and memory map

LOAD /usr/lib/crt1.o
LOAD /usr/lib/crti.o
LOAD /usr/lib/gcc-lib/i686-pc-linux-gnu/2.95.3/crtbegin.o
LOAD mchw59_105j.o
LOAD /home/pcl2483/pedro/jadesoft/util/mcgen/Plib/libmc105j.a
LOAD /home/pcl2483/pedro/jadesoft/util/mcgen/Plib/libherwig59.a
LOAD /home/pcl2483/pedro/jadesoft/util/mcgen/Plib/libjt74opal.a
LOAD /home/pcl2483/pedro/jadesoft/util/mcgen/Plib/libckern105.a
LOAD /home/pcl2483/pedro/jadesoft/util/mcgen/Plib/libpx114.a
LOAD /cern/99/lib/libgraflib.a
LOAD /cern/99/lib/libgrafX11.a
LOAD /cern/99/lib/libpacklib.a
LOAD /cern/99/lib/libmathlib.a
LOAD /cern/99/lib/libkernlib.a
LOAD /lib/libnsl.so.1
LOAD /usr/lib/libc.so
START GROUP
LOAD /lib/libc.so.6
LOAD /usr/lib/libc_nonshared.a
END GROUP
LOAD /usr/lib/gcc-lib/i686-pc-linux-gnu/2.95.3/libg2c.a
LOAD /usr/lib/libm.so
LOAD /usr/lib/gcc-lib/i686-pc-linux-gnu/2.95.3/libgcc.a
LOAD /usr/lib/libc.so
START GROUP
LOAD /lib/libc.so.6
LOAD /usr/lib/libc_nonshared.a
END GROUP
LOAD /usr/lib/gcc-lib/i686-pc-linux-gnu/2.95.3/libgcc.a
LOAD /usr/lib/gcc-lib/i686-pc-linux-gnu/2.95.3/crtend.o
LOAD /usr/lib/crtn.o
                0x080480f4                . = (0x8048000 + SIZEOF_HEADERS)

.interp         0x080480f4       0x13
 *(.interp)
 .interp        0x080480f4       0x13 /usr/lib/crt1.o

.note.ABI-tag   0x08048108       0x20
 .note.ABI-tag  0x08048108       0x20 /usr/lib/crt1.o

.hash           0x08048128      0x394
 *(.hash)
 .hash          0x08048128      0x394 /usr/lib/crt1.o

.dynsym         0x080484bc      0x820
 *(.dynsym)
 .dynsym        0x080484bc      0x820 /usr/lib/crt1.o

.dynstr         0x08048cdc      0x415
 *(.dynstr)
 .dynstr        0x08048cdc      0x415 /usr/lib/crt1.o

.gnu.version    0x080490f2      0x104
 *(.gnu.version)
 .gnu.version   0x080490f2      0x104 /usr/lib/crt1.o

.gnu.version_d
 *(.gnu.version_d)

.gnu.version_r  0x080491f8       0x60
 *(.gnu.version_r)
 .gnu.version_r
                0x080491f8       0x60 /usr/lib/crt1.o

.rel.dyn        0x08049258       0x58
 *(.rel.init)
 *(.rel.text .rel.text.* .rel.gnu.linkonce.t.*)
 *(.rel.fini)
 *(.rel.rodata .rel.rodata.* .rel.gnu.linkonce.r.*)
 *(.rel.data .rel.data.* .rel.gnu.linkonce.d.*)
 *(.rel.tdata .rel.tdata.* .rel.gnu.linkonce.td.*)
 *(.rel.tbss .rel.tbss.* .rel.gnu.linkonce.tb.*)
 *(.rel.ctors)
 *(.rel.dtors)
 *(.rel.got)
 .rel.got       0x08049258       0x10 /usr/lib/crt1.o
 *(.rel.bss .rel.bss.* .rel.gnu.linkonce.b.*)
 .rel.bss       0x08049268       0x48 /usr/lib/crt1.o

.rela.dyn
 *(.rela.init)
 *(.rela.text .rela.text.* .rela.gnu.linkonce.t.*)
 *(.rela.fini)
 *(.rela.rodata .rela.rodata.* .rela.gnu.linkonce.r.*)
 *(.rela.data .rela.data.* .rela.gnu.linkonce.d.*)
 *(.rela.tdata .rela.tdata.* .rela.gnu.linkonce.td.*)
 *(.rela.tbss .rela.tbss.* .rela.gnu.linkonce.tb.*)
 *(.rela.ctors)
 *(.rela.dtors)
 *(.rela.got)
 *(.rela.bss .rela.bss.* .rela.gnu.linkonce.b.*)

.rel.plt        0x080492b0      0x3a0
 *(.rel.plt)
 .rel.plt       0x080492b0      0x3a0 /usr/lib/crt1.o

.rela.plt
 *(.rela.plt)

.init           0x08049650       0x25
 *(.init)
 .init          0x08049650       0x18 /usr/lib/crti.o
                0x08049650                _init
 .init          0x08049668        0x5 /usr/lib/gcc-lib/i686-pc-linux-gnu/2.95.3/crtbegin.o
 .init          0x0804966d        0x5 /usr/lib/gcc-lib/i686-pc-linux-gnu/2.95.3/crtend.o
 .init          0x08049672        0x3 /usr/lib/crtn.o

.plt            0x08049678      0x750
 *(.plt)
 .plt           0x08049678      0x750 /usr/lib/crt1.o
                0x08049688                __umoddi3@@GLIBC_2.0
                0x08049698                readlink@@GLIBC_2.0
                0x080496a8                cos@@GLIBC_2.0
                0x080496b8                ntohl@@GLIBC_2.0
                0x080496c8                inet_netof@@GLIBC_2.0
                0x080496d8                __strtod_internal@@GLIBC_2.0
                0x080496e8                ferror@@GLIBC_2.0
                0x080496f8                vsprintf@@GLIBC_2.0
                0x08049708                strchr@@GLIBC_2.0
                0x08049718                feof@@GLIBC_2.0
                0x08049728                atan@@GLIBC_2.0
                0x08049738                ungetc@@GLIBC_2.0
                0x08049748                getpid@@GLIBC_2.0
                0x08049758                __register_frame_info@@GLIBC_2.0
                0x08049768                write@@GLIBC_2.0
                0x08049778                localtime@@GLIBC_2.0
                0x08049788                fileno@@GLIBC_2.0
                0x08049798                strcmp@@GLIBC_2.0
                0x080497a8                close@@GLIBC_2.0
                0x080497b8                asin@@GLIBC_2.0
                0x080497c8                perror@@GLIBC_2.0
                0x080497d8                fprintf@@GLIBC_2.0
                0x080497e8                tmpfile@@GLIBC_2.1
                0x080497f8                tempnam@@GLIBC_2.0
                0x08049808                getenv@@GLIBC_2.0
                0x08049818                umask@@GLIBC_2.0
                0x08049828                signal@@GLIBC_2.0
                0x08049838                fflush@@GLIBC_2.0
                0x08049848                getservbyname@@GLIBC_2.0
                0x08049858                unlink@@GLIBC_2.0
                0x08049868                freopen@@GLIBC_2.0
                0x08049878                select@@GLIBC_2.0
                0x08049888                htonl@@GLIBC_2.0
                0x08049898                __cxa_atexit@@GLIBC_2.1.3
                0x080498a8                getpwuid@@GLIBC_2.0
                0x080498b8                __errno_location@@GLIBC_2.0
                0x080498c8                pow@@GLIBC_2.0
                0x080498d8                rewind@@GLIBC_2.0
                0x080498e8                ftell@@GLIBC_2.0
                0x080498f8                gethostbyaddr@@GLIBC_2.0
                0x08049908                chmod@@GLIBC_2.0
                0x08049918                access@@GLIBC_2.0
                0x08049928                inet_ntoa@@GLIBC_2.0
                0x08049938                malloc@@GLIBC_2.0
                0x08049948                fread@@GLIBC_2.0
                0x08049958                memmove@@GLIBC_2.0
                0x08049968                clearerr@@GLIBC_2.0
                0x08049978                __deregister_frame_info@@GLIBC_2.0
                0x08049988                syslog@@GLIBC_2.0
                0x08049998                getsockopt@@GLIBC_2.0
                0x080499a8                abort@@GLIBC_2.0
                0x080499b8                __sigsetjmp@@GLIBC_2.0
                0x080499c8                __xstat@@GLIBC_2.0
                0x080499d8                setsockopt@@GLIBC_2.0
                0x080499e8                getpeername@@GLIBC_2.0
                0x080499f8                vfprintf@@GLIBC_2.0
                0x08049a08                fseek@@GLIBC_2.0
                0x08049a18                time@@GLIBC_2.0
                0x08049a28                fgets@@GLIBC_2.0
                0x08049a38                ntohs@@GLIBC_2.0
                0x08049a48                __fxstat@@GLIBC_2.0
                0x08049a58                fputs@@GLIBC_2.0
                0x08049a68                strstr@@GLIBC_2.0
                0x08049a78                longjmp@@GLIBC_2.0
                0x08049a88                sleep@@GLIBC_2.0
                0x08049a98                __strtol_internal@@GLIBC_2.0
                0x08049aa8                __udivdi3@@GLIBC_2.0
                0x08049ab8                atan2@@GLIBC_2.0
                0x08049ac8                strncmp@@GLIBC_2.0
                0x08049ad8                inet_addr@@GLIBC_2.0
                0x08049ae8                floor@@GLIBC_2.0
                0x08049af8                __libc_start_main@@GLIBC_2.0
                0x08049b08                exp@@GLIBC_2.0
                0x08049b18                realloc@@GLIBC_2.0
                0x08049b28                tan@@GLIBC_2.0
                0x08049b38                printf@@GLIBC_2.0
                0x08049b48                getuid@@GLIBC_2.0
                0x08049b58                lseek@@GLIBC_2.0
                0x08049b68                memcpy@@GLIBC_2.0
                0x08049b78                sqrt@@GLIBC_2.0
                0x08049b88                fclose@@GLIBC_2.1
                0x08049b98                getsockname@@GLIBC_2.0
                0x08049ba8                strrchr@@GLIBC_2.0
                0x08049bb8                ctime@@GLIBC_2.0
                0x08049bc8                isdigit@@GLIBC_2.0
                0x08049bd8                gethostname@@GLIBC_2.0
                0x08049be8                open@@GLIBC_2.0
                0x08049bf8                gethostbyname@@GLIBC_2.0
                0x08049c08                exit@@GLIBC_2.0
                0x08049c18                atoi@@GLIBC_2.0
                0x08049c28                getegid@@GLIBC_2.0
                0x08049c38                calloc@@GLIBC_2.0
                0x08049c48                sscanf@@GLIBC_2.0
                0x08049c58                _IO_putc@@GLIBC_2.0
                0x08049c68                free@@GLIBC_2.0
                0x08049c78                send@@GLIBC_2.0
                0x08049c88                ioctl@@GLIBC_2.0
                0x08049c98                htons@@GLIBC_2.0
                0x08049ca8                isatty@@GLIBC_2.0
                0x08049cb8                acos@@GLIBC_2.0
                0x08049cc8                memset@@GLIBC_2.0
                0x08049cd8                connect@@GLIBC_2.0
                0x08049ce8                strncpy@@GLIBC_2.0
                0x08049cf8                drem@@GLIBC_2.0
                0x08049d08                fopen@@GLIBC_2.1
                0x08049d18                strtok@@GLIBC_2.0
                0x08049d28                recv@@GLIBC_2.0
                0x08049d38                sprintf@@GLIBC_2.0
                0x08049d48                fwrite@@GLIBC_2.0
                0x08049d58                sin@@GLIBC_2.0
                0x08049d68                socket@@GLIBC_2.0
                0x08049d78                _IO_getc@@GLIBC_2.0
                0x08049d88                log@@GLIBC_2.0
                0x08049d98                read@@GLIBC_2.0
                0x08049da8                geteuid@@GLIBC_2.0
                0x08049db8                strcpy@@GLIBC_2.0

.text           0x08049dd0   0x146ac0
 *(.text .stub .text.* .gnu.linkonce.t.*)
 .text          0x08049dd0       0x24 /usr/lib/crt1.o
                0x08049dd0                _start
 .text          0x08049df4       0x24 /usr/lib/crti.o
 *fill*         0x08049e18        0x8 90909090
 .text          0x08049e20       0xa0 /usr/lib/gcc-lib/i686-pc-linux-gnu/2.95.3/crtbegin.o
 .text          0x08049ec0     0xbdfc mchw59_105j.o
                0x0804ee68                mcusev_
                0x08054cc8                meanjet_
                0x0804a230                mcevbl_
                0x08050644                fin3out_
                0x0804a238                mcpobl_
                0x0804a448                mcusin_
                0x08053298                jtfill_
                0x08052c20                mcanal_
                0x0805255c                qqctrk_
                0x08049ec0                MAIN__
                0x08052460                qqboos_
                0x08052784                mcfima_
                0x08054818                ytest_
                0x08050790                mcfill_
                0x0804fbbc                mcusfi_
                0x0804a240                mcusff_
 *fill*         0x08055cbc        0x4 90909090
 .text          0x08055cc0      0x1e9 /home/pcl2483/pedro/jadesoft/util/mcgen/Plib/libmc105j.a(mcgetf.o)
                0x08055cc0                mcgetf_
 *fill*         0x08055ea9        0x7 90909090
 .text          0x08055eb0      0x6ac /home/pcl2483/pedro/jadesoft/util/mcgen/Plib/libmc105j.a(mcgeth.o)
                0x08055eb0                mcgeth_
 *fill*         0x0805655c        0x4 90909090
 .text          0x08056560      0x69f /home/pcl2483/pedro/jadesoft/util/mcgen/Plib/libmc105j.a(mcgetp.o)
                0x08056560                mcgetp_
 *fill*         0x08056bff        0x1 90909090
 .text          0x08056c00      0x504 /home/pcl2483/pedro/jadesoft/util/mcgen/Plib/libmc105j.a(mcinit.o)
                0x08056c00                mcinit_
 *fill*         0x08057104        0xc 90909090
 .text          0x08057110      0x243 /home/pcl2483/pedro/jadesoft/util/mcgen/Plib/libmc105j.a(mcstbl.o)
                0x08057110                mcstbl_
 *fill*         0x08057353        0xd 90909090
 .text          0x08057360      0x8db /home/pcl2483/pedro/jadesoft/util/mcgen/Plib/libmc105j.a(mcwrit.o)
                0x08057360                mcwrit_
 *fill*         0x08057c3b        0x5 90909090
 .text          0x08057c40      0xd64 /home/pcl2483/pedro/jadesoft/util/mcgen/Plib/libmc105j.a(pxeecb.o)
                0x08057c40                pxeecb_
 *fill*         0x080589a4        0xc 90909090
 .text          0x080589b0      0xe91 /home/pcl2483/pedro/jadesoft/util/mcgen/Plib/libmc105j.a(evwrtj.o)
                0x080589b0                evwrtj_
 *fill*         0x08059841        0xf 90909090
 .text          0x08059850      0x166 /home/pcl2483/pedro/jadesoft/util/mcgen/Plib/libmc105j.a(incprd.o)
                0x08059850                incprd_
 *fill*         0x080599b6        0xa 90909090
 .text          0x080599c0      0x16b /home/pcl2483/pedro/jadesoft/util/mcgen/Plib/libmc105j.a(jadeco.o)
                0x080599c0                jadeco_
 *fill*         0x08059b2b        0x5 90909090
 .text          0x08059b30      0xcd0 /home/pcl2483/pedro/jadesoft/util/mcgen/Plib/libmc105j.a(jtconv.o)
                0x08059b30                jtconv_
 .text          0x0805a800      0x539 /home/pcl2483/pedro/jadesoft/util/mcgen/Plib/libmc105j.a(mcrnst.o)
                0x0805a800                mcrnst_
 *fill*         0x0805ad39        0x7 90909090
 .text          0x0805ad40        0x9 /home/pcl2483/pedro/jadesoft/util/mcgen/Plib/libmc105j.a(ntcprd.o)
                0x0805ad40                ntcprd_
 *fill*         0x0805ad49        0x7 90909090
 .text          0x0805ad50      0x81b /home/pcl2483/pedro/jadesoft/util/mcgen/Plib/libmc105j.a(prcprd.o)
                0x0805ad50                prcprd_
 *fill*         0x0805b56b        0x5 90909090
 .text          0x0805b570      0x6c4 /home/pcl2483/pedro/jadesoft/util/mcgen/Plib/libmc105j.a(wrcprd.o)
                0x0805b570                wrcprd_
 *fill*         0x0805bc34        0xc 90909090
 .text          0x0805bc40      0x2da /home/pcl2483/pedro/jadesoft/util/mcgen/Plib/libherwig59.a(fxhlms.o)
                0x0805bc40                fxhlms_
 *fill*         0x0805bf1a        0x6 90909090
 .text          0x0805bf20      0x8df /home/pcl2483/pedro/jadesoft/util/mcgen/Plib/libherwig59.a(h59driv.o)
                0x0805bf20                h59driv_
 *fill*         0x0805c7ff        0x1 90909090
 .text          0x0805c800      0xda3 /home/pcl2483/pedro/jadesoft/util/mcgen/Plib/libherwig59.a(hwbgen.o)
                0x0805c800                hwbgen_
 *fill*         0x0805d5a3        0xd 90909090
 .text          0x0805d5b0     0x3a87 /home/pcl2483/pedro/jadesoft/util/mcgen/Plib/libherwig59.a(hwbjco.o)
                0x0805d5b0                hwbjco_
 *fill*         0x08061037        0x9 90909090
 .text          0x08061040      0x6b7 /home/pcl2483/pedro/jadesoft/util/mcgen/Plib/libherwig59.a(hwbmas.o)
                0x08061040                hwbmas_
 *fill*         0x080616f7        0x9 90909090
 .text          0x08061700     0x2e73 /home/pcl2483/pedro/jadesoft/util/mcgen/Plib/libherwig59.a(hwbran.o)
                0x08061700                hwbran_
 *fill*         0x08064573        0xd 90909090
 .text          0x08064580      0xbf6 /home/pcl2483/pedro/jadesoft/util/mcgen/Plib/libherwig59.a(hwbspa.o)
                0x08064580                hwbspa_
 *fill*         0x08065176        0xa 90909090
 .text          0x08065180      0x3c4 /home/pcl2483/pedro/jadesoft/util/mcgen/Plib/libherwig59.a(hwbspn.o)
                0x08065180                hwbspn_
 *fill*         0x08065544        0xc 90909090
 .text          0x08065550      0xdc9 /home/pcl2483/pedro/jadesoft/util/mcgen/Plib/libherwig59.a(hwbtim.o)
                0x08065550                hwbtim_
 *fill*         0x08066319        0x7 90909090
 .text          0x08066320       0xb4 /home/pcl2483/pedro/jadesoft/util/mcgen/Plib/libherwig59.a(hwbvmc.o)
                0x08066320                hwbvmc_
 *fill*         0x080663d4        0xc 90909090
 .text          0x080663e0      0x344 /home/pcl2483/pedro/jadesoft/util/mcgen/Plib/libherwig59.a(hwcdec.o)
                0x080663e0                hwcdec_
 *fill*         0x08066724        0xc 90909090
 .text          0x08066730       0x7a /home/pcl2483/pedro/jadesoft/util/mcgen/Plib/libherwig59.a(hwcfla.o)
                0x08066730                hwcfla_
 *fill*         0x080667aa        0x6 90909090
 .text          0x080667b0     0x2170 /home/pcl2483/pedro/jadesoft/util/mcgen/Plib/libherwig59.a(hwcfor.o)
                0x080667b0                hwcfor_
 .text          0x08068920      0xb78 /home/pcl2483/pedro/jadesoft/util/mcgen/Plib/libherwig59.a(hwcgsp.o)
                0x08068920                hwcgsp_
 *fill*         0x08069498        0x8 90909090
 .text          0x080694a0     0x1339 /home/pcl2483/pedro/jadesoft/util/mcgen/Plib/libherwig59.a(hwchad.o)
                0x080694c8                hwchad_
 *fill*         0x0806a7d9        0x7 90909090
 .text          0x0806a7e0      0x706 /home/pcl2483/pedro/jadesoft/util/mcgen/Plib/libherwig59.a(hwconv.o)
                0x0806a7e0                hwconv_
 *fill*         0x0806aee6        0xa 90909090
 .text          0x0806aef0      0xcfc /home/pcl2483/pedro/jadesoft/util/mcgen/Plib/libherwig59.a(hwdhqk.o)
                0x0806aef0                hwdhqk_
 *fill*         0x0806bbec        0x4 90909090
 .text          0x0806bbf0       0x24 /home/pcl2483/pedro/jadesoft/util/mcgen/Plib/libherwig59.a(hwdpwt.o)
                0x0806bbf0                hwdpwt_
 *fill*         0x0806bc14        0xc 90909090
 .text          0x0806bc20      0x2f0 /home/pcl2483/pedro/jadesoft/util/mcgen/Plib/libherwig59.a(hwdthr.o)
                0x0806bc20                hwdthr_
 .text          0x0806bf10      0x16c /home/pcl2483/pedro/jadesoft/util/mcgen/Plib/libherwig59.a(hwdtwo.o)
                0x0806bf10                hwdtwo_
 *fill*         0x0806c07c        0x4 90909090
 .text          0x0806c080       0x34 /home/pcl2483/pedro/jadesoft/util/mcgen/Plib/libherwig59.a(hwdwwt.o)
                0x0806c080                hwdwwt_
 *fill*         0x0806c0b4        0xc 90909090
 .text          0x0806c0c0      0x243 /home/pcl2483/pedro/jadesoft/util/mcgen/Plib/libherwig59.a(hwefin.o)
                0x0806c0c0                hwefin_
 *fill*         0x0806c303        0xd 90909090
 .text          0x0806c310      0x259 /home/pcl2483/pedro/jadesoft/util/mcgen/Plib/libherwig59.a(hweini.o)
                0x0806c310                hweini_
 *fill*         0x0806c569        0x7 90909090
 .text          0x0806c570      0xd32 /home/pcl2483/pedro/jadesoft/util/mcgen/Plib/libherwig59.a(hwepro.o)
                0x0806c570                hwepro_
 *fill*         0x0806d2a2        0xe 90909090
 .text          0x0806d2b0     0x176e /home/pcl2483/pedro/jadesoft/util/mcgen/Plib/libherwig59.a(hwhbgf.o)
                0x0806d2b0                hwhbgf_
 *fill*         0x0806ea1e        0x2 90909090
 .text          0x0806ea20     0x15e3 /home/pcl2483/pedro/jadesoft/util/mcgen/Plib/libherwig59.a(hwhbki.o)
                0x0806ea20                hwhbki_
 *fill*         0x08070003        0xd 90909090
 .text          0x08070010     0x2d1c /home/pcl2483/pedro/jadesoft/util/mcgen/Plib/libherwig59.a(hwhbrn.o)
                0x08070010                hwhbrn_
 *fill*         0x08072d2c        0x4 90909090
 .text          0x08072d30     0x19e2 /home/pcl2483/pedro/jadesoft/util/mcgen/Plib/libherwig59.a(hwhbsg.o)
                0x08072d30                hwhbsg_
 *fill*         0x08074712        0xe 90909090
 .text          0x08074720     0x1cfa /home/pcl2483/pedro/jadesoft/util/mcgen/Plib/libherwig59.a(hwhdis.o)
                0x08074720                hwhdis_
 *fill*         0x0807641a        0x6 90909090
 .text          0x08076420     0x10f9 /home/pcl2483/pedro/jadesoft/util/mcgen/Plib/libherwig59.a(hwhdyp.o)
                0x08076420                hwhdyp_
 *fill*         0x08077519        0x7 90909090
 .text          0x08077520     0x2167 /home/pcl2483/pedro/jadesoft/util/mcgen/Plib/libherwig59.a(hwhegg.o)
                0x08077520                hwhegg_
 *fill*         0x08079687        0x9 90909090
 .text          0x08079690      0xdf4 /home/pcl2483/pedro/jadesoft/util/mcgen/Plib/libherwig59.a(hwhegw.o)
                0x08079690                hwhegw_
 *fill*         0x0807a484        0xc 90909090
 .text          0x0807a490     0x15b0 /home/pcl2483/pedro/jadesoft/util/mcgen/Plib/libherwig59.a(hwhegx.o)
                0x0807a490                hwhegx_
 .text          0x0807ba40      0xd88 /home/pcl2483/pedro/jadesoft/util/mcgen/Plib/libherwig59.a(hwhepa.o)
                0x0807ba40                hwhepa_
 *fill*         0x0807c7c8        0x8 90909090
 .text          0x0807c7d0     0x14ed /home/pcl2483/pedro/jadesoft/util/mcgen/Plib/libherwig59.a(hwhepg.o)
                0x0807c7d0                hwhepg_
 *fill*         0x0807dcbd        0x3 90909090
 .text          0x0807dcc0     0x17eb /home/pcl2483/pedro/jadesoft/util/mcgen/Plib/libherwig59.a(hwheww.o)
                0x0807dcc0                hwheww_
 *fill*         0x0807f4ab        0x5 90909090
 .text          0x0807f4b0     0x1602 /home/pcl2483/pedro/jadesoft/util/mcgen/Plib/libherwig59.a(hwhhvy.o)
                0x0807f4b0                hwhhvy_
 *fill*         0x08080ab2        0xe 90909090
 .text          0x08080ac0      0xc00 /home/pcl2483/pedro/jadesoft/util/mcgen/Plib/libherwig59.a(hwhigj.o)
                0x08080ac0                hwhigj_
 .text          0x080816c0      0x953 /home/pcl2483/pedro/jadesoft/util/mcgen/Plib/libherwig59.a(hwhigm.o)
                0x08081724                hwhigm_
 *fill*         0x08082013        0xd 90909090
 .text          0x08082020      0x8ad /home/pcl2483/pedro/jadesoft/util/mcgen/Plib/libherwig59.a(hwhigs.o)
                0x08082020                hwhigs_
 *fill*         0x080828cd        0x3 90909090
 .text          0x080828d0      0x1f5 /home/pcl2483/pedro/jadesoft/util/mcgen/Plib/libherwig59.a(hwhigt.o)
                0x080828d0                hwhigt_
 *fill*         0x08082ac5        0xb 90909090
 .text          0x08082ad0     0x2425 /home/pcl2483/pedro/jadesoft/util/mcgen/Plib/libherwig59.a(hwhigw.o)
                0x08082ad0                hwhigw_
 *fill*         0x08084ef5        0xb 90909090
 .text          0x08084f00     0x1778 /home/pcl2483/pedro/jadesoft/util/mcgen/Plib/libherwig59.a(hwhigz.o)
                0x08084f00                hwhigz_
 *fill*         0x08086678        0x8 90909090
 .text          0x08086680      0x8b9 /home/pcl2483/pedro/jadesoft/util/mcgen/Plib/libherwig59.a(hwhph2.o)
                0x08086680                hwhph2_
 *fill*         0x08086f39        0x7 90909090
 .text          0x08086f40      0xbd9 /home/pcl2483/pedro/jadesoft/util/mcgen/Plib/libherwig59.a(hwhpho.o)
                0x08086f40                hwhpho_
 *fill*         0x08087b19        0x3 90909090
 .text          0x08087b1c      0x2e0 /home/pcl2483/pedro/jadesoft/util/mcgen/Plib/libherwig59.a(hwhppb.o)
                0x08087b1c                hwhppb_
 *fill*         0x08087dfc        0x4 90909090
 .text          0x08087e00      0x76e /home/pcl2483/pedro/jadesoft/util/mcgen/Plib/libherwig59.a(hwhppe.o)
                0x08087e00                hwhppe_
 *fill*         0x0808856e        0x2 90909090
 .text          0x08088570      0x5ba /home/pcl2483/pedro/jadesoft/util/mcgen/Plib/libherwig59.a(hwhpph.o)
                0x08088570                hwhpph_
 *fill*         0x08088b2a        0x6 90909090
 .text          0x08088b30     0x18fd /home/pcl2483/pedro/jadesoft/util/mcgen/Plib/libherwig59.a(hwhppm.o)
                0x08088b30                hwhppm_
 *fill*         0x0808a42d        0x3 90909090
 .text          0x0808a430      0x750 /home/pcl2483/pedro/jadesoft/util/mcgen/Plib/libherwig59.a(hwhppt.o)
                0x0808a430                hwhppt_
 .text          0x0808ab80      0x624 /home/pcl2483/pedro/jadesoft/util/mcgen/Plib/libherwig59.a(hwhpqs.o)
                0x0808ab80                hwhpqs_
 *fill*         0x0808b1a4        0xc 90909090
 .text          0x0808b1b0     0x1a32 /home/pcl2483/pedro/jadesoft/util/mcgen/Plib/libherwig59.a(hwhqcd.o)
                0x0808b1b0                hwhqcd_
 *fill*         0x0808cbe2        0xe 90909090
 .text          0x0808cbf0      0x1cb /home/pcl2483/pedro/jadesoft/util/mcgen/Plib/libherwig59.a(hwhqcp.o)
                0x0808cbf0                hwhqcp_
 *fill*         0x0808cdbb        0x5 90909090
 .text          0x0808cdc0      0x5c9 /home/pcl2483/pedro/jadesoft/util/mcgen/Plib/libherwig59.a(hwhsng.o)
                0x0808cdc0                hwhsng_
 *fill*         0x0808d389        0x7 90909090
 .text          0x0808d390      0x62c /home/pcl2483/pedro/jadesoft/util/mcgen/Plib/libherwig59.a(hwhsnm.o)
                0x0808d390                hwhsnm_
 *fill*         0x0808d9bc        0x4 90909090
 .text          0x0808d9c0     0x1334 /home/pcl2483/pedro/jadesoft/util/mcgen/Plib/libherwig59.a(hwhv1j.o)
                0x0808d9c0                hwhv1j_
 *fill*         0x0808ecf4        0xc 90909090
 .text          0x0808ed00      0x7d0 /home/pcl2483/pedro/jadesoft/util/mcgen/Plib/libherwig59.a(hwhwex.o)
                0x0808ed00                hwhwex_
 .text          0x0808f4d0      0xac1 /home/pcl2483/pedro/jadesoft/util/mcgen/Plib/libherwig59.a(hwhwpr.o)
                0x0808f4d0                hwhwpr_
 *fill*         0x0808ff91        0xf 90909090
 .text          0x0808ffa0      0xe54 /home/pcl2483/pedro/jadesoft/util/mcgen/Plib/libherwig59.a(hwigin.o)
                0x0808ffa0                hwigin_
 *fill*         0x08090df4        0xc 90909090
 .text          0x08090e00      0x36b /home/pcl2483/pedro/jadesoft/util/mcgen/Plib/libherwig59.a(hwmwgt.o)
                0x08090e00                hwmwgt_
 *fill*         0x0809116b        0x5 90909090
 .text          0x08091170       0xfc /home/pcl2483/pedro/jadesoft/util/mcgen/Plib/libherwig59.a(hwrazm.o)
                0x08091170                hwrazm_
 *fill*         0x0809126c        0x4 90909090
 .text          0x08091270       0xfa /home/pcl2483/pedro/jadesoft/util/mcgen/Plib/libherwig59.a(hwrgau.o)
                0x08091270                hwrgau_
 *fill*         0x0809136a        0x6 90909090
 .text          0x08091370      0x114 /home/pcl2483/pedro/jadesoft/util/mcgen/Plib/libherwig59.a(hwrgen.o)
                0x08091444                hwrset_
                0x08091424                hwrgen_
                0x08091464                hwrget_
 *fill*         0x08091484        0xc 90909090
 .text          0x08091490       0x94 /home/pcl2483/pedro/jadesoft/util/mcgen/Plib/libherwig59.a(hwrint.o)
                0x08091490                hwrint_
 *fill*         0x08091524        0xc 90909090
 .text          0x08091530       0x54 /home/pcl2483/pedro/jadesoft/util/mcgen/Plib/libherwig59.a(hwrlog.o)
                0x08091530                hwrlog_
 *fill*         0x08091584        0xc 90909090
 .text          0x08091590       0x94 /home/pcl2483/pedro/jadesoft/util/mcgen/Plib/libherwig59.a(hwrpip.o)
                0x08091590                hwrpip_
 *fill*         0x08091624        0xc 90909090
 .text          0x08091630      0x124 /home/pcl2483/pedro/jadesoft/util/mcgen/Plib/libherwig59.a(hwrpow.o)
                0x08091630                hwrpow_
 *fill*         0x08091754        0xc 90909090
 .text          0x08091760       0x44 /home/pcl2483/pedro/jadesoft/util/mcgen/Plib/libherwig59.a(hwruni.o)
                0x08091760                hwruni_
 *fill*         0x080917a4        0xc 90909090
 .text          0x080917b0     0x21b4 /home/pcl2483/pedro/jadesoft/util/mcgen/Plib/libherwig59.a(hwsbrn.o)
                0x080917b0                hwsbrn_
 *fill*         0x08093964        0xc 90909090
 .text          0x08093970      0xac9 /home/pcl2483/pedro/jadesoft/util/mcgen/Plib/libherwig59.a(hwsfbr.o)
                0x08093970                hwsfbr_
 *fill*         0x08094439        0x7 90909090
 .text          0x08094440     0x2a40 /home/pcl2483/pedro/jadesoft/util/mcgen/Plib/libherwig59.a(hwsfun.o)
                0x08094440                hwsfun_
 .text          0x08096e80      0x14c /home/pcl2483/pedro/jadesoft/util/mcgen/Plib/libherwig59.a(hwsgam.o)
                0x08096e80                hwsgam_
 *fill*         0x08096fcc        0x4 90909090
 .text          0x08096fd0      0x1c6 /home/pcl2483/pedro/jadesoft/util/mcgen/Plib/libherwig59.a(hwsgen.o)
                0x08096fd0                hwsgen_
 *fill*         0x08097196        0xa 90909090
 .text          0x080971a0      0x123 /home/pcl2483/pedro/jadesoft/util/mcgen/Plib/libherwig59.a(hwsgqq.o)
                0x080971a0                hwsgqq_
 *fill*         0x080972c3        0xd 90909090
 .text          0x080972d0      0x7d2 /home/pcl2483/pedro/jadesoft/util/mcgen/Plib/libherwig59.a(hwsspc.o)
                0x080972d0                hwsspc_
 *fill*         0x08097aa2        0xe 90909090
 .text          0x08097ab0      0x157 /home/pcl2483/pedro/jadesoft/util/mcgen/Plib/libherwig59.a(hwssud.o)
                0x08097ab0                hwssud_
 *fill*         0x08097c07        0x9 90909090
 .text          0x08097c10      0x68b /home/pcl2483/pedro/jadesoft/util/mcgen/Plib/libherwig59.a(hwstab.o)
                0x08097c10                hwstab_
 *fill*         0x0809829b        0x5 90909090
 .text          0x080982a0      0x174 /home/pcl2483/pedro/jadesoft/util/mcgen/Plib/libherwig59.a(hwsval.o)
                0x080982a0                hwsval_
 *fill*         0x08098414        0xc 90909090
 .text          0x08098420      0x2be /home/pcl2483/pedro/jadesoft/util/mcgen/Plib/libherwig59.a(hwuaem.o)
                0x08098420                hwuaem_
 *fill*         0x080986de        0x2 90909090
 .text          0x080986e0      0x199 /home/pcl2483/pedro/jadesoft/util/mcgen/Plib/libherwig59.a(hwuaer.o)
                0x080986e0                hwuaer_
 *fill*         0x08098879        0x7 90909090
 .text          0x08098880      0x95d /home/pcl2483/pedro/jadesoft/util/mcgen/Plib/libherwig59.a(hwualf.o)
                0x08098880                hwualf_
 *fill*         0x080991dd        0x3 90909090
 .text          0x080991e0      0x3f6 /home/pcl2483/pedro/jadesoft/util/mcgen/Plib/libherwig59.a(hwubst.o)
                0x080991e0                hwubst_
 *fill*         0x080995d6        0x2 90909090
 .text          0x080995d8     0x196d /home/pcl2483/pedro/jadesoft/util/mcgen/Plib/libherwig59.a(hwucff.o)
                0x080995d8                hwucff_
 *fill*         0x0809af45        0x3 90909090
 .text          0x0809af48        0x7 /home/pcl2483/pedro/jadesoft/util/mcgen/Plib/libherwig59.a(hwudat.o)
                0x0809af48                hwudat_
 *fill*         0x0809af4f        0x1 90909090
 .text          0x0809af50      0x105 /home/pcl2483/pedro/jadesoft/util/mcgen/Plib/libherwig59.a(hwudkl.o)
                0x0809af50                hwudkl_
 *fill*         0x0809b055        0x3 90909090
 .text          0x0809b058       0x48 /home/pcl2483/pedro/jadesoft/util/mcgen/Plib/libherwig59.a(hwuecm.o)
                0x0809b058                hwuecm_
 .text          0x0809b0a0      0x169 /home/pcl2483/pedro/jadesoft/util/mcgen/Plib/libherwig59.a(hwueec.o)
                0x0809b0a0                hwueec_
 *fill*         0x0809b209        0x7 90909090
 .text          0x0809b210     0x1377 /home/pcl2483/pedro/jadesoft/util/mcgen/Plib/libherwig59.a(hwuepr.o)
                0x0809b210                hwuepr_
 *fill*         0x0809c587        0x9 90909090
 .text          0x0809c590       0x99 /home/pcl2483/pedro/jadesoft/util/mcgen/Plib/libherwig59.a(hwufne.o)
                0x0809c590                hwufne_
 *fill*         0x0809c629        0x7 90909090
 .text          0x0809c630     0x2f7a /home/pcl2483/pedro/jadesoft/util/mcgen/Plib/libherwig59.a(hwuinc.o)
                0x0809c630                hwuinc_
 *fill*         0x0809f5aa        0x6 90909090
 .text          0x0809f5b0      0x1dc /home/pcl2483/pedro/jadesoft/util/mcgen/Plib/libherwig59.a(hwuine.o)
                0x0809f5b0                hwuine_
 *fill*         0x0809f78c        0x4 90909090
 .text          0x0809f790      0x114 /home/pcl2483/pedro/jadesoft/util/mcgen/Plib/libherwig59.a(hwulb4.o)
                0x0809f790                hwulb4_
 *fill*         0x0809f8a4        0xc 90909090
 .text          0x0809f8b0       0x46 /home/pcl2483/pedro/jadesoft/util/mcgen/Plib/libherwig59.a(hwuldo.o)
                0x0809f8b0                hwuldo_
 *fill*         0x0809f8f6        0xa 90909090
 .text          0x0809f900       0x34 /home/pcl2483/pedro/jadesoft/util/mcgen/Plib/libherwig59.a(hwulob.o)
                0x0809f900                hwulob_
 *fill*         0x0809f934        0xc 90909090
 .text          0x0809f940       0x34 /home/pcl2483/pedro/jadesoft/util/mcgen/Plib/libherwig59.a(hwulof.o)
                0x0809f940                hwulof_
 .text          0x0809f974       0x5f /home/pcl2483/pedro/jadesoft/util/mcgen/Plib/libherwig59.a(hwumas.o)
                0x0809f974                hwumas_
 *fill*         0x0809f9d3        0xd 90909090
 .text          0x0809f9e0      0x104 /home/pcl2483/pedro/jadesoft/util/mcgen/Plib/libherwig59.a(hwupcm.o)
                0x0809f9e0                hwupcm_
 *fill*         0x0809fae4        0xc 90909090
 .text          0x0809faf0     0x2021 /home/pcl2483/pedro/jadesoft/util/mcgen/Plib/libherwig59.a(hwures.o)
                0x0809faf0                hwures_
 *fill*         0x080a1b11        0xf 90909090
 .text          0x080a1b20       0xb4 /home/pcl2483/pedro/jadesoft/util/mcgen/Plib/libherwig59.a(hwurob.o)
                0x080a1b20                hwurob_
 *fill*         0x080a1bd4        0xc 90909090
 .text          0x080a1be0       0xb4 /home/pcl2483/pedro/jadesoft/util/mcgen/Plib/libherwig59.a(hwurof.o)
                0x080a1be0                hwurof_
 *fill*         0x080a1c94        0xc 90909090
 .text          0x080a1ca0      0x241 /home/pcl2483/pedro/jadesoft/util/mcgen/Plib/libherwig59.a(hwurot.o)
                0x080a1ca0                hwurot_
 *fill*         0x080a1ee1        0x3 90909090
 .text          0x080a1ee4       0x4f /home/pcl2483/pedro/jadesoft/util/mcgen/Plib/libherwig59.a(hwusqr.o)
                0x080a1ee4                hwusqr_
 *fill*         0x080a1f33        0xd 90909090
 .text          0x080a1f40      0xa7c /home/pcl2483/pedro/jadesoft/util/mcgen/Plib/libherwig59.a(hwutab.o)
                0x080a1f40                hwutab_
 *fill*         0x080a29bc        0x4 90909090
 .text          0x080a29c0       0x14 /home/pcl2483/pedro/jadesoft/util/mcgen/Plib/libherwig59.a(hwutim.o)
                0x080a29c0                hwutim_
 *fill*         0x080a29d4        0xc 90909090
 .text          0x080a29e0      0x13f /home/pcl2483/pedro/jadesoft/util/mcgen/Plib/libherwig59.a(hwvdif.o)
                0x080a29e0                hwvdif_
 *fill*         0x080a2b1f        0x1 90909090
 .text          0x080a2b20      0x10b /home/pcl2483/pedro/jadesoft/util/mcgen/Plib/libherwig59.a(hwvdot.o)
                0x080a2b20                hwvdot_
 *fill*         0x080a2c2b        0x5 90909090
 .text          0x080a2c30       0xe1 /home/pcl2483/pedro/jadesoft/util/mcgen/Plib/libherwig59.a(hwvequ.o)
                0x080a2c30                hwvequ_
 *fill*         0x080a2d11        0xf 90909090
 .text          0x080a2d20       0xec /home/pcl2483/pedro/jadesoft/util/mcgen/Plib/libherwig59.a(hwvsca.o)
                0x080a2d20                hwvsca_
 *fill*         0x080a2e0c        0x4 90909090
 .text          0x080a2e10      0x13f /home/pcl2483/pedro/jadesoft/util/mcgen/Plib/libherwig59.a(hwvsum.o)
                0x080a2e10                hwvsum_
 *fill*         0x080a2f4f        0x1 90909090
 .text          0x080a2f50       0x7c /home/pcl2483/pedro/jadesoft/util/mcgen/Plib/libherwig59.a(hwvzro.o)
                0x080a2f50                hwvzro_
 *fill*         0x080a2fcc        0x4 90909090
 .text          0x080a2fd0      0x284 /home/pcl2483/pedro/jadesoft/util/mcgen/Plib/libherwig59.a(hwwarn.o)
                0x080a2fd0                hwwarn_
 *fill*         0x080a3254        0xc 90909090
 .text          0x080a3260       0x34 /home/pcl2483/pedro/jadesoft/util/mcgen/Plib/libherwig59.a(pdfset.o)
                0x080a3260                pdfset_
 *fill*         0x080a3294        0xc 90909090
 .text          0x080a32a0     0x133f /home/pcl2483/pedro/jadesoft/util/mcgen/Plib/libherwig59.a(sasgam.o)
                0x080a32a0                sasgam_
 *fill*         0x080a45df        0x1 90909090
 .text          0x080a45e0     0x278e /home/pcl2483/pedro/jadesoft/util/mcgen/Plib/libherwig59.a(sasvmd.o)
                0x080a45e0                sasvmd_
 *fill*         0x080a6d6e        0x2 90909090
 .text          0x080a6d70       0x34 /home/pcl2483/pedro/jadesoft/util/mcgen/Plib/libherwig59.a(structm.o)
                0x080a6d70                structm_
 *fill*         0x080a6da4        0xc 90909090
 .text          0x080a6db0       0x34 /home/pcl2483/pedro/jadesoft/util/mcgen/Plib/libherwig59.a(hvcbvi.o)
                0x080a6db0                hvcbvi_
 *fill*         0x080a6de4        0xc 90909090
 .text          0x080a6df0       0x34 /home/pcl2483/pedro/jadesoft/util/mcgen/Plib/libherwig59.a(hvhbvi.o)
                0x080a6df0                hvhbvi_
 *fill*         0x080a6e24        0xc 90909090
 .text          0x080a6e30       0x3a /home/pcl2483/pedro/jadesoft/util/mcgen/Plib/libherwig59.a(hwaend.o)
                0x080a6e30                hwaend_
 *fill*         0x080a6e6a        0x6 90909090
 .text          0x080a6e70      0x468 /home/pcl2483/pedro/jadesoft/util/mcgen/Plib/libherwig59.a(hwbazf.o)
                0x080a6e70                hwbazf_
 *fill*         0x080a72d8        0x8 90909090
 .text          0x080a72e0      0x57d /home/pcl2483/pedro/jadesoft/util/mcgen/Plib/libherwig59.a(hwbcon.o)
                0x080a72e0                hwbcon_
 *fill*         0x080a785d        0x3 90909090
 .text          0x080a7860     0x2275 /home/pcl2483/pedro/jadesoft/util/mcgen/Plib/libherwig59.a(hwbded.o)
                0x080a78ac                hwbded_
 *fill*         0x080a9ad5        0xb 90909090
 .text          0x080a9ae0     0x4c92 /home/pcl2483/pedro/jadesoft/util/mcgen/Plib/libherwig59.a(hwbdis.o)
                0x080a9ae0                hwbdis_
 *fill*         0x080ae772        0xe 90909090
 .text          0x080ae780      0x7a0 /home/pcl2483/pedro/jadesoft/util/mcgen/Plib/libherwig59.a(hwbfin.o)
                0x080ae780                hwbfin_
 .text          0x080aef20     0x11c2 /home/pcl2483/pedro/jadesoft/util/mcgen/Plib/libherwig59.a(hwbsud.o)
                0x080aef20                hwbsud_
 *fill*         0x080b00e2        0xe 90909090
 .text          0x080b00f0       0x74 /home/pcl2483/pedro/jadesoft/util/mcgen/Plib/libherwig59.a(hwbsug.o)
                0x080b00f0                hwbsug_
 *fill*         0x080b0164        0xc 90909090
 .text          0x080b0170      0x5e7 /home/pcl2483/pedro/jadesoft/util/mcgen/Plib/libherwig59.a(hwbsul.o)
                0x080b01f0                hwbsul_
 *fill*         0x080b0757        0x9 90909090
 .text          0x080b0760      0xe4d /home/pcl2483/pedro/jadesoft/util/mcgen/Plib/libherwig59.a(hwccut.o)
                0x080b0760                hwccut_
 *fill*         0x080b15ad        0x3 90909090
 .text          0x080b15b0      0x809 /home/pcl2483/pedro/jadesoft/util/mcgen/Plib/libherwig59.a(hwdboz.o)
                0x080b15b0                hwdboz_
 *fill*         0x080b1db9        0x7 90909090
 .text          0x080b1dc0     0x185f /home/pcl2483/pedro/jadesoft/util/mcgen/Plib/libherwig59.a(hwdhig.o)
                0x080b1dc0                hwdhig_
 *fill*         0x080b361f        0x1 90909090
 .text          0x080b3620     0x12fd /home/pcl2483/pedro/jadesoft/util/mcgen/Plib/libherwig59.a(hwegam.o)
                0x080b3620                hwegam_
 *fill*         0x080b491d        0x3 90909090
 .text          0x080b4920     0x2119 /home/pcl2483/pedro/jadesoft/util/mcgen/Plib/libherwig59.a(hweisr.o)
                0x080b4920                hweisr_
 *fill*         0x080b6a39        0x7 90909090
 .text          0x080b6a40      0x5fc /home/pcl2483/pedro/jadesoft/util/mcgen/Plib/libherwig59.a(hweone.o)
                0x080b6a40                hweone_
 *fill*         0x080b703c        0x4 90909090
 .text          0x080b7040      0xa93 /home/pcl2483/pedro/jadesoft/util/mcgen/Plib/libherwig59.a(hwetwo.o)
                0x080b7040                hwetwo_
 *fill*         0x080b7ad3        0xd 90909090
 .text          0x080b7ae0      0x446 /home/pcl2483/pedro/jadesoft/util/mcgen/Plib/libherwig59.a(hwhew0.o)
                0x080b7ae0                hwhew0_
 *fill*         0x080b7f26        0xa 90909090
 .text          0x080b7f30      0x240 /home/pcl2483/pedro/jadesoft/util/mcgen/Plib/libherwig59.a(hwhew1.o)
                0x080b7f30                hwhew1_
 .text          0x080b8170      0xd9f /home/pcl2483/pedro/jadesoft/util/mcgen/Plib/libherwig59.a(hwhew2.o)
                0x080b8170                hwhew2_
 *fill*         0x080b8f0f        0x1 90909090
 .text          0x080b8f10      0x844 /home/pcl2483/pedro/jadesoft/util/mcgen/Plib/libherwig59.a(hwhew3.o)
                0x080b8f10                hwhew3_
 *fill*         0x080b9754        0xc 90909090
 .text          0x080b9760      0x1da /home/pcl2483/pedro/jadesoft/util/mcgen/Plib/libherwig59.a(hwhew4.o)
                0x080b9760                hwhew4_
 *fill*         0x080b993a        0x6 90909090
 .text          0x080b9940     0x11b1 /home/pcl2483/pedro/jadesoft/util/mcgen/Plib/libherwig59.a(hwhew5.o)
                0x080b9940                hwhew5_
 *fill*         0x080baaf1        0xf 90909090
 .text          0x080bab00     0x1037 /home/pcl2483/pedro/jadesoft/util/mcgen/Plib/libherwig59.a(hwhiga.o)
                0x080bab00                hwhiga_
 *fill*         0x080bbb37        0x9 90909090
 .text          0x080bbb40     0x1287 /home/pcl2483/pedro/jadesoft/util/mcgen/Plib/libherwig59.a(hwhigb.o)
                0x080bcd48                hwhigc_
                0x080bcd88                hwhigd_
                0x080bcd08                hwhigb_
 *fill*         0x080bcdc7        0x9 90909090
 .text          0x080bcdd0     0x1deb /home/pcl2483/pedro/jadesoft/util/mcgen/Plib/libherwig59.a(hwhigy.o)
                0x080be860                hwhigy_
 *fill*         0x080bebbb        0x5 90909090
 .text          0x080bebc0      0x11b /home/pcl2483/pedro/jadesoft/util/mcgen/Plib/libherwig59.a(hwrexq.o)
                0x080bebc0                hwrexq_
 *fill*         0x080becdb        0x5 90909090
 .text          0x080bece0      0x270 /home/pcl2483/pedro/jadesoft/util/mcgen/Plib/libherwig59.a(hwsdgg.o)
                0x080bece0                hwsdgg_
 .text          0x080bef50      0x655 /home/pcl2483/pedro/jadesoft/util/mcgen/Plib/libherwig59.a(hwsdgq.o)
                0x080bef50                hwsdgq_
 *fill*         0x080bf5a5        0xb 90909090
 .text          0x080bf5b0      0x29f /home/pcl2483/pedro/jadesoft/util/mcgen/Plib/libherwig59.a(hwuant.o)
                0x080bf5b0                hwuant_
 *fill*         0x080bf84f        0x1 90909090
 .text          0x080bf850      0x486 /home/pcl2483/pedro/jadesoft/util/mcgen/Plib/libherwig59.a(hwubpr.o)
                0x080bf850                hwubpr_
 *fill*         0x080bfcd6        0xa 90909090
 .text          0x080bfce0      0x3e9 /home/pcl2483/pedro/jadesoft/util/mcgen/Plib/libherwig59.a(hwuci2.o)
                0x080bfce0                hwuci2_
 *fill*         0x080c00c9        0x7 90909090
 .text          0x080c00d0     0x231f /home/pcl2483/pedro/jadesoft/util/mcgen/Plib/libherwig59.a(hwudks.o)
                0x080c01f8                hwudks_
 *fill*         0x080c23ef        0x1 90909090
 .text          0x080c23f0      0x609 /home/pcl2483/pedro/jadesoft/util/mcgen/Plib/libherwig59.a(hwudpr.o)
                0x080c23f0                hwudpr_
 *fill*         0x080c29f9        0x7 90909090
 .text          0x080c2a00      0x881 /home/pcl2483/pedro/jadesoft/util/mcgen/Plib/libherwig59.a(hwuedt.o)
                0x080c2a00                hwuedt_
 *fill*         0x080c3281        0xf 90909090
 .text          0x080c3290      0x407 /home/pcl2483/pedro/jadesoft/util/mcgen/Plib/libherwig59.a(hwuemv.o)
                0x080c3290                hwuemv_
 *fill*         0x080c3697        0x9 90909090
 .text          0x080c36a0      0x30d /home/pcl2483/pedro/jadesoft/util/mcgen/Plib/libherwig59.a(hwugau.o)
                0x080c36a0                hwugau_
 *fill*         0x080c39ad        0x3 90909090
 .text          0x080c39b0      0x314 /home/pcl2483/pedro/jadesoft/util/mcgen/Plib/libherwig59.a(hwuidt.o)
                0x080c39b0                hwuidt_
 *fill*         0x080c3cc4        0xc 90909090
 .text          0x080c3cd0      0x114 /home/pcl2483/pedro/jadesoft/util/mcgen/Plib/libherwig59.a(hwulf4.o)
                0x080c3cd0                hwulf4_
 *fill*         0x080c3de4        0xc 90909090
 .text          0x080c3df0      0xfef /home/pcl2483/pedro/jadesoft/util/mcgen/Plib/libherwig59.a(hwuli2.o)
                0x080c46e4                hwuli2_
 *fill*         0x080c4ddf        0x1 90909090
 .text          0x080c4de0      0x40c /home/pcl2483/pedro/jadesoft/util/mcgen/Plib/libherwig59.a(hwusor.o)
                0x080c4de0                hwusor_
 *fill*         0x080c51ec        0x4 90909090
 .text          0x080c51f0     0x1803 /home/pcl2483/pedro/jadesoft/util/mcgen/Plib/libherwig59.a(sasano.o)
                0x080c51f0                sasano_
 *fill*         0x080c69f3        0xd 90909090
 .text          0x080c6a00      0x4c8 /home/pcl2483/pedro/jadesoft/util/mcgen/Plib/libherwig59.a(sasbeh.o)
                0x080c6a00                sasbeh_
 *fill*         0x080c6ec8        0x8 90909090
 .text          0x080c6ed0      0x191 /home/pcl2483/pedro/jadesoft/util/mcgen/Plib/libherwig59.a(sasdir.o)
                0x080c6ed0                sasdir_
 *fill*         0x080c7061        0xf 90909090
 .text          0x080c7070       0x64 /home/pcl2483/pedro/jadesoft/util/mcgen/Plib/libherwig59.a(hwbsu1.o)
                0x080c7070                hwbsu1_
 *fill*         0x080c70d4        0xc 90909090
 .text          0x080c70e0       0x44 /home/pcl2483/pedro/jadesoft/util/mcgen/Plib/libherwig59.a(hwbsu2.o)
                0x080c70e0                hwbsu2_
 *fill*         0x080c7124        0xc 90909090
 .text          0x080c7130      0x781 /home/pcl2483/pedro/jadesoft/util/mcgen/Plib/libherwig59.a(hwdchk.o)
                0x080c7130                hwdchk_
 *fill*         0x080c78b1        0xf 90909090
 .text          0x080c78c0      0x121 /home/pcl2483/pedro/jadesoft/util/mcgen/Plib/libherwig59.a(hwdhgc.o)
                0x080c78c0                hwdhgc_
 *fill*         0x080c79e1        0xf 90909090
 .text          0x080c79f0      0x5a9 /home/pcl2483/pedro/jadesoft/util/mcgen/Plib/libherwig59.a(hwdhgf.o)
                0x080c79f0                hwdhgf_
 *fill*         0x080c7f99        0x7 90909090
 .text          0x080c7fa0       0x34 /home/pcl2483/pedro/jadesoft/util/mcgen/Plib/libherwig59.a(hwdtop.o)
                0x080c7fa0                hwdtop_
 *fill*         0x080c7fd4        0xc 90909090
 .text          0x080c7fe0     0x203b /home/pcl2483/pedro/jadesoft/util/mcgen/Plib/libherwig59.a(hwhig1.o)
                0x080c9fc4                hwhig5_
                0x080c9f68                hwhig2_
                0x080c9f10                hwhig1_
 *fill*         0x080ca01b        0x5 90909090
 .text          0x080ca020      0x552 /home/pcl2483/pedro/jadesoft/util/mcgen/Plib/libjt74opal.a(luchge.o)
                0x080ca020                luchge_
 *fill*         0x080ca572        0xe 90909090
 .text          0x080ca580      0x957 /home/pcl2483/pedro/jadesoft/util/mcgen/Plib/libjt74opal.a(lucomp.o)
                0x080ca580                lucomp_
 *fill*         0x080caed7        0x1 90909090
 .text          0x080caed8        0x7 /home/pcl2483/pedro/jadesoft/util/mcgen/Plib/libjt74opal.a(ludata.o)
                0x080caed8                ludata_
 *fill*         0x080caedf        0x1 90909090
 .text          0x080caee0     0x2a61 /home/pcl2483/pedro/jadesoft/util/mcgen/Plib/libjt74opal.a(luedit.o)
                0x080caee0                luedit_
 *fill*         0x080cd941        0xf 90909090
 .text          0x080cd950      0x2c2 /home/pcl2483/pedro/jadesoft/util/mcgen/Plib/libjt74opal.a(luerrm.o)
                0x080cd950                luerrm_
 *fill*         0x080cdc12        0xe 90909090
 .text          0x080cdc20      0xa45 /home/pcl2483/pedro/jadesoft/util/mcgen/Plib/libjt74opal.a(luexec.o)
                0x080cdc20                luexec_
 *fill*         0x080ce665        0xb 90909090
 .text          0x080ce670     0x14ee /home/pcl2483/pedro/jadesoft/util/mcgen/Plib/libjt74opal.a(luhepc.o)
                0x080ce670                luhepc_
 *fill*         0x080cfb5e        0x2 90909090
 .text          0x080cfb60     0x4bef /home/pcl2483/pedro/jadesoft/util/mcgen/Plib/libjt74opal.a(luindf.o)
                0x080cfb60                luindf_
 *fill*         0x080d474f        0x1 90909090
 .text          0x080d4750     0x31f6 /home/pcl2483/pedro/jadesoft/util/mcgen/Plib/libjt74opal.a(lukfdi.o)
                0x080d4750                lukfdi_
 *fill*         0x080d7946        0xa 90909090
 .text          0x080d7950     0x2766 /home/pcl2483/pedro/jadesoft/util/mcgen/Plib/libjt74opal.a(lulist.o)
                0x080d7950                lulist_
 *fill*         0x080da0b6        0xa 90909090
 .text          0x080da0c0      0x69a /home/pcl2483/pedro/jadesoft/util/mcgen/Plib/libjt74opal.a(lulogo.o)
                0x080da0c0                lulogo_
 *fill*         0x080da75a        0x6 90909090
 .text          0x080da760      0xdd4 /home/pcl2483/pedro/jadesoft/util/mcgen/Plib/libjt74opal.a(luname.o)
                0x080da760                luname_
 *fill*         0x080db534        0xc 90909090
 .text          0x080db540     0x39ef /home/pcl2483/pedro/jadesoft/util/mcgen/Plib/libjt74opal.a(luprep.o)
                0x080db540                luprep_
 *fill*         0x080def2f        0x1 90909090
 .text          0x080def30      0x177 /home/pcl2483/pedro/jadesoft/util/mcgen/Plib/libjt74opal.a(luptdi.o)
                0x080def30                luptdi_
 *fill*         0x080df0a7        0x9 90909090
 .text          0x080df0b0      0xc9b /home/pcl2483/pedro/jadesoft/util/mcgen/Plib/libjt74opal.a(lurobo.o)
                0x080dfcd0                lurobo_
                0x080dfd0c                ludbrb_
 *fill*         0x080dfd4b        0x5 90909090
 .text          0x080dfd50     0x9eb1 /home/pcl2483/pedro/jadesoft/util/mcgen/Plib/libjt74opal.a(lushow.o)
                0x080dfd50                lushow_
 *fill*         0x080e9c01        0xf 90909090
 .text          0x080e9c10     0xb76f /home/pcl2483/pedro/jadesoft/util/mcgen/Plib/libjt74opal.a(lustrf.o)
                0x080e9d78                lustrf_
 *fill*         0x080f537f        0x1 90909090
 .text          0x080f5380     0x60f3 /home/pcl2483/pedro/jadesoft/util/mcgen/Plib/libjt74opal.a(lutabu.o)
                0x080f5380                lutabu_
 *fill*         0x080fb473        0xd 90909090
 .text          0x080fb480      0xc5b /home/pcl2483/pedro/jadesoft/util/mcgen/Plib/libjt74opal.a(luzdis.o)
                0x080fb480                luzdis_
 *fill*         0x080fc0db        0x5 90909090
 .text          0x080fc0e0      0xa80 /home/pcl2483/pedro/jadesoft/util/mcgen/Plib/libjt74opal.a(plu.o)
                0x080fc0e0                plu_
 .text          0x080fcb60      0x597 /home/pcl2483/pedro/jadesoft/util/mcgen/Plib/libjt74opal.a(rlu.o)
                0x080fcb60                rlu_
 *fill*         0x080fd0f7        0x9 90909090
 .text          0x080fd100      0x139 /home/pcl2483/pedro/jadesoft/util/mcgen/Plib/libjt74opal.a(ulangl.o)
                0x080fd100                ulangl_
 *fill*         0x080fd239        0x7 90909090
 .text          0x080fd240      0x92a /home/pcl2483/pedro/jadesoft/util/mcgen/Plib/libjt74opal.a(ulmass.o)
                0x080fd240                ulmass_
 *fill*         0x080fdb6a        0x6 90909090
 .text          0x080fdb70     0x1e4f /home/pcl2483/pedro/jadesoft/util/mcgen/Plib/libjt74opal.a(luboei.o)
                0x080fdb70                luboei_
 *fill*         0x080ff9bf        0x1 90909090
 .text          0x080ff9c0     0x7150 /home/pcl2483/pedro/jadesoft/util/mcgen/Plib/libjt74opal.a(ludecy.o)
                0x080ffb78                ludecy_
 .text          0x08106b10     0x123c /home/pcl2483/pedro/jadesoft/util/mcgen/Plib/libjt74opal.a(lutaud.o)
                0x08106b10                lutaud_
 *fill*         0x08107d4c        0x4 90909090
 .text          0x08107d50      0x205 /home/pcl2483/pedro/jadesoft/util/mcgen/Plib/libjt74opal.a(taupol.o)
                0x08107d50                taupol_
 *fill*         0x08107f55        0xb 90909090
 .text          0x08107f60      0x776 /home/pcl2483/pedro/jadesoft/util/mcgen/Plib/libjt74opal.a(dexay.o)
                0x08107f60                dexay_
 *fill*         0x081086d6        0xa 90909090
 .text          0x081086e0      0x42c /home/pcl2483/pedro/jadesoft/util/mcgen/Plib/libjt74opal.a(dexay1.o)
                0x081086e0                dexay1_
 *fill*         0x08108b0c        0x4 90909090
 .text          0x08108b10      0x154 /home/pcl2483/pedro/jadesoft/util/mcgen/Plib/libjt74opal.a(dexel.o)
                0x08108b10                dexel_
 *fill*         0x08108c64        0xc 90909090
 .text          0x08108c70      0x104 /home/pcl2483/pedro/jadesoft/util/mcgen/Plib/libjt74opal.a(dexkk.o)
                0x08108c70                dexkk_
 *fill*         0x08108d74        0xc 90909090
 .text          0x08108d80      0x164 /home/pcl2483/pedro/jadesoft/util/mcgen/Plib/libjt74opal.a(dexks.o)
                0x08108d80                dexks_
 *fill*         0x08108ee4        0xc 90909090
 .text          0x08108ef0      0x164 /home/pcl2483/pedro/jadesoft/util/mcgen/Plib/libjt74opal.a(dexmu.o)
                0x08108ef0                dexmu_
 *fill*         0x08109054        0xc 90909090
 .text          0x08109060      0x15c /home/pcl2483/pedro/jadesoft/util/mcgen/Plib/libjt74opal.a(dexnew.o)
                0x08109060                dexnew_
 *fill*         0x081091bc        0x4 90909090
 .text          0x081091c0      0x104 /home/pcl2483/pedro/jadesoft/util/mcgen/Plib/libjt74opal.a(dexpi.o)
                0x081091c0                dexpi_
 *fill*         0x081092c4        0xc 90909090
 .text          0x081092d0      0x15a /home/pcl2483/pedro/jadesoft/util/mcgen/Plib/libjt74opal.a(dexro.o)
                0x081092d0                dexro_
 *fill*         0x0810942a        0x6 90909090
 .text          0x08109430      0x1bc /home/pcl2483/pedro/jadesoft/util/mcgen/Plib/libjt74opal.a(dwlnew.o)
                0x08109430                dwlnew_
 *fill*         0x081095ec        0x4 90909090
 .text          0x081095f0      0x268 /home/pcl2483/pedro/jadesoft/util/mcgen/Plib/libjt74opal.a(dwluaa.o)
                0x081095f0                dwluaa_
 *fill*         0x08109858        0x8 90909090
 .text          0x08109860      0x104 /home/pcl2483/pedro/jadesoft/util/mcgen/Plib/libjt74opal.a(dwluel.o)
                0x08109860                dwluel_
 *fill*         0x08109964        0xc 90909090
 .text          0x08109970       0xb5 /home/pcl2483/pedro/jadesoft/util/mcgen/Plib/libjt74opal.a(dwlukk.o)
                0x08109970                dwlukk_
 *fill*         0x08109a25        0xb 90909090
 .text          0x08109a30      0x244 /home/pcl2483/pedro/jadesoft/util/mcgen/Plib/libjt74opal.a(dwluks.o)
                0x08109a30                dwluks_
 *fill*         0x08109c74        0xc 90909090
 .text          0x08109c80      0x104 /home/pcl2483/pedro/jadesoft/util/mcgen/Plib/libjt74opal.a(dwlumu.o)
                0x08109c80                dwlumu_
 *fill*         0x08109d84        0xc 90909090
 .text          0x08109d90       0xab /home/pcl2483/pedro/jadesoft/util/mcgen/Plib/libjt74opal.a(dwlupi.o)
                0x08109d90                dwlupi_
 *fill*         0x08109e3b        0x5 90909090
 .text          0x08109e40      0x134 /home/pcl2483/pedro/jadesoft/util/mcgen/Plib/libjt74opal.a(dwluro.o)
                0x08109e40                dwluro_
 *fill*         0x08109f74        0xc 90909090
 .text          0x08109f80       0xda /home/pcl2483/pedro/jadesoft/util/mcgen/Plib/libjt74opal.a(dwrph.o)
                0x08109f80                dwrph_
 *fill*         0x0810a05a        0x6 90909090
 .text          0x0810a060      0x391 /home/pcl2483/pedro/jadesoft/util/mcgen/Plib/libjt74opal.a(filhep.o)
                0x0810a060                filhep_
 *fill*         0x0810a3f1        0xf 90909090
 .text          0x0810a400      0xd35 /home/pcl2483/pedro/jadesoft/util/mcgen/Plib/libjt74opal.a(initdk.o)
                0x0810a400                initdk_
 *fill*         0x0810b135        0xb 90909090
 .text          0x0810b140      0x170 /home/pcl2483/pedro/jadesoft/util/mcgen/Plib/libjt74opal.a(jaker.o)
                0x0810b140                jaker_
 .text          0x0810b2b0      0x214 /home/pcl2483/pedro/jadesoft/util/mcgen/Plib/libjt74opal.a(lunpik.o)
                0x0810b2b0                lunpik_
 *fill*         0x0810b4c4        0xc 90909090
 .text          0x0810b4d0      0x5a8 /home/pcl2483/pedro/jadesoft/util/mcgen/Plib/libjt74opal.a(dadmel.o)
                0x0810b4d0                dadmel_
 *fill*         0x0810ba78        0x8 90909090
 .text          0x0810ba80      0x577 /home/pcl2483/pedro/jadesoft/util/mcgen/Plib/libjt74opal.a(dadmkk.o)
                0x0810ba80                dadmkk_
 *fill*         0x0810bff7        0x9 90909090
 .text          0x0810c000      0x5b8 /home/pcl2483/pedro/jadesoft/util/mcgen/Plib/libjt74opal.a(dadmks.o)
                0x0810c000                dadmks_
 *fill*         0x0810c5b8        0x8 90909090
 .text          0x0810c5c0      0x598 /home/pcl2483/pedro/jadesoft/util/mcgen/Plib/libjt74opal.a(dadmmu.o)
                0x0810c5c0                dadmmu_
 *fill*         0x0810cb58        0x8 90909090
 .text          0x0810cb60      0x56d /home/pcl2483/pedro/jadesoft/util/mcgen/Plib/libjt74opal.a(dadmpi.o)
                0x0810cb60                dadmpi_
 *fill*         0x0810d0cd        0x3 90909090
 .text          0x0810d0d0      0x558 /home/pcl2483/pedro/jadesoft/util/mcgen/Plib/libjt74opal.a(dadmro.o)
                0x0810d0d0                dadmro_
 *fill*         0x0810d628        0x8 90909090
 .text          0x0810d630      0xace /home/pcl2483/pedro/jadesoft/util/mcgen/Plib/libjt74opal.a(dadnew.o)
                0x0810d630                dadnew_
 *fill*         0x0810e0fe        0x2 90909090
 .text          0x0810e100      0x185 /home/pcl2483/pedro/jadesoft/util/mcgen/Plib/libjt74opal.a(dexaa.o)
                0x0810e100                dexaa_
 *fill*         0x0810e285        0xb 90909090
 .text          0x0810e290     0x1f8c /home/pcl2483/pedro/jadesoft/util/mcgen/Plib/libjt74opal.a(dph4pi.o)
                0x0810e2e4                dph4pi_
 *fill*         0x0811021c        0x4 90909090
 .text          0x08110220     0x17fc /home/pcl2483/pedro/jadesoft/util/mcgen/Plib/libjt74opal.a(dph5pi.o)
                0x08110354                dph5pi_
 *fill*         0x08111a1c        0x4 90909090
 .text          0x08111a20     0x192f /home/pcl2483/pedro/jadesoft/util/mcgen/Plib/libjt74opal.a(dphnpi.o)
                0x08111ae0                dphnpi_
 *fill*         0x0811334f        0x1 90909090
 .text          0x08113350      0x17b /home/pcl2483/pedro/jadesoft/util/mcgen/Plib/libjt74opal.a(dphsel.o)
                0x08113350                dphsel_
 *fill*         0x081134cb        0x5 90909090
 .text          0x081134d0     0x138f /home/pcl2483/pedro/jadesoft/util/mcgen/Plib/libjt74opal.a(dphsks.o)
                0x081134d0                dphsks_
 *fill*         0x0811485f        0x1 90909090
 .text          0x08114860      0x17b /home/pcl2483/pedro/jadesoft/util/mcgen/Plib/libjt74opal.a(dphsmu.o)
                0x08114860                dphsmu_
 *fill*         0x081149db        0x5 90909090
 .text          0x081149e0      0x1b9 /home/pcl2483/pedro/jadesoft/util/mcgen/Plib/libjt74opal.a(dphspk.o)
                0x081149e0                dphspk_
 *fill*         0x08114b99        0x7 90909090
 .text          0x08114ba0      0x870 /home/pcl2483/pedro/jadesoft/util/mcgen/Plib/libjt74opal.a(dphsrk.o)
                0x08114ba0                dphsrk_
 .text          0x08115410      0x85f /home/pcl2483/pedro/jadesoft/util/mcgen/Plib/libjt74opal.a(dphsro.o)
                0x08115410                dphsro_
 *fill*         0x08115c6f        0x1 90909090
 .text          0x08115c70     0x13cd /home/pcl2483/pedro/jadesoft/util/mcgen/Plib/libjt74opal.a(dphtre.o)
                0x08115cc4                dphtre_
 *fill*         0x0811703d        0x3 90909090
 .text          0x08117040      0xcee /home/pcl2483/pedro/jadesoft/util/mcgen/Plib/libjt74opal.a(drcmu.o)
                0x08117040                drcmu_
 *fill*         0x08117d2e        0x2 90909090
 .text          0x08117d30       0x87 /home/pcl2483/pedro/jadesoft/util/mcgen/Plib/libjt74opal.a(dwluph.o)
                0x08117d30                dwluph_
 *fill*         0x08117db7        0x1 90909090
 .text          0x08117db8       0x3d /home/pcl2483/pedro/jadesoft/util/mcgen/Plib/libjt74opal.a(fpirho.o)
                0x08117db8                fpirho_
 *fill*         0x08117df5        0x3 90909090
 .text          0x08117df8       0x44 /home/pcl2483/pedro/jadesoft/util/mcgen/Plib/libjt74opal.a(fpirk.o)
                0x08117df8                fpirk_
 *fill*         0x08117e3c        0x4 90909090
 .text          0x08117e40      0x109 /home/pcl2483/pedro/jadesoft/util/mcgen/Plib/libjt74opal.a(rotor2.o)
                0x08117e40                rotor2_
 *fill*         0x08117f49        0x7 90909090
 .text          0x08117f50       0xf9 /home/pcl2483/pedro/jadesoft/util/mcgen/Plib/libjt74opal.a(rotor3.o)
                0x08117f50                rotor3_
 *fill*         0x08118049        0x7 90909090
 .text          0x08118050       0x3a /home/pcl2483/pedro/jadesoft/util/mcgen/Plib/libjt74opal.a(rotpol.o)
                0x08118050                rotpol_
 *fill*         0x0811808a        0x6 90909090
 .text          0x08118090       0x3a /home/pcl2483/pedro/jadesoft/util/mcgen/Plib/libjt74opal.a(rotpox.o)
                0x08118090                rotpox_
 *fill*         0x081180ca        0x6 90909090
 .text          0x081180d0      0x67c /home/pcl2483/pedro/jadesoft/util/mcgen/Plib/libjt74opal.a(sigee.o)
                0x081180d0                sigee_
 .text          0x0811874c      0x11d /home/pcl2483/pedro/jadesoft/util/mcgen/Plib/libjt74opal.a(sphera.o)
                0x0811874c                sphera_
 *fill*         0x08118869        0x3 90909090
 .text          0x0811886c      0x115 /home/pcl2483/pedro/jadesoft/util/mcgen/Plib/libjt74opal.a(spherd.o)
                0x0811886c                spherd_
 *fill*         0x08118981        0xf 90909090
 .text          0x08118990       0xff /home/pcl2483/pedro/jadesoft/util/mcgen/Plib/libjt74opal.a(bostd3.o)
                0x08118990                bostd3_
 *fill*         0x08118a8f        0x1 90909090
 .text          0x08118a90       0xff /home/pcl2483/pedro/jadesoft/util/mcgen/Plib/libjt74opal.a(bostr3.o)
                0x08118a90                bostr3_
 *fill*         0x08118b8f        0x1 90909090
 .text          0x08118b90      0x267 /home/pcl2483/pedro/jadesoft/util/mcgen/Plib/libjt74opal.a(bwigs.o)
                0x08118c34                bwigs_
 *fill*         0x08118df7        0x9 90909090
 .text          0x08118e00      0x5b8 /home/pcl2483/pedro/jadesoft/util/mcgen/Plib/libjt74opal.a(choice.o)
                0x08118e00                choice_
 *fill*         0x081193b8        0x8 90909090
 .text          0x081193c0      0x508 /home/pcl2483/pedro/jadesoft/util/mcgen/Plib/libjt74opal.a(dadmaa.o)
                0x081193c0                dadmaa_
 *fill*         0x081198c8        0x8 90909090
 .text          0x081198d0      0x27e /home/pcl2483/pedro/jadesoft/util/mcgen/Plib/libjt74opal.a(dam4pi.o)
                0x081198d0                dam4pi_
 *fill*         0x08119b4e        0x2 90909090
 .text          0x08119b50      0xb17 /home/pcl2483/pedro/jadesoft/util/mcgen/Plib/libjt74opal.a(dampog.o)
                0x08119b50                dampog_
 *fill*         0x0811a667        0x9 90909090
 .text          0x0811a670     0x1aaf /home/pcl2483/pedro/jadesoft/util/mcgen/Plib/libjt74opal.a(damppk.o)
                0x0811a670                damppk_
 *fill*         0x0811c11f        0x1 90909090
 .text          0x0811c120       0xa8 /home/pcl2483/pedro/jadesoft/util/mcgen/Plib/libjt74opal.a(dampry.o)
                0x0811c120                dampry_
 *fill*         0x0811c1c8        0x8 90909090
 .text          0x0811c1d0      0x1da /home/pcl2483/pedro/jadesoft/util/mcgen/Plib/libjt74opal.a(dcdmas.o)
                0x0811c1d0                dcdmas_
 *fill*         0x0811c3aa        0x6 90909090
 .text          0x0811c3b0       0xe5 /home/pcl2483/pedro/jadesoft/util/mcgen/Plib/libjt74opal.a(dphsaa.o)
                0x0811c3b0                dphsaa_
 *fill*         0x0811c495        0xb 90909090
 .text          0x0811c4a0      0x6d8 /home/pcl2483/pedro/jadesoft/util/mcgen/Plib/libjt74opal.a(form1.o)
                0x0811c578                form1_
 *fill*         0x0811cb78        0x8 90909090
 .text          0x0811cb80      0x7c8 /home/pcl2483/pedro/jadesoft/util/mcgen/Plib/libjt74opal.a(form2.o)
                0x0811cc58                form2_
 *fill*         0x0811d348        0x8 90909090
 .text          0x0811d350       0x54 /home/pcl2483/pedro/jadesoft/util/mcgen/Plib/libjt74opal.a(form3.o)
                0x0811d350                form3_
 *fill*         0x0811d3a4        0xc 90909090
 .text          0x0811d3b0      0x966 /home/pcl2483/pedro/jadesoft/util/mcgen/Plib/libjt74opal.a(form4.o)
                0x0811d488                form4_
 *fill*         0x0811dd16        0xa 90909090
 .text          0x0811dd20      0x69b /home/pcl2483/pedro/jadesoft/util/mcgen/Plib/libjt74opal.a(form5.o)
                0x0811dd20                form5_
 *fill*         0x0811e3bb        0x5 90909090
 .text          0x0811e3c0      0x371 /home/pcl2483/pedro/jadesoft/util/mcgen/Plib/libjt74opal.a(formom.o)
                0x0811e4a4                formom_
 *fill*         0x0811e731        0xf 90909090
 .text          0x0811e740      0x153 /home/pcl2483/pedro/jadesoft/util/mcgen/Plib/libjt74opal.a(fpik.o)
                0x0811e740                fpik_
 *fill*         0x0811e893        0xd 90909090
 .text          0x0811e8a0      0x16c /home/pcl2483/pedro/jadesoft/util/mcgen/Plib/libjt74opal.a(fpikm.o)
                0x0811e8a0                fpikm_
 *fill*         0x0811ea0c        0x4 90909090
 .text          0x0811ea10      0x1ec /home/pcl2483/pedro/jadesoft/util/mcgen/Plib/libjt74opal.a(fpikmd.o)
                0x0811ea10                fpikmd_
 *fill*         0x0811ebfc        0x4 90909090
 .text          0x0811ec00      0x1ba /home/pcl2483/pedro/jadesoft/util/mcgen/Plib/libjt74opal.a(gfun.o)
                0x0811ec00                gfun_
 *fill*         0x0811edba        0x6 90909090
 .text          0x0811edc0      0x369 /home/pcl2483/pedro/jadesoft/util/mcgen/Plib/libjt74opal.a(prod5.o)
                0x0811ee58                prod5_
 *fill*         0x0811f129        0x7 90909090
 .text          0x0811f130      0x109 /home/pcl2483/pedro/jadesoft/util/mcgen/Plib/libjt74opal.a(rotod2.o)
                0x0811f130                rotod2_
 *fill*         0x0811f239        0x7 90909090
 .text          0x0811f240      0x109 /home/pcl2483/pedro/jadesoft/util/mcgen/Plib/libjt74opal.a(rotod3.o)
                0x0811f240                rotod3_
 *fill*         0x0811f349        0x7 90909090
 .text          0x0811f350      0xe1b /home/pcl2483/pedro/jadesoft/util/mcgen/Plib/libjt74opal.a(sqm2.o)
                0x0811f350                sqm2_
 *fill*         0x0812016b        0x5 90909090
 .text          0x08120170      0xc54 /home/pcl2483/pedro/jadesoft/util/mcgen/Plib/libjt74opal.a(thb.o)
                0x08120170                thb_
 *fill*         0x08120dc4        0xc 90909090
 .text          0x08120dd0       0xe4 /home/pcl2483/pedro/jadesoft/util/mcgen/Plib/libjt74opal.a(wigfor.o)
                0x08120dd0                wigfor_
 *fill*         0x08120eb4        0xc 90909090
 .text          0x08120ec0      0x1ff /home/pcl2483/pedro/jadesoft/util/mcgen/Plib/libjt74opal.a(bwig.o)
                0x08120ec0                bwig_
 *fill*         0x081210bf        0x1 90909090
 .text          0x081210c0      0x250 /home/pcl2483/pedro/jadesoft/util/mcgen/Plib/libjt74opal.a(bwigm.o)
                0x081210c0                bwigm_
 .text          0x08121310      0x36b /home/pcl2483/pedro/jadesoft/util/mcgen/Plib/libjt74opal.a(claxi.o)
                0x081213d4                claxi_
 *fill*         0x0812167b        0x5 90909090
 .text          0x08121680       0xc4 /home/pcl2483/pedro/jadesoft/util/mcgen/Plib/libjt74opal.a(clnut.o)
                0x08121680                clnut_
 *fill*         0x08121744        0xc 90909090
 .text          0x08121750      0x1c0 /home/pcl2483/pedro/jadesoft/util/mcgen/Plib/libjt74opal.a(clvec.o)
                0x08121750                clvec_
 .text          0x08121910     0x194f /home/pcl2483/pedro/jadesoft/util/mcgen/Plib/libjt74opal.a(curr.o)
                0x081219e8                curr_
 *fill*         0x0812325f        0x1 90909090
 .text          0x08123260      0x50d /home/pcl2483/pedro/jadesoft/util/mcgen/Plib/libjt74opal.a(dilog.o)
                0x08123260                dilog_
 *fill*         0x0812376d        0x3 90909090
 .text          0x08123770     0x1786 /home/pcl2483/pedro/jadesoft/util/mcgen/Plib/libckern105.a(ckern.o)
                0x08123770                ckern_
 *fill*         0x08124ef6        0xa 90909090
 .text          0x08124f00      0x42f /home/pcl2483/pedro/jadesoft/util/mcgen/Plib/libckern105.a(cksord.o)
                0x08124f00                cksord_
 *fill*         0x0812532f        0x1 90909090
 .text          0x08125330      0x1b5 /home/pcl2483/pedro/jadesoft/util/mcgen/Plib/libckern105.a(cnjet.o)
                0x08125330                cnjet_
 *fill*         0x081254e5        0xb 90909090
 .text          0x081254f0      0x217 /home/pcl2483/pedro/jadesoft/util/mcgen/Plib/libpx114.a(pxang3.o)
                0x081254f0                pxang3_
 *fill*         0x08125707        0x9 90909090
 .text          0x08125710      0x17f /home/pcl2483/pedro/jadesoft/util/mcgen/Plib/libpx114.a(pxanxy.o)
                0x08125710                pxanxy_
 *fill*         0x0812588f        0x1 90909090
 .text          0x08125890      0xa8f /home/pcl2483/pedro/jadesoft/util/mcgen/Plib/libpx114.a(pxcone.o)
                0x08125890                pxcone_
 *fill*         0x0812631f        0x1 90909090
 .text          0x08126320       0x6b /home/pcl2483/pedro/jadesoft/util/mcgen/Plib/libpx114.a(pxcopv.o)
                0x08126320                pxcopv_
 *fill*         0x0812638b        0x5 90909090
 .text          0x08126390      0x322 /home/pcl2483/pedro/jadesoft/util/mcgen/Plib/libpx114.a(pxjpdg.o)
                0x08126390                pxjpdg_
 *fill*         0x081266b2        0xe 90909090
 .text          0x081266c0      0x70f /home/pcl2483/pedro/jadesoft/util/mcgen/Plib/libpx114.a(pxjsp3.o)
                0x081266c0                pxjsp3_
 *fill*         0x08126dcf        0x1 90909090
 .text          0x08126dd0      0x835 /home/pcl2483/pedro/jadesoft/util/mcgen/Plib/libpx114.a(pxlsp3.o)
                0x08126dd0                pxlsp3_
 *fill*         0x08127605        0xb 90909090
 .text          0x08127610      0x3f2 /home/pcl2483/pedro/jadesoft/util/mcgen/Plib/libpx114.a(pxlth4.o)
                0x08127610                pxlth4_
 *fill*         0x08127a02        0xe 90909090
 .text          0x08127a10     0x2507 /home/pcl2483/pedro/jadesoft/util/mcgen/Plib/libpx114.a(pxlut3.o)
                0x08127a10                pxlut3_
 *fill*         0x08129f17        0x9 90909090
 .text          0x08129f20      0x11a /home/pcl2483/pedro/jadesoft/util/mcgen/Plib/libpx114.a(pxlzf5.o)
                0x08129f20                pxlzf5_
 *fill*         0x0812a03a        0x6 90909090
 .text          0x0812a040      0x4b2 /home/pcl2483/pedro/jadesoft/util/mcgen/Plib/libpx114.a(pxmmbb.o)
                0x0812a040                pxmmbb_
 *fill*         0x0812a4f2        0xe 90909090
 .text          0x0812a500      0x131 /home/pcl2483/pedro/jadesoft/util/mcgen/Plib/libpx114.a(pxnorv.o)
                0x0812a500                pxnorv_
 *fill*         0x0812a631        0xf 90909090
 .text          0x0812a640      0x63c /home/pcl2483/pedro/jadesoft/util/mcgen/Plib/libpx114.a(pxolap.o)
                0x0812a640                pxolap_
 *fill*         0x0812ac7c        0x4 90909090
 .text          0x0812ac80      0x361 /home/pcl2483/pedro/jadesoft/util/mcgen/Plib/libpx114.a(pxord.o)
                0x0812ac80                pxord_
 *fill*         0x0812afe1        0xf 90909090
 .text          0x0812aff0      0x1dd /home/pcl2483/pedro/jadesoft/util/mcgen/Plib/libpx114.a(pxplt3.o)
                0x0812aff0                pxplt3_
 *fill*         0x0812b1cd        0x3 90909090
 .text          0x0812b1d0      0x12c /home/pcl2483/pedro/jadesoft/util/mcgen/Plib/libpx114.a(pxplu3.o)
                0x0812b1d0                pxplu3_
 *fill*         0x0812b2fc        0x4 90909090
 .text          0x0812b300      0x301 /home/pcl2483/pedro/jadesoft/util/mcgen/Plib/libpx114.a(pxprcv.o)
                0x0812b300                pxprcv_
 *fill*         0x0812b601        0xf 90909090
 .text          0x0812b610      0x2ed /home/pcl2483/pedro/jadesoft/util/mcgen/Plib/libpx114.a(pxprrv.o)
                0x0812b610                pxprrv_
 *fill*         0x0812b8fd        0x3 90909090
 .text          0x0812b900      0x1e9 /home/pcl2483/pedro/jadesoft/util/mcgen/Plib/libpx114.a(pxrap4.o)
                0x0812b900                pxrap4_
 *fill*         0x0812bae9        0x7 90909090
 .text          0x0812baf0      0x22d /home/pcl2483/pedro/jadesoft/util/mcgen/Plib/libpx114.a(pxrmx3.o)
                0x0812baf0                pxrmx3_
 *fill*         0x0812bd1d        0x3 90909090
 .text          0x0812bd20       0xb5 /home/pcl2483/pedro/jadesoft/util/mcgen/Plib/libpx114.a(pxrob3.o)
                0x0812bd20                pxrob3_
 *fill*         0x0812bdd5        0xb 90909090
 .text          0x0812bde0       0xb5 /home/pcl2483/pedro/jadesoft/util/mcgen/Plib/libpx114.a(pxrof3.o)
                0x0812bde0                pxrof3_
 *fill*         0x0812be95        0xb 90909090
 .text          0x0812bea0      0x329 /home/pcl2483/pedro/jadesoft/util/mcgen/Plib/libpx114.a(pxsear.o)
                0x0812bea0                pxsear_
 *fill*         0x0812c1c9        0x7 90909090
 .text          0x0812c1d0      0x37f /home/pcl2483/pedro/jadesoft/util/mcgen/Plib/libpx114.a(pxsorv.o)
                0x0812c1d0                pxsorv_
 *fill*         0x0812c54f        0x1 90909090
 .text          0x0812c550      0x2d2 /home/pcl2483/pedro/jadesoft/util/mcgen/Plib/libpx114.a(pxtry.o)
                0x0812c550                pxtry_
 *fill*         0x0812c822        0xe 90909090
 .text          0x0812c830      0x1ac /home/pcl2483/pedro/jadesoft/util/mcgen/Plib/libpx114.a(pxuvec.o)
                0x0812c830                pxuvec_
 *fill*         0x0812c9dc        0x4 90909090
 .text          0x0812c9e0       0x49 /home/pcl2483/pedro/jadesoft/util/mcgen/Plib/libpx114.a(pxzerv.o)
                0x0812c9e0                pxzerv_
 *fill*         0x0812ca29        0x7 90909090
 .text          0x0812ca30     0x1dee /home/pcl2483/pedro/jadesoft/util/mcgen/Plib/libpx114.a(ykern.o)
                0x0812d038                ykern_
 *fill*         0x0812e81e        0x2 90909090
 .text          0x0812e820      0x134 /home/pcl2483/pedro/jadesoft/util/mcgen/Plib/libpx114.a(ynjet.o)
                0x0812e820                ynjet_
 *fill*         0x0812e954        0xc 90909090
 .text          0x0812e960      0x175 /home/pcl2483/pedro/jadesoft/util/mcgen/Plib/libpx114.a(yyjet.o)
                0x0812e960                yyjet_
 *fill*         0x0812ead5        0xb 90909090
 .text          0x0812eae0       0x8b /home/pcl2483/pedro/jadesoft/util/mcgen/Plib/libpx114.a(pxaddv.o)
                0x0812eae0                pxaddv_
 *fill*         0x0812eb6b        0x5 90909090
 .text          0x0812eb70      0xcdc /home/pcl2483/pedro/jadesoft/util/mcgen/Plib/libpx114.a(pxdiam.o)
                0x0812eb70                pxdiam_
 *fill*         0x0812f84c        0x4 90909090
 .text          0x0812f850      0x3cf /home/pcl2483/pedro/jadesoft/util/mcgen/Plib/libpx114.a(pxmulm.o)
                0x0812f850                pxmulm_
 *fill*         0x0812fc1f        0x1 90909090
 .text          0x0812fc20       0xea /home/pcl2483/pedro/jadesoft/util/mcgen/Plib/libpx114.a(pxnew.o)
                0x0812fc20                pxnew_
 *fill*         0x0812fd0a        0x6 90909090
 .text          0x0812fd10       0x81 /home/pcl2483/pedro/jadesoft/util/mcgen/Plib/libpx114.a(pxsame.o)
                0x0812fd10                pxsame_
 *fill*         0x0812fd91        0xf 90909090
 .text          0x0812fda0      0x1ff /home/pcl2483/pedro/jadesoft/util/mcgen/Plib/libpx114.a(pxunim.o)
                0x0812fda0                pxunim_
 *fill*         0x0812ff9f        0x1 90909090
 .text          0x0812ffa0     0x175a /cern/99/lib/libpacklib.a(ffgo.o)
                0x0812ffa0                ffgo_
 *fill*         0x081316fa        0x2 90909090
 .text          0x081316fc      0x267 /cern/99/lib/libpacklib.a(ffinit.o)
                0x081316fc                ffinit_
 *fill*         0x08131963        0x1 90909090
 .text          0x08131964      0x270 /cern/99/lib/libpacklib.a(ffkey.o)
                0x08131964                ffkey_
 .text          0x08131bd4      0x21c /cern/99/lib/libpacklib.a(ffset.o)
                0x08131bd4                ffset_
 .text          0x08131df0       0x54 /cern/99/lib/libpacklib.a(ffskip.o)
                0x08131df0                ffskip_
 .text          0x08131e44       0x6f /cern/99/lib/libpacklib.a(ffupca.o)
                0x08131e44                ffupca_
 *fill*         0x08131eb3        0x1 90909090
 .text          0x08131eb4        0x7 /cern/99/lib/libpacklib.a(ffuser.o)
                0x08131eb4                ffuser_
 *fill*         0x08131ebb        0x1 90909090
 .text          0x08131ebc       0x15 /cern/99/lib/libpacklib.a(ffuset.o)
                0x08131ebc                ffuset_
 *fill*         0x08131ed1        0x3 90909090
 .text          0x08131ed4      0x19b /cern/99/lib/libpacklib.a(hrput.o)
                0x08131ed4                hrput_
 *fill*         0x0813206f        0x1 90909090
 .text          0x08132070      0x5eb /cern/99/lib/libpacklib.a(hbook1.o)
                0x08132070                hbook1_
 *fill*         0x0813265b        0x1 90909090
 .text          0x0813265c      0x680 /cern/99/lib/libpacklib.a(hbook2.o)
                0x0813265c                hbook2_
 .text          0x08132cdc      0x5bb /cern/99/lib/libpacklib.a(hbookb.o)
                0x08132cdc                hbookb_
 *fill*         0x08133297        0x1 90909090
 .text          0x08133298       0x5d /cern/99/lib/libpacklib.a(hbtit.o)
                0x08133298                hbtit_
 *fill*         0x081332f5        0x3 90909090
 .text          0x081332f8      0x1cb /cern/99/lib/libpacklib.a(hbug.o)
                0x081332f8                hbug_
 *fill*         0x081334c3        0x1 90909090
 .text          0x081334c4      0x634 /cern/99/lib/libpacklib.a(hcdir.o)
                0x081334c4                hcdir_
 .text          0x08133af8      0x158 /cern/99/lib/libpacklib.a(hchnam.o)
                0x08133af8                hchnam_
 .text          0x08133c50      0x30a /cern/99/lib/libpacklib.a(hdelet.o)
                0x08133c50                hdelet_
 *fill*         0x08133f5a        0x2 90909090
 .text          0x08133f5c      0x1a8 /cern/99/lib/libpacklib.a(hfill.o)
                0x08133f5c                hfill_
 .text          0x08134104      0x369 /cern/99/lib/libpacklib.a(hfilpf.o)
                0x08134104                hfilpf_
 *fill*         0x0813446d        0x3 90909090
 .text          0x08134470      0x244 /cern/99/lib/libpacklib.a(hgive.o)
                0x08134470                hgive_
 .text          0x081346b4      0xa55 /cern/99/lib/libpacklib.a(hidopt.o)
                0x081346b4                hidopt_
 *fill*         0x08135109        0x3 90909090
 .text          0x0813510c      0x2e4 /cern/99/lib/libpacklib.a(hlimit.o)
                0x0813510c                hlimit_
 .text          0x081353f0       0xff /cern/99/lib/libpacklib.a(hloop.o)
                0x081353f0                hloop_
 *fill*         0x081354ef        0x1 90909090
 .text          0x081354f0      0x543 /cern/99/lib/libpacklib.a(hmachi.o)
                0x081354f0                hmachi_
 *fill*         0x08135a33        0x1 90909090
 .text          0x08135a34       0x5e /cern/99/lib/libpacklib.a(hnoent.o)
                0x08135a34                hnoent_
 *fill*         0x08135a92        0x2 90909090
 .text          0x08135a94      0xfc5 /cern/99/lib/libpacklib.a(hopera.o)
                0x08135a94                hopera_
 *fill*         0x08136a59        0x3 90909090
 .text          0x08136a5c      0x1b3 /cern/99/lib/libpacklib.a(hpaff.o)
                0x08136a5c                hpaff_
 *fill*         0x08136c0f        0x1 90909090
 .text          0x08136c10      0x283 /cern/99/lib/libpacklib.a(hpak.o)
                0x08136c10                hpak_
 *fill*         0x08136e93        0x1 90909090
 .text          0x08136e94      0x175 /cern/99/lib/libpacklib.a(hpake.o)
                0x08136e94                hpake_
 *fill*         0x08137009        0x3 90909090
 .text          0x0813700c      0x61e /cern/99/lib/libpacklib.a(hpath.o)
                0x0813700c                hpath_
 *fill*         0x0813762a        0x2 90909090
 .text          0x0813762c      0x4ce /cern/99/lib/libpacklib.a(hrebin.o)
                0x0813762c                hrebin_
 *fill*         0x08137afa        0x2 90909090
 .text          0x08137afc      0x64a /cern/99/lib/libpacklib.a(hreset.o)
                0x08137afc                hreset_
 *fill*         0x08138146        0x2 90909090
 .text          0x08138148       0xca /cern/99/lib/libpacklib.a(hrez0.o)
                0x08138148                hrez0_
 *fill*         0x08138212        0x2 90909090
 .text          0x08138214       0x90 /cern/99/lib/libpacklib.a(hsifla.o)
                0x08138214                hsifla_
 .text          0x081382a4       0x8a /cern/99/lib/libpacklib.a(hspace.o)
                0x081382a4                hspace_
 *fill*         0x0813832e        0x2 90909090
 .text          0x08138330       0x5f /cern/99/lib/libpacklib.a(hstaf.o)
                0x08138330                hstaf_
 *fill*         0x0813838f        0x1 90909090
 .text          0x08138390      0xbf4 /cern/99/lib/libpacklib.a(hsupis.o)
                0x08138390                hsupis_
 .text          0x08138f84       0x48 /cern/99/lib/libpacklib.a(huoptc.o)
                0x08138f84                huoptc_
 .text          0x08138fcc      0x1d6 /cern/99/lib/libpacklib.a(hlogpf.o)
                0x08138fcc                hlogpf_
 *fill*         0x081391a2        0x2 90909090
 .text          0x081391a4       0x7f /cern/99/lib/libpacklib.a(hoptpf.o)
                0x081391a4                hoptpf_
 *fill*         0x08139223        0x1 90909090
 .text          0x08139224      0x130 /cern/99/lib/libpacklib.a(hitoc.o)
                0x08139224                hitoc_
 .text          0x08139354       0xdf /cern/99/lib/libpacklib.a(hnbufd.o)
                0x08139354                hnbufd_
 *fill*         0x08139433        0x1 90909090
 .text          0x08139434       0xd1 /cern/99/lib/libpacklib.a(hntmpd.o)
                0x08139434                hntmpd_
 *fill*         0x08139505        0x3 90909090
 .text          0x08139508      0x2ef /cern/99/lib/libpacklib.a(hntrset.o)
                0x08139508                hntrset_
 *fill*         0x081397f7        0x1 90909090
 .text          0x081397f8      0xa4e /cern/99/lib/libpacklib.a(fzin.o)
                0x081397f8                fzin_
 *fill*         0x0813a246        0x2 90909090
 .text          0x0813a248      0x2e2 /cern/99/lib/libpacklib.a(fzirel.o)
                0x0813a248                fzirel_
 *fill*         0x0813a52a        0x2 90909090
 .text          0x0813a52c      0x5e6 /cern/99/lib/libpacklib.a(fzloc.o)
                0x0813a52c                fzloc_
 *fill*         0x0813ab12        0x2 90909090
 .text          0x0813ab14      0x132 /cern/99/lib/libpacklib.a(mzbook.o)
                0x0813ab14                mzbook_
 *fill*         0x0813ac46        0x2 90909090
 .text          0x0813ac48      0x2ea /cern/99/lib/libpacklib.a(mzdrop.o)
                0x0813ac48                mzdrop_
 *fill*         0x0813af32        0x2 90909090
 .text          0x0813af34      0x11a /cern/99/lib/libpacklib.a(mzebra.o)
                0x0813af34                mzebra_
 *fill*         0x0813b04e        0x2 90909090
 .text          0x0813b050      0x532 /cern/99/lib/libpacklib.a(mzflag.o)
                0x0813b050                mzflag_
 *fill*         0x0813b582        0x2 90909090
 .text          0x0813b584      0x42c /cern/99/lib/libpacklib.a(mzinco.o)
                0x0813b584                mzinco_
 .text          0x0813b9b0      0xd0e /cern/99/lib/libpacklib.a(mzlift.o)
                0x0813b9b0                mzlift_
 *fill*         0x0813c6be        0x2 90909090
 .text          0x0813c6c0      0x5ef /cern/99/lib/libpacklib.a(mzlink.o)
                0x0813c6c0                mzlink_
 *fill*         0x0813ccaf        0x1 90909090
 .text          0x0813ccb0      0x1ea /cern/99/lib/libpacklib.a(mzneed.o)
                0x0813ccb0                mzneed_
 *fill*         0x0813ce9a        0x2 90909090
 .text          0x0813ce9c       0xb0 /cern/99/lib/libpacklib.a(mzpaw.o)
                0x0813ce9c                mzpaw_
 .text          0x0813cf4c      0xf06 /cern/99/lib/libpacklib.a(mzpush.o)
                0x0813cf4c                mzpush_
 *fill*         0x0813de52        0x2 90909090
 .text          0x0813de54      0x9fe /cern/99/lib/libpacklib.a(mzstor.o)
                0x0813de54                mzstor_
 *fill*         0x0813e852        0x2 90909090
 .text          0x0813e854      0x100 /cern/99/lib/libpacklib.a(mzvers.o)
                0x0813e854                mzvers_
 .text          0x0813e954      0x503 /cern/99/lib/libpacklib.a(mzgar1.o)
                0x0813e954                mzgar1_
 *fill*         0x0813ee57        0x1 90909090
 .text          0x0813ee58       0x71 /cern/99/lib/libpacklib.a(mzgsta.o)
                0x0813ee58                mzgsta_
 *fill*         0x0813eec9        0x3 90909090
 .text          0x0813eecc      0x33b /cern/99/lib/libpacklib.a(mzmove.o)
                0x0813eecc                mzmove_
 *fill*         0x0813f207        0x1 90909090
 .text          0x0813f208      0x673 /cern/99/lib/libpacklib.a(mzrelb.o)
                0x0813f208                mzrelb_
 *fill*         0x0813f87b        0x1 90909090
 .text          0x0813f87c      0x4f9 /cern/99/lib/libpacklib.a(mzrell.o)
                0x0813f87c                mzrell_
 *fill*         0x0813fd75        0x3 90909090
 .text          0x0813fd78       0x8c /cern/99/lib/libpacklib.a(mzrelx.o)
                0x0813fd78                mzrelx_
 .text          0x0813fe04      0x3ac /cern/99/lib/libpacklib.a(mztabf.o)
                0x0813fe04                mztabf_
 .text          0x081401b0      0x2d0 /cern/99/lib/libpacklib.a(mztabm.o)
                0x081401b0                mztabm_
 .text          0x08140480      0x3e5 /cern/99/lib/libpacklib.a(mztabr.o)
                0x08140480                mztabr_
 *fill*         0x08140865        0x3 90909090
 .text          0x08140868       0x79 /cern/99/lib/libpacklib.a(mztabs.o)
                0x08140868                mztabs_
 *fill*         0x081408e1        0x3 90909090
 .text          0x081408e4      0x13d /cern/99/lib/libpacklib.a(mztabx.o)
                0x081408e4                mztabx_
 *fill*         0x08140a21        0x3 90909090
 .text          0x08140a24      0x29c /cern/99/lib/libpacklib.a(mzchln.o)
                0x08140a24                mzchln_
 .text          0x08140cc0      0x1f0 /cern/99/lib/libpacklib.a(mzchls.o)
                0x08140cc0                mzchls_
 .text          0x08140eb0       0xa4 /cern/99/lib/libpacklib.a(mzchnb.o)
                0x08140eb0                mzchnb_
 .text          0x08140f54      0x12c /cern/99/lib/libpacklib.a(mzfdiv.o)
                0x08140f54                mzfdiv_
 .text          0x08141080      0x35a /cern/99/lib/libpacklib.a(mzform.o)
                0x08141080                mzform_
 *fill*         0x081413da        0x2 90909090
 .text          0x081413dc     0x1613 /cern/99/lib/libpacklib.a(mzioch.o)
                0x081413dc                mzioch_
 *fill*         0x081429ef        0x1 90909090
 .text          0x081429f0      0x388 /cern/99/lib/libpacklib.a(mzresv.o)
                0x081429f0                mzresv_
 .text          0x08142d78      0x295 /cern/99/lib/libpacklib.a(mzsdiv.o)
                0x08142d78                mzsdiv_
 *fill*         0x0814300d        0x3 90909090
 .text          0x08143010        0x7 /cern/99/lib/libpacklib.a(zvautx.o)
                0x08143010                zvautx_
 *fill*         0x08143017        0x1 90909090
 .text          0x08143018      0x402 /cern/99/lib/libpacklib.a(zfatal.o)
                0x08143018                zfatal_
 *fill*         0x0814341a        0x2 90909090
 .text          0x0814341c       0x9c /cern/99/lib/libpacklib.a(zfatam.o)
                0x0814341c                zfatam_
 .text          0x081434b8      0x1c0 /cern/99/lib/libpacklib.a(ztell.o)
                0x081434b8                ztell_
 .text          0x08143678        0x7 /cern/99/lib/libpacklib.a(ztelus.o)
                0x08143678                ztelus_
 *fill*         0x0814367f        0x1 90909090
 .text          0x08143680       0xbd /cern/99/lib/libpacklib.a(izbcdt.o)
                0x08143680                izbcdt_
 *fill*         0x0814373d        0x3 90909090
 .text          0x08143740       0x48 /cern/99/lib/libpacklib.a(izhnum.o)
                0x08143740                izhnum_
 .text          0x08143788      0x5b5 /cern/99/lib/libpacklib.a(zshunt.o)
                0x08143788                zshunt_
 *fill*         0x08143d3d        0x3 90909090
 .text          0x08143d40      0x597 /cern/99/lib/libpacklib.a(rzcdir.o)
                0x08143d40                rzcdir_
 *fill*         0x081442d7        0x1 90909090
 .text          0x081442d8      0x340 /cern/99/lib/libpacklib.a(rzdate.o)
                0x081442d8                rzdate_
 .text          0x08144618      0x77d /cern/99/lib/libpacklib.a(rzfdir.o)
                0x08144618                rzfdir_
 *fill*         0x08144d95        0x3 90909090
 .text          0x08144d98      0x412 /cern/99/lib/libpacklib.a(rziodo.o)
                0x08144d98                rziodo_
 *fill*         0x081451aa        0x2 90909090
 .text          0x081451ac      0x1df /cern/99/lib/libpacklib.a(rzpaff.o)
                0x081451ac                rzpaff_
 *fill*         0x0814538b        0x1 90909090
 .text          0x0814538c      0x660 /cern/99/lib/libpacklib.a(rzpath.o)
                0x0814538c                rzpath_
 .text          0x081459ec      0x24b /cern/99/lib/libpacklib.a(rzrtop.o)
                0x081459ec                rzrtop_
 *fill*         0x08145c37        0x1 90909090
 .text          0x08145c38       0x57 /cern/99/lib/libpacklib.a(rzsame.o)
                0x08145c38                rzsame_
 *fill*         0x08145c8f        0x1 90909090
 .text          0x08145c90      0x593 /cern/99/lib/libpacklib.a(rzsave.o)
                0x08145c90                rzsave_
 *fill*         0x08146223        0x1 90909090
 .text          0x08146224      0x189 /cern/99/lib/libpacklib.a(rzstrir.o)
                0x08146224                rzstrir_
 *fill*         0x081463ad        0x3 90909090
 .text          0x081463b0       0xf0 /cern/99/lib/libpacklib.a(rzvcyc.o)
                0x081463b0                rzvcyc_
 .text          0x081464a0        0x7 /cern/99/lib/libpacklib.a(abend.o)
                0x081464a0                abend_
 *fill*         0x081464a7        0x9 90909090
 .text          0x081464b0       0xfe /cern/99/lib/libpacklib.a(datime.o)
                0x081464b0                datime_
 *fill*         0x081465ae        0x2 90909090
 .text          0x081465b0      0x2f7 /cern/99/lib/libpacklib.a(datimh.o)
                0x081465b0                datimh_
 *fill*         0x081468a7        0x9 90909090
 .text          0x081468b0      0x1d0 /cern/99/lib/libpacklib.a(jumpxn.o)
                0x081469c0                jumpx7_
                0x081468e0                jumpx1_
                0x081468b0                jumpad_
                0x08146a00                jumpx8_