(ld): halt 4
(ld): setopt member 
(ld): savename /home/pcl2483/pedro/jadesoft/bin/ze4v
(ld): filelist 21 2
(ld): i /lib/crt0.o
(ld): lib /home/pcl2483/pedro/jadesoft/lib/libinterface.a
(ld): lib /home/pcl2483/pedro/jadesoft/lib/libjadegs.a
(ld): lib /home/pcl2483/pedro/jadesoft/lib/libboslib.a
(ld): lib /home/pcl2483/pedro/jadesoft/lib/libsource.a
(ld): lib /home/pcl2483/pedro/jadesoft/lib/libzlib.a
(ld): lib /cern/98/lib/libkernlib.a
(ld): lib /cern/98/lib/libpacklib.a
(ld): lib /cern/98/lib/libmathlib.a
(ld): lib /cern/98/lib/libgraflib.a
(ld): lib /cern/98/lib/libgrafX11.a
(ld): lib /usr/lib/libcurses.a
(ld): lib /usr/lib/libX11.a
(ld): i /home/iwsatlas2/pedro/tmp/F8Ulssqb0
(ld): i /home/pcl2483/pedro/jadesoft/main/mcjade/mcrand.o
(ld): i /home/pcl2483/pedro/jadesoft/main/superv/showb.o
(ld): lib /usr/lib/libg.a
(ld): lib /usr/lib/libxlf90.a
(ld): lib /usr/lib/libxlf.a
(ld): lib /usr/lib/libm.a
(ld): lib /usr/lib/libc.a
LIBRARY: Shared object libcurses.a[shr42.o]: 499 symbols imported.
LIBRARY: Shared object libX11.a[shr4.o]: 1210 symbols imported.
LIBRARY: Shared object libX11.a[shr4net.o]: 1 symbols imported.
LIBRARY: Shared object libxlf90.a[io.o]: 70 symbols imported.
LIBRARY: Shared object libxlf90.a[math.o]: 343 symbols imported.
LIBRARY: Shared object libxlf90.a[xlfsys.o]: 34 symbols imported.
LIBRARY: Symbols imported from import file /usr/lib/libxlf90.a[_xlf_aio.imp]: 10
LIBRARY: Shared object libxlf.a[shr.o]: 135 symbols imported.
LIBRARY: Shared object libc.a[shr.o]: 2139 symbols imported.
LIBRARY: Shared object libc.a[meth.o]: 2 symbols imported.
LIBRARY: Shared object libc.a[aio.o]: 10 symbols imported.
LIBRARY: Shared object libc.a[pse.o]: 78 symbols imported.
LIBRARY: Shared object libc.a[dl.o]: 4 symbols imported.
LIBRARY: Shared object libc.a[pty.o]: 1 symbols imported.
FILELIST: Number of previously inserted files processed: 21
(ld): exports /usr/lib/libg.exp 
EXPORTS: Symbols exported: 4
(ld): resolve
ld: 0711-228 WARNING: Duplicate symbols were found while resolving symbols.
	The following duplicates were found:
 Symbol                    Source-File(Object) OR Import-File{Shared-object}
 ------------------------- -------------------------------------------------
 clgdms_                   /mnt/home/pcl2483/pedro/jadesoft/src/source/lginit.f(/home/pcl2483/pedro/jadesoft/lib/libsource.a[lginit.o])
    ** Duplicate **        /mnt/home/pcl2483/pedro/jadesoft/src/source/./TMP/lgcdir9.F_cpp.f(/home/pcl2483/pedro/jadesoft/lib/libsource.a[lgcdir9.o])
    ** Duplicate **        /mnt/home/pcl2483/pedro/jadesoft/src/source/./TMP/lgclpb9.F_cpp.f(/home/pcl2483/pedro/jadesoft/lib/libsource.a[lgclpb9.o])
    ** Duplicate **        /mnt/home/pcl2483/pedro/jadesoft/src/source/./TMP/lgclpc.F_cpp.f(/home/pcl2483/pedro/jadesoft/lib/libsource.a[lgclpc.o])
    ** Duplicate **        /mnt/home/pcl2483/pedro/jadesoft/src/source/ilctrc.f(/home/pcl2483/pedro/jadesoft/lib/libsource.a[ilctrc.o])
    ** Duplicate **        /mnt/home/pcl2483/pedro/jadesoft/src/source/./TMP/lgchc2.F_cpp.f(/home/pcl2483/pedro/jadesoft/lib/libsource.a[lgchc2.o])
    ** Duplicate **        /mnt/home/pcl2483/pedro/jadesoft/src/source/./TMP/intolg.F_cpp.f(/home/pcl2483/pedro/jadesoft/lib/libsource.a[intolg.o])
    ** Duplicate **        /mnt/home/pcl2483/pedro/jadesoft/src/source/./TMP/lgavdp.f_amp.f(/home/pcl2483/pedro/jadesoft/lib/libsource.a[lgavdp.o])
    ** Duplicate **        /mnt/home/pcl2483/pedro/jadesoft/src/source/lgavde.f(/home/pcl2483/pedro/jadesoft/lib/libsource.a[lgavde.o])
    ** Duplicate **        /mnt/home/pcl2483/pedro/jadesoft/src/source/./TMP/lgecor9.F_cpp.f(/home/pcl2483/pedro/jadesoft/lib/libsource.a[lgecor9.o])
    ** Duplicate **        /mnt/home/pcl2483/pedro/jadesoft/src/source/./TMP/lgeign.F_cpp.f(/home/pcl2483/pedro/jadesoft/lib/libsource.a[lgeign.o])
    ** Duplicate **        /mnt/home/pcl2483/pedro/jadesoft/src/source/./TMP/brlgn.F_cpp.f(/home/pcl2483/pedro/jadesoft/lib/libsource.a[brlgn.o])
    ** Duplicate **        /mnt/home/pcl2483/pedro/jadesoft/src/source/shmax.f(/home/pcl2483/pedro/jadesoft/lib/libsource.a[shmax.o])
    ** Duplicate **        /mnt/home/pcl2483/pedro/jadesoft/src/source/./TMP/brlgn6.f_amp.f(/home/pcl2483/pedro/jadesoft/lib/libsource.a[brlgn6.o])
    ** Duplicate **        /mnt/home/pcl2483/pedro/jadesoft/src/source/./TMP/elgobs.f_amp.f(/home/pcl2483/pedro/jadesoft/lib/libsource.a[elgobs.o])
RESOLVE: 1371 of 40792 symbols were kept.
RESOLVE: The return code is 4.
(ld): addgl /usr/lib/glink.o
ADDGL: Glink code added for 29 symbols.
(ld): er full
ER: There are no unresolved symbols.
(ld): mismatch
MISMATCH: No type mismatches exist.
(ld): comprld
COMPRLD: Kept 7175 of 7175 relocation entries.
(ld): origin 0x200 0x0
(ld): pad 512 512 512
PAD: The object file pad values are .text: 512  .data: 512  .loader: 512
(ld): libpath /home/pcl2483/pedro/jadesoft/lib:/cern/98/lib:/usr/lib:/lib
LIBPATH: Library path set to /home/pcl2483/pedro/jadesoft/lib:/cern/98/lib:/usr/lib:/lib
(ld): save 1L .
SAVE: Section sizes = 409912+95640+831248 (0x64138+0x17598+0xCAF10 hex)
SAVE: Size of TOC: 2124 (0x84C hex)
SAVE: These object files and archive members were
	used to create the output file:
 /lib/crt0.o
 /home/pcl2483/pedro/jadesoft/lib/libinterface.a[biby.o]
 /home/pcl2483/pedro/jadesoft/lib/libinterface.a[dlib.o]
 /home/pcl2483/pedro/jadesoft/lib/libinterface.a[ips.o]
 /home/pcl2483/pedro/jadesoft/lib/libinterface.a[ranmar.o]
 /home/pcl2483/pedro/jadesoft/lib/libjadegs.a[evread.o]
 /home/pcl2483/pedro/jadesoft/lib/libjadegs.a[jetcal.o]
 /home/pcl2483/pedro/jadesoft/lib/libjadegs.a[ebeam.o]
 /home/pcl2483/pedro/jadesoft/lib/libjadegs.a[mctr4v.o]
 /home/pcl2483/pedro/jadesoft/lib/libjadegs.a[ktmcon.o]
 /home/pcl2483/pedro/jadesoft/lib/libjadegs.a[idattm.o]
 /home/pcl2483/pedro/jadesoft/lib/libjadegs.a[hprs.o]
 /home/pcl2483/pedro/jadesoft/lib/libjadegs.a[klread.o]
 /home/pcl2483/pedro/jadesoft/lib/libjadegs.a[evrea1.o]
 /home/pcl2483/pedro/jadesoft/lib/libjadegs.a[cl2prc.o]
 /home/pcl2483/pedro/jadesoft/lib/libjadegs.a[jadebd.o]
 /home/pcl2483/pedro/jadesoft/lib/libjadegs.a[dedxbn.o]
 /home/pcl2483/pedro/jadesoft/lib/libjadegs.a[dxmcsp.o]
 /home/pcl2483/pedro/jadesoft/lib/libjadegs.a[akop.o]
 /home/pcl2483/pedro/jadesoft/lib/libjadegs.a[eigen.o]
 /home/pcl2483/pedro/jadesoft/lib/libjadegs.a[mofrci.o]
 /home/pcl2483/pedro/jadesoft/lib/libjadegs.a[mctrcb.o]
 /home/pcl2483/pedro/jadesoft/lib/libjadegs.a[mchtrb.o]
 /home/pcl2483/pedro/jadesoft/lib/libjadegs.a[thrust.o]
 /home/pcl2483/pedro/jadesoft/lib/libboslib.a[bint.o]
 /home/pcl2483/pedro/jadesoft/lib/libboslib.a[ibln.o]
 /home/pcl2483/pedro/jadesoft/lib/libboslib.a[brnm.o]
 /home/pcl2483/pedro/jadesoft/lib/libboslib.a[bcre.o]
 /home/pcl2483/pedro/jadesoft/lib/libboslib.a[ccre.o]
 /home/pcl2483/pedro/jadesoft/lib/libboslib.a[bloc.o]
 /home/pcl2483/pedro/jadesoft/lib/libboslib.a[cloc.o]
 /home/pcl2483/pedro/jadesoft/lib/libboslib.a[bchm.o]
 /home/pcl2483/pedro/jadesoft/lib/libboslib.a[bpos.o]
 /home/pcl2483/pedro/jadesoft/lib/libboslib.a[bnxt.o]
 /home/pcl2483/pedro/jadesoft/lib/libboslib.a[bmlt.o]
 /home/pcl2483/pedro/jadesoft/lib/libboslib.a[bsaw.o]
 /home/pcl2483/pedro/jadesoft/lib/libboslib.a[bdls.o]
 /home/pcl2483/pedro/jadesoft/lib/libboslib.a[bdlm.o]
 /home/pcl2483/pedro/jadesoft/lib/libboslib.a[bdlg.o]
 /home/pcl2483/pedro/jadesoft/lib/libboslib.a[bgar.o]
 /home/pcl2483/pedro/jadesoft/lib/libboslib.a[bdmp.o]
 /home/pcl2483/pedro/jadesoft/lib/libboslib.a[bsta.o]
 /home/pcl2483/pedro/jadesoft/lib/libboslib.a[bread.o]
 /home/pcl2483/pedro/jadesoft/lib/libboslib.a[bwrite.o]
 /home/pcl2483/pedro/jadesoft/lib/libboslib.a[brds.o]
 /home/pcl2483/pedro/jadesoft/lib/libboslib.a[bwrs.o]
 /home/pcl2483/pedro/jadesoft/lib/libboslib.a[bfrd.o]
 /home/pcl2483/pedro/jadesoft/lib/libboslib.a[binp.o]
 /home/pcl2483/pedro/jadesoft/lib/libboslib.a[boutp.o]
 /home/pcl2483/pedro/jadesoft/lib/libboslib.a[msgpr.o]
 /home/pcl2483/pedro/jadesoft/lib/libboslib.a[itoda.o]
 /home/pcl2483/pedro/jadesoft/lib/libboslib.a[uwp.o]
 /home/pcl2483/pedro/jadesoft/lib/libboslib.a[uhist.o]
 /home/pcl2483/pedro/jadesoft/lib/libboslib.a[defst.o]
 /home/pcl2483/pedro/jadesoft/lib/libboslib.a[vall.o]
 /home/pcl2483/pedro/jadesoft/lib/libboslib.a[sort4.o]
 /home/pcl2483/pedro/jadesoft/lib/libboslib.a[ptext1.o]
 /home/pcl2483/pedro/jadesoft/lib/libboslib.a[phist.o]
 /home/pcl2483/pedro/jadesoft/lib/libboslib.a[pcorr.o]
 /home/pcl2483/pedro/jadesoft/lib/libboslib.a[histpr.o]
 /home/pcl2483/pedro/jadesoft/lib/libboslib.a[ccor.o]
 /home/pcl2483/pedro/jadesoft/lib/libboslib.a[pvert.o]
 /home/pcl2483/pedro/jadesoft/lib/libboslib.a[bfmt.o]
 /home/pcl2483/pedro/jadesoft/lib/libboslib.a[iaf.o]
 /home/pcl2483/pedro/jadesoft/lib/libboslib.a[vecsub.o]
 /home/pcl2483/pedro/jadesoft/lib/libboslib.a[ucorr.o]
 /home/pcl2483/pedro/jadesoft/lib/libsource.a[lganal9.o]
 /home/pcl2483/pedro/jadesoft/lib/libsource.a[lgcdir9.o]
 /home/pcl2483/pedro/jadesoft/lib/libsource.a[lginit.o]
 /home/pcl2483/pedro/jadesoft/lib/libsource.a[lgmesg.o]
 /home/pcl2483/pedro/jadesoft/lib/libsource.a[lgdcpy.o]
 /home/pcl2483/pedro/jadesoft/lib/libsource.a[lgcctl.o]
 /home/pcl2483/pedro/jadesoft/lib/libsource.a[lgclpb9.o]
 /home/pcl2483/pedro/jadesoft/lib/libsource.a[lgclpc.o]
 /home/pcl2483/pedro/jadesoft/lib/libsource.a[tpcnst.o]
 /home/pcl2483/pedro/jadesoft/lib/libsource.a[lgrein.o]
 /home/pcl2483/pedro/jadesoft/lib/libsource.a[ilctrc.o]
 /home/pcl2483/pedro/jadesoft/lib/libsource.a[lgchc2.o]
 /home/pcl2483/pedro/jadesoft/lib/libsource.a[intolg.o]
 /home/pcl2483/pedro/jadesoft/lib/libsource.a[lgavdp.o]
 /home/pcl2483/pedro/jadesoft/lib/libsource.a[lgthcr.o]
 /home/pcl2483/pedro/jadesoft/lib/libsource.a[lgavde.o]
 /home/pcl2483/pedro/jadesoft/lib/libsource.a[lgesmr.o]
 /home/pcl2483/pedro/jadesoft/lib/libsource.a[lgecor9.o]
 /home/pcl2483/pedro/jadesoft/lib/libsource.a[lgeerr.o]
 /home/pcl2483/pedro/jadesoft/lib/libsource.a[lgclus.o]
 /home/pcl2483/pedro/jadesoft/lib/libsource.a[lgcrnr.o]
 /home/pcl2483/pedro/jadesoft/lib/libsource.a[lgeign.o]
 /home/pcl2483/pedro/jadesoft/lib/libsource.a[lgbhit.o]
 /home/pcl2483/pedro/jadesoft/lib/libsource.a[lgehit.o]
 /home/pcl2483/pedro/jadesoft/lib/libsource.a[lgcrn2.o]
 /home/pcl2483/pedro/jadesoft/lib/libsource.a[lgnmec.o]
 /home/pcl2483/pedro/jadesoft/lib/libsource.a[englos.o]
 /home/pcl2483/pedro/jadesoft/lib/libsource.a[posend.o]
 /home/pcl2483/pedro/jadesoft/lib/libsource.a[angbar.o]
 /home/pcl2483/pedro/jadesoft/lib/libsource.a[brlgn.o]
 /home/pcl2483/pedro/jadesoft/lib/libsource.a[shmax.o]
 /home/pcl2483/pedro/jadesoft/lib/libsource.a[lgsrth.o]
 /home/pcl2483/pedro/jadesoft/lib/libsource.a[lgnbls.o]
 /home/pcl2483/pedro/jadesoft/lib/libsource.a[lgbfil.o]
 /home/pcl2483/pedro/jadesoft/lib/libsource.a[lgefil.o]
 /home/pcl2483/pedro/jadesoft/lib/libsource.a[brlgn6.o]
 /home/pcl2483/pedro/jadesoft/lib/libsource.a[thcorr.o]
 /home/pcl2483/pedro/jadesoft/lib/libsource.a[calcor.o]
 /home/pcl2483/pedro/jadesoft/lib/libsource.a[encorr.o]
 /home/pcl2483/pedro/jadesoft/lib/libsource.a[thcofa.o]
 /home/pcl2483/pedro/jadesoft/lib/libsource.a[bbcorr.o]
 /home/pcl2483/pedro/jadesoft/lib/libzlib.a[ze4vpk.o]
 /home/pcl2483/pedro/jadesoft/lib/libzlib.a[fehler.o]
 /home/pcl2483/pedro/jadesoft/lib/libzlib.a[zmcredu.o]
 /home/pcl2483/pedro/jadesoft/lib/libzlib.a[ze4vtp.o]
 /home/pcl2483/pedro/jadesoft/lib/libzlib.a[irnevt.o]
 /home/pcl2483/pedro/jadesoft/lib/libzlib.a[prtoci.o]
 /home/pcl2483/pedro/jadesoft/lib/libzlib.a[ze4vvx.o]
 /home/pcl2483/pedro/jadesoft/lib/libzlib.a[crdoca.o]
 /home/pcl2483/pedro/jadesoft/lib/libzlib.a[ze4vmc.o]
 /home/pcl2483/pedro/jadesoft/lib/libzlib.a[eamcde.o]
 /home/pcl2483/pedro/jadesoft/lib/libzlib.a[ze4vea.o]
 /home/pcl2483/pedro/jadesoft/lib/libzlib.a[ze4vun.o]
 /home/pcl2483/pedro/jadesoft/lib/libzlib.a[ze4vdp.o]
 /home/pcl2483/pedro/jadesoft/lib/libzlib.a[jobfin.o]
 /home/pcl2483/pedro/jadesoft/lib/libzlib.a[ze4vet.o]
 /home/pcl2483/pedro/jadesoft/lib/libzlib.a[ekand.o]
 /home/pcl2483/pedro/jadesoft/lib/libzlib.a[prlist.o]
 /home/pcl2483/pedro/jadesoft/lib/libzlib.a[dxmcgn.o]
 /home/pcl2483/pedro/jadesoft/lib/libzlib.a[eazero.o]
 /home/pcl2483/pedro/jadesoft/lib/libzlib.a[ealgcl.o]
 /home/pcl2483/pedro/jadesoft/lib/libzlib.a[eaunin.o]
 /home/pcl2483/pedro/jadesoft/lib/libzlib.a[chien5.o]
 /home/pcl2483/pedro/jadesoft/lib/libzlib.a[prallb.o]
 /home/pcl2483/pedro/jadesoft/lib/libzlib.a[trkbl9.o]
 /home/pcl2483/pedro/jadesoft/lib/libzlib.a[trkbse.o]
 /home/pcl2483/pedro/jadesoft/lib/libzlib.a[shado9.o]
 /home/pcl2483/pedro/jadesoft/lib/libzlib.a[shwcpr.o]
 /home/pcl2483/pedro/jadesoft/lib/libzlib.a[prsinb.o]
 /home/pcl2483/pedro/jadesoft/lib/libzlib.a[expect.o]
 /home/pcl2483/pedro/jadesoft/lib/libzlib.a[zspthak.o]
 /home/pcl2483/pedro/jadesoft/lib/libzlib.a[zsphrcy.o]
 /cern/98/lib/libkernlib.a[caldat.o]
 /cern/98/lib/libkernlib.a[cdmon.o]
 /cern/98/lib/libkernlib.a[cleap.o]
 /cern/98/lib/libkernlib.a[cydiy.o]
 /cern/98/lib/libkernlib.a[cyear4.o]
 /cern/98/lib/libkernlib.a[abend.o]
 /cern/98/lib/libkernlib.a[datime.o]
 /cern/98/lib/libkernlib.a[datimh.o]
 /cern/98/lib/libkernlib.a[jumpxn.o]
 /cern/98/lib/libkernlib.a[locf.o]
 /cern/98/lib/libkernlib.a[timel.o]
 /cern/98/lib/libkernlib.a[lenocc.o]
 /cern/98/lib/libkernlib.a[cltou.o]
 /cern/98/lib/libkernlib.a[ucopy2c.o]
 /cern/98/lib/libkernlib.a[iucomp.o]
 /cern/98/lib/libkernlib.a[mbytet.o]
 /cern/98/lib/libkernlib.a[noarg.o]
 /cern/98/lib/libkernlib.a[ublank.o]
 /cern/98/lib/libkernlib.a[ucopy.o]
 /cern/98/lib/libkernlib.a[uctoh.o]
 /cern/98/lib/libkernlib.a[uhtoc.o]
 /cern/98/lib/libkernlib.a[uzero.o]
 /cern/98/lib/libkernlib.a[vblank.o]
 /cern/98/lib/libkernlib.a[vfill.o]
 /cern/98/lib/libkernlib.a[vzero.o]
 /cern/98/lib/libkernlib.a[cbyt.o]
 /cern/98/lib/libkernlib.a[jbit.o]
 /cern/98/lib/libkernlib.a[mbytor.o]
 /cern/98/lib/libpacklib.a[ffcard.o]
 /cern/98/lib/libpacklib.a[fffind.o]
 /cern/98/lib/libpacklib.a[ffgo.o]
 /cern/98/lib/libpacklib.a[ffinit.o]
 /cern/98/lib/libpacklib.a[ffkey.o]
 /cern/98/lib/libpacklib.a[ffset.o]
 /cern/98/lib/libpacklib.a[ffskip.o]
 /cern/98/lib/libpacklib.a[ffupca.o]
 /cern/98/lib/libpacklib.a[ffuser.o]
 /cern/98/lib/libpacklib.a[ffuset.o]
 /cern/98/lib/libmathlib.a[prob.o]
 /cern/98/lib/libmathlib.a[mtlprt.o]
 /cern/98/lib/libmathlib.a[mtlset.o]
 /cern/98/lib/libmathlib.a[rnorml.o]
 /home/iwsatlas2/pedro/tmp/F8Ulssqb0
 /home/pcl2483/pedro/jadesoft/main/mcjade/mcrand.o
 /home/pcl2483/pedro/jadesoft/main/superv/showb.o
 /usr/lib/libg.a[dbxxx.o]
 /usr/lib/libxlf90.a[_pxldatn2.o]
 /usr/lib/libxlf90.a[_xldipow.o]
 /usr/lib/libxlf90.a[_xlgamr8.o]
 /usr/lib/libxlf90.a[_xliipow.o]
 /usr/lib/libxlf90.a[_xldintv.o]
 /usr/lib/libxlf90.a[_xldnint.o]
 /usr/lib/libxlf90.a[xsignal.o]
 /usr/lib/libm.a[copysign.o]
 /usr/lib/libm.a[exp.o]
 /usr/lib/libm.a[finite.o]
 /usr/lib/libm.a[isnan.o]
 /usr/lib/libm.a[logb.o]
 /usr/lib/libm.a[scalb.o]
 /usr/lib/libm.a[tantab.o]
 /usr/lib/libm.a[acosF.o]
 /usr/lib/libm.a[asinF.o]
 /usr/lib/libm.a[atan2F.o]
 /usr/lib/libm.a[atanF.o]
 /usr/lib/libm.a[cosF.o]
 /usr/lib/libm.a[erfF.o]
 /usr/lib/libm.a[expF.o]
 /usr/lib/libm.a[logF.o]
 /usr/lib/libm.a[powF.o]
 /usr/lib/libm.a[sinF.o]
 /usr/lib/libm.a[sqrtF.o]
 /usr/lib/libm.a[tanF.o]
 /usr/lib/libm.a[__set_errno128.o]
 /usr/lib/libm.a[sqrt_raise_xcp.o]
 /usr/lib/libm.a[guesses.o]
 /usr/lib/libm.a[m_tables.o]
 /usr/lib/libc.a[_itrunc.o]
 /usr/lib/libc.a[fill.o]
 /usr/lib/libc.a[strcmp.o]
 /usr/lib/libc.a[moveeq.o]
 /usr/lib/libc.a[fsavres.o]
 /usr/lib/libc.a[clc.o]
 /usr/lib/libc.a[ptrgl.o]
(ld): rc
RC: Highest return code was 4.
98/lib/libkernlib.a[ublank.o]
 /cern/98/lib/libkernlib.a[ucopy.o]
 /cern/98/lib/libkernlib.a[uctoh.o]
 /cern/98/lib/libkernlib.a[uhtoc.o]
 /cern/98/lib/libkernlib.a[uzero.o]
 /cern/98/lib/libkernlib.a[vblank.o]
 /cern/98/lib/libkernlib.a[vfill.o]
 /cern/98/lib/libkernlib.a[vzero.o]
 /cern/98/lib/libkernlib.a[cbyt.o]
 /cern/98/lib/libkernlib.a[jbit.o]
 /cern/98/lib/libkernlib.a[mbytor.o]
 /cern/98/lib/libpacklib.a[ffcard.o]
 /cern/98/lib/libpacklib.a[fffind.o]
 /cern/98/lib/libpacklib.a[ffgo.o]
 /cern/98/lib/libpacklib.a[ffinit.o]
 /cern/98/lib/libpacklib.a[ffkey.o]
 /cern/98/lib/libpacklib.a[ffset.o]
 /cern/98/lib/libpacklib.a[ffskip.o]
 /cern/98/lib/libpacklib.a[ffupca.o]
 /cern/98/lib/libpacklib.a[ffuser.o]
 /cern/98/lib/libpacklib.a[ffuset.o]
 /cern/98/lib/libmathlib.a[prob.o]
 /cern/98/lib/libmathlib.a[mtlprt.o]
 /cern/98/lib/libmathlib.a[mtlset.o]
 /cern/98/lib/libmathlib.a[rnorml.o]
 /home/iwsatlas2/pedro/tmp/F8Ulssqb0
 /home/pcl2483/pedro/jadesoft/main/mcjade/mcrand.o
 /home/pcl2483/pedro/jadesoft/main/superv/showb.o
 /usr/lib/libg.a[dbxxx.o]
 /usr/lib/libxlf90.a[_pxldatn2.o]
 /usr/lib/libxlf90.a[_xldipow.o]
 /usr/lib/libxlf90.a[_xlgamr8.o]
 /usr/lib/libxlf90.a[_xliipow.o]
 /usr/lib/libxlf90.a[_xldintv.o]
 /usr/lib/libxlf90.a[_xldnint.o]
 /usr/lib/libxlf90.a[xsignal.o]
 /usr/lib/libm.a[copysign.o]
 /usr/lib/libm.a[exp.o]
 /usr/lib/libm.a[finite.o]
 /usr/lib/libm.a[isnan.o]
 /usr/lib/libm.a[logb.o]
 /usr/lib/libm.a[scalb.o]
 /usr/lib/libm.a[tantab.o]
 /usr/lib/libm.a[acosF.o]
 /usr/lib/libm.a[asinF.o]
 /usr/lib/libm.a[atan2F.o]
 /usr/lib/libm.a[atanF.o]
 /usr/lib/libm.a[cosF.o]
 /usr/lib/libm.a[erfF.o]
 /usr/lib/libm.a[expF.o]
 /usr/lib/libm.a[logF.o]
 /usr/lib/libm.a[powF.o]
 /usr/lib/libm.a[sinF.o]
 /usr/lib/libm.a[sqrtF.o]
 /usr/lib/libm.a[tanF.o]
 /usr/lib/libm.a[__set_errno128.o]
 /usr/lib/libm.a[sqrt_raise_xcp.o]
 /usr/lib/libm.a[guesses.o]
 /usr/lib/libm.a[m_tables.o]
 /usr/lib/libc.a[_itrunc.o]
 /usr/lib/libc.a[fill.o]
 /usr/lib/libc.a[strcmp.o]
 /usr/lib/libc.a[moveeq.o]
 /usr/lib/libc.a[fsavres.o]
 /usr/lib/libc.a[clc.o]
 /usr/lib/libc.a[ptrgl.o]
(ld): rc
RC: Highest return code was 4.
